Map(2402) {
  'score' => [
    { char: '💯', fitzpatrick_scale: false, weight: 2000 },
    { char: '🎧', fitzpatrick_scale: false, weight: 2000 },
    { char: '🎼', fitzpatrick_scale: false, weight: 2000 },
    { char: '🎵', fitzpatrick_scale: false, weight: 2000 },
    { char: '🎶', fitzpatrick_scale: false, weight: 2000 }
  ],
  'perfect' => [
    { char: '💯', fitzpatrick_scale: false, weight: 2000 },
    { char: '👌', fitzpatrick_scale: true, weight: 2000 }
  ],
  'numbers' => [
    { char: '💯', fitzpatrick_scale: false, weight: 2000 },
    { char: '🔢', fitzpatrick_scale: false, weight: 2000 },
    { char: '0️⃣', fitzpatrick_scale: false, weight: 2000 },
    { char: '1️⃣', fitzpatrick_scale: false, weight: 2000 },
    { char: '2️⃣', fitzpatrick_scale: false, weight: 2000 },
    { char: '3️⃣', fitzpatrick_scale: false, weight: 2000 },
    { char: '4️⃣', fitzpatrick_scale: false, weight: 2000 },
    { char: '5️⃣', fitzpatrick_scale: false, weight: 2000 },
    { char: '6️⃣', fitzpatrick_scale: false, weight: 2000 },
    { char: '7️⃣', fitzpatrick_scale: false, weight: 2000 },
    { char: '8️⃣', fitzpatrick_scale: false, weight: 2000 },
    { char: '9️⃣', fitzpatrick_scale: false, weight: 2000 },
    { char: '🔟', fitzpatrick_scale: false, weight: 2000 }
  ],
  'century' => [ { char: '💯', fitzpatrick_scale: false, weight: 2000 } ],
  'exam' => [
    { char: '💯', fitzpatrick_scale: false, weight: 2000 },
    { char: '⌛', fitzpatrick_scale: false, weight: 2000 },
    { char: '📝', fitzpatrick_scale: false, weight: 2000 }
  ],
  'quiz' => [
    { char: '💯', fitzpatrick_scale: false, weight: 2000 },
    { char: '⌛', fitzpatrick_scale: false, weight: 2000 },
    { char: '📝', fitzpatrick_scale: false, weight: 2000 }
  ],
  'test' => [
    { char: '💯', fitzpatrick_scale: false, weight: 2000 },
    { char: '⌛', fitzpatrick_scale: false, weight: 2000 },
    { char: '🧪', fitzpatrick_scale: false, weight: 2000 },
    { char: '📝', fitzpatrick_scale: false, weight: 2000 }
  ],
  'pass' => [
    { char: '💯', fitzpatrick_scale: false, weight: 2000 },
    { char: '🎫', fitzpatrick_scale: false, weight: 2000 }
  ],
  'hundred' => [ { char: '💯', fitzpatrick_scale: false, weight: 2000 } ],
  'blue-square' => [
    { char: '🔢', fitzpatrick_scale: false, weight: 2000 },
    { char: '🚇', fitzpatrick_scale: false, weight: 2000 },
    { char: '🈳', fitzpatrick_scale: false, weight: 2000 },
    { char: '🏧', fitzpatrick_scale: false, weight: 2000 },
    { char: '🈂️', fitzpatrick_scale: false, weight: 2000 },
    { char: '🛂', fitzpatrick_scale: false, weight: 2000 },
    { char: '🛃', fitzpatrick_scale: false, weight: 2000 },
    { char: '🛄', fitzpatrick_scale: false, weight: 2000 },
    { char: '🛅', fitzpatrick_scale: false, weight: 2000 },
    { char: '♿', fitzpatrick_scale: false, weight: 2000 },
    { char: '🚭', fitzpatrick_scale: false, weight: 2000 },
    { char: '🚾', fitzpatrick_scale: false, weight: 2000 },
    { char: '🅿️', fitzpatrick_scale: false, weight: 2000 },
    { char: '🚰', fitzpatrick_scale: false, weight: 2000 },
    { char: '🚹', fitzpatrick_scale: false, weight: 2000 },
    { char: '🚻', fitzpatrick_scale: false, weight: 2000 },
    { char: '🚮', fitzpatrick_scale: false, weight: 2000 },
    { char: '🎦', fitzpatrick_scale: false, weight: 2000 },
    { char: '📶', fitzpatrick_scale: false, weight: 2000 },
    { char: '🈁', fitzpatrick_scale: false, weight: 2000 },
    { char: '🆖', fitzpatrick_scale: false, weight: 2000 },
    { char: '🆗', fitzpatrick_scale: false, weight: 2000 },
    { char: '🆙', fitzpatrick_scale: false, weight: 2000 },
    { char: '🆒', fitzpatrick_scale: false, weight: 2000 },
    { char: '🆕', fitzpatrick_scale: false, weight: 2000 },
    { char: '🆓', fitzpatrick_scale: false, weight: 2000 },
    { char: '0️⃣', fitzpatrick_scale: false, weight: 2000 },
    { char: '1️⃣', fitzpatrick_scale: false, weight: 2000 },
    { char: '2️⃣', fitzpatrick_scale: false, weight: 2000 },
    { char: '3️⃣', fitzpatrick_scale: false, weight: 2000 },
    { char: '4️⃣', fitzpatrick_scale: false, weight: 2000 },
    { char: '5️⃣', fitzpatrick_scale: false, weight: 2000 },
    { char: '6️⃣', fitzpatrick_scale: false, weight: 2000 },
    { char: '7️⃣', fitzpatrick_scale: false, weight: 2000 },
    { char: '8️⃣', fitzpatrick_scale: false, weight: 2000 },
    { char: '9️⃣', fitzpatrick_scale: false, weight: 2000 },
    { char: '🔟', fitzpatrick_scale: false, weight: 2000 },
    { char: '⏏️', fitzpatrick_scale: false, weight: 2000 },
    { char: '▶️', fitzpatrick_scale: false, weight: 2000 },
    { char: '⏸', fitzpatrick_scale: false, weight: 2000 },
    { char: '⏭', fitzpatrick_scale: false, weight: 2000 },
    { char: '⏹', fitzpatrick_scale: false, weight: 2000 },
    { char: '⏺', fitzpatrick_scale: false, weight: 2000 },
    { char: '⏯', fitzpatrick_scale: false, weight: 2000 },
    { char: '⏩', fitzpatrick_scale: false, weight: 2000 },
    { char: '⏪', fitzpatrick_scale: false, weight: 2000 },
    { char: '🔀', fitzpatrick_scale: false, weight: 2000 },
    { char: '🔂', fitzpatrick_scale: false, weight: 2000 },
    { char: '◀️', fitzpatrick_scale: false, weight: 2000 },
    { char: '🔼', fitzpatrick_scale: false, weight: 2000 },
    { char: '🔽', fitzpatrick_scale: false, weight: 2000 },
    { char: '⏫', fitzpatrick_scale: false, weight: 2000 },
    { char: '⏬', fitzpatrick_scale: false, weight: 2000 },
    { char: '➡️', fitzpatrick_scale: false, weight: 2000 },
    { char: '⬅️', fitzpatrick_scale: false, weight: 2000 },
    { char: '⬆️', fitzpatrick_scale: false, weight: 2000 },
    { char: '⬇️', fitzpatrick_scale: false, weight: 2000 },
    { char: '↗️', fitzpatrick_scale: false, weight: 2000 },
    { char: '↘️', fitzpatrick_scale: false, weight: 2000 },
    { char: '↙️', fitzpatrick_scale: false, weight: 2000 },
    { char: '↖️', fitzpatrick_scale: false, weight: 2000 },
    { char: '↕️', fitzpatrick_scale: false, weight: 2000 },
    { char: '🔄', fitzpatrick_scale: false, weight: 2000 },
    { char: '↪️', fitzpatrick_scale: false, weight: 2000 },
    { char: '↩️', fitzpatrick_scale: false, weight: 2000 },
    { char: '⤴️', fitzpatrick_scale: false, weight: 2000 },
    { char: '⤵️', fitzpatrick_scale: false, weight: 2000 },
    { char: '#️⃣', fitzpatrick_scale: false, weight: 2000 },
    { char: 'ℹ️', fitzpatrick_scale: false, weight: 2000 },
    { char: '🔤', fitzpatrick_scale: false, weight: 2000 },
    { char: '🔡', fitzpatrick_scale: false, weight: 2000 },
    { char: '🔠', fitzpatrick_scale: false, weight: 2000 },
    { char: '🔣', fitzpatrick_scale: false, weight: 2000 },
    { char: '🔝', fitzpatrick_scale: false, weight: 2000 }
  ],
  'blue' => [
    { char: '🔢', fitzpatrick_scale: false, weight: 2000 },
    { char: '🥶', fitzpatrick_scale: false, weight: 2000 },
    { char: '🙆‍♂️', fitzpatrick_scale: true, weight: 2000 },
    { char: '🚙', fitzpatrick_scale: false, weight: 2000 },
    { char: '🚇', fitzpatrick_scale: false, weight: 2000 },
    { char: '💎', fitzpatrick_scale: false, weight: 2000 },
    { char: '📘', fitzpatrick_scale: false, weight: 2000 },
    { char: '💙', fitzpatrick_scale: false, weight: 2000 },
    { char: '🈳', fitzpatrick_scale: false, weight: 2000 },
    { char: '💠', fitzpatrick_scale: false, weight: 2000 },
    { char: '🌀', fitzpatrick_scale: false, weight: 2000 },
    { char: 'Ⓜ️', fitzpatrick_scale: false, weight: 2000 },
    { char: '🏧', fitzpatrick_scale: false, weight: 2000 },
    { char: '🈂️', fitzpatrick_scale: false, weight: 2000 },
    { char: '🛂', fitzpatrick_scale: false, weight: 2000 },
    { char: '🛃', fitzpatrick_scale: false, weight: 2000 },
    { char: '🛄', fitzpatrick_scale: false, weight: 2000 },
    { char: '🛅', fitzpatrick_scale: false, weight: 2000 },
    { char: '♿', fitzpatrick_scale: false, weight: 2000 },
    { char: '🚭', fitzpatrick_scale: false, weight: 2000 },
    { char: '🚾', fitzpatrick_scale: false, weight: 2000 },
    { char: '🅿️', fitzpatrick_scale: false, weight: 2000 },
    { char: '🚰', fitzpatrick_scale: false, weight: 2000 },
    { char: '🚹', fitzpatrick_scale: false, weight: 2000 },
    { char: '🚻', fitzpatrick_scale: false, weight: 2000 },
    { char: '🚮', fitzpatrick_scale: false, weight: 2000 },
    { char: '🎦', fitzpatrick_scale: false, weight: 2000 },
    { char: '📶', fitzpatrick_scale: false, weight: 2000 },
    { char: '🈁', fitzpatrick_scale: false, weight: 2000 },
    { char: '🆖', fitzpatrick_scale: false, weight: 2000 },
    { char: '🆗', fitzpatrick_scale: false, weight: 2000 },
    { char: '🆙', fitzpatrick_scale: false, weight: 2000 },
    { char: '🆒', fitzpatrick_scale: false, weight: 2000 },
    { char: '🆕', fitzpatrick_scale: false, weight: 2000 },
    { char: '🆓', fitzpatrick_scale: false, weight: 2000 },
    { char: '0️⃣', fitzpatrick_scale: false, weight: 2000 },
    { char: '1️⃣', fitzpatrick_scale: false, weight: 2000 },
    { char: '2️⃣', fitzpatrick_scale: false, weight: 2000 },
    { char: '3️⃣', fitzpatrick_scale: false, weight: 2000 },
    { char: '4️⃣', fitzpatrick_scale: false, weight: 2000 },
    { char: '5️⃣', fitzpatrick_scale: false, weight: 2000 },
    { char: '6️⃣', fitzpatrick_scale: false, weight: 2000 },
    { char: '7️⃣', fitzpatrick_scale: false, weight: 2000 },
    { char: '8️⃣', fitzpatrick_scale: false, weight: 2000 },
    { char: '9️⃣', fitzpatrick_scale: false, weight: 2000 },
    { char: '🔟', fitzpatrick_scale: false, weight: 2000 },
    { char: '⏏️', fitzpatrick_scale: false, weight: 2000 },
    { char: '▶️', fitzpatrick_scale: false, weight: 2000 },
    { char: '⏸', fitzpatrick_scale: false, weight: 2000 },
    { char: '⏭', fitzpatrick_scale: false, weight: 2000 },
    { char: '⏹', fitzpatrick_scale: false, weight: 2000 },
    { char: '⏺', fitzpatrick_scale: false, weight: 2000 },
    { char: '⏯', fitzpatrick_scale: false, weight: 2000 },
    { char: '⏩', fitzpatrick_scale: false, weight: 2000 },
    { char: '⏪', fitzpatrick_scale: false, weight: 2000 },
    { char: '🔀', fitzpatrick_scale: false, weight: 2000 },
    { char: '🔂', fitzpatrick_scale: false, weight: 2000 },
    { char: '◀️', fitzpatrick_scale: false, weight: 2000 },
    { char: '🔼', fitzpatrick_scale: false, weight: 2000 },
    { char: '🔽', fitzpatrick_scale: false, weight: 2000 },
    { char: '⏫', fitzpatrick_scale: false, weight: 2000 },
    { char: '⏬', fitzpatrick_scale: false, weight: 2000 },
    { char: '➡️', fitzpatrick_scale: false, weight: 2000 },
    { char: '⬅️', fitzpatrick_scale: false, weight: 2000 },
    { char: '⬆️', fitzpatrick_scale: false, weight: 2000 },
    { char: '⬇️', fitzpatrick_scale: false, weight: 2000 },
    { char: '↗️', fitzpatrick_scale: false, weight: 2000 },
    { char: '↘️', fitzpatrick_scale: false, weight: 2000 },
    { char: '↙️', fitzpatrick_scale: false, weight: 2000 },
    { char: '↖️', fitzpatrick_scale: false, weight: 2000 },
    { char: '↕️', fitzpatrick_scale: false, weight: 2000 },
    { char: '🔄', fitzpatrick_scale: false, weight: 2000 },
    { char: '↪️', fitzpatrick_scale: false, weight: 2000 },
    { char: '↩️', fitzpatrick_scale: false, weight: 2000 },
    { char: '⤴️', fitzpatrick_scale: false, weight: 2000 },
    { char: '⤵️', fitzpatrick_scale: false, weight: 2000 },
    { char: '#️⃣', fitzpatrick_scale: false, weight: 2000 },
    { char: 'ℹ️', fitzpatrick_scale: false, weight: 2000 },
    { char: '🔤', fitzpatrick_scale: false, weight: 2000 },
    { char: '🔡', fitzpatrick_scale: false, weight: 2000 },
    { char: '🔠', fitzpatrick_scale: false, weight: 2000 },
    { char: '🔣', fitzpatrick_scale: false, weight: 2000 },
    { char: '🔝', fitzpatrick_scale: false, weight: 2000 },
    { char: '🔵', fitzpatrick_scale: false, weight: 2000 },
    { char: '🔹', fitzpatrick_scale: false, weight: 2000 },
    { char: '🔷', fitzpatrick_scale: false, weight: 2000 }
  ],
  'square' => [
    { char: '🔢', fitzpatrick_scale: false, weight: 2000 },
    { char: '🚇', fitzpatrick_scale: false, weight: 2000 },
    { char: '💟', fitzpatrick_scale: false, weight: 2000 },
    { char: '🔯', fitzpatrick_scale: false, weight: 2000 },
    { char: '⛎', fitzpatrick_scale: false, weight: 2000 },
    { char: '♈', fitzpatrick_scale: false, weight: 2000 },
    { char: '♉', fitzpatrick_scale: false, weight: 2000 },
    { char: '♊', fitzpatrick_scale: false, weight: 2000 },
    { char: '♋', fitzpatrick_scale: false, weight: 2000 },
    { char: '♌', fitzpatrick_scale: false, weight: 2000 },
    { char: '♍', fitzpatrick_scale: false, weight: 2000 },
    { char: '♎', fitzpatrick_scale: false, weight: 2000 },
    { char: '♏', fitzpatrick_scale: false, weight: 2000 },
    { char: '♐', fitzpatrick_scale: false, weight: 2000 },
    { char: '♑', fitzpatrick_scale: false, weight: 2000 },
    { char: '♒', fitzpatrick_scale: false, weight: 2000 },
    { char: '♓', fitzpatrick_scale: false, weight: 2000 },
    { char: '🆔', fitzpatrick_scale: false, weight: 2000 },
    { char: '🈳', fitzpatrick_scale: false, weight: 2000 },
    { char: '🈹', fitzpatrick_scale: false, weight: 2000 },
    { char: '📴', fitzpatrick_scale: false, weight: 2000 },
    { char: '📳', fitzpatrick_scale: false, weight: 2000 },
    { char: '🈶', fitzpatrick_scale: false, weight: 2000 },
    { char: '🈚', fitzpatrick_scale: false, weight: 2000 },
    { char: '🈸', fitzpatrick_scale: false, weight: 2000 },
    { char: '🈺', fitzpatrick_scale: false, weight: 2000 },
    { char: '🈷️', fitzpatrick_scale: false, weight: 2000 },
    { char: '✴️', fitzpatrick_scale: false, weight: 2000 },
    { char: '🆚', fitzpatrick_scale: false, weight: 2000 },
    { char: '🈴', fitzpatrick_scale: false, weight: 2000 },
    { char: '🈵', fitzpatrick_scale: false, weight: 2000 },
    { char: '🈲', fitzpatrick_scale: false, weight: 2000 },
    { char: '🅰️', fitzpatrick_scale: false, weight: 2000 },
    { char: '🅱️', fitzpatrick_scale: false, weight: 2000 },
    { char: '🆎', fitzpatrick_scale: false, weight: 2000 },
    { char: '🆑', fitzpatrick_scale: false, weight: 2000 },
    { char: '🅾️', fitzpatrick_scale: false, weight: 2000 },
    { char: '🆘', fitzpatrick_scale: false, weight: 2000 },
    { char: '🈯', fitzpatrick_scale: false, weight: 2000 },
    { char: '💹', fitzpatrick_scale: false, weight: 2000 },
    { char: '❇️', fitzpatrick_scale: false, weight: 2000 },
    { char: '✳️', fitzpatrick_scale: false, weight: 2000 },
    { char: '❎', fitzpatrick_scale: false, weight: 2000 },
    { char: '✅', fitzpatrick_scale: false, weight: 2000 },
    { char: '🏧', fitzpatrick_scale: false, weight: 2000 },
    { char: '🈂️', fitzpatrick_scale: false, weight: 2000 },
    { char: '🛂', fitzpatrick_scale: false, weight: 2000 },
    { char: '🛃', fitzpatrick_scale: false, weight: 2000 },
    { char: '🛄', fitzpatrick_scale: false, weight: 2000 },
    { char: '🛅', fitzpatrick_scale: false, weight: 2000 },
    { char: '♿', fitzpatrick_scale: false, weight: 2000 },
    { char: '🚭', fitzpatrick_scale: false, weight: 2000 },
    { char: '🚾', fitzpatrick_scale: false, weight: 2000 },
    { char: '🅿️', fitzpatrick_scale: false, weight: 2000 },
    { char: '🚰', fitzpatrick_scale: false, weight: 2000 },
    { char: '🚹', fitzpatrick_scale: false, weight: 2000 },
    { char: '🚺', fitzpatrick_scale: false, weight: 2000 },
    { char: '🚼', fitzpatrick_scale: false, weight: 2000 },
    { char: '🚻', fitzpatrick_scale: false, weight: 2000 },
    { char: '🚮', fitzpatrick_scale: false, weight: 2000 },
    { char: '🎦', fitzpatrick_scale: false, weight: 2000 },
    { char: '📶', fitzpatrick_scale: false, weight: 2000 },
    { char: '🈁', fitzpatrick_scale: false, weight: 2000 },
    { char: '🆖', fitzpatrick_scale: false, weight: 2000 },
    { char: '🆗', fitzpatrick_scale: false, weight: 2000 },
    { char: '🆙', fitzpatrick_scale: false, weight: 2000 },
    { char: '🆒', fitzpatrick_scale: false, weight: 2000 },
    { char: '🆕', fitzpatrick_scale: false, weight: 2000 },
    { char: '🆓', fitzpatrick_scale: false, weight: 2000 },
    { char: '0️⃣', fitzpatrick_scale: false, weight: 2000 },
    { char: '1️⃣', fitzpatrick_scale: false, weight: 2000 },
    { char: '2️⃣', fitzpatrick_scale: false, weight: 2000 },
    { char: '3️⃣', fitzpatrick_scale: false, weight: 2000 },
    { char: '4️⃣', fitzpatrick_scale: false, weight: 2000 },
    { char: '5️⃣', fitzpatrick_scale: false, weight: 2000 },
    { char: '6️⃣', fitzpatrick_scale: false, weight: 2000 },
    { char: '7️⃣', fitzpatrick_scale: false, weight: 2000 },
    { char: '8️⃣', fitzpatrick_scale: false, weight: 2000 },
    { char: '9️⃣', fitzpatrick_scale: false, weight: 2000 },
    { char: '🔟', fitzpatrick_scale: false, weight: 2000 },
    { char: '⏏️', fitzpatrick_scale: false, weight: 2000 },
    { char: '▶️', fitzpatrick_scale: false, weight: 2000 },
    { char: '⏸', fitzpatrick_scale: false, weight: 2000 },
    { char: '⏭', fitzpatrick_scale: false, weight: 2000 },
    { char: '⏹', fitzpatrick_scale: false, weight: 2000 },
    { char: '⏺', fitzpatrick_scale: false, weight: 2000 },
    { char: '⏯', fitzpatrick_scale: false, weight: 2000 },
    { char: '⏩', fitzpatrick_scale: false, weight: 2000 },
    { char: '⏪', fitzpatrick_scale: false, weight: 2000 },
    { char: '🔀', fitzpatrick_scale: false, weight: 2000 },
    { char: '🔂', fitzpatrick_scale: false, weight: 2000 },
    { char: '◀️', fitzpatrick_scale: false, weight: 2000 },
    { char: '🔼', fitzpatrick_scale: false, weight: 2000 },
    { char: '🔽', fitzpatrick_scale: false, weight: 2000 },
    { char: '⏫', fitzpatrick_scale: false, weight: 2000 },
    { char: '⏬', fitzpatrick_scale: false, weight: 2000 },
    { char: '➡️', fitzpatrick_scale: false, weight: 2000 },
    { char: '⬅️', fitzpatrick_scale: false, weight: 2000 },
    { char: '⬆️', fitzpatrick_scale: false, weight: 2000 },
    { char: '⬇️', fitzpatrick_scale: false, weight: 2000 },
    ... 28 more items
  ],
  'face' => [
    { char: '😀', fitzpatrick_scale: false, weight: 2000 },
    { char: '😬', fitzpatrick_scale: false, weight: 2000 },
    { char: '😁', fitzpatrick_scale: false, weight: 2000 },
    { char: '😂', fitzpatrick_scale: false, weight: 2000 },
    { char: '🤣', fitzpatrick_scale: false, weight: 2000 },
    { char: '🥳', fitzpatrick_scale: false, weight: 2000 },
    { char: '😃', fitzpatrick_scale: false, weight: 2000 },
    { char: '😄', fitzpatrick_scale: false, weight: 2000 },
    { char: '😅', fitzpatrick_scale: false, weight: 2000 },
    { char: '😆', fitzpatrick_scale: false, weight: 2000 },
    { char: '😇', fitzpatrick_scale: false, weight: 2000 },
    { char: '😉', fitzpatrick_scale: false, weight: 2000 },
    { char: '😊', fitzpatrick_scale: false, weight: 2000 },
    { char: '🙂', fitzpatrick_scale: false, weight: 2000 },
    { char: '🙃', fitzpatrick_scale: false, weight: 2000 },
    { char: '☺️', fitzpatrick_scale: false, weight: 2000 },
    { char: '😋', fitzpatrick_scale: false, weight: 2000 },
    { char: '😌', fitzpatrick_scale: false, weight: 2000 },
    { char: '😍', fitzpatrick_scale: false, weight: 2000 },
    { char: '🥰', fitzpatrick_scale: false, weight: 2000 },
    { char: '😘', fitzpatrick_scale: false, weight: 2000 },
    { char: '😗', fitzpatrick_scale: false, weight: 2000 },
    { char: '😙', fitzpatrick_scale: false, weight: 2000 },
    { char: '😚', fitzpatrick_scale: false, weight: 2000 },
    { char: '😜', fitzpatrick_scale: false, weight: 2000 },
    { char: '🤪', fitzpatrick_scale: false, weight: 2000 },
    { char: '🤨', fitzpatrick_scale: false, weight: 2000 },
    { char: '🧐', fitzpatrick_scale: false, weight: 2000 },
    { char: '😝', fitzpatrick_scale: false, weight: 2000 },
    { char: '😛', fitzpatrick_scale: false, weight: 2000 },
    { char: '🤑', fitzpatrick_scale: false, weight: 2000 },
    { char: '🤓', fitzpatrick_scale: false, weight: 2000 },
    { char: '😎', fitzpatrick_scale: false, weight: 2000 },
    { char: '🤩', fitzpatrick_scale: false, weight: 2000 },
    { char: '🤡', fitzpatrick_scale: false, weight: 2000 },
    { char: '🤠', fitzpatrick_scale: false, weight: 2000 },
    { char: '🤗', fitzpatrick_scale: false, weight: 2000 },
    { char: '😏', fitzpatrick_scale: false, weight: 2000 },
    { char: '😶', fitzpatrick_scale: false, weight: 2000 },
    { char: '😐', fitzpatrick_scale: false, weight: 2000 },
    { char: '😑', fitzpatrick_scale: false, weight: 2000 },
    { char: '😒', fitzpatrick_scale: false, weight: 2000 },
    { char: '🙄', fitzpatrick_scale: false, weight: 2000 },
    { char: '🤔', fitzpatrick_scale: false, weight: 2000 },
    { char: '🤥', fitzpatrick_scale: false, weight: 2000 },
    { char: '🤭', fitzpatrick_scale: false, weight: 2000 },
    { char: '🤫', fitzpatrick_scale: false, weight: 2000 },
    { char: '🤬', fitzpatrick_scale: false, weight: 2000 },
    { char: '🤯', fitzpatrick_scale: false, weight: 2000 },
    { char: '😳', fitzpatrick_scale: false, weight: 2000 },
    { char: '😞', fitzpatrick_scale: false, weight: 2000 },
    { char: '😟', fitzpatrick_scale: false, weight: 2000 },
    { char: '😠', fitzpatrick_scale: false, weight: 2000 },
    { char: '😔', fitzpatrick_scale: false, weight: 2000 },
    { char: '😕', fitzpatrick_scale: false, weight: 2000 },
    { char: '🙁', fitzpatrick_scale: false, weight: 2000 },
    { char: '☹', fitzpatrick_scale: false, weight: 2000 },
    { char: '😣', fitzpatrick_scale: false, weight: 2000 },
    { char: '😖', fitzpatrick_scale: false, weight: 2000 },
    { char: '😫', fitzpatrick_scale: false, weight: 2000 },
    { char: '😩', fitzpatrick_scale: false, weight: 2000 },
    { char: '🥺', fitzpatrick_scale: false, weight: 2000 },
    { char: '😤', fitzpatrick_scale: false, weight: 2000 },
    { char: '😮', fitzpatrick_scale: false, weight: 2000 },
    { char: '😱', fitzpatrick_scale: false, weight: 2000 },
    { char: '😨', fitzpatrick_scale: false, weight: 2000 },
    { char: '😰', fitzpatrick_scale: false, weight: 2000 },
    { char: '😯', fitzpatrick_scale: false, weight: 2000 },
    { char: '😦', fitzpatrick_scale: false, weight: 2000 },
    { char: '😧', fitzpatrick_scale: false, weight: 2000 },
    { char: '😢', fitzpatrick_scale: false, weight: 2000 },
    { char: '😥', fitzpatrick_scale: false, weight: 2000 },
    { char: '🤤', fitzpatrick_scale: false, weight: 2000 },
    { char: '😪', fitzpatrick_scale: false, weight: 2000 },
    { char: '😓', fitzpatrick_scale: false, weight: 2000 },
    { char: '🥵', fitzpatrick_scale: false, weight: 2000 },
    { char: '🥶', fitzpatrick_scale: false, weight: 2000 },
    { char: '😭', fitzpatrick_scale: false, weight: 2000 },
    { char: '😵', fitzpatrick_scale: false, weight: 2000 },
    { char: '😲', fitzpatrick_scale: false, weight: 2000 },
    { char: '🤐', fitzpatrick_scale: false, weight: 2000 },
    { char: '🤢', fitzpatrick_scale: false, weight: 2000 },
    { char: '🤧', fitzpatrick_scale: false, weight: 2000 },
    { char: '🤮', fitzpatrick_scale: false, weight: 2000 },
    { char: '😷', fitzpatrick_scale: false, weight: 2000 },
    { char: '🤒', fitzpatrick_scale: false, weight: 2000 },
    { char: '🤕', fitzpatrick_scale: false, weight: 2000 },
    { char: '🥴', fitzpatrick_scale: false, weight: 2000 },
    { char: '😴', fitzpatrick_scale: false, weight: 2000 },
    { char: '😿', fitzpatrick_scale: false, weight: 2000 },
    { char: '👂', fitzpatrick_scale: true, weight: 2000 },
    { char: '👁', fitzpatrick_scale: false, weight: 2000 },
    { char: '💋', fitzpatrick_scale: false, weight: 2000 },
    { char: '🕶', fitzpatrick_scale: false, weight: 2000 },
    { char: '🦊', fitzpatrick_scale: false, weight: 2000 },
    { char: '🐼', fitzpatrick_scale: false, weight: 2000 },
    { char: '🐵', fitzpatrick_scale: false, weight: 2000 },
    { char: '🐲', fitzpatrick_scale: false, weight: 2000 },
    { char: '🌚', fitzpatrick_scale: false, weight: 2000 },
    { char: '🌝', fitzpatrick_scale: false, weight: 2000 },
    ... 5 more items
  ],
  'smile' => [
    { char: '😀', fitzpatrick_scale: false, weight: 2000 },
    { char: '😁', fitzpatrick_scale: false, weight: 2000 },
    { char: '😃', fitzpatrick_scale: false, weight: 2000 },
    { char: '😅', fitzpatrick_scale: false, weight: 2000 },
    { char: '😉', fitzpatrick_scale: false, weight: 2000 },
    { char: '😊', fitzpatrick_scale: false, weight: 2000 },
    { char: '🙂', fitzpatrick_scale: false, weight: 2000 },
    { char: '🙃', fitzpatrick_scale: false, weight: 2000 },
    { char: '😋', fitzpatrick_scale: false, weight: 2000 },
    { char: '😜', fitzpatrick_scale: false, weight: 2000 },
    { char: '😝', fitzpatrick_scale: false, weight: 2000 },
    { char: '😛', fitzpatrick_scale: false, weight: 2000 },
    { char: '😎', fitzpatrick_scale: false, weight: 2000 },
    { char: '🤩', fitzpatrick_scale: false, weight: 2000 },
    { char: '🤗', fitzpatrick_scale: false, weight: 2000 },
    { char: '😏', fitzpatrick_scale: false, weight: 2000 },
    { char: '😺', fitzpatrick_scale: false, weight: 2000 },
    { char: '😸', fitzpatrick_scale: false, weight: 2000 }
  ],
  'happy' => [
    { char: '😀', fitzpatrick_scale: false, weight: 2000 },
    { char: '😁', fitzpatrick_scale: false, weight: 2000 },
    { char: '😂', fitzpatrick_scale: false, weight: 2000 },
    { char: '😃', fitzpatrick_scale: false, weight: 2000 },
    { char: '😄', fitzpatrick_scale: false, weight: 2000 },
    { char: '😅', fitzpatrick_scale: false, weight: 2000 },
    { char: '😆', fitzpatrick_scale: false, weight: 2000 },
    { char: '😉', fitzpatrick_scale: false, weight: 2000 },
    { char: '😊', fitzpatrick_scale: false, weight: 2000 },
    { char: '😋', fitzpatrick_scale: false, weight: 2000 },
    { char: '😺', fitzpatrick_scale: false, weight: 2000 },
    { char: '😹', fitzpatrick_scale: false, weight: 2000 },
    { char: '🌈', fitzpatrick_scale: false, weight: 2000 }
  ],
  'joy' => [
    { char: '😀', fitzpatrick_scale: false, weight: 2000 },
    { char: '😁', fitzpatrick_scale: false, weight: 2000 },
    { char: '😃', fitzpatrick_scale: false, weight: 2000 },
    { char: '😄', fitzpatrick_scale: false, weight: 2000 },
    { char: '😆', fitzpatrick_scale: false, weight: 2000 },
    { char: '😊', fitzpatrick_scale: false, weight: 2000 },
    { char: '😋', fitzpatrick_scale: false, weight: 2000 },
    { char: '😹', fitzpatrick_scale: false, weight: 2000 }
  ],
  ':d' => [
    { char: '😀', fitzpatrick_scale: false, weight: 2000 },
    { char: '😃', fitzpatrick_scale: false, weight: 2000 },
    { char: '😄', fitzpatrick_scale: false, weight: 2000 }
  ],
  'grin' => [ { char: '😀', fitzpatrick_scale: false, weight: 2000 } ],
  'grimace' => [ { char: '😬', fitzpatrick_scale: false, weight: 2000 } ],
  'teeth' => [
    { char: '😬', fitzpatrick_scale: false, weight: 2000 },
    { char: '🦷', fitzpatrick_scale: false, weight: 2000 }
  ],
  'kawaii' => [ { char: '😁', fitzpatrick_scale: false, weight: 2000 } ],
  'cry' => [
    { char: '😂', fitzpatrick_scale: false, weight: 2000 },
    { char: '😭', fitzpatrick_scale: false, weight: 2000 },
    { char: '😿', fitzpatrick_scale: false, weight: 2000 }
  ],
  'tears' => [
    { char: '😂', fitzpatrick_scale: false, weight: 2000 },
    { char: '😢', fitzpatrick_scale: false, weight: 2000 },
    { char: '😭', fitzpatrick_scale: false, weight: 2000 },
    { char: '😹', fitzpatrick_scale: false, weight: 2000 },
    { char: '😿', fitzpatrick_scale: false, weight: 2000 }
  ],
  'weep' => [
    { char: '😂', fitzpatrick_scale: false, weight: 2000 },
    { char: '😿', fitzpatrick_scale: false, weight: 2000 }
  ],
  'happytears' => [ { char: '😂', fitzpatrick_scale: false, weight: 2000 } ],
  'haha' => [
    { char: '😂', fitzpatrick_scale: false, weight: 2000 },
    { char: '🤣', fitzpatrick_scale: false, weight: 2000 },
    { char: '😃', fitzpatrick_scale: false, weight: 2000 },
    { char: '😄', fitzpatrick_scale: false, weight: 2000 },
    { char: '😆', fitzpatrick_scale: false, weight: 2000 },
    { char: '😹', fitzpatrick_scale: false, weight: 2000 },
    { char: '🙈', fitzpatrick_scale: false, weight: 2000 }
  ],
  'rolling' => [ { char: '🤣', fitzpatrick_scale: false, weight: 2000 } ],
  'floor' => [ { char: '🤣', fitzpatrick_scale: false, weight: 2000 } ],
  'laughing' => [ { char: '🤣', fitzpatrick_scale: false, weight: 2000 } ],
  'lol' => [
    { char: '🤣', fitzpatrick_scale: false, weight: 2000 },
    { char: '😆', fitzpatrick_scale: false, weight: 2000 }
  ],
  'celebration' => [
    { char: '🥳', fitzpatrick_scale: false, weight: 2000 },
    { char: '🙌', fitzpatrick_scale: true, weight: 2000 },
    { char: '🎄', fitzpatrick_scale: false, weight: 2000 },
    { char: '🍾', fitzpatrick_scale: false, weight: 2000 },
    { char: '🎈', fitzpatrick_scale: false, weight: 2000 },
    { char: '🎉', fitzpatrick_scale: false, weight: 2000 }
  ],
  'woohoo' => [ { char: '🥳', fitzpatrick_scale: false, weight: 2000 } ],
  ':)' => [
    { char: '😃', fitzpatrick_scale: false, weight: 2000 },
    { char: '😄', fitzpatrick_scale: false, weight: 2000 }
  ],
  'funny' => [
    { char: '😃', fitzpatrick_scale: false, weight: 2000 },
    { char: '😄', fitzpatrick_scale: false, weight: 2000 }
  ],
  'laugh' => [
    { char: '😄', fitzpatrick_scale: false, weight: 2000 },
    { char: '😅', fitzpatrick_scale: false, weight: 2000 },
    { char: '😆', fitzpatrick_scale: false, weight: 2000 }
  ],
  'like' => [
    { char: '😄', fitzpatrick_scale: false, weight: 2000 },
    { char: '😍', fitzpatrick_scale: false, weight: 2000 },
    { char: '🥰', fitzpatrick_scale: false, weight: 2000 },
    { char: '😘', fitzpatrick_scale: false, weight: 2000 },
    { char: '😗', fitzpatrick_scale: false, weight: 2000 },
    { char: '😚', fitzpatrick_scale: false, weight: 2000 },
    { char: '😻', fitzpatrick_scale: false, weight: 2000 },
    { char: '👍', fitzpatrick_scale: true, weight: 2000 },
    { char: '👫', fitzpatrick_scale: false, weight: 2000 },
    { char: '👬', fitzpatrick_scale: false, weight: 2000 },
    { char: '👭', fitzpatrick_scale: false, weight: 2000 },
    { char: '💑', fitzpatrick_scale: false, weight: 2000 },
    { char: '👩‍❤️‍👩', fitzpatrick_scale: false, weight: 2000 },
    { char: '👨‍❤️‍👨', fitzpatrick_scale: false, weight: 2000 },
    { char: '💏', fitzpatrick_scale: false, weight: 2000 },
    { char: '👩‍❤️‍💋‍👩', fitzpatrick_scale: false, weight: 2000 },
    { char: '👨‍❤️‍💋‍👨', fitzpatrick_scale: false, weight: 2000 },
    { char: '💋', fitzpatrick_scale: false, weight: 2000 },
    { char: '🏩', fitzpatrick_scale: false, weight: 2000 },
    { char: '💒', fitzpatrick_scale: false, weight: 2000 },
    { char: '💌', fitzpatrick_scale: false, weight: 2000 },
    { char: '❤️', fitzpatrick_scale: false, weight: 2000 },
    { char: '🧡', fitzpatrick_scale: false, weight: 2000 },
    { char: '💛', fitzpatrick_scale: false, weight: 2000 },
    { char: '💚', fitzpatrick_scale: false, weight: 2000 },
    { char: '💙', fitzpatrick_scale: false, weight: 2000 },
    { char: '💜', fitzpatrick_scale: false, weight: 2000 },
    { char: '💕', fitzpatrick_scale: false, weight: 2000 },
    { char: '💞', fitzpatrick_scale: false, weight: 2000 },
    { char: '💓', fitzpatrick_scale: false, weight: 2000 },
    { char: '💗', fitzpatrick_scale: false, weight: 2000 },
    { char: '💖', fitzpatrick_scale: false, weight: 2000 },
    { char: '💘', fitzpatrick_scale: false, weight: 2000 },
    { char: '💟', fitzpatrick_scale: false, weight: 2000 }
  ],
  'hot' => [
    { char: '😅', fitzpatrick_scale: false, weight: 2000 },
    { char: '😓', fitzpatrick_scale: false, weight: 2000 },
    { char: '🐪', fitzpatrick_scale: false, weight: 2000 },
    { char: '🐫', fitzpatrick_scale: false, weight: 2000 },
    { char: '🔥', fitzpatrick_scale: false, weight: 2000 },
    { char: '🌶', fitzpatrick_scale: false, weight: 2000 },
    { char: '🍛', fitzpatrick_scale: false, weight: 2000 },
    { char: '🍧', fitzpatrick_scale: false, weight: 2000 },
    { char: '🍨', fitzpatrick_scale: false, weight: 2000 },
    { char: '🍦', fitzpatrick_scale: false, weight: 2000 },
    { char: '🌡', fitzpatrick_scale: false, weight: 2000 }
  ],
  'sweat' => [
    { char: '😅', fitzpatrick_scale: false, weight: 2000 },
    { char: '😰', fitzpatrick_scale: false, weight: 2000 },
    { char: '😥', fitzpatrick_scale: false, weight: 2000 },
    { char: '💦', fitzpatrick_scale: false, weight: 2000 }
  ],
  'relief' => [ { char: '😅', fitzpatrick_scale: false, weight: 2000 } ],
  'satisfied' => [ { char: '😆', fitzpatrick_scale: false, weight: 2000 } ],
  'glad' => [ { char: '😆', fitzpatrick_scale: false, weight: 2000 } ],
  'xd' => [ { char: '😆', fitzpatrick_scale: false, weight: 2000 } ],
  'angel' => [ { char: '😇', fitzpatrick_scale: false, weight: 2000 } ],
  'heaven' => [
    { char: '😇', fitzpatrick_scale: false, weight: 2000 },
    { char: '👼', fitzpatrick_scale: true, weight: 2000 }
  ],
  'halo' => [
    { char: '😇', fitzpatrick_scale: false, weight: 2000 },
    { char: '👼', fitzpatrick_scale: true, weight: 2000 }
  ],
  'mischievous' => [
    { char: '😉', fitzpatrick_scale: false, weight: 2000 },
    { char: '😜', fitzpatrick_scale: false, weight: 2000 },
    { char: '😝', fitzpatrick_scale: false, weight: 2000 },
    { char: '😛', fitzpatrick_scale: false, weight: 2000 }
  ],
  'secret' => [
    { char: '😉', fitzpatrick_scale: false, weight: 2000 },
    { char: '🤐', fitzpatrick_scale: false, weight: 2000 },
    { char: '🔏', fitzpatrick_scale: false, weight: 2000 }
  ],
  ';)' => [ { char: '😉', fitzpatrick_scale: false, weight: 2000 } ],
  'eye' => [
    { char: '😉', fitzpatrick_scale: false, weight: 2000 },
    { char: '😜', fitzpatrick_scale: false, weight: 2000 },
    { char: '😒', fitzpatrick_scale: false, weight: 2000 },
    { char: '🤘', fitzpatrick_scale: true, weight: 2000 }
  ],
  'flushed' => [ { char: '😊', fitzpatrick_scale: false, weight: 2000 } ],
  'crush' => [
    { char: '😊', fitzpatrick_scale: false, weight: 2000 },
    { char: '😍', fitzpatrick_scale: false, weight: 2000 },
    { char: '🥰', fitzpatrick_scale: false, weight: 2000 }
  ],
  'embarrassed' => [ { char: '😊', fitzpatrick_scale: false, weight: 2000 } ],
  'shy' => [
    { char: '😊', fitzpatrick_scale: false, weight: 2000 },
    { char: '😳', fitzpatrick_scale: false, weight: 2000 }
  ],
  'slightly' => [
    { char: '🙂', fitzpatrick_scale: false, weight: 2000 },
    { char: '🙁', fitzpatrick_scale: false, weight: 2000 }
  ],
  'smiling' => [
    { char: '🙂', fitzpatrick_scale: false, weight: 2000 },
    { char: '🥰', fitzpatrick_scale: false, weight: 2000 },
    { char: '😙', fitzpatrick_scale: false, weight: 2000 },
    { char: '😈', fitzpatrick_scale: false, weight: 2000 }
  ],
  'flipped' => [ { char: '🙃', fitzpatrick_scale: false, weight: 2000 } ],
  'silly' => [
    { char: '🙃', fitzpatrick_scale: false, weight: 2000 },
    { char: '😋', fitzpatrick_scale: false, weight: 2000 }
  ],
  'upside' => [ { char: '🙃', fitzpatrick_scale: false, weight: 2000 } ],
  'down' => [
    { char: '🙃', fitzpatrick_scale: false, weight: 2000 },
    { char: '👇', fitzpatrick_scale: true, weight: 2000 },
    { char: '🔽', fitzpatrick_scale: false, weight: 2000 },
    { char: '⏬', fitzpatrick_scale: false, weight: 2000 },
    { char: '⬇️', fitzpatrick_scale: false, weight: 2000 },
    { char: '↕️', fitzpatrick_scale: false, weight: 2000 },
    { char: '⤵️', fitzpatrick_scale: false, weight: 2000 },
    { char: '🔻', fitzpatrick_scale: false, weight: 2000 }
  ],
  'blush' => [
    { char: '☺️', fitzpatrick_scale: false, weight: 2000 },
    { char: '😳', fitzpatrick_scale: false, weight: 2000 }
  ],
  'massage' => [
    { char: '☺️', fitzpatrick_scale: false, weight: 2000 },
    { char: '😌', fitzpatrick_scale: false, weight: 2000 },
    { char: '💆', fitzpatrick_scale: true, weight: 2000 },
    { char: '💆‍♂️', fitzpatrick_scale: true, weight: 2000 }
  ],
  'happiness' => [
    { char: '☺️', fitzpatrick_scale: false, weight: 2000 },
    { char: '😌', fitzpatrick_scale: false, weight: 2000 }
  ],
  'tongue' => [
    { char: '😋', fitzpatrick_scale: false, weight: 2000 },
    { char: '😜', fitzpatrick_scale: false, weight: 2000 },
    { char: '😝', fitzpatrick_scale: false, weight: 2000 },
    { char: '😛', fitzpatrick_scale: false, weight: 2000 }
  ],
  'yummy' => [ { char: '😋', fitzpatrick_scale: false, weight: 2000 } ],
  'nom' => [ { char: '😋', fitzpatrick_scale: false, weight: 2000 } ],
  'delicious' => [ { char: '😋', fitzpatrick_scale: false, weight: 2000 } ],
  'savouring' => [ { char: '😋', fitzpatrick_scale: false, weight: 2000 } ],
  'relaxed' => [ { char: '😌', fitzpatrick_scale: false, weight: 2000 } ],
  'phew' => [
    { char: '😌', fitzpatrick_scale: false, weight: 2000 },
    { char: '😤', fitzpatrick_scale: false, weight: 2000 },
    { char: '😥', fitzpatrick_scale: false, weight: 2000 }
  ],
  'love' => [
    { char: '😍', fitzpatrick_scale: false, weight: 2000 },
    { char: '🥰', fitzpatrick_scale: false, weight: 2000 },
    { char: '😘', fitzpatrick_scale: false, weight: 2000 },
    { char: '😗', fitzpatrick_scale: false, weight: 2000 },
    { char: '😚', fitzpatrick_scale: false, weight: 2000 },
    { char: '😻', fitzpatrick_scale: false, weight: 2000 },
    { char: '🤟', fitzpatrick_scale: true, weight: 2000 },
    { char: '👫', fitzpatrick_scale: false, weight: 2000 },
    { char: '👬', fitzpatrick_scale: false, weight: 2000 },
    { char: '👭', fitzpatrick_scale: false, weight: 2000 },
    { char: '💑', fitzpatrick_scale: false, weight: 2000 },
    { char: '👩‍❤️‍👩', fitzpatrick_scale: false, weight: 2000 },
    { char: '👨‍❤️‍👨', fitzpatrick_scale: false, weight: 2000 },
    { char: '💏', fitzpatrick_scale: false, weight: 2000 },
    { char: '👩‍❤️‍💋‍👩', fitzpatrick_scale: false, weight: 2000 },
    { char: '👨‍❤️‍💋‍👨', fitzpatrick_scale: false, weight: 2000 },
    { char: '💋', fitzpatrick_scale: false, weight: 2000 },
    { char: '🌹', fitzpatrick_scale: false, weight: 2000 },
    { char: '🏩', fitzpatrick_scale: false, weight: 2000 },
    { char: '💒', fitzpatrick_scale: false, weight: 2000 },
    { char: '💌', fitzpatrick_scale: false, weight: 2000 },
    { char: '❤️', fitzpatrick_scale: false, weight: 2000 },
    { char: '🧡', fitzpatrick_scale: false, weight: 2000 },
    { char: '💛', fitzpatrick_scale: false, weight: 2000 },
    { char: '💚', fitzpatrick_scale: false, weight: 2000 },
    { char: '💙', fitzpatrick_scale: false, weight: 2000 },
    { char: '💜', fitzpatrick_scale: false, weight: 2000 },
    { char: '❣', fitzpatrick_scale: false, weight: 2000 },
    { char: '💕', fitzpatrick_scale: false, weight: 2000 },
    { char: '💞', fitzpatrick_scale: false, weight: 2000 },
    { char: '💓', fitzpatrick_scale: false, weight: 2000 },
    { char: '💗', fitzpatrick_scale: false, weight: 2000 },
    { char: '💖', fitzpatrick_scale: false, weight: 2000 },
    { char: '💘', fitzpatrick_scale: false, weight: 2000 },
    { char: '💝', fitzpatrick_scale: false, weight: 2000 },
    { char: '💟', fitzpatrick_scale: false, weight: 2000 }
  ],
  'affection' => [
    { char: '😍', fitzpatrick_scale: false, weight: 2000 },
    { char: '🥰', fitzpatrick_scale: false, weight: 2000 },
    { char: '😘', fitzpatrick_scale: false, weight: 2000 },
    { char: '😙', fitzpatrick_scale: false, weight: 2000 },
    { char: '😚', fitzpatrick_scale: false, weight: 2000 },
    { char: '😻', fitzpatrick_scale: false, weight: 2000 },
    { char: '👫', fitzpatrick_scale: false, weight: 2000 },
    { char: '💑', fitzpatrick_scale: false, weight: 2000 },
    { char: '👩‍❤️‍👩', fitzpatrick_scale: false, weight: 2000 },
    { char: '👨‍❤️‍👨', fitzpatrick_scale: false, weight: 2000 },
    { char: '💋', fitzpatrick_scale: false, weight: 2000 },
    { char: '🏩', fitzpatrick_scale: false, weight: 2000 },
    { char: '💒', fitzpatrick_scale: false, weight: 2000 },
    { char: '💌', fitzpatrick_scale: false, weight: 2000 },
    { char: '🧡', fitzpatrick_scale: false, weight: 2000 },
    { char: '💛', fitzpatrick_scale: false, weight: 2000 },
    { char: '💚', fitzpatrick_scale: false, weight: 2000 },
    { char: '💙', fitzpatrick_scale: false, weight: 2000 },
    { char: '💜', fitzpatrick_scale: false, weight: 2000 },
    { char: '💕', fitzpatrick_scale: false, weight: 2000 },
    { char: '💞', fitzpatrick_scale: false, weight: 2000 },
    { char: '💓', fitzpatrick_scale: false, weight: 2000 },
    { char: '💗', fitzpatrick_scale: false, weight: 2000 },
    { char: '💖', fitzpatrick_scale: false, weight: 2000 },
    { char: '💘', fitzpatrick_scale: false, weight: 2000 }
  ],
  'valentines' => [
    { char: '😍', fitzpatrick_scale: false, weight: 2000 },
    { char: '🥰', fitzpatrick_scale: false, weight: 2000 },
    { char: '😘', fitzpatrick_scale: false, weight: 2000 },
    { char: '😗', fitzpatrick_scale: false, weight: 2000 },
    { char: '😙', fitzpatrick_scale: false, weight: 2000 },
    { char: '😚', fitzpatrick_scale: false, weight: 2000 },
    { char: '😻', fitzpatrick_scale: false, weight: 2000 },
    { char: '👫', fitzpatrick_scale: false, weight: 2000 },
    { char: '💑', fitzpatrick_scale: false, weight: 2000 },
    { char: '👩‍❤️‍👩', fitzpatrick_scale: false, weight: 2000 },
    { char: '👨‍❤️‍👨', fitzpatrick_scale: false, weight: 2000 },
    { char: '💏', fitzpatrick_scale: false, weight: 2000 },
    { char: '👩‍❤️‍💋‍👩', fitzpatrick_scale: false, weight: 2000 },
    { char: '👨‍❤️‍💋‍👨', fitzpatrick_scale: false, weight: 2000 },
    { char: '💋', fitzpatrick_scale: false, weight: 2000 },
    { char: '💍', fitzpatrick_scale: false, weight: 2000 },
    { char: '🌹', fitzpatrick_scale: false, weight: 2000 },
    { char: '💌', fitzpatrick_scale: false, weight: 2000 },
    { char: '❤️', fitzpatrick_scale: false, weight: 2000 },
    { char: '🧡', fitzpatrick_scale: false, weight: 2000 },
    { char: '💛', fitzpatrick_scale: false, weight: 2000 },
    { char: '💚', fitzpatrick_scale: false, weight: 2000 },
    { char: '💙', fitzpatrick_scale: false, weight: 2000 },
    { char: '💜', fitzpatrick_scale: false, weight: 2000 },
    { char: '💕', fitzpatrick_scale: false, weight: 2000 },
    { char: '💞', fitzpatrick_scale: false, weight: 2000 },
    { char: '💓', fitzpatrick_scale: false, weight: 2000 },
    { char: '💗', fitzpatrick_scale: false, weight: 2000 },
    { char: '💖', fitzpatrick_scale: false, weight: 2000 },
    { char: '💘', fitzpatrick_scale: false, weight: 2000 },
    { char: '💝', fitzpatrick_scale: false, weight: 2000 }
  ],
  'infatuation' => [
    { char: '😍', fitzpatrick_scale: false, weight: 2000 },
    { char: '🥰', fitzpatrick_scale: false, weight: 2000 },
    { char: '😘', fitzpatrick_scale: false, weight: 2000 },
    { char: '😗', fitzpatrick_scale: false, weight: 2000 },
    { char: '😙', fitzpatrick_scale: false, weight: 2000 },
    { char: '😚', fitzpatrick_scale: false, weight: 2000 }
  ],
  'heart' => [
    { char: '😍', fitzpatrick_scale: false, weight: 2000 },
    { char: '😘', fitzpatrick_scale: false, weight: 2000 },
    { char: '😻', fitzpatrick_scale: false, weight: 2000 },
    { char: '💑', fitzpatrick_scale: false, weight: 2000 },
    { char: '👩‍❤️‍👩', fitzpatrick_scale: false, weight: 2000 },
    { char: '👨‍❤️‍👨', fitzpatrick_scale: false, weight: 2000 },
    { char: '🧡', fitzpatrick_scale: false, weight: 2000 },
    { char: '💛', fitzpatrick_scale: false, weight: 2000 },
    { char: '💚', fitzpatrick_scale: false, weight: 2000 },
    { char: '💙', fitzpatrick_scale: false, weight: 2000 },
    { char: '💜', fitzpatrick_scale: false, weight: 2000 },
    { char: '🖤', fitzpatrick_scale: false, weight: 2000 },
    { char: '💔', fitzpatrick_scale: false, weight: 2000 },
    { char: '❣', fitzpatrick_scale: false, weight: 2000 },
    { char: '💕', fitzpatrick_scale: false, weight: 2000 },
    { char: '💓', fitzpatrick_scale: false, weight: 2000 },
    { char: '💖', fitzpatrick_scale: false, weight: 2000 },
    { char: '💘', fitzpatrick_scale: false, weight: 2000 },
    { char: '💝', fitzpatrick_scale: false, weight: 2000 },
    { char: '💟', fitzpatrick_scale: false, weight: 2000 }
  ],
  'eyes' => [
    { char: '😍', fitzpatrick_scale: false, weight: 2000 },
    { char: '😙', fitzpatrick_scale: false, weight: 2000 },
    { char: '😚', fitzpatrick_scale: false, weight: 2000 },
    { char: '😝', fitzpatrick_scale: false, weight: 2000 },
    { char: '🤩', fitzpatrick_scale: false, weight: 2000 },
    { char: '🙄', fitzpatrick_scale: false, weight: 2000 },
    { char: '😻', fitzpatrick_scale: false, weight: 2000 },
    { char: '🥽', fitzpatrick_scale: false, weight: 2000 }
  ],
  'hearts' => [
    { char: '🥰', fitzpatrick_scale: false, weight: 2000 },
    { char: '💕', fitzpatrick_scale: false, weight: 2000 },
    { char: '💞', fitzpatrick_scale: false, weight: 2000 }
  ],
  'adore' => [ { char: '🥰', fitzpatrick_scale: false, weight: 2000 } ],
  'with' => [
    { char: '🥰', fitzpatrick_scale: false, weight: 2000 },
    { char: '🤒', fitzpatrick_scale: false, weight: 2000 },
    { char: '🤕', fitzpatrick_scale: false, weight: 2000 },
    { char: '🖐', fitzpatrick_scale: true, weight: 2000 },
    { char: '👲', fitzpatrick_scale: true, weight: 2000 },
    { char: '🧕', fitzpatrick_scale: true, weight: 2000 },
    { char: '👳‍♀️', fitzpatrick_scale: true, weight: 2000 },
    { char: '👳', fitzpatrick_scale: true, weight: 2000 },
    { char: '👰', fitzpatrick_scale: true, weight: 2000 },
    { char: '💑', fitzpatrick_scale: false, weight: 2000 },
    { char: '👩‍❤️‍👩', fitzpatrick_scale: false, weight: 2000 },
    { char: '👨‍❤️‍👨', fitzpatrick_scale: false, weight: 2000 },
    { char: '🌚', fitzpatrick_scale: false, weight: 2000 },
    { char: '🌝', fitzpatrick_scale: false, weight: 2000 },
    { char: '🌛', fitzpatrick_scale: false, weight: 2000 },
    { char: '🌜', fitzpatrick_scale: false, weight: 2000 },
    { char: '🌞', fitzpatrick_scale: false, weight: 2000 },
    { char: '🌧', fitzpatrick_scale: false, weight: 2000 },
    { char: '⛈', fitzpatrick_scale: false, weight: 2000 },
    { char: '🌩', fitzpatrick_scale: false, weight: 2000 },
    { char: '🌨', fitzpatrick_scale: false, weight: 2000 },
    { char: '☃', fitzpatrick_scale: false, weight: 2000 },
    { char: '🥤', fitzpatrick_scale: false, weight: 2000 },
    { char: '🍽', fitzpatrick_scale: false, weight: 2000 },
    { char: '🥣', fitzpatrick_scale: false, weight: 2000 },
    { char: '🎽', fitzpatrick_scale: false, weight: 2000 },
    { char: '🌃', fitzpatrick_scale: false, weight: 2000 },
    { char: '🏡', fitzpatrick_scale: false, weight: 2000 },
    { char: '💸', fitzpatrick_scale: false, weight: 2000 },
    { char: '📩', fitzpatrick_scale: false, weight: 2000 },
    { char: '📬', fitzpatrick_scale: false, weight: 2000 },
    { char: '📭', fitzpatrick_scale: false, weight: 2000 },
    { char: '📃', fitzpatrick_scale: false, weight: 2000 },
    { char: '📈', fitzpatrick_scale: false, weight: 2000 },
    { char: '📉', fitzpatrick_scale: false, weight: 2000 },
    { char: '📔', fitzpatrick_scale: false, weight: 2000 },
    { char: '🔐', fitzpatrick_scale: false, weight: 2000 },
    { char: '🔏', fitzpatrick_scale: false, weight: 2000 },
    { char: '💠', fitzpatrick_scale: false, weight: 2000 },
    { char: '🌐', fitzpatrick_scale: false, weight: 2000 },
    { char: '↩️', fitzpatrick_scale: false, weight: 2000 },
    { char: '☑️', fitzpatrick_scale: false, weight: 2000 }
  ],
  'three' => [ { char: '🥰', fitzpatrick_scale: false, weight: 2000 } ],
  'kiss' => [
    { char: '😘', fitzpatrick_scale: false, weight: 2000 },
    { char: '😗', fitzpatrick_scale: false, weight: 2000 },
    { char: '😙', fitzpatrick_scale: false, weight: 2000 },
    { char: '😚', fitzpatrick_scale: false, weight: 2000 },
    { char: '😽', fitzpatrick_scale: false, weight: 2000 },
    { char: '👄', fitzpatrick_scale: false, weight: 2000 }
  ],
  'kissing' => [
    { char: '😘', fitzpatrick_scale: false, weight: 2000 },
    { char: '😙', fitzpatrick_scale: false, weight: 2000 },
    { char: '😚', fitzpatrick_scale: false, weight: 2000 },
    { char: '😽', fitzpatrick_scale: false, weight: 2000 }
  ],
  '3' => [
    { char: '😗', fitzpatrick_scale: false, weight: 2000 },
    { char: '3️⃣', fitzpatrick_scale: false, weight: 2000 }
  ],
  'closed' => [
    { char: '😚', fitzpatrick_scale: false, weight: 2000 },
    { char: '😝', fitzpatrick_scale: false, weight: 2000 },
    { char: '🌂', fitzpatrick_scale: false, weight: 2000 },
    { char: '📪', fitzpatrick_scale: false, weight: 2000 },
    { char: '📕', fitzpatrick_scale: false, weight: 2000 },
    { char: '🔐', fitzpatrick_scale: false, weight: 2000 }
  ],
  'prank' => [
    { char: '😜', fitzpatrick_scale: false, weight: 2000 },
    { char: '😝', fitzpatrick_scale: false, weight: 2000 },
    { char: '😛', fitzpatrick_scale: false, weight: 2000 },
    { char: '😏', fitzpatrick_scale: false, weight: 2000 }
  ],
  'childish' => [
    { char: '😜', fitzpatrick_scale: false, weight: 2000 },
    { char: '😛', fitzpatrick_scale: false, weight: 2000 }
  ],
  'playful' => [
    { char: '😜', fitzpatrick_scale: false, weight: 2000 },
    { char: '😝', fitzpatrick_scale: false, weight: 2000 },
    { char: '😛', fitzpatrick_scale: false, weight: 2000 },
    { char: '👅', fitzpatrick_scale: false, weight: 2000 }
  ],
  'wink' => [ { char: '😜', fitzpatrick_scale: false, weight: 2000 } ],
  'stuck' => [
    { char: '😜', fitzpatrick_scale: false, weight: 2000 },
    { char: '😝', fitzpatrick_scale: false, weight: 2000 },
    { char: '😛', fitzpatrick_scale: false, weight: 2000 }
  ],
  'out' => [
    { char: '😜', fitzpatrick_scale: false, weight: 2000 },
    { char: '😝', fitzpatrick_scale: false, weight: 2000 },
    { char: '😛', fitzpatrick_scale: false, weight: 2000 }
  ],
  'winking' => [ { char: '😜', fitzpatrick_scale: false, weight: 2000 } ],
  'goofy' => [ { char: '🤪', fitzpatrick_scale: false, weight: 2000 } ],
  'crazy' => [ { char: '🤪', fitzpatrick_scale: false, weight: 2000 } ],
  'distrust' => [ { char: '🤨', fitzpatrick_scale: false, weight: 2000 } ],
  'scepticism' => [ { char: '🤨', fitzpatrick_scale: false, weight: 2000 } ],
  'disapproval' => [ { char: '🤨', fitzpatrick_scale: false, weight: 2000 } ],
  'disbelief' => [
    { char: '🤨', fitzpatrick_scale: false, weight: 2000 },
    { char: '🤦‍♂️', fitzpatrick_scale: true, weight: 2000 },
    { char: '🤦‍♀️', fitzpatrick_scale: true, weight: 2000 }
  ],
  'surprise' => [
    { char: '🤨', fitzpatrick_scale: false, weight: 2000 },
    { char: '🤭', fitzpatrick_scale: false, weight: 2000 },
    { char: '😮', fitzpatrick_scale: false, weight: 2000 },
    { char: '❗', fitzpatrick_scale: false, weight: 2000 },
    { char: '❕', fitzpatrick_scale: false, weight: 2000 },
    { char: '‼️', fitzpatrick_scale: false, weight: 2000 },
    { char: '⁉️', fitzpatrick_scale: false, weight: 2000 }
  ],
  'raised' => [
    { char: '🤨', fitzpatrick_scale: false, weight: 2000 },
    { char: '🙌', fitzpatrick_scale: true, weight: 2000 },
    { char: '✋', fitzpatrick_scale: true, weight: 2000 },
    { char: '🤚', fitzpatrick_scale: true, weight: 2000 },
    { char: '🖐', fitzpatrick_scale: true, weight: 2000 }
  ],
  'eyebrow' => [ { char: '🤨', fitzpatrick_scale: false, weight: 2000 } ],
  'stuffy' => [ { char: '🧐', fitzpatrick_scale: false, weight: 2000 } ],
  'wealthy' => [ { char: '🧐', fitzpatrick_scale: false, weight: 2000 } ],
  'rich' => [ { char: '🤑', fitzpatrick_scale: false, weight: 2000 } ],
  'dollar' => [
    { char: '🤑', fitzpatrick_scale: false, weight: 2000 },
    { char: '💸', fitzpatrick_scale: false, weight: 2000 },
    { char: '💴', fitzpatrick_scale: false, weight: 2000 },
    { char: '💶', fitzpatrick_scale: false, weight: 2000 },
    { char: '💰', fitzpatrick_scale: false, weight: 2000 },
    { char: '💳', fitzpatrick_scale: false, weight: 2000 },
    { char: '💲', fitzpatrick_scale: false, weight: 2000 },
    { char: '💱', fitzpatrick_scale: false, weight: 2000 }
  ],
  'money' => [
    { char: '🤑', fitzpatrick_scale: false, weight: 2000 },
    { char: '👛', fitzpatrick_scale: false, weight: 2000 },
    { char: '🏦', fitzpatrick_scale: false, weight: 2000 },
    { char: '💸', fitzpatrick_scale: false, weight: 2000 },
    { char: '💵', fitzpatrick_scale: false, weight: 2000 },
    { char: '💴', fitzpatrick_scale: false, weight: 2000 },
    { char: '💶', fitzpatrick_scale: false, weight: 2000 },
    { char: '💷', fitzpatrick_scale: false, weight: 2000 },
    { char: '💳', fitzpatrick_scale: false, weight: 2000 },
    { char: '📈', fitzpatrick_scale: false, weight: 2000 },
    { char: '📉', fitzpatrick_scale: false, weight: 2000 },
    { char: '🏧', fitzpatrick_scale: false, weight: 2000 },
    { char: '💲', fitzpatrick_scale: false, weight: 2000 },
    { char: '💱', fitzpatrick_scale: false, weight: 2000 }
  ],
  'mouth' => [
    { char: '🤑', fitzpatrick_scale: false, weight: 2000 },
    { char: '😶', fitzpatrick_scale: false, weight: 2000 },
    { char: '🤭', fitzpatrick_scale: false, weight: 2000 },
    { char: '🤬', fitzpatrick_scale: false, weight: 2000 },
    { char: '😮', fitzpatrick_scale: false, weight: 2000 },
    { char: '🤐', fitzpatrick_scale: false, weight: 2000 },
    { char: '👄', fitzpatrick_scale: false, weight: 2000 },
    { char: '👅', fitzpatrick_scale: false, weight: 2000 }
  ],
  'nerdy' => [
    { char: '🤓', fitzpatrick_scale: false, weight: 2000 },
    { char: '👓', fitzpatrick_scale: false, weight: 2000 }
  ],
  'geek' => [
    { char: '🤓', fitzpatrick_scale: false, weight: 2000 },
    { char: '👓', fitzpatrick_scale: false, weight: 2000 }
  ],
  'dork' => [
    { char: '🤓', fitzpatrick_scale: false, weight: 2000 },
    { char: '👓', fitzpatrick_scale: false, weight: 2000 }
  ],
  'nerd' => [ { char: '🤓', fitzpatrick_scale: false, weight: 2000 } ],
  'cool' => [
    { char: '😎', fitzpatrick_scale: false, weight: 2000 },
    { char: '👍', fitzpatrick_scale: true, weight: 2000 },
    { char: '🕶', fitzpatrick_scale: false, weight: 2000 },
    { char: '✨', fitzpatrick_scale: false, weight: 2000 }
  ],
  'summer' => [
    { char: '😎', fitzpatrick_scale: false, weight: 2000 },
    { char: '💪', fitzpatrick_scale: true, weight: 2000 },
    { char: '👙', fitzpatrick_scale: false, weight: 2000 },
    { char: '🌴', fitzpatrick_scale: false, weight: 2000 },
    { char: '🎋', fitzpatrick_scale: false, weight: 2000 },
    { char: '🌷', fitzpatrick_scale: false, weight: 2000 },
    { char: '☀️', fitzpatrick_scale: false, weight: 2000 },
    { char: '🍉', fitzpatrick_scale: false, weight: 2000 },
    { char: '🍤', fitzpatrick_scale: false, weight: 2000 },
    { char: '🍧', fitzpatrick_scale: false, weight: 2000 },
    { char: '🍦', fitzpatrick_scale: false, weight: 2000 },
    { char: '🍺', fitzpatrick_scale: false, weight: 2000 },
    { char: '🍻', fitzpatrick_scale: false, weight: 2000 },
    { char: '🍹', fitzpatrick_scale: false, weight: 2000 },
    { char: '⛳', fitzpatrick_scale: false, weight: 2000 },
    { char: '🎣', fitzpatrick_scale: false, weight: 2000 },
    { char: '🏊‍♀️', fitzpatrick_scale: true, weight: 2000 },
    { char: '🏊', fitzpatrick_scale: true, weight: 2000 },
    { char: '🏄‍♀️', fitzpatrick_scale: true, weight: 2000 },
    { char: '🏄', fitzpatrick_scale: true, weight: 2000 },
    { char: '⛵', fitzpatrick_scale: false, weight: 2000 },
    { char: '🚤', fitzpatrick_scale: false, weight: 2000 },
    { char: '⛲', fitzpatrick_scale: false, weight: 2000 },
    { char: '🏖', fitzpatrick_scale: false, weight: 2000 },
    { char: '⛱', fitzpatrick_scale: false, weight: 2000 },
    { char: '🔅', fitzpatrick_scale: false, weight: 2000 }
  ],
  'beach' => [
    { char: '😎', fitzpatrick_scale: false, weight: 2000 },
    { char: '👙', fitzpatrick_scale: false, weight: 2000 },
    { char: '👣', fitzpatrick_scale: false, weight: 2000 },
    { char: '🐙', fitzpatrick_scale: false, weight: 2000 },
    { char: '🐠', fitzpatrick_scale: false, weight: 2000 },
    { char: '🐬', fitzpatrick_scale: false, weight: 2000 },
    { char: '🦈', fitzpatrick_scale: false, weight: 2000 },
    { char: '🌴', fitzpatrick_scale: false, weight: 2000 },
    { char: '🌺', fitzpatrick_scale: false, weight: 2000 },
    { char: '🐚', fitzpatrick_scale: false, weight: 2000 },
    { char: '☀️', fitzpatrick_scale: false, weight: 2000 },
    { char: '🍥', fitzpatrick_scale: false, weight: 2000 },
    { char: '🍹', fitzpatrick_scale: false, weight: 2000 },
    { char: '🏄‍♀️', fitzpatrick_scale: true, weight: 2000 },
    { char: '🏄', fitzpatrick_scale: true, weight: 2000 },
    { char: '🏖', fitzpatrick_scale: false, weight: 2000 }
  ],
  'sunglass' => [ { char: '😎', fitzpatrick_scale: false, weight: 2000 } ],
  'starry' => [ { char: '🤩', fitzpatrick_scale: false, weight: 2000 } ],
  'grinning' => [ { char: '🤩', fitzpatrick_scale: false, weight: 2000 } ],
  'star' => [
    { char: '🤩', fitzpatrick_scale: false, weight: 2000 },
    { char: '🖖', fitzpatrick_scale: true, weight: 2000 },
    { char: '💫', fitzpatrick_scale: false, weight: 2000 },
    { char: '☪', fitzpatrick_scale: false, weight: 2000 },
    { char: '✡', fitzpatrick_scale: false, weight: 2000 },
    { char: '🔯', fitzpatrick_scale: false, weight: 2000 },
    { char: '✴️', fitzpatrick_scale: false, weight: 2000 },
    { char: '✳️', fitzpatrick_scale: false, weight: 2000 },
    { char: '*⃣', fitzpatrick_scale: false, weight: 2000 }
  ],
  'struck' => [ { char: '🤩', fitzpatrick_scale: false, weight: 2000 } ],
  'clown' => [ { char: '🤡', fitzpatrick_scale: false, weight: 2000 } ],
  'cowgirl' => [ { char: '🤠', fitzpatrick_scale: false, weight: 2000 } ],
  'hat' => [
    { char: '🤠', fitzpatrick_scale: false, weight: 2000 },
    { char: '👒', fitzpatrick_scale: false, weight: 2000 },
    { char: '🧢', fitzpatrick_scale: false, weight: 2000 },
    { char: '🎓', fitzpatrick_scale: false, weight: 2000 }
  ],
  'cowboy' => [ { char: '🤠', fitzpatrick_scale: false, weight: 2000 } ],
  'hug' => [ { char: '🤗', fitzpatrick_scale: false, weight: 2000 } ],
  'mean' => [ { char: '😏', fitzpatrick_scale: false, weight: 2000 } ],
  'smug' => [ { char: '😏', fitzpatrick_scale: false, weight: 2000 } ],
  'sarcasm' => [
    { char: '😏', fitzpatrick_scale: false, weight: 2000 },
    { char: '😒', fitzpatrick_scale: false, weight: 2000 }
  ],
  'hellokitty' => [ { char: '😶', fitzpatrick_scale: false, weight: 2000 } ],
  'no' => [
    { char: '😶', fitzpatrick_scale: false, weight: 2000 },
    { char: '😣', fitzpatrick_scale: false, weight: 2000 },
    { char: '👎', fitzpatrick_scale: true, weight: 2000 },
    { char: '🙅', fitzpatrick_scale: true, weight: 2000 },
    { char: '🙅‍♂️', fitzpatrick_scale: true, weight: 2000 },
    { char: '🙈', fitzpatrick_scale: false, weight: 2000 },
    { char: '🙉', fitzpatrick_scale: false, weight: 2000 },
    { char: '🙊', fitzpatrick_scale: false, weight: 2000 },
    { char: '📭', fitzpatrick_scale: false, weight: 2000 },
    { char: '⛔', fitzpatrick_scale: false, weight: 2000 },
    { char: '🚫', fitzpatrick_scale: false, weight: 2000 },
    { char: '❌', fitzpatrick_scale: false, weight: 2000 },
    { char: '🚷', fitzpatrick_scale: false, weight: 2000 },
    { char: '🚳', fitzpatrick_scale: false, weight: 2000 },
    { char: '📵', fitzpatrick_scale: false, weight: 2000 },
    { char: '❎', fitzpatrick_scale: false, weight: 2000 },
    { char: '🚭', fitzpatrick_scale: false, weight: 2000 },
    { char: '🔕', fitzpatrick_scale: false, weight: 2000 },
    { char: '🇳🇴', fitzpatrick_scale: false, weight: 2000 }
  ],
  'indifference' => [
    { char: '😐', fitzpatrick_scale: false, weight: 2000 },
    { char: '😒', fitzpatrick_scale: false, weight: 2000 },
    { char: '😕', fitzpatrick_scale: false, weight: 2000 }
  ],
  'meh' => [
    { char: '😐', fitzpatrick_scale: false, weight: 2000 },
    { char: '😑', fitzpatrick_scale: false, weight: 2000 }
  ],
  ':|' => [ { char: '😐', fitzpatrick_scale: false, weight: 2000 } ],
  'neutral' => [
    { char: '😐', fitzpatrick_scale: false, weight: 2000 },
    { char: '🧒', fitzpatrick_scale: true, weight: 2000 },
    { char: '🧑', fitzpatrick_scale: true, weight: 2000 },
    { char: '🧓', fitzpatrick_scale: true, weight: 2000 }
  ],
  'indifferent' => [
    { char: '😑', fitzpatrick_scale: false, weight: 2000 },
    { char: '🤷', fitzpatrick_scale: true, weight: 2000 },
    { char: '🤷‍♂️', fitzpatrick_scale: true, weight: 2000 }
  ],
  '-_-' => [ { char: '😑', fitzpatrick_scale: false, weight: 2000 } ],
  'deadpan' => [ { char: '😑', fitzpatrick_scale: false, weight: 2000 } ],
  '' => [
    { char: '😑', fitzpatrick_scale: false, weight: 2000 },
    { char: '👎', fitzpatrick_scale: true, weight: 2000 }
  ],
  'bored' => [ { char: '😒', fitzpatrick_scale: false, weight: 2000 } ],
  'straight face' => [ { char: '😒', fitzpatrick_scale: false, weight: 2000 } ],
  'serious' => [ { char: '😒', fitzpatrick_scale: false, weight: 2000 } ],
  'unimpressed' => [ { char: '😒', fitzpatrick_scale: false, weight: 2000 } ],
  'skeptical' => [ { char: '😒', fitzpatrick_scale: false, weight: 2000 } ],
  'dubious' => [ { char: '😒', fitzpatrick_scale: false, weight: 2000 } ],
  'side_eye' => [ { char: '😒', fitzpatrick_scale: false, weight: 2000 } ],
  'straight' => [
    { char: '😒', fitzpatrick_scale: false, weight: 2000 },
    { char: '📏', fitzpatrick_scale: false, weight: 2000 }
  ],
  'side' => [
    { char: '😒', fitzpatrick_scale: false, weight: 2000 },
    { char: '🚄', fitzpatrick_scale: false, weight: 2000 }
  ],
  'eyeroll' => [ { char: '🙄', fitzpatrick_scale: false, weight: 2000 } ],
  'frustrated' => [
    { char: '🙄', fitzpatrick_scale: false, weight: 2000 },
    { char: '😠', fitzpatrick_scale: false, weight: 2000 },
    { char: '😫', fitzpatrick_scale: false, weight: 2000 },
    { char: '😩', fitzpatrick_scale: false, weight: 2000 }
  ],
  'roll' => [
    { char: '🙄', fitzpatrick_scale: false, weight: 2000 },
    { char: '🧻', fitzpatrick_scale: false, weight: 2000 },
    { char: '🗞', fitzpatrick_scale: false, weight: 2000 }
  ],
  'hmmm' => [
    { char: '🤔', fitzpatrick_scale: false, weight: 2000 },
    { char: '😕', fitzpatrick_scale: false, weight: 2000 }
  ],
  'think' => [ { char: '🤔', fitzpatrick_scale: false, weight: 2000 } ],
  'consider' => [ { char: '🤔', fitzpatrick_scale: false, weight: 2000 } ],
  'lie' => [ { char: '🤥', fitzpatrick_scale: false, weight: 2000 } ],
  'pinocchio' => [ { char: '🤥', fitzpatrick_scale: false, weight: 2000 } ],
  'lying' => [ { char: '🤥', fitzpatrick_scale: false, weight: 2000 } ],
  'whoops' => [ { char: '🤭', fitzpatrick_scale: false, weight: 2000 } ],
  'shock' => [ { char: '🤭', fitzpatrick_scale: false, weight: 2000 } ],
  'hand' => [
    { char: '🤭', fitzpatrick_scale: false, weight: 2000 },
    { char: '🤙', fitzpatrick_scale: true, weight: 2000 },
    { char: '👍', fitzpatrick_scale: true, weight: 2000 },
    { char: '👎', fitzpatrick_scale: true, weight: 2000 },
    { char: '👊', fitzpatrick_scale: true, weight: 2000 },
    { char: '✊', fitzpatrick_scale: true, weight: 2000 },
    { char: '🤛', fitzpatrick_scale: true, weight: 2000 },
    { char: '🤜', fitzpatrick_scale: true, weight: 2000 },
    { char: '✌', fitzpatrick_scale: true, weight: 2000 },
    { char: '👌', fitzpatrick_scale: true, weight: 2000 },
    { char: '✋', fitzpatrick_scale: true, weight: 2000 },
    { char: '🤚', fitzpatrick_scale: true, weight: 2000 },
    { char: '💪', fitzpatrick_scale: true, weight: 2000 },
    { char: '☝', fitzpatrick_scale: true, weight: 2000 },
    { char: '👆', fitzpatrick_scale: true, weight: 2000 },
    { char: '👇', fitzpatrick_scale: true, weight: 2000 },
    { char: '👈', fitzpatrick_scale: true, weight: 2000 },
    { char: '👉', fitzpatrick_scale: true, weight: 2000 },
    { char: '🖕', fitzpatrick_scale: true, weight: 2000 },
    { char: '🖐', fitzpatrick_scale: true, weight: 2000 },
    { char: '🤟', fitzpatrick_scale: true, weight: 2000 },
    { char: '🤘', fitzpatrick_scale: true, weight: 2000 },
    { char: '🖖', fitzpatrick_scale: true, weight: 2000 },
    { char: '✍', fitzpatrick_scale: true, weight: 2000 },
    { char: '💁', fitzpatrick_scale: true, weight: 2000 },
    { char: '💁‍♂️', fitzpatrick_scale: true, weight: 2000 },
    { char: '🙋', fitzpatrick_scale: true, weight: 2000 },
    { char: '🙋‍♂️', fitzpatrick_scale: true, weight: 2000 }
  ],
  'over' => [
    { char: '🤭', fitzpatrick_scale: false, weight: 2000 },
    { char: '🤬', fitzpatrick_scale: false, weight: 2000 },
    { char: '🌄', fitzpatrick_scale: false, weight: 2000 }
  ],
  'quiet' => [
    { char: '🤫', fitzpatrick_scale: false, weight: 2000 },
    { char: '📴', fitzpatrick_scale: false, weight: 2000 },
    { char: '🔇', fitzpatrick_scale: false, weight: 2000 },
    { char: '🔕', fitzpatrick_scale: false, weight: 2000 }
  ],
  'shhh' => [ { char: '🤫', fitzpatrick_scale: false, weight: 2000 } ],
  'swearing' => [ { char: '🤬', fitzpatrick_scale: false, weight: 2000 } ],
  'cursing' => [ { char: '🤬', fitzpatrick_scale: false, weight: 2000 } ],
  'cussing' => [ { char: '🤬', fitzpatrick_scale: false, weight: 2000 } ],
  'profanity' => [ { char: '🤬', fitzpatrick_scale: false, weight: 2000 } ],
  'expletive' => [ { char: '🤬', fitzpatrick_scale: false, weight: 2000 } ],
  'symbols' => [ { char: '🤬', fitzpatrick_scale: false, weight: 2000 } ],
  'shocked' => [ { char: '🤯', fitzpatrick_scale: false, weight: 2000 } ],
  'mind' => [ { char: '🤯', fitzpatrick_scale: false, weight: 2000 } ],
  'blown' => [
    { char: '🤯', fitzpatrick_scale: false, weight: 2000 },
    { char: '💥', fitzpatrick_scale: false, weight: 2000 }
  ],
  'exploding' => [ { char: '🤯', fitzpatrick_scale: false, weight: 2000 } ],
  'head' => [
    { char: '🤯', fitzpatrick_scale: false, weight: 2000 },
    { char: '🤕', fitzpatrick_scale: false, weight: 2000 },
    { char: '🗣', fitzpatrick_scale: false, weight: 2000 },
    { char: '💆', fitzpatrick_scale: true, weight: 2000 },
    { char: '💆‍♂️', fitzpatrick_scale: true, weight: 2000 }
  ],
  'flattered' => [ { char: '😳', fitzpatrick_scale: false, weight: 2000 } ],
  'sad' => [
    { char: '😞', fitzpatrick_scale: false, weight: 2000 },
    { char: '😔', fitzpatrick_scale: false, weight: 2000 },
    { char: '🙁', fitzpatrick_scale: false, weight: 2000 },
    { char: '☹', fitzpatrick_scale: false, weight: 2000 },
    { char: '😩', fitzpatrick_scale: false, weight: 2000 },
    { char: '😢', fitzpatrick_scale: false, weight: 2000 },
    { char: '😓', fitzpatrick_scale: false, weight: 2000 },
    { char: '😭', fitzpatrick_scale: false, weight: 2000 },
    { char: '😿', fitzpatrick_scale: false, weight: 2000 },
    { char: '🙍', fitzpatrick_scale: true, weight: 2000 },
    { char: '🙍‍♂️', fitzpatrick_scale: true, weight: 2000 },
    { char: '💔', fitzpatrick_scale: false, weight: 2000 }
  ],
  'upset' => [
    { char: '😞', fitzpatrick_scale: false, weight: 2000 },
    { char: '😔', fitzpatrick_scale: false, weight: 2000 },
    { char: '🙁', fitzpatrick_scale: false, weight: 2000 },
    { char: '☹', fitzpatrick_scale: false, weight: 2000 },
    { char: '😣', fitzpatrick_scale: false, weight: 2000 },
    { char: '😫', fitzpatrick_scale: false, weight: 2000 },
    { char: '😩', fitzpatrick_scale: false, weight: 2000 },
    { char: '😢', fitzpatrick_scale: false, weight: 2000 },
    { char: '😭', fitzpatrick_scale: false, weight: 2000 },
    { char: '😿', fitzpatrick_scale: false, weight: 2000 }
  ],
  'depressed' => [
    { char: '😞', fitzpatrick_scale: false, weight: 2000 },
    { char: '😔', fitzpatrick_scale: false, weight: 2000 },
    { char: '😢', fitzpatrick_scale: false, weight: 2000 },
    { char: '😭', fitzpatrick_scale: false, weight: 2000 },
    { char: '🙍', fitzpatrick_scale: true, weight: 2000 },
    { char: '🙍‍♂️', fitzpatrick_scale: true, weight: 2000 }
  ],
  ':(' => [
    { char: '😞', fitzpatrick_scale: false, weight: 2000 },
    { char: '😟', fitzpatrick_scale: false, weight: 2000 }
  ],
  'concern' => [ { char: '😟', fitzpatrick_scale: false, weight: 2000 } ],
  'nervous' => [
    { char: '😟', fitzpatrick_scale: false, weight: 2000 },
    { char: '😨', fitzpatrick_scale: false, weight: 2000 },
    { char: '😰', fitzpatrick_scale: false, weight: 2000 },
    { char: '😧', fitzpatrick_scale: false, weight: 2000 },
    { char: '😥', fitzpatrick_scale: false, weight: 2000 }
  ],
  'mad' => [
    { char: '😠', fitzpatrick_scale: false, weight: 2000 },
    { char: '😡', fitzpatrick_scale: false, weight: 2000 },
    { char: '💢', fitzpatrick_scale: false, weight: 2000 },
    { char: '🗯', fitzpatrick_scale: false, weight: 2000 }
  ],
  'annoyed' => [ { char: '😠', fitzpatrick_scale: false, weight: 2000 } ],
  'angry' => [
    { char: '😡', fitzpatrick_scale: false, weight: 2000 },
    { char: '👿', fitzpatrick_scale: false, weight: 2000 },
    { char: '👊', fitzpatrick_scale: true, weight: 2000 },
    { char: '💢', fitzpatrick_scale: false, weight: 2000 }
  ],
  'hate' => [ { char: '😡', fitzpatrick_scale: false, weight: 2000 } ],
  'despise' => [ { char: '😡', fitzpatrick_scale: false, weight: 2000 } ],
  'huh' => [
    { char: '😕', fitzpatrick_scale: false, weight: 2000 },
    { char: '😨', fitzpatrick_scale: false, weight: 2000 },
    { char: '❔', fitzpatrick_scale: false, weight: 2000 }
  ],
  'weird' => [
    { char: '😕', fitzpatrick_scale: false, weight: 2000 },
    { char: '👽', fitzpatrick_scale: false, weight: 2000 }
  ],
  ':/' => [ { char: '😕', fitzpatrick_scale: false, weight: 2000 } ],
  'frowning' => [
    { char: '🙁', fitzpatrick_scale: false, weight: 2000 },
    { char: '☹', fitzpatrick_scale: false, weight: 2000 },
    { char: '🙍', fitzpatrick_scale: true, weight: 2000 },
    { char: '🙍‍♂️', fitzpatrick_scale: true, weight: 2000 }
  ],
  'disappointed' => [
    { char: '🙁', fitzpatrick_scale: false, weight: 2000 },
    { char: '😥', fitzpatrick_scale: false, weight: 2000 }
  ],
  'frown' => [ { char: '☹', fitzpatrick_scale: false, weight: 2000 } ],
  'sick' => [
    { char: '😣', fitzpatrick_scale: false, weight: 2000 },
    { char: '😖', fitzpatrick_scale: false, weight: 2000 },
    { char: '😫', fitzpatrick_scale: false, weight: 2000 },
    { char: '🤢', fitzpatrick_scale: false, weight: 2000 },
    { char: '🤧', fitzpatrick_scale: false, weight: 2000 },
    { char: '🤮', fitzpatrick_scale: false, weight: 2000 },
    { char: '😷', fitzpatrick_scale: false, weight: 2000 },
    { char: '🤒', fitzpatrick_scale: false, weight: 2000 }
  ],
  'oops' => [
    { char: '😣', fitzpatrick_scale: false, weight: 2000 },
    { char: '😖', fitzpatrick_scale: false, weight: 2000 },
    { char: '😨', fitzpatrick_scale: false, weight: 2000 },
    { char: '💦', fitzpatrick_scale: false, weight: 2000 }
  ],
  'confused' => [
    { char: '😖', fitzpatrick_scale: false, weight: 2000 },
    { char: '🤷', fitzpatrick_scale: true, weight: 2000 },
    { char: '🤷‍♂️', fitzpatrick_scale: true, weight: 2000 },
    { char: '❓', fitzpatrick_scale: false, weight: 2000 },
    { char: '❔', fitzpatrick_scale: false, weight: 2000 }
  ],
  'unwell' => [ { char: '😖', fitzpatrick_scale: false, weight: 2000 } ],
  ':s' => [ { char: '😖', fitzpatrick_scale: false, weight: 2000 } ],
  'whine' => [ { char: '😫', fitzpatrick_scale: false, weight: 2000 } ],
  'tired' => [
    { char: '😫', fitzpatrick_scale: false, weight: 2000 },
    { char: '😩', fitzpatrick_scale: false, weight: 2000 },
    { char: '😪', fitzpatrick_scale: false, weight: 2000 },
    { char: '😓', fitzpatrick_scale: false, weight: 2000 },
    { char: '😴', fitzpatrick_scale: false, weight: 2000 },
    { char: '💤', fitzpatrick_scale: false, weight: 2000 }
  ],
  'sleepy' => [
    { char: '😩', fitzpatrick_scale: false, weight: 2000 },
    { char: '😴', fitzpatrick_scale: false, weight: 2000 },
    { char: '💤', fitzpatrick_scale: false, weight: 2000 }
  ],
  'begging' => [ { char: '🥺', fitzpatrick_scale: false, weight: 2000 } ],
  'mercy' => [ { char: '🥺', fitzpatrick_scale: false, weight: 2000 } ],
  'gas' => [
    { char: '😤', fitzpatrick_scale: false, weight: 2000 },
    { char: '⛽', fitzpatrick_scale: false, weight: 2000 }
  ],
  'proud' => [ { char: '😤', fitzpatrick_scale: false, weight: 2000 } ],
  'pride' => [
    { char: '😤', fitzpatrick_scale: false, weight: 2000 },
    { char: '🏳️‍🌈', fitzpatrick_scale: false, weight: 2000 }
  ],
  'impressed' => [ { char: '😮', fitzpatrick_scale: false, weight: 2000 } ],
  'wow' => [
    { char: '😮', fitzpatrick_scale: false, weight: 2000 },
    { char: '❗', fitzpatrick_scale: false, weight: 2000 },
    { char: '❕', fitzpatrick_scale: false, weight: 2000 }
  ],
  'whoa' => [ { char: '😮', fitzpatrick_scale: false, weight: 2000 } ],
  ':o' => [ { char: '😮', fitzpatrick_scale: false, weight: 2000 } ],
  'open' => [
    { char: '😮', fitzpatrick_scale: false, weight: 2000 },
    { char: '👐', fitzpatrick_scale: true, weight: 2000 },
    { char: '☂', fitzpatrick_scale: false, weight: 2000 },
    { char: '📂', fitzpatrick_scale: false, weight: 2000 },
    { char: '📖', fitzpatrick_scale: false, weight: 2000 }
  ],
  'munch' => [
    { char: '😱', fitzpatrick_scale: false, weight: 2000 },
    { char: '🙀', fitzpatrick_scale: false, weight: 2000 }
  ],
  'scared' => [
    { char: '😱', fitzpatrick_scale: false, weight: 2000 },
    { char: '😨', fitzpatrick_scale: false, weight: 2000 },
    { char: '🙀', fitzpatrick_scale: false, weight: 2000 }
  ],
  'omg' => [
    { char: '😱', fitzpatrick_scale: false, weight: 2000 },
    { char: '🙊', fitzpatrick_scale: false, weight: 2000 }
  ],
  'terrified' => [ { char: '😨', fitzpatrick_scale: false, weight: 2000 } ],
  'cold' => [
    { char: '😰', fitzpatrick_scale: false, weight: 2000 },
    { char: '🤒', fitzpatrick_scale: false, weight: 2000 },
    { char: '❄️', fitzpatrick_scale: false, weight: 2000 },
    { char: '⛄', fitzpatrick_scale: false, weight: 2000 },
    { char: '☃', fitzpatrick_scale: false, weight: 2000 },
    { char: '🎿', fitzpatrick_scale: false, weight: 2000 },
    { char: '🏔', fitzpatrick_scale: false, weight: 2000 },
    { char: '🌡', fitzpatrick_scale: false, weight: 2000 }
  ],
  'woo' => [ { char: '😯', fitzpatrick_scale: false, weight: 2000 } ],
  'shh' => [ { char: '😯', fitzpatrick_scale: false, weight: 2000 } ],
  'aw' => [
    { char: '😦', fitzpatrick_scale: false, weight: 2000 },
    { char: '🇦🇼', fitzpatrick_scale: false, weight: 2000 }
  ],
  'what' => [ { char: '😦', fitzpatrick_scale: false, weight: 2000 } ],
  'stunned' => [ { char: '😧', fitzpatrick_scale: false, weight: 2000 } ],
  ":'(" => [ { char: '😢', fitzpatrick_scale: false, weight: 2000 } ],
  'relieved' => [ { char: '😥', fitzpatrick_scale: false, weight: 2000 } ],
  'drooling' => [ { char: '🤤', fitzpatrick_scale: false, weight: 2000 } ],
  'rest' => [
    { char: '😪', fitzpatrick_scale: false, weight: 2000 },
    { char: '🛌', fitzpatrick_scale: true, weight: 2000 },
    { char: '🛏', fitzpatrick_scale: false, weight: 2000 }
  ],
  'nap' => [ { char: '😪', fitzpatrick_scale: false, weight: 2000 } ],
  'exercise' => [
    { char: '😓', fitzpatrick_scale: false, weight: 2000 },
    { char: '🏃‍♀️', fitzpatrick_scale: true, weight: 2000 },
    { char: '🏃', fitzpatrick_scale: true, weight: 2000 },
    { char: '🏊‍♀️', fitzpatrick_scale: true, weight: 2000 },
    { char: '🏊', fitzpatrick_scale: true, weight: 2000 },
    { char: '🏋️‍♀️', fitzpatrick_scale: true, weight: 2000 },
    { char: '🏋', fitzpatrick_scale: true, weight: 2000 },
    { char: '🚴‍♀️', fitzpatrick_scale: true, weight: 2000 },
    { char: '🚴', fitzpatrick_scale: true, weight: 2000 },
    { char: '🚲', fitzpatrick_scale: false, weight: 2000 }
  ],
  'feverish' => [ { char: '🥵', fitzpatrick_scale: false, weight: 2000 } ],
  'heat' => [ { char: '🥵', fitzpatrick_scale: false, weight: 2000 } ],
  'red' => [
    { char: '🥵', fitzpatrick_scale: false, weight: 2000 },
    { char: '👹', fitzpatrick_scale: false, weight: 2000 },
    { char: '👺', fitzpatrick_scale: false, weight: 2000 },
    { char: '🚗', fitzpatrick_scale: false, weight: 2000 },
    { char: '🧧', fitzpatrick_scale: false, weight: 2000 },
    { char: '㊙️', fitzpatrick_scale: false, weight: 2000 },
    { char: '㊗️', fitzpatrick_scale: false, weight: 2000 },
    { char: '🈴', fitzpatrick_scale: false, weight: 2000 },
    { char: '🈵', fitzpatrick_scale: false, weight: 2000 },
    { char: '🈲', fitzpatrick_scale: false, weight: 2000 },
    { char: '🅰️', fitzpatrick_scale: false, weight: 2000 },
    { char: '🅱️', fitzpatrick_scale: false, weight: 2000 },
    { char: '🆎', fitzpatrick_scale: false, weight: 2000 },
    { char: '🆑', fitzpatrick_scale: false, weight: 2000 },
    { char: '🅾️', fitzpatrick_scale: false, weight: 2000 },
    { char: '🆘', fitzpatrick_scale: false, weight: 2000 },
    { char: '❌', fitzpatrick_scale: false, weight: 2000 },
    { char: '🔴', fitzpatrick_scale: false, weight: 2000 },
    { char: '🔺', fitzpatrick_scale: false, weight: 2000 },
    { char: '🔻', fitzpatrick_scale: false, weight: 2000 },
    { char: '🎴', fitzpatrick_scale: false, weight: 2000 }
  ],
  'sweating' => [ { char: '🥵', fitzpatrick_scale: false, weight: 2000 } ],
  'freezing' => [ { char: '🥶', fitzpatrick_scale: false, weight: 2000 } ],
  'frozen' => [
    { char: '🥶', fitzpatrick_scale: false, weight: 2000 },
    { char: '⛄', fitzpatrick_scale: false, weight: 2000 },
    { char: '☃', fitzpatrick_scale: false, weight: 2000 }
  ],
  'frostbite' => [ { char: '🥶', fitzpatrick_scale: false, weight: 2000 } ],
  'icicles' => [ { char: '🥶', fitzpatrick_scale: false, weight: 2000 } ],
  'spent' => [ { char: '😵', fitzpatrick_scale: false, weight: 2000 } ],
  'unconscious' => [ { char: '😵', fitzpatrick_scale: false, weight: 2000 } ],
  'xox' => [
    { char: '😵', fitzpatrick_scale: false, weight: 2000 },
    { char: '😲', fitzpatrick_scale: false, weight: 2000 }
  ],
  'dizzy' => [
    { char: '😵', fitzpatrick_scale: false, weight: 2000 },
    { char: '🥴', fitzpatrick_scale: false, weight: 2000 }
  ],
  'surprised' => [ { char: '😲', fitzpatrick_scale: false, weight: 2000 } ],
  'poisoned' => [ { char: '😲', fitzpatrick_scale: false, weight: 2000 } ],
  'sealed' => [ { char: '🤐', fitzpatrick_scale: false, weight: 2000 } ],
  'zipper' => [ { char: '🤐', fitzpatrick_scale: false, weight: 2000 } ],
  'vomit' => [ { char: '🤢', fitzpatrick_scale: false, weight: 2000 } ],
  'gross' => [ { char: '🤢', fitzpatrick_scale: false, weight: 2000 } ],
  'green' => [
    { char: '🤢', fitzpatrick_scale: false, weight: 2000 },
    { char: '🐉', fitzpatrick_scale: false, weight: 2000 },
    { char: '🐲', fitzpatrick_scale: false, weight: 2000 },
    { char: '🍏', fitzpatrick_scale: false, weight: 2000 },
    { char: '🥗', fitzpatrick_scale: false, weight: 2000 },
    { char: '🍵', fitzpatrick_scale: false, weight: 2000 },
    { char: '🎾', fitzpatrick_scale: false, weight: 2000 },
    { char: '📗', fitzpatrick_scale: false, weight: 2000 },
    { char: '💚', fitzpatrick_scale: false, weight: 2000 },
    { char: '🈯', fitzpatrick_scale: false, weight: 2000 },
    { char: '💹', fitzpatrick_scale: false, weight: 2000 },
    { char: '❇️', fitzpatrick_scale: false, weight: 2000 },
    { char: '✳️', fitzpatrick_scale: false, weight: 2000 },
    { char: '❎', fitzpatrick_scale: false, weight: 2000 },
    { char: '✅', fitzpatrick_scale: false, weight: 2000 }
  ],
  'throw up' => [ { char: '🤢', fitzpatrick_scale: false, weight: 2000 } ],
  'ill' => [
    { char: '🤢', fitzpatrick_scale: false, weight: 2000 },
    { char: '😷', fitzpatrick_scale: false, weight: 2000 }
  ],
  'throw' => [ { char: '🤢', fitzpatrick_scale: false, weight: 2000 } ],
  'up' => [
    { char: '🤢', fitzpatrick_scale: false, weight: 2000 },
    { char: '🤲', fitzpatrick_scale: true, weight: 2000 },
    { char: '☝', fitzpatrick_scale: true, weight: 2000 },
    { char: '👆', fitzpatrick_scale: true, weight: 2000 },
    { char: '📄', fitzpatrick_scale: false, weight: 2000 },
    { char: '🏳', fitzpatrick_scale: false, weight: 2000 },
    { char: '🔼', fitzpatrick_scale: false, weight: 2000 },
    { char: '⏫', fitzpatrick_scale: false, weight: 2000 },
    { char: '⬆️', fitzpatrick_scale: false, weight: 2000 },
    { char: '↕️', fitzpatrick_scale: false, weight: 2000 },
    { char: '⤴️', fitzpatrick_scale: false, weight: 2000 },
    { char: '🔺', fitzpatrick_scale: false, weight: 2000 }
  ],
  'nauseated' => [ { char: '🤢', fitzpatrick_scale: false, weight: 2000 } ],
  'gesundheit' => [ { char: '🤧', fitzpatrick_scale: false, weight: 2000 } ],
  'sneeze' => [ { char: '🤧', fitzpatrick_scale: false, weight: 2000 } ],
  'allergy' => [ { char: '🤧', fitzpatrick_scale: false, weight: 2000 } ],
  'sneezing' => [ { char: '🤧', fitzpatrick_scale: false, weight: 2000 } ],
  'disease' => [ { char: '😷', fitzpatrick_scale: false, weight: 2000 } ],
  'temperature' => [
    { char: '🤒', fitzpatrick_scale: false, weight: 2000 },
    { char: '🌡', fitzpatrick_scale: false, weight: 2000 }
  ],
  'thermometer' => [ { char: '🤒', fitzpatrick_scale: false, weight: 2000 } ],
  'fever' => [ { char: '🤒', fitzpatrick_scale: false, weight: 2000 } ],
  'injured' => [ { char: '🤕', fitzpatrick_scale: false, weight: 2000 } ],
  'clumsy' => [ { char: '🤕', fitzpatrick_scale: false, weight: 2000 } ],
  'bandage' => [ { char: '🤕', fitzpatrick_scale: false, weight: 2000 } ],
  'hurt' => [ { char: '🤕', fitzpatrick_scale: false, weight: 2000 } ],
  'intoxicated' => [ { char: '🥴', fitzpatrick_scale: false, weight: 2000 } ],
  'tipsy' => [ { char: '🥴', fitzpatrick_scale: false, weight: 2000 } ],
  'wavy' => [
    { char: '🥴', fitzpatrick_scale: false, weight: 2000 },
    { char: '〰️', fitzpatrick_scale: false, weight: 2000 }
  ],
  'night' => [
    { char: '😴', fitzpatrick_scale: false, weight: 2000 },
    { char: '🌕', fitzpatrick_scale: false, weight: 2000 },
    { char: '🌖', fitzpatrick_scale: false, weight: 2000 },
    { char: '🌗', fitzpatrick_scale: false, weight: 2000 },
    { char: '🌘', fitzpatrick_scale: false, weight: 2000 },
    { char: '🌑', fitzpatrick_scale: false, weight: 2000 },
    { char: '🌒', fitzpatrick_scale: false, weight: 2000 },
    { char: '🌓', fitzpatrick_scale: false, weight: 2000 },
    { char: '🌔', fitzpatrick_scale: false, weight: 2000 },
    { char: '🌚', fitzpatrick_scale: false, weight: 2000 },
    { char: '🌝', fitzpatrick_scale: false, weight: 2000 },
    { char: '🌛', fitzpatrick_scale: false, weight: 2000 },
    { char: '🌜', fitzpatrick_scale: false, weight: 2000 },
    { char: '🌙', fitzpatrick_scale: false, weight: 2000 },
    { char: '⭐', fitzpatrick_scale: false, weight: 2000 },
    { char: '🌟', fitzpatrick_scale: false, weight: 2000 },
    { char: '🏙', fitzpatrick_scale: false, weight: 2000 },
    { char: '🌃', fitzpatrick_scale: false, weight: 2000 },
    { char: '🌉', fitzpatrick_scale: false, weight: 2000 },
    { char: '🌠', fitzpatrick_scale: false, weight: 2000 },
    { char: '🎇', fitzpatrick_scale: false, weight: 2000 },
    { char: '🔦', fitzpatrick_scale: false, weight: 2000 },
    { char: '🔞', fitzpatrick_scale: false, weight: 2000 }
  ],
  'zzz' => [ { char: '😴', fitzpatrick_scale: false, weight: 2000 } ],
  'dream' => [
    { char: '💤', fitzpatrick_scale: false, weight: 2000 },
    { char: '💭', fitzpatrick_scale: false, weight: 2000 }
  ],
  'hankey' => [ { char: '💩', fitzpatrick_scale: false, weight: 2000 } ],
  'shitface' => [ { char: '💩', fitzpatrick_scale: false, weight: 2000 } ],
  'fail' => [
    { char: '💩', fitzpatrick_scale: false, weight: 2000 },
    { char: '🏳', fitzpatrick_scale: false, weight: 2000 }
  ],
  'turd' => [ { char: '💩', fitzpatrick_scale: false, weight: 2000 } ],
  'shit' => [ { char: '💩', fitzpatrick_scale: false, weight: 2000 } ],
  'devil' => [
    { char: '😈', fitzpatrick_scale: false, weight: 2000 },
    { char: '👿', fitzpatrick_scale: false, weight: 2000 },
    { char: '👹', fitzpatrick_scale: false, weight: 2000 }
  ],
  'horns' => [
    { char: '😈', fitzpatrick_scale: false, weight: 2000 },
    { char: '👿', fitzpatrick_scale: false, weight: 2000 },
    { char: '🤘', fitzpatrick_scale: true, weight: 2000 },
    { char: '🦌', fitzpatrick_scale: false, weight: 2000 }
  ],
  'imp' => [ { char: '😈', fitzpatrick_scale: false, weight: 2000 } ],
  'monster' => [
    { char: '👹', fitzpatrick_scale: false, weight: 2000 },
    { char: '👺', fitzpatrick_scale: false, weight: 2000 }
  ],
  'mask' => [
    { char: '👹', fitzpatrick_scale: false, weight: 2000 },
    { char: '👺', fitzpatrick_scale: false, weight: 2000 }
  ],
  'halloween' => [
    { char: '👹', fitzpatrick_scale: false, weight: 2000 },
    { char: '👻', fitzpatrick_scale: false, weight: 2000 },
    { char: '🎃', fitzpatrick_scale: false, weight: 2000 },
    { char: '🏮', fitzpatrick_scale: false, weight: 2000 }
  ],
  'scary' => [
    { char: '👹', fitzpatrick_scale: false, weight: 2000 },
    { char: '👺', fitzpatrick_scale: false, weight: 2000 },
    { char: '👻', fitzpatrick_scale: false, weight: 2000 },
    { char: '☠', fitzpatrick_scale: false, weight: 2000 }
  ],
  'creepy' => [
    { char: '👹', fitzpatrick_scale: false, weight: 2000 },
    { char: '👺', fitzpatrick_scale: false, weight: 2000 },
    { char: '💀', fitzpatrick_scale: false, weight: 2000 },
    { char: '🎃', fitzpatrick_scale: false, weight: 2000 }
  ],
  'demon' => [ { char: '👹', fitzpatrick_scale: false, weight: 2000 } ],
  'japanese' => [
    { char: '👹', fitzpatrick_scale: false, weight: 2000 },
    { char: '👺', fitzpatrick_scale: false, weight: 2000 },
    { char: '👘', fitzpatrick_scale: false, weight: 2000 },
    { char: '🍜', fitzpatrick_scale: false, weight: 2000 },
    { char: '🍣', fitzpatrick_scale: false, weight: 2000 },
    { char: '🍱', fitzpatrick_scale: false, weight: 2000 },
    { char: '🍙', fitzpatrick_scale: false, weight: 2000 },
    { char: '🍘', fitzpatrick_scale: false, weight: 2000 },
    { char: '🍢', fitzpatrick_scale: false, weight: 2000 },
    { char: '🍡', fitzpatrick_scale: false, weight: 2000 },
    { char: '🍶', fitzpatrick_scale: false, weight: 2000 },
    { char: '🗼', fitzpatrick_scale: false, weight: 2000 },
    { char: '🗻', fitzpatrick_scale: false, weight: 2000 },
    { char: '🗾', fitzpatrick_scale: false, weight: 2000 },
    { char: '🏯', fitzpatrick_scale: false, weight: 2000 },
    { char: '💴', fitzpatrick_scale: false, weight: 2000 },
    { char: '🎏', fitzpatrick_scale: false, weight: 2000 },
    { char: '🎎', fitzpatrick_scale: false, weight: 2000 },
    { char: '🎌', fitzpatrick_scale: false, weight: 2000 },
    { char: '🈳', fitzpatrick_scale: false, weight: 2000 },
    { char: '🈚', fitzpatrick_scale: false, weight: 2000 },
    { char: '🈸', fitzpatrick_scale: false, weight: 2000 },
    { char: '🈺', fitzpatrick_scale: false, weight: 2000 },
    { char: '🈷️', fitzpatrick_scale: false, weight: 2000 },
    { char: '💮', fitzpatrick_scale: false, weight: 2000 },
    { char: '㊗️', fitzpatrick_scale: false, weight: 2000 },
    { char: '🈴', fitzpatrick_scale: false, weight: 2000 },
    { char: '🈵', fitzpatrick_scale: false, weight: 2000 },
    { char: '🈲', fitzpatrick_scale: false, weight: 2000 },
    { char: '🈂️', fitzpatrick_scale: false, weight: 2000 },
    { char: '🈁', fitzpatrick_scale: false, weight: 2000 },
    { char: '🇯🇵', fitzpatrick_scale: false, weight: 2000 }
  ],
  'ogre' => [ { char: '👹', fitzpatrick_scale: false, weight: 2000 } ],
  'evil' => [
    { char: '👺', fitzpatrick_scale: false, weight: 2000 },
    { char: '🤘', fitzpatrick_scale: true, weight: 2000 },
    { char: '🦹‍♀️', fitzpatrick_scale: true, weight: 2000 },
    { char: '🦹‍♂️', fitzpatrick_scale: true, weight: 2000 },
    { char: '🙈', fitzpatrick_scale: false, weight: 2000 },
    { char: '🙉', fitzpatrick_scale: false, weight: 2000 },
    { char: '🙊', fitzpatrick_scale: false, weight: 2000 },
    { char: '🐍', fitzpatrick_scale: false, weight: 2000 },
    { char: '☠', fitzpatrick_scale: false, weight: 2000 },
    { char: '🖤', fitzpatrick_scale: false, weight: 2000 }
  ],
  'goblin' => [ { char: '👺', fitzpatrick_scale: false, weight: 2000 } ],
  'dead' => [
    { char: '💀', fitzpatrick_scale: false, weight: 2000 },
    { char: '🧟‍♀️', fitzpatrick_scale: false, weight: 2000 },
    { char: '🧟‍♂️', fitzpatrick_scale: false, weight: 2000 },
    { char: '⚰', fitzpatrick_scale: false, weight: 2000 },
    { char: '⚱', fitzpatrick_scale: false, weight: 2000 }
  ],
  'skeleton' => [
    { char: '💀', fitzpatrick_scale: false, weight: 2000 },
    { char: '🦴', fitzpatrick_scale: false, weight: 2000 }
  ],
  'death' => [
    { char: '💀', fitzpatrick_scale: false, weight: 2000 },
    { char: '☠', fitzpatrick_scale: false, weight: 2000 },
    { char: '⚰', fitzpatrick_scale: false, weight: 2000 },
    { char: '⚱', fitzpatrick_scale: false, weight: 2000 }
  ],
  'spooky' => [
    { char: '👻', fitzpatrick_scale: false, weight: 2000 },
    { char: '🏮', fitzpatrick_scale: false, weight: 2000 }
  ],
  'ufo' => [
    { char: '👽', fitzpatrick_scale: false, weight: 2000 },
    { char: '🛸', fitzpatrick_scale: false, weight: 2000 }
  ],
  'paul' => [ { char: '👽', fitzpatrick_scale: false, weight: 2000 } ],
  'outer_space' => [
    { char: '👽', fitzpatrick_scale: false, weight: 2000 },
    { char: '🚀', fitzpatrick_scale: false, weight: 2000 }
  ],
  'outer' => [
    { char: '👽', fitzpatrick_scale: false, weight: 2000 },
    { char: '🚀', fitzpatrick_scale: false, weight: 2000 }
  ],
  'space' => [
    { char: '👽', fitzpatrick_scale: false, weight: 2000 },
    { char: '👩‍🚀', fitzpatrick_scale: true, weight: 2000 },
    { char: '👨‍🚀', fitzpatrick_scale: true, weight: 2000 },
    { char: '🌕', fitzpatrick_scale: false, weight: 2000 },
    { char: '🌖', fitzpatrick_scale: false, weight: 2000 },
    { char: '🌗', fitzpatrick_scale: false, weight: 2000 },
    { char: '🌘', fitzpatrick_scale: false, weight: 2000 },
    { char: '🌑', fitzpatrick_scale: false, weight: 2000 },
    { char: '🌒', fitzpatrick_scale: false, weight: 2000 },
    { char: '🌓', fitzpatrick_scale: false, weight: 2000 },
    { char: '🌔', fitzpatrick_scale: false, weight: 2000 },
    { char: '🌚', fitzpatrick_scale: false, weight: 2000 },
    { char: '🌝', fitzpatrick_scale: false, weight: 2000 },
    { char: '🌛', fitzpatrick_scale: false, weight: 2000 },
    { char: '🌜', fitzpatrick_scale: false, weight: 2000 },
    { char: '☄', fitzpatrick_scale: false, weight: 2000 },
    { char: '👾', fitzpatrick_scale: false, weight: 2000 },
    { char: '🚀', fitzpatrick_scale: false, weight: 2000 },
    { char: '🌌', fitzpatrick_scale: false, weight: 2000 },
    { char: '📡', fitzpatrick_scale: false, weight: 2000 },
    { char: '🔭', fitzpatrick_scale: false, weight: 2000 }
  ],
  'computer' => [
    { char: '🤖', fitzpatrick_scale: false, weight: 2000 },
    { char: '👩‍💻', fitzpatrick_scale: true, weight: 2000 },
    { char: '👨‍💻', fitzpatrick_scale: true, weight: 2000 },
    { char: '⌨', fitzpatrick_scale: false, weight: 2000 },
    { char: '🖥', fitzpatrick_scale: false, weight: 2000 },
    { char: '🖱', fitzpatrick_scale: false, weight: 2000 }
  ],
  'machine' => [
    { char: '🤖', fitzpatrick_scale: false, weight: 2000 },
    { char: '🎰', fitzpatrick_scale: false, weight: 2000 }
  ],
  'bot' => [ { char: '🤖', fitzpatrick_scale: false, weight: 2000 } ],
  'animal' => [
    { char: '😺', fitzpatrick_scale: false, weight: 2000 },
    { char: '😸', fitzpatrick_scale: false, weight: 2000 },
    { char: '😹', fitzpatrick_scale: false, weight: 2000 },
    { char: '😻', fitzpatrick_scale: false, weight: 2000 },
    { char: '😼', fitzpatrick_scale: false, weight: 2000 },
    { char: '😽', fitzpatrick_scale: false, weight: 2000 },
    { char: '🙀', fitzpatrick_scale: false, weight: 2000 },
    { char: '😿', fitzpatrick_scale: false, weight: 2000 },
    { char: '😾', fitzpatrick_scale: false, weight: 2000 },
    { char: '🐶', fitzpatrick_scale: false, weight: 2000 },
    { char: '🐱', fitzpatrick_scale: false, weight: 2000 },
    { char: '🐭', fitzpatrick_scale: false, weight: 2000 },
    { char: '🐹', fitzpatrick_scale: false, weight: 2000 },
    { char: '🐰', fitzpatrick_scale: false, weight: 2000 },
    { char: '🦊', fitzpatrick_scale: false, weight: 2000 },
    { char: '🐻', fitzpatrick_scale: false, weight: 2000 },
    { char: '🐼', fitzpatrick_scale: false, weight: 2000 },
    { char: '🐨', fitzpatrick_scale: false, weight: 2000 },
    { char: '🐯', fitzpatrick_scale: false, weight: 2000 },
    { char: '🦁', fitzpatrick_scale: false, weight: 2000 },
    { char: '🐮', fitzpatrick_scale: false, weight: 2000 },
    { char: '🐷', fitzpatrick_scale: false, weight: 2000 },
    { char: '🐽', fitzpatrick_scale: false, weight: 2000 },
    { char: '🐸', fitzpatrick_scale: false, weight: 2000 },
    { char: '🦑', fitzpatrick_scale: false, weight: 2000 },
    { char: '🐙', fitzpatrick_scale: false, weight: 2000 },
    { char: '🦐', fitzpatrick_scale: false, weight: 2000 },
    { char: '🐵', fitzpatrick_scale: false, weight: 2000 },
    { char: '🦍', fitzpatrick_scale: false, weight: 2000 },
    { char: '🙈', fitzpatrick_scale: false, weight: 2000 },
    { char: '🙉', fitzpatrick_scale: false, weight: 2000 },
    { char: '🙊', fitzpatrick_scale: false, weight: 2000 },
    { char: '🐒', fitzpatrick_scale: false, weight: 2000 },
    { char: '🐔', fitzpatrick_scale: false, weight: 2000 },
    { char: '🐧', fitzpatrick_scale: false, weight: 2000 },
    { char: '🐦', fitzpatrick_scale: false, weight: 2000 },
    { char: '🐤', fitzpatrick_scale: false, weight: 2000 },
    { char: '🐣', fitzpatrick_scale: false, weight: 2000 },
    { char: '🐥', fitzpatrick_scale: false, weight: 2000 },
    { char: '🦆', fitzpatrick_scale: false, weight: 2000 },
    { char: '🦅', fitzpatrick_scale: false, weight: 2000 },
    { char: '🦉', fitzpatrick_scale: false, weight: 2000 },
    { char: '🦇', fitzpatrick_scale: false, weight: 2000 },
    { char: '🐺', fitzpatrick_scale: false, weight: 2000 },
    { char: '🐗', fitzpatrick_scale: false, weight: 2000 },
    { char: '🐴', fitzpatrick_scale: false, weight: 2000 },
    { char: '🦄', fitzpatrick_scale: false, weight: 2000 },
    { char: '🐝', fitzpatrick_scale: false, weight: 2000 },
    { char: '🐛', fitzpatrick_scale: false, weight: 2000 },
    { char: '🦋', fitzpatrick_scale: false, weight: 2000 },
    { char: '🐌', fitzpatrick_scale: false, weight: 2000 },
    { char: '🐞', fitzpatrick_scale: false, weight: 2000 },
    { char: '🐜', fitzpatrick_scale: false, weight: 2000 },
    { char: '🦗', fitzpatrick_scale: false, weight: 2000 },
    { char: '🕷', fitzpatrick_scale: false, weight: 2000 },
    { char: '🦂', fitzpatrick_scale: false, weight: 2000 },
    { char: '🦀', fitzpatrick_scale: false, weight: 2000 },
    { char: '🐍', fitzpatrick_scale: false, weight: 2000 },
    { char: '🦎', fitzpatrick_scale: false, weight: 2000 },
    { char: '🦖', fitzpatrick_scale: false, weight: 2000 },
    { char: '🦕', fitzpatrick_scale: false, weight: 2000 },
    { char: '🐢', fitzpatrick_scale: false, weight: 2000 },
    { char: '🐠', fitzpatrick_scale: false, weight: 2000 },
    { char: '🐟', fitzpatrick_scale: false, weight: 2000 },
    { char: '🐡', fitzpatrick_scale: false, weight: 2000 },
    { char: '🐬', fitzpatrick_scale: false, weight: 2000 },
    { char: '🦈', fitzpatrick_scale: false, weight: 2000 },
    { char: '🐳', fitzpatrick_scale: false, weight: 2000 },
    { char: '🐋', fitzpatrick_scale: false, weight: 2000 },
    { char: '🐊', fitzpatrick_scale: false, weight: 2000 },
    { char: '🐆', fitzpatrick_scale: false, weight: 2000 },
    { char: '🦓', fitzpatrick_scale: false, weight: 2000 },
    { char: '🐅', fitzpatrick_scale: false, weight: 2000 },
    { char: '🐃', fitzpatrick_scale: false, weight: 2000 },
    { char: '🐂', fitzpatrick_scale: false, weight: 2000 },
    { char: '🐄', fitzpatrick_scale: false, weight: 2000 },
    { char: '🦌', fitzpatrick_scale: false, weight: 2000 },
    { char: '🐪', fitzpatrick_scale: false, weight: 2000 },
    { char: '🐫', fitzpatrick_scale: false, weight: 2000 },
    { char: '🦒', fitzpatrick_scale: false, weight: 2000 },
    { char: '🐘', fitzpatrick_scale: false, weight: 2000 },
    { char: '🦏', fitzpatrick_scale: false, weight: 2000 },
    { char: '🐐', fitzpatrick_scale: false, weight: 2000 },
    { char: '🐏', fitzpatrick_scale: false, weight: 2000 },
    { char: '🐑', fitzpatrick_scale: false, weight: 2000 },
    { char: '🐎', fitzpatrick_scale: false, weight: 2000 },
    { char: '🐖', fitzpatrick_scale: false, weight: 2000 },
    { char: '🐀', fitzpatrick_scale: false, weight: 2000 },
    { char: '🐁', fitzpatrick_scale: false, weight: 2000 },
    { char: '🐓', fitzpatrick_scale: false, weight: 2000 },
    { char: '🦃', fitzpatrick_scale: false, weight: 2000 },
    { char: '🕊', fitzpatrick_scale: false, weight: 2000 },
    { char: '🐕', fitzpatrick_scale: false, weight: 2000 },
    { char: '🐩', fitzpatrick_scale: false, weight: 2000 },
    { char: '🐈', fitzpatrick_scale: false, weight: 2000 },
    { char: '🐇', fitzpatrick_scale: false, weight: 2000 },
    { char: '🐿', fitzpatrick_scale: false, weight: 2000 },
    { char: '🦔', fitzpatrick_scale: false, weight: 2000 },
    { char: '🦝', fitzpatrick_scale: false, weight: 2000 },
    { char: '🦙', fitzpatrick_scale: false, weight: 2000 },
    ... 14 more items
  ],
  'cats' => [
    { char: '😺', fitzpatrick_scale: false, weight: 2000 },
    { char: '😸', fitzpatrick_scale: false, weight: 2000 },
    { char: '😹', fitzpatrick_scale: false, weight: 2000 },
    { char: '😻', fitzpatrick_scale: false, weight: 2000 },
    { char: '😼', fitzpatrick_scale: false, weight: 2000 },
    { char: '😽', fitzpatrick_scale: false, weight: 2000 },
    { char: '🙀', fitzpatrick_scale: false, weight: 2000 },
    { char: '😿', fitzpatrick_scale: false, weight: 2000 },
    { char: '😾', fitzpatrick_scale: false, weight: 2000 },
    { char: '🐈', fitzpatrick_scale: false, weight: 2000 }
  ],
  'smiley' => [ { char: '😺', fitzpatrick_scale: false, weight: 2000 } ],
  'cat' => [
    { char: '😺', fitzpatrick_scale: false, weight: 2000 },
    { char: '😸', fitzpatrick_scale: false, weight: 2000 },
    { char: '😹', fitzpatrick_scale: false, weight: 2000 },
    { char: '😻', fitzpatrick_scale: false, weight: 2000 },
    { char: '😼', fitzpatrick_scale: false, weight: 2000 },
    { char: '😽', fitzpatrick_scale: false, weight: 2000 },
    { char: '🙀', fitzpatrick_scale: false, weight: 2000 },
    { char: '😿', fitzpatrick_scale: false, weight: 2000 },
    { char: '😾', fitzpatrick_scale: false, weight: 2000 },
    { char: '🐯', fitzpatrick_scale: false, weight: 2000 },
    { char: '🐾', fitzpatrick_scale: false, weight: 2000 }
  ],
  'smirk' => [ { char: '😼', fitzpatrick_scale: false, weight: 2000 } ],
  'scream' => [ { char: '🙀', fitzpatrick_scale: false, weight: 2000 } ],
  'crying' => [ { char: '😿', fitzpatrick_scale: false, weight: 2000 } ],
  'pouting' => [
    { char: '😾', fitzpatrick_scale: false, weight: 2000 },
    { char: '🙎', fitzpatrick_scale: true, weight: 2000 },
    { char: '🙎‍♂️', fitzpatrick_scale: true, weight: 2000 }
  ],
  'hands' => [
    { char: '🤲', fitzpatrick_scale: true, weight: 2000 },
    { char: '🙌', fitzpatrick_scale: true, weight: 2000 },
    { char: '👏', fitzpatrick_scale: true, weight: 2000 },
    { char: '👋', fitzpatrick_scale: true, weight: 2000 },
    { char: '🤙', fitzpatrick_scale: true, weight: 2000 },
    { char: '👐', fitzpatrick_scale: true, weight: 2000 },
    { char: '👬', fitzpatrick_scale: false, weight: 2000 },
    { char: '👭', fitzpatrick_scale: false, weight: 2000 },
    { char: '🧤', fitzpatrick_scale: false, weight: 2000 }
  ],
  'gesture' => [
    { char: '🤲', fitzpatrick_scale: true, weight: 2000 },
    { char: '🙌', fitzpatrick_scale: true, weight: 2000 },
    { char: '👋', fitzpatrick_scale: true, weight: 2000 },
    { char: '🤙', fitzpatrick_scale: true, weight: 2000 },
    { char: '🤟', fitzpatrick_scale: true, weight: 2000 }
  ],
  'cupped' => [ { char: '🤲', fitzpatrick_scale: true, weight: 2000 } ],
  'prayer' => [
    { char: '🤲', fitzpatrick_scale: true, weight: 2000 },
    { char: '📿', fitzpatrick_scale: false, weight: 2000 },
    { char: '🛐', fitzpatrick_scale: false, weight: 2000 }
  ],
  'palms' => [ { char: '🤲', fitzpatrick_scale: true, weight: 2000 } ],
  'hooray' => [ { char: '🙌', fitzpatrick_scale: true, weight: 2000 } ],
  'yea' => [ { char: '🙌', fitzpatrick_scale: true, weight: 2000 } ],
  'praise' => [ { char: '👏', fitzpatrick_scale: true, weight: 2000 } ],
  'applause' => [ { char: '👏', fitzpatrick_scale: true, weight: 2000 } ],
  'congrats' => [ { char: '👏', fitzpatrick_scale: true, weight: 2000 } ],
  'yay' => [ { char: '👏', fitzpatrick_scale: true, weight: 2000 } ],
  'goodbye' => [ { char: '👋', fitzpatrick_scale: true, weight: 2000 } ],
  'solong' => [ { char: '👋', fitzpatrick_scale: true, weight: 2000 } ],
  'farewell' => [ { char: '👋', fitzpatrick_scale: true, weight: 2000 } ],
  'hello' => [ { char: '👋', fitzpatrick_scale: true, weight: 2000 } ],
  'hi' => [ { char: '👋', fitzpatrick_scale: true, weight: 2000 } ],
  'palm' => [
    { char: '👋', fitzpatrick_scale: true, weight: 2000 },
    { char: '✋', fitzpatrick_scale: true, weight: 2000 },
    { char: '🖐', fitzpatrick_scale: true, weight: 2000 },
    { char: '🌴', fitzpatrick_scale: false, weight: 2000 },
    { char: '🥥', fitzpatrick_scale: false, weight: 2000 }
  ],
  'call' => [ { char: '🤙', fitzpatrick_scale: true, weight: 2000 } ],
  'me' => [
    { char: '🤙', fitzpatrick_scale: true, weight: 2000 },
    { char: '🇲🇪', fitzpatrick_scale: false, weight: 2000 }
  ],
  'thumbsup' => [ { char: '👍', fitzpatrick_scale: true, weight: 2000 } ],
  'yes' => [
    { char: '👍', fitzpatrick_scale: true, weight: 2000 },
    { char: '🉑', fitzpatrick_scale: false, weight: 2000 },
    { char: '🆗', fitzpatrick_scale: false, weight: 2000 },
    { char: '✔️', fitzpatrick_scale: false, weight: 2000 },
    { char: '☑️', fitzpatrick_scale: false, weight: 2000 }
  ],
  'awesome' => [
    { char: '👍', fitzpatrick_scale: true, weight: 2000 },
    { char: '🌟', fitzpatrick_scale: false, weight: 2000 },
    { char: '✨', fitzpatrick_scale: false, weight: 2000 },
    { char: '❇️', fitzpatrick_scale: false, weight: 2000 }
  ],
  'good' => [
    { char: '👍', fitzpatrick_scale: true, weight: 2000 },
    { char: '🤞', fitzpatrick_scale: true, weight: 2000 },
    { char: '🦸‍♀️', fitzpatrick_scale: true, weight: 2000 },
    { char: '🦸‍♂️', fitzpatrick_scale: true, weight: 2000 },
    { char: '🙅', fitzpatrick_scale: true, weight: 2000 },
    { char: '🙅‍♂️', fitzpatrick_scale: true, weight: 2000 },
    { char: '🌟', fitzpatrick_scale: false, weight: 2000 },
    { char: '✨', fitzpatrick_scale: false, weight: 2000 },
    { char: '🍖', fitzpatrick_scale: false, weight: 2000 },
    { char: '🌇', fitzpatrick_scale: false, weight: 2000 },
    { char: '📈', fitzpatrick_scale: false, weight: 2000 },
    { char: '🉑', fitzpatrick_scale: false, weight: 2000 },
    { char: '❇️', fitzpatrick_scale: false, weight: 2000 },
    { char: '🆗', fitzpatrick_scale: false, weight: 2000 }
  ],
  'agree' => [
    { char: '👍', fitzpatrick_scale: true, weight: 2000 },
    { char: '🉑', fitzpatrick_scale: false, weight: 2000 },
    { char: '✅', fitzpatrick_scale: false, weight: 2000 },
    { char: '🆗', fitzpatrick_scale: false, weight: 2000 },
    { char: '☑️', fitzpatrick_scale: false, weight: 2000 }
  ],
  'accept' => [ { char: '👍', fitzpatrick_scale: true, weight: 2000 } ],
  'thumbsdown' => [ { char: '👎', fitzpatrick_scale: true, weight: 2000 } ],
  'dislike' => [ { char: '👎', fitzpatrick_scale: true, weight: 2000 } ],
  '1' => [
    { char: '👎', fitzpatrick_scale: true, weight: 2000 },
    { char: '1️⃣', fitzpatrick_scale: false, weight: 2000 }
  ],
  'violence' => [
    { char: '👊', fitzpatrick_scale: true, weight: 2000 },
    { char: '🔫', fitzpatrick_scale: false, weight: 2000 }
  ],
  'fist' => [
    { char: '👊', fitzpatrick_scale: true, weight: 2000 },
    { char: '🤛', fitzpatrick_scale: true, weight: 2000 },
    { char: '🤜', fitzpatrick_scale: true, weight: 2000 }
  ],
  'hit' => [ { char: '👊', fitzpatrick_scale: true, weight: 2000 } ],
  'attack' => [ { char: '👊', fitzpatrick_scale: true, weight: 2000 } ],
  'fingers' => [
    { char: '✊', fitzpatrick_scale: true, weight: 2000 },
    { char: '✌', fitzpatrick_scale: true, weight: 2000 },
    { char: '👌', fitzpatrick_scale: true, weight: 2000 },
    { char: '✋', fitzpatrick_scale: true, weight: 2000 },
    { char: '🤚', fitzpatrick_scale: true, weight: 2000 },
    { char: '👐', fitzpatrick_scale: true, weight: 2000 },
    { char: '☝', fitzpatrick_scale: true, weight: 2000 },
    { char: '👆', fitzpatrick_scale: true, weight: 2000 },
    { char: '👇', fitzpatrick_scale: true, weight: 2000 },
    { char: '👈', fitzpatrick_scale: true, weight: 2000 },
    { char: '👉', fitzpatrick_scale: true, weight: 2000 },
    { char: '🖕', fitzpatrick_scale: true, weight: 2000 },
    { char: '🖐', fitzpatrick_scale: true, weight: 2000 },
    { char: '🤟', fitzpatrick_scale: true, weight: 2000 },
    { char: '🤘', fitzpatrick_scale: true, weight: 2000 },
    { char: '🤞', fitzpatrick_scale: true, weight: 2000 },
    { char: '🖖', fitzpatrick_scale: true, weight: 2000 }
  ],
  'grasp' => [ { char: '✊', fitzpatrick_scale: true, weight: 2000 } ],
  'fistbump' => [
    { char: '🤛', fitzpatrick_scale: true, weight: 2000 },
    { char: '🤜', fitzpatrick_scale: true, weight: 2000 }
  ],
  'left' => [
    { char: '🤛', fitzpatrick_scale: true, weight: 2000 },
    { char: '👈', fitzpatrick_scale: true, weight: 2000 },
    { char: '✍', fitzpatrick_scale: true, weight: 2000 },
    { char: '🛅', fitzpatrick_scale: false, weight: 2000 },
    { char: '◀️', fitzpatrick_scale: false, weight: 2000 },
    { char: '⬅️', fitzpatrick_scale: false, weight: 2000 },
    { char: '↙️', fitzpatrick_scale: false, weight: 2000 },
    { char: '↖️', fitzpatrick_scale: false, weight: 2000 },
    { char: '↔️', fitzpatrick_scale: false, weight: 2000 },
    { char: '🗨', fitzpatrick_scale: false, weight: 2000 }
  ],
  'right' => [
    { char: '🤜', fitzpatrick_scale: true, weight: 2000 },
    { char: '👉', fitzpatrick_scale: true, weight: 2000 },
    { char: '🔎', fitzpatrick_scale: false, weight: 2000 },
    { char: '▶️', fitzpatrick_scale: false, weight: 2000 },
    { char: '➡️', fitzpatrick_scale: false, weight: 2000 },
    { char: '↗️', fitzpatrick_scale: false, weight: 2000 },
    { char: '↘️', fitzpatrick_scale: false, weight: 2000 },
    { char: '↔️', fitzpatrick_scale: false, weight: 2000 },
    { char: '↪️', fitzpatrick_scale: false, weight: 2000 },
    { char: '🗯', fitzpatrick_scale: false, weight: 2000 }
  ],
  'ohyeah' => [ { char: '✌', fitzpatrick_scale: true, weight: 2000 } ],
  'peace' => [
    { char: '✌', fitzpatrick_scale: true, weight: 2000 },
    { char: '☮', fitzpatrick_scale: false, weight: 2000 }
  ],
  'victory' => [ { char: '✌', fitzpatrick_scale: true, weight: 2000 } ],
  'two' => [
    { char: '✌', fitzpatrick_scale: true, weight: 2000 },
    { char: '👬', fitzpatrick_scale: false, weight: 2000 },
    { char: '👭', fitzpatrick_scale: false, weight: 2000 },
    { char: '💕', fitzpatrick_scale: false, weight: 2000 }
  ],
  'limbs' => [ { char: '👌', fitzpatrick_scale: true, weight: 2000 } ],
  'ok' => [
    { char: '👌', fitzpatrick_scale: true, weight: 2000 },
    { char: '🙆', fitzpatrick_scale: true, weight: 2000 },
    { char: '🙆‍♂️', fitzpatrick_scale: true, weight: 2000 },
    { char: '🉑', fitzpatrick_scale: false, weight: 2000 },
    { char: '✅', fitzpatrick_scale: false, weight: 2000 },
    { char: '✔️', fitzpatrick_scale: false, weight: 2000 },
    { char: '☑️', fitzpatrick_scale: false, weight: 2000 }
  ],
  'okay' => [ { char: '👌', fitzpatrick_scale: true, weight: 2000 } ],
  'stop' => [
    { char: '✋', fitzpatrick_scale: true, weight: 2000 },
    { char: '⛔', fitzpatrick_scale: false, weight: 2000 },
    { char: '🚫', fitzpatrick_scale: false, weight: 2000 },
    { char: '🛑', fitzpatrick_scale: false, weight: 2000 },
    { char: '⏹', fitzpatrick_scale: false, weight: 2000 }
  ],
  'highfive' => [
    { char: '✋', fitzpatrick_scale: true, weight: 2000 },
    { char: '🙏', fitzpatrick_scale: true, weight: 2000 }
  ],
  'ban' => [ { char: '✋', fitzpatrick_scale: true, weight: 2000 } ],
  'backhand' => [ { char: '🤚', fitzpatrick_scale: true, weight: 2000 } ],
  'back' => [
    { char: '🤚', fitzpatrick_scale: true, weight: 2000 },
    { char: '⬅️', fitzpatrick_scale: false, weight: 2000 },
    { char: '↩️', fitzpatrick_scale: false, weight: 2000 }
  ],
  'of' => [
    { char: '🤚', fitzpatrick_scale: true, weight: 2000 },
    { char: '🤘', fitzpatrick_scale: true, weight: 2000 },
    { char: '🌾', fitzpatrick_scale: false, weight: 2000 },
    { char: '🥘', fitzpatrick_scale: false, weight: 2000 },
    { char: '🗽', fitzpatrick_scale: false, weight: 2000 },
    { char: '☸', fitzpatrick_scale: false, weight: 2000 },
    { char: '✡', fitzpatrick_scale: false, weight: 2000 },
    { char: '🛐', fitzpatrick_scale: false, weight: 2000 },
    { char: '🇮🇲', fitzpatrick_scale: false, weight: 2000 }
  ],
  'butterfly' => [ { char: '👐', fitzpatrick_scale: true, weight: 2000 } ],
  'arm' => [ { char: '💪', fitzpatrick_scale: true, weight: 2000 } ],
  'flex' => [ { char: '💪', fitzpatrick_scale: true, weight: 2000 } ],
  'strong' => [ { char: '💪', fitzpatrick_scale: true, weight: 2000 } ],
  'biceps' => [ { char: '💪', fitzpatrick_scale: true, weight: 2000 } ],
  'please' => [ { char: '🙏', fitzpatrick_scale: true, weight: 2000 } ],
  'hope' => [ { char: '🙏', fitzpatrick_scale: true, weight: 2000 } ],
  'wish' => [ { char: '🙏', fitzpatrick_scale: true, weight: 2000 } ],
  'namaste' => [ { char: '🙏', fitzpatrick_scale: true, weight: 2000 } ],
  'kick' => [
    { char: '🦶', fitzpatrick_scale: true, weight: 2000 },
    { char: '🦵', fitzpatrick_scale: true, weight: 2000 },
    { char: '🛴', fitzpatrick_scale: false, weight: 2000 }
  ],
  'stomp' => [ { char: '🦶', fitzpatrick_scale: true, weight: 2000 } ],
  'limb' => [ { char: '🦵', fitzpatrick_scale: true, weight: 2000 } ],
  'agreement' => [ { char: '🤝', fitzpatrick_scale: false, weight: 2000 } ],
  'shake' => [ { char: '🤝', fitzpatrick_scale: false, weight: 2000 } ],
  'direction' => [
    { char: '☝', fitzpatrick_scale: true, weight: 2000 },
    { char: '👆', fitzpatrick_scale: true, weight: 2000 },
    { char: '👇', fitzpatrick_scale: true, weight: 2000 },
    { char: '👈', fitzpatrick_scale: true, weight: 2000 },
    { char: '👉', fitzpatrick_scale: true, weight: 2000 },
    { char: '🗺', fitzpatrick_scale: false, weight: 2000 },
    { char: '▶️', fitzpatrick_scale: false, weight: 2000 },
    { char: '◀️', fitzpatrick_scale: false, weight: 2000 },
    { char: '🔼', fitzpatrick_scale: false, weight: 2000 },
    { char: '🔽', fitzpatrick_scale: false, weight: 2000 },
    { char: '⏫', fitzpatrick_scale: false, weight: 2000 },
    { char: '⏬', fitzpatrick_scale: false, weight: 2000 },
    { char: '⬆️', fitzpatrick_scale: false, weight: 2000 },
    { char: '⬇️', fitzpatrick_scale: false, weight: 2000 },
    { char: '↗️', fitzpatrick_scale: false, weight: 2000 },
    { char: '↘️', fitzpatrick_scale: false, weight: 2000 },
    { char: '↙️', fitzpatrick_scale: false, weight: 2000 },
    { char: '↖️', fitzpatrick_scale: false, weight: 2000 },
    { char: '↕️', fitzpatrick_scale: false, weight: 2000 },
    { char: '↔️', fitzpatrick_scale: false, weight: 2000 },
    { char: '↪️', fitzpatrick_scale: false, weight: 2000 },
    { char: '⤴️', fitzpatrick_scale: false, weight: 2000 },
    { char: '⤵️', fitzpatrick_scale: false, weight: 2000 },
    { char: '🔺', fitzpatrick_scale: false, weight: 2000 },
    { char: '🔻', fitzpatrick_scale: false, weight: 2000 }
  ],
  'point' => [
    { char: '☝', fitzpatrick_scale: true, weight: 2000 },
    { char: '👆', fitzpatrick_scale: true, weight: 2000 },
    { char: '👇', fitzpatrick_scale: true, weight: 2000 },
    { char: '👈', fitzpatrick_scale: true, weight: 2000 },
    { char: '👉', fitzpatrick_scale: true, weight: 2000 },
    { char: '🈯', fitzpatrick_scale: false, weight: 2000 },
    { char: '🔼', fitzpatrick_scale: false, weight: 2000 },
    { char: '↗️', fitzpatrick_scale: false, weight: 2000 },
    { char: '↖️', fitzpatrick_scale: false, weight: 2000 }
  ],
  '2' => [
    { char: '👆', fitzpatrick_scale: true, weight: 2000 },
    { char: '2️⃣', fitzpatrick_scale: false, weight: 2000 }
  ],
  'rude' => [ { char: '🖕', fitzpatrick_scale: true, weight: 2000 } ],
  'middle' => [ { char: '🖕', fitzpatrick_scale: true, weight: 2000 } ],
  'flipping' => [ { char: '🖕', fitzpatrick_scale: true, weight: 2000 } ],
  'splayed' => [ { char: '🖐', fitzpatrick_scale: true, weight: 2000 } ],
  'you' => [ { char: '🤟', fitzpatrick_scale: true, weight: 2000 } ],
  'evil_eye' => [ { char: '🤘', fitzpatrick_scale: true, weight: 2000 } ],
  'sign_of_horns' => [ { char: '🤘', fitzpatrick_scale: true, weight: 2000 } ],
  'rock_on' => [ { char: '🤘', fitzpatrick_scale: true, weight: 2000 } ],
  'sign' => [
    { char: '🤘', fitzpatrick_scale: true, weight: 2000 },
    { char: '⛎', fitzpatrick_scale: false, weight: 2000 },
    { char: '♈', fitzpatrick_scale: false, weight: 2000 },
    { char: '♉', fitzpatrick_scale: false, weight: 2000 },
    { char: '♊', fitzpatrick_scale: false, weight: 2000 },
    { char: '♋', fitzpatrick_scale: false, weight: 2000 },
    { char: '♌', fitzpatrick_scale: false, weight: 2000 },
    { char: '♍', fitzpatrick_scale: false, weight: 2000 },
    { char: '♎', fitzpatrick_scale: false, weight: 2000 },
    { char: '♏', fitzpatrick_scale: false, weight: 2000 },
    { char: '♐', fitzpatrick_scale: false, weight: 2000 },
    { char: '♑', fitzpatrick_scale: false, weight: 2000 },
    { char: '♒', fitzpatrick_scale: false, weight: 2000 },
    { char: '♓', fitzpatrick_scale: false, weight: 2000 },
    { char: '🚫', fitzpatrick_scale: false, weight: 2000 },
    { char: '🛑', fitzpatrick_scale: false, weight: 2000 },
    { char: '🚸', fitzpatrick_scale: false, weight: 2000 },
    { char: '🚮', fitzpatrick_scale: false, weight: 2000 },
    { char: '➕', fitzpatrick_scale: false, weight: 2000 },
    { char: '➖', fitzpatrick_scale: false, weight: 2000 },
    { char: '➗', fitzpatrick_scale: false, weight: 2000 },
    { char: '💲', fitzpatrick_scale: false, weight: 2000 }
  ],
  'rock' => [
    { char: '🤘', fitzpatrick_scale: true, weight: 2000 },
    { char: '🧗‍♀️', fitzpatrick_scale: true, weight: 2000 },
    { char: '🧗‍♂️', fitzpatrick_scale: true, weight: 2000 },
    { char: '🗿', fitzpatrick_scale: false, weight: 2000 }
  ],
  'on' => [
    { char: '🤘', fitzpatrick_scale: true, weight: 2000 },
    { char: '🥿', fitzpatrick_scale: false, weight: 2000 },
    { char: '🍖', fitzpatrick_scale: false, weight: 2000 },
    { char: '⛱', fitzpatrick_scale: false, weight: 2000 },
    { char: '🚩', fitzpatrick_scale: false, weight: 2000 }
  ],
  'lucky' => [
    { char: '🤞', fitzpatrick_scale: true, weight: 2000 },
    { char: '🍀', fitzpatrick_scale: false, weight: 2000 }
  ],
  'crossed' => [
    { char: '🤞', fitzpatrick_scale: true, weight: 2000 },
    { char: '⚔', fitzpatrick_scale: false, weight: 2000 },
    { char: '🎌', fitzpatrick_scale: false, weight: 2000 }
  ],
  'spock' => [ { char: '🖖', fitzpatrick_scale: true, weight: 2000 } ],
  'star trek' => [ { char: '🖖', fitzpatrick_scale: true, weight: 2000 } ],
  'trek' => [ { char: '🖖', fitzpatrick_scale: true, weight: 2000 } ],
  'vulcan' => [ { char: '🖖', fitzpatrick_scale: true, weight: 2000 } ],
  'salute' => [ { char: '🖖', fitzpatrick_scale: true, weight: 2000 } ],
  'lower_left_ballpoint_pen' => [ { char: '✍', fitzpatrick_scale: true, weight: 2000 } ],
  'stationery' => [
    { char: '✍', fitzpatrick_scale: true, weight: 2000 },
    { char: '📇', fitzpatrick_scale: false, weight: 2000 },
    { char: '🗃', fitzpatrick_scale: false, weight: 2000 },
    { char: '📋', fitzpatrick_scale: false, weight: 2000 },
    { char: '🗒', fitzpatrick_scale: false, weight: 2000 },
    { char: '🗂', fitzpatrick_scale: false, weight: 2000 },
    { char: '📓', fitzpatrick_scale: false, weight: 2000 },
    { char: '📎', fitzpatrick_scale: false, weight: 2000 },
    { char: '🖇', fitzpatrick_scale: false, weight: 2000 },
    { char: '✂️', fitzpatrick_scale: false, weight: 2000 },
    { char: '📐', fitzpatrick_scale: false, weight: 2000 },
    { char: '📏', fitzpatrick_scale: false, weight: 2000 },
    { char: '📌', fitzpatrick_scale: false, weight: 2000 },
    { char: '📍', fitzpatrick_scale: false, weight: 2000 },
    { char: '🖊', fitzpatrick_scale: false, weight: 2000 },
    { char: '🖋', fitzpatrick_scale: false, weight: 2000 },
    { char: '✒️', fitzpatrick_scale: false, weight: 2000 },
    { char: '📝', fitzpatrick_scale: false, weight: 2000 },
    { char: '✏️', fitzpatrick_scale: false, weight: 2000 }
  ],
  'write' => [
    { char: '✍', fitzpatrick_scale: true, weight: 2000 },
    { char: '🖊', fitzpatrick_scale: false, weight: 2000 },
    { char: '🖋', fitzpatrick_scale: false, weight: 2000 },
    { char: '✒️', fitzpatrick_scale: false, weight: 2000 },
    { char: '📝', fitzpatrick_scale: false, weight: 2000 },
    { char: '✏️', fitzpatrick_scale: false, weight: 2000 }
  ],
  'compose' => [
    { char: '✍', fitzpatrick_scale: true, weight: 2000 },
    { char: '🎼', fitzpatrick_scale: false, weight: 2000 },
    { char: '🎹', fitzpatrick_scale: false, weight: 2000 },
    { char: '📝', fitzpatrick_scale: false, weight: 2000 }
  ],
  'lower' => [
    { char: '✍', fitzpatrick_scale: true, weight: 2000 },
    { char: '↘️', fitzpatrick_scale: false, weight: 2000 },
    { char: '↙️', fitzpatrick_scale: false, weight: 2000 }
  ],
  'ballpoint' => [ { char: '✍', fitzpatrick_scale: true, weight: 2000 } ],
  'pen' => [
    { char: '✍', fitzpatrick_scale: true, weight: 2000 },
    { char: '🔏', fitzpatrick_scale: false, weight: 2000 },
    { char: '🖋', fitzpatrick_scale: false, weight: 2000 },
    { char: '✒️', fitzpatrick_scale: false, weight: 2000 }
  ],
  'writing' => [
    { char: '✍', fitzpatrick_scale: true, weight: 2000 },
    { char: '🖊', fitzpatrick_scale: false, weight: 2000 },
    { char: '🖋', fitzpatrick_scale: false, weight: 2000 },
    { char: '✒️', fitzpatrick_scale: false, weight: 2000 },
    { char: '📝', fitzpatrick_scale: false, weight: 2000 },
    { char: '✏️', fitzpatrick_scale: false, weight: 2000 }
  ],
  'camera' => [
    { char: '🤳', fitzpatrick_scale: true, weight: 2000 },
    { char: '📸', fitzpatrick_scale: false, weight: 2000 },
    { char: '📹', fitzpatrick_scale: false, weight: 2000 },
    { char: '🎥', fitzpatrick_scale: false, weight: 2000 }
  ],
  'phone' => [
    { char: '🤳', fitzpatrick_scale: true, weight: 2000 },
    { char: '📴', fitzpatrick_scale: false, weight: 2000 },
    { char: '📳', fitzpatrick_scale: false, weight: 2000 },
    { char: '📶', fitzpatrick_scale: false, weight: 2000 }
  ],
  'beauty' => [ { char: '💅', fitzpatrick_scale: true, weight: 2000 } ],
  'manicure' => [ { char: '💅', fitzpatrick_scale: true, weight: 2000 } ],
  'finger' => [ { char: '💅', fitzpatrick_scale: true, weight: 2000 } ],
  'fashion' => [
    { char: '💅', fitzpatrick_scale: true, weight: 2000 },
    { char: '👚', fitzpatrick_scale: false, weight: 2000 },
    { char: '👕', fitzpatrick_scale: false, weight: 2000 },
    { char: '👖', fitzpatrick_scale: false, weight: 2000 },
    { char: '👔', fitzpatrick_scale: false, weight: 2000 },
    { char: '👗', fitzpatrick_scale: false, weight: 2000 },
    { char: '👙', fitzpatrick_scale: false, weight: 2000 },
    { char: '👘', fitzpatrick_scale: false, weight: 2000 },
    { char: '💄', fitzpatrick_scale: false, weight: 2000 },
    { char: '👠', fitzpatrick_scale: false, weight: 2000 },
    { char: '👡', fitzpatrick_scale: false, weight: 2000 },
    { char: '👢', fitzpatrick_scale: false, weight: 2000 },
    { char: '👞', fitzpatrick_scale: false, weight: 2000 },
    { char: '👒', fitzpatrick_scale: false, weight: 2000 },
    { char: '👛', fitzpatrick_scale: false, weight: 2000 },
    { char: '👜', fitzpatrick_scale: false, weight: 2000 },
    { char: '👓', fitzpatrick_scale: false, weight: 2000 },
    { char: '💍', fitzpatrick_scale: false, weight: 2000 }
  ],
  'nail' => [ { char: '💅', fitzpatrick_scale: true, weight: 2000 } ],
  'care' => [ { char: '💅', fitzpatrick_scale: true, weight: 2000 } ],
  'dentist' => [ { char: '🦷', fitzpatrick_scale: false, weight: 2000 } ],
  'hear' => [
    { char: '👂', fitzpatrick_scale: true, weight: 2000 },
    { char: '🙉', fitzpatrick_scale: false, weight: 2000 }
  ],
  'sound' => [
    { char: '👂', fitzpatrick_scale: true, weight: 2000 },
    { char: '🎤', fitzpatrick_scale: false, weight: 2000 },
    { char: '🎵', fitzpatrick_scale: false, weight: 2000 },
    { char: '🔈', fitzpatrick_scale: false, weight: 2000 },
    { char: '🔊', fitzpatrick_scale: false, weight: 2000 },
    { char: '🔇', fitzpatrick_scale: false, weight: 2000 },
    { char: '📣', fitzpatrick_scale: false, weight: 2000 },
    { char: '📢', fitzpatrick_scale: false, weight: 2000 },
    { char: '🔔', fitzpatrick_scale: false, weight: 2000 },
    { char: '🔕', fitzpatrick_scale: false, weight: 2000 }
  ],
  'listen' => [ { char: '👂', fitzpatrick_scale: true, weight: 2000 } ],
  'smell' => [
    { char: '👃', fitzpatrick_scale: true, weight: 2000 },
    { char: '🚭', fitzpatrick_scale: false, weight: 2000 }
  ],
  'sniff' => [ { char: '👃', fitzpatrick_scale: true, weight: 2000 } ],
  'look' => [
    { char: '👁', fitzpatrick_scale: false, weight: 2000 },
    { char: '👀', fitzpatrick_scale: false, weight: 2000 }
  ],
  'see' => [
    { char: '👁', fitzpatrick_scale: false, weight: 2000 },
    { char: '👀', fitzpatrick_scale: false, weight: 2000 },
    { char: '🙈', fitzpatrick_scale: false, weight: 2000 }
  ],
  'watch' => [
    { char: '👁', fitzpatrick_scale: false, weight: 2000 },
    { char: '👀', fitzpatrick_scale: false, weight: 2000 }
  ],
  'stare' => [ { char: '👁', fitzpatrick_scale: false, weight: 2000 } ],
  'stalk' => [ { char: '👀', fitzpatrick_scale: false, weight: 2000 } ],
  'peek' => [ { char: '👀', fitzpatrick_scale: false, weight: 2000 } ],
  'smart' => [ { char: '🧠', fitzpatrick_scale: false, weight: 2000 } ],
  'intelligent' => [ { char: '🧠', fitzpatrick_scale: false, weight: 2000 } ],
  'user' => [
    { char: '👤', fitzpatrick_scale: false, weight: 2000 },
    { char: '👥', fitzpatrick_scale: false, weight: 2000 },
    { char: '🗣', fitzpatrick_scale: false, weight: 2000 }
  ],
  'person' => [
    { char: '👤', fitzpatrick_scale: false, weight: 2000 },
    { char: '👥', fitzpatrick_scale: false, weight: 2000 },
    { char: '🗣', fitzpatrick_scale: false, weight: 2000 },
    { char: '🧑', fitzpatrick_scale: true, weight: 2000 },
    { char: '👱‍♀️', fitzpatrick_scale: true, weight: 2000 },
    { char: '👱', fitzpatrick_scale: true, weight: 2000 },
    { char: '🧔', fitzpatrick_scale: true, weight: 2000 },
    { char: '🤺', fitzpatrick_scale: false, weight: 2000 }
  ],
  'human' => [
    { char: '👤', fitzpatrick_scale: false, weight: 2000 },
    { char: '👥', fitzpatrick_scale: false, weight: 2000 },
    { char: '🗣', fitzpatrick_scale: false, weight: 2000 },
    { char: '🧓', fitzpatrick_scale: true, weight: 2000 },
    { char: '👴', fitzpatrick_scale: true, weight: 2000 },
    { char: '👵', fitzpatrick_scale: true, weight: 2000 },
    { char: '👷‍♀️', fitzpatrick_scale: true, weight: 2000 },
    { char: '👷', fitzpatrick_scale: true, weight: 2000 },
    { char: '🕵️‍♀️', fitzpatrick_scale: true, weight: 2000 },
    { char: '🕵', fitzpatrick_scale: true, weight: 2000 },
    { char: '👩‍⚕️', fitzpatrick_scale: true, weight: 2000 },
    { char: '👨‍⚕️', fitzpatrick_scale: true, weight: 2000 },
    { char: '👩‍🌾', fitzpatrick_scale: true, weight: 2000 },
    { char: '👨‍🌾', fitzpatrick_scale: true, weight: 2000 },
    { char: '👩‍🍳', fitzpatrick_scale: true, weight: 2000 },
    { char: '👨‍🍳', fitzpatrick_scale: true, weight: 2000 },
    { char: '👩‍🎓', fitzpatrick_scale: true, weight: 2000 },
    { char: '👨‍🎓', fitzpatrick_scale: true, weight: 2000 },
    { char: '👩‍🎤', fitzpatrick_scale: true, weight: 2000 },
    { char: '👨‍🎤', fitzpatrick_scale: true, weight: 2000 },
    { char: '👩‍🏫', fitzpatrick_scale: true, weight: 2000 },
    { char: '👨‍🏫', fitzpatrick_scale: true, weight: 2000 },
    { char: '👩‍🏭', fitzpatrick_scale: true, weight: 2000 },
    { char: '👨‍🏭', fitzpatrick_scale: true, weight: 2000 },
    { char: '👩‍💻', fitzpatrick_scale: true, weight: 2000 },
    { char: '👨‍💻', fitzpatrick_scale: true, weight: 2000 },
    { char: '👩‍💼', fitzpatrick_scale: true, weight: 2000 },
    { char: '👨‍💼', fitzpatrick_scale: true, weight: 2000 },
    { char: '👩‍🔧', fitzpatrick_scale: true, weight: 2000 },
    { char: '👨‍🔧', fitzpatrick_scale: true, weight: 2000 },
    { char: '👩‍🔬', fitzpatrick_scale: true, weight: 2000 },
    { char: '👨‍🔬', fitzpatrick_scale: true, weight: 2000 },
    { char: '👩‍🎨', fitzpatrick_scale: true, weight: 2000 },
    { char: '👨‍🎨', fitzpatrick_scale: true, weight: 2000 },
    { char: '👩‍🚒', fitzpatrick_scale: true, weight: 2000 },
    { char: '👨‍🚒', fitzpatrick_scale: true, weight: 2000 },
    { char: '👩‍✈️', fitzpatrick_scale: true, weight: 2000 },
    { char: '👨‍✈️', fitzpatrick_scale: true, weight: 2000 },
    { char: '👩‍🚀', fitzpatrick_scale: true, weight: 2000 },
    { char: '👨‍🚀', fitzpatrick_scale: true, weight: 2000 },
    { char: '👩‍⚖️', fitzpatrick_scale: true, weight: 2000 },
    { char: '👨‍⚖️', fitzpatrick_scale: true, weight: 2000 },
    { char: '🚶‍♀️', fitzpatrick_scale: true, weight: 2000 },
    { char: '🚶', fitzpatrick_scale: true, weight: 2000 },
    { char: '👫', fitzpatrick_scale: false, weight: 2000 },
    { char: '👬', fitzpatrick_scale: false, weight: 2000 },
    { char: '👭', fitzpatrick_scale: false, weight: 2000 },
    { char: '💁', fitzpatrick_scale: true, weight: 2000 },
    { char: '💁‍♂️', fitzpatrick_scale: true, weight: 2000 },
    { char: '🙆', fitzpatrick_scale: true, weight: 2000 },
    { char: '🙆‍♂️', fitzpatrick_scale: true, weight: 2000 },
    { char: '💑', fitzpatrick_scale: false, weight: 2000 },
    { char: '👩‍❤️‍👩', fitzpatrick_scale: false, weight: 2000 },
    { char: '👨‍❤️‍👨', fitzpatrick_scale: false, weight: 2000 },
    { char: '👪', fitzpatrick_scale: false, weight: 2000 },
    { char: '👨‍👩‍👧', fitzpatrick_scale: false, weight: 2000 },
    { char: '👨‍👩‍👧‍👦', fitzpatrick_scale: false, weight: 2000 },
    { char: '👨‍👩‍👦‍👦', fitzpatrick_scale: false, weight: 2000 },
    { char: '👨‍👩‍👧‍👧', fitzpatrick_scale: false, weight: 2000 },
    { char: '👩‍👩‍👦', fitzpatrick_scale: false, weight: 2000 },
    { char: '👩‍👩‍👧', fitzpatrick_scale: false, weight: 2000 },
    { char: '👩‍👩‍👧‍👦', fitzpatrick_scale: false, weight: 2000 },
    { char: '👩‍👩‍👦‍👦', fitzpatrick_scale: false, weight: 2000 },
    { char: '👩‍👩‍👧‍👧', fitzpatrick_scale: false, weight: 2000 },
    { char: '👨‍👨‍👦', fitzpatrick_scale: false, weight: 2000 },
    { char: '👨‍👨‍👧', fitzpatrick_scale: false, weight: 2000 },
    { char: '👨‍👨‍👧‍👦', fitzpatrick_scale: false, weight: 2000 },
    { char: '👨‍👨‍👦‍👦', fitzpatrick_scale: false, weight: 2000 },
    { char: '👨‍👨‍👧‍👧', fitzpatrick_scale: false, weight: 2000 },
    { char: '👩‍👦', fitzpatrick_scale: false, weight: 2000 },
    { char: '👩‍👧', fitzpatrick_scale: false, weight: 2000 },
    { char: '👩‍👧‍👦', fitzpatrick_scale: false, weight: 2000 },
    { char: '👩‍👦‍👦', fitzpatrick_scale: false, weight: 2000 },
    { char: '👩‍👧‍👧', fitzpatrick_scale: false, weight: 2000 },
    { char: '👨‍👦', fitzpatrick_scale: false, weight: 2000 },
    { char: '👨‍👧', fitzpatrick_scale: false, weight: 2000 },
    { char: '👨‍👧‍👦', fitzpatrick_scale: false, weight: 2000 },
    { char: '👨‍👦‍👦', fitzpatrick_scale: false, weight: 2000 },
    { char: '👨‍👧‍👧', fitzpatrick_scale: false, weight: 2000 },
    { char: '🏊‍♀️', fitzpatrick_scale: true, weight: 2000 },
    { char: '🏊', fitzpatrick_scale: true, weight: 2000 },
    { char: '⛹️‍♀️', fitzpatrick_scale: true, weight: 2000 },
    { char: '⛹', fitzpatrick_scale: true, weight: 2000 },
    { char: '🚵‍♀️', fitzpatrick_scale: true, weight: 2000 },
    { char: '🚵', fitzpatrick_scale: true, weight: 2000 },
    { char: '🚮', fitzpatrick_scale: false, weight: 2000 }
  ],
  'bust' => [ { char: '👤', fitzpatrick_scale: false, weight: 2000 } ],
  'in' => [
    { char: '👤', fitzpatrick_scale: false, weight: 2000 },
    { char: '👥', fitzpatrick_scale: false, weight: 2000 },
    { char: '🤵', fitzpatrick_scale: true, weight: 2000 },
    { char: '🧖‍♀️', fitzpatrick_scale: true, weight: 2000 },
    { char: '🧖‍♂️', fitzpatrick_scale: true, weight: 2000 },
    { char: '🧘‍♀️', fitzpatrick_scale: true, weight: 2000 },
    { char: '🧘‍♂️', fitzpatrick_scale: true, weight: 2000 },
    { char: '🚮', fitzpatrick_scale: false, weight: 2000 },
    { char: '🇮🇳', fitzpatrick_scale: false, weight: 2000 }
  ],
  'silhouette' => [
    { char: '👤', fitzpatrick_scale: false, weight: 2000 },
    { char: '👥', fitzpatrick_scale: false, weight: 2000 }
  ],
  'group' => [ { char: '👥', fitzpatrick_scale: false, weight: 2000 } ],
  'team' => [
    { char: '👥', fitzpatrick_scale: false, weight: 2000 },
    { char: '🏉', fitzpatrick_scale: false, weight: 2000 }
  ],
  'busts' => [ { char: '👥', fitzpatrick_scale: false, weight: 2000 } ],
  'sing' => [
    { char: '🗣', fitzpatrick_scale: false, weight: 2000 },
    { char: '🎤', fitzpatrick_scale: false, weight: 2000 },
    { char: '🎙', fitzpatrick_scale: false, weight: 2000 }
  ],
  'say' => [ { char: '🗣', fitzpatrick_scale: false, weight: 2000 } ],
  'talk' => [
    { char: '🗣', fitzpatrick_scale: false, weight: 2000 },
    { char: '🦜', fitzpatrick_scale: false, weight: 2000 },
    { char: '💬', fitzpatrick_scale: false, weight: 2000 },
    { char: '🗨', fitzpatrick_scale: false, weight: 2000 }
  ],
  'speaking' => [ { char: '🗣', fitzpatrick_scale: false, weight: 2000 } ],
  'child' => [
    { char: '👶', fitzpatrick_scale: true, weight: 2000 },
    { char: '👪', fitzpatrick_scale: false, weight: 2000 },
    { char: '👨‍👩‍👧', fitzpatrick_scale: false, weight: 2000 },
    { char: '👩‍👦', fitzpatrick_scale: false, weight: 2000 },
    { char: '👩‍👧', fitzpatrick_scale: false, weight: 2000 },
    { char: '👨‍👦', fitzpatrick_scale: false, weight: 2000 },
    { char: '👨‍👧', fitzpatrick_scale: false, weight: 2000 },
    { char: '🚼', fitzpatrick_scale: false, weight: 2000 }
  ],
  'boy' => [
    { char: '👶', fitzpatrick_scale: true, weight: 2000 },
    { char: '👱', fitzpatrick_scale: true, weight: 2000 },
    { char: '👲', fitzpatrick_scale: true, weight: 2000 },
    { char: '🤴', fitzpatrick_scale: true, weight: 2000 },
    { char: '🕺', fitzpatrick_scale: true, weight: 2000 },
    { char: '🙇', fitzpatrick_scale: true, weight: 2000 },
    { char: '🤦‍♂️', fitzpatrick_scale: true, weight: 2000 },
    { char: '🤷‍♂️', fitzpatrick_scale: true, weight: 2000 },
    { char: '💁‍♂️', fitzpatrick_scale: true, weight: 2000 },
    { char: '🙅‍♂️', fitzpatrick_scale: true, weight: 2000 },
    { char: '🙆‍♂️', fitzpatrick_scale: true, weight: 2000 },
    { char: '🙋‍♂️', fitzpatrick_scale: true, weight: 2000 },
    { char: '🙎‍♂️', fitzpatrick_scale: true, weight: 2000 },
    { char: '🙍‍♂️', fitzpatrick_scale: true, weight: 2000 },
    { char: '💇‍♂️', fitzpatrick_scale: true, weight: 2000 },
    { char: '💆‍♂️', fitzpatrick_scale: true, weight: 2000 },
    { char: '👪', fitzpatrick_scale: false, weight: 2000 },
    { char: '👨‍👩‍👧‍👦', fitzpatrick_scale: false, weight: 2000 },
    { char: '👨‍👩‍👦‍👦', fitzpatrick_scale: false, weight: 2000 },
    { char: '👩‍👩‍👦', fitzpatrick_scale: false, weight: 2000 },
    { char: '👩‍👩‍👧‍👦', fitzpatrick_scale: false, weight: 2000 },
    { char: '👩‍👩‍👦‍👦', fitzpatrick_scale: false, weight: 2000 },
    { char: '👨‍👨‍👦', fitzpatrick_scale: false, weight: 2000 },
    { char: '👨‍👨‍👧‍👦', fitzpatrick_scale: false, weight: 2000 },
    { char: '👨‍👨‍👦‍👦', fitzpatrick_scale: false, weight: 2000 },
    { char: '👩‍👦', fitzpatrick_scale: false, weight: 2000 },
    { char: '👩‍👧‍👦', fitzpatrick_scale: false, weight: 2000 },
    { char: '👩‍👦‍👦', fitzpatrick_scale: false, weight: 2000 },
    { char: '👨‍👦', fitzpatrick_scale: false, weight: 2000 },
    { char: '👨‍👧‍👦', fitzpatrick_scale: false, weight: 2000 },
    { char: '👨‍👦‍👦', fitzpatrick_scale: false, weight: 2000 }
  ],
  'girl' => [
    { char: '👶', fitzpatrick_scale: true, weight: 2000 },
    { char: '👱‍♀️', fitzpatrick_scale: true, weight: 2000 },
    { char: '👸', fitzpatrick_scale: true, weight: 2000 },
    { char: '💃', fitzpatrick_scale: true, weight: 2000 },
    { char: '🙇‍♀️', fitzpatrick_scale: true, weight: 2000 },
    { char: '🤦‍♀️', fitzpatrick_scale: true, weight: 2000 },
    { char: '🤷', fitzpatrick_scale: true, weight: 2000 },
    { char: '💁', fitzpatrick_scale: true, weight: 2000 },
    { char: '🙅', fitzpatrick_scale: true, weight: 2000 },
    { char: '🙆', fitzpatrick_scale: true, weight: 2000 },
    { char: '🙋', fitzpatrick_scale: true, weight: 2000 },
    { char: '🙎', fitzpatrick_scale: true, weight: 2000 },
    { char: '🙍', fitzpatrick_scale: true, weight: 2000 },
    { char: '💇', fitzpatrick_scale: true, weight: 2000 },
    { char: '💆', fitzpatrick_scale: true, weight: 2000 },
    { char: '👨‍👩‍👧', fitzpatrick_scale: false, weight: 2000 },
    { char: '👨‍👩‍👧‍👦', fitzpatrick_scale: false, weight: 2000 },
    { char: '👨‍👩‍👧‍👧', fitzpatrick_scale: false, weight: 2000 },
    { char: '👩‍👩‍👧', fitzpatrick_scale: false, weight: 2000 },
    { char: '👩‍👩‍👧‍👦', fitzpatrick_scale: false, weight: 2000 },
    { char: '👩‍👩‍👧‍👧', fitzpatrick_scale: false, weight: 2000 },
    { char: '👨‍👨‍👧', fitzpatrick_scale: false, weight: 2000 },
    { char: '👨‍👨‍👧‍👦', fitzpatrick_scale: false, weight: 2000 },
    { char: '👨‍👨‍👧‍👧', fitzpatrick_scale: false, weight: 2000 },
    { char: '👩‍👧', fitzpatrick_scale: false, weight: 2000 },
    { char: '👩‍👧‍👦', fitzpatrick_scale: false, weight: 2000 },
    { char: '👩‍👧‍👧', fitzpatrick_scale: false, weight: 2000 },
    { char: '👨‍👧', fitzpatrick_scale: false, weight: 2000 },
    { char: '👨‍👧‍👦', fitzpatrick_scale: false, weight: 2000 },
    { char: '👨‍👧‍👧', fitzpatrick_scale: false, weight: 2000 },
    { char: '👙', fitzpatrick_scale: false, weight: 2000 },
    { char: '💄', fitzpatrick_scale: false, weight: 2000 },
    { char: '🎀', fitzpatrick_scale: false, weight: 2000 }
  ],
  'toddler' => [ { char: '👶', fitzpatrick_scale: true, weight: 2000 } ],
  'gender-neutral' => [
    { char: '🧒', fitzpatrick_scale: true, weight: 2000 },
    { char: '🧑', fitzpatrick_scale: true, weight: 2000 },
    { char: '🧓', fitzpatrick_scale: true, weight: 2000 }
  ],
  'young' => [ { char: '🧒', fitzpatrick_scale: true, weight: 2000 } ],
  'gender' => [
    { char: '🧒', fitzpatrick_scale: true, weight: 2000 },
    { char: '🧑', fitzpatrick_scale: true, weight: 2000 },
    { char: '🧓', fitzpatrick_scale: true, weight: 2000 },
    { char: '🚹', fitzpatrick_scale: false, weight: 2000 },
    { char: '🚺', fitzpatrick_scale: false, weight: 2000 },
    { char: '🚻', fitzpatrick_scale: false, weight: 2000 }
  ],
  'man' => [
    { char: '👦', fitzpatrick_scale: true, weight: 2000 },
    { char: '👱', fitzpatrick_scale: true, weight: 2000 },
    { char: '👴', fitzpatrick_scale: true, weight: 2000 },
    { char: '👲', fitzpatrick_scale: true, weight: 2000 },
    { char: '👳', fitzpatrick_scale: true, weight: 2000 },
    { char: '👮', fitzpatrick_scale: true, weight: 2000 },
    { char: '👷', fitzpatrick_scale: true, weight: 2000 },
    { char: '👨‍⚕️', fitzpatrick_scale: true, weight: 2000 },
    { char: '👨‍🌾', fitzpatrick_scale: true, weight: 2000 },
    { char: '👨‍🍳', fitzpatrick_scale: true, weight: 2000 },
    { char: '👨‍🎓', fitzpatrick_scale: true, weight: 2000 },
    { char: '👨‍🎤', fitzpatrick_scale: true, weight: 2000 },
    { char: '👨‍🏫', fitzpatrick_scale: true, weight: 2000 },
    { char: '👨‍🏭', fitzpatrick_scale: true, weight: 2000 },
    { char: '👨‍💻', fitzpatrick_scale: true, weight: 2000 },
    { char: '👨‍💼', fitzpatrick_scale: true, weight: 2000 },
    { char: '👨‍🔧', fitzpatrick_scale: true, weight: 2000 },
    { char: '👨‍🔬', fitzpatrick_scale: true, weight: 2000 },
    { char: '👨‍🎨', fitzpatrick_scale: true, weight: 2000 },
    { char: '👨‍🚒', fitzpatrick_scale: true, weight: 2000 },
    { char: '👨‍✈️', fitzpatrick_scale: true, weight: 2000 },
    { char: '👨‍🚀', fitzpatrick_scale: true, weight: 2000 },
    { char: '👨‍⚖️', fitzpatrick_scale: true, weight: 2000 },
    { char: '🦸‍♂️', fitzpatrick_scale: true, weight: 2000 },
    { char: '🦹‍♂️', fitzpatrick_scale: true, weight: 2000 },
    { char: '🎅', fitzpatrick_scale: true, weight: 2000 },
    { char: '🧙‍♂️', fitzpatrick_scale: true, weight: 2000 },
    { char: '🧝‍♂️', fitzpatrick_scale: true, weight: 2000 },
    { char: '🧛‍♂️', fitzpatrick_scale: true, weight: 2000 },
    { char: '🧟‍♂️', fitzpatrick_scale: false, weight: 2000 },
    { char: '🧞‍♂️', fitzpatrick_scale: false, weight: 2000 },
    { char: '🧜‍♂️', fitzpatrick_scale: true, weight: 2000 },
    { char: '🧚‍♂️', fitzpatrick_scale: true, weight: 2000 },
    { char: '🤴', fitzpatrick_scale: true, weight: 2000 },
    { char: '🤵', fitzpatrick_scale: true, weight: 2000 },
    { char: '🏃', fitzpatrick_scale: true, weight: 2000 },
    { char: '🚶', fitzpatrick_scale: true, weight: 2000 },
    { char: '🕺', fitzpatrick_scale: true, weight: 2000 },
    { char: '🙇', fitzpatrick_scale: true, weight: 2000 },
    { char: '🤦‍♂️', fitzpatrick_scale: true, weight: 2000 },
    { char: '🤷‍♂️', fitzpatrick_scale: true, weight: 2000 },
    { char: '💁‍♂️', fitzpatrick_scale: true, weight: 2000 },
    { char: '🙅‍♂️', fitzpatrick_scale: true, weight: 2000 },
    { char: '🙆‍♂️', fitzpatrick_scale: true, weight: 2000 },
    { char: '🙋‍♂️', fitzpatrick_scale: true, weight: 2000 },
    { char: '🙎‍♂️', fitzpatrick_scale: true, weight: 2000 },
    { char: '🙍‍♂️', fitzpatrick_scale: true, weight: 2000 },
    { char: '💇‍♂️', fitzpatrick_scale: true, weight: 2000 },
    { char: '💆‍♂️', fitzpatrick_scale: true, weight: 2000 },
    { char: '🧖‍♂️', fitzpatrick_scale: true, weight: 2000 },
    { char: '💑', fitzpatrick_scale: false, weight: 2000 },
    { char: '👨‍❤️‍👨', fitzpatrick_scale: false, weight: 2000 },
    { char: '💏', fitzpatrick_scale: false, weight: 2000 },
    { char: '👨‍❤️‍💋‍👨', fitzpatrick_scale: false, weight: 2000 },
    { char: '👪', fitzpatrick_scale: false, weight: 2000 },
    { char: '👨‍👩‍👧', fitzpatrick_scale: false, weight: 2000 },
    { char: '👨‍👩‍👧‍👦', fitzpatrick_scale: false, weight: 2000 },
    { char: '👨‍👩‍👦‍👦', fitzpatrick_scale: false, weight: 2000 },
    { char: '👨‍👩‍👧‍👧', fitzpatrick_scale: false, weight: 2000 },
    { char: '👨‍👨‍👦', fitzpatrick_scale: false, weight: 2000 },
    { char: '👨‍👨‍👧', fitzpatrick_scale: false, weight: 2000 },
    { char: '👨‍👨‍👧‍👦', fitzpatrick_scale: false, weight: 2000 },
    { char: '👨‍👨‍👦‍👦', fitzpatrick_scale: false, weight: 2000 },
    { char: '👨‍👨‍👧‍👧', fitzpatrick_scale: false, weight: 2000 },
    { char: '👨‍👦', fitzpatrick_scale: false, weight: 2000 },
    { char: '👨‍👧', fitzpatrick_scale: false, weight: 2000 },
    { char: '👨‍👧‍👦', fitzpatrick_scale: false, weight: 2000 },
    { char: '👨‍👦‍👦', fitzpatrick_scale: false, weight: 2000 },
    { char: '👨‍👧‍👧', fitzpatrick_scale: false, weight: 2000 },
    { char: '🏌', fitzpatrick_scale: true, weight: 2000 },
    { char: '🤸‍♂️', fitzpatrick_scale: true, weight: 2000 },
    { char: '🤾‍♂️', fitzpatrick_scale: true, weight: 2000 },
    { char: '🚣', fitzpatrick_scale: true, weight: 2000 },
    { char: '🧗‍♂️', fitzpatrick_scale: true, weight: 2000 },
    { char: '🏊', fitzpatrick_scale: true, weight: 2000 },
    { char: '🤽‍♂️', fitzpatrick_scale: true, weight: 2000 },
    { char: '🧘‍♂️', fitzpatrick_scale: true, weight: 2000 },
    { char: '🏄', fitzpatrick_scale: true, weight: 2000 },
    { char: '⛹', fitzpatrick_scale: true, weight: 2000 },
    { char: '🏋', fitzpatrick_scale: true, weight: 2000 },
    { char: '🚴', fitzpatrick_scale: true, weight: 2000 },
    { char: '🚵', fitzpatrick_scale: true, weight: 2000 },
    { char: '🤹‍♂️', fitzpatrick_scale: true, weight: 2000 },
    { char: '🇮🇲', fitzpatrick_scale: false, weight: 2000 }
  ],
  'male' => [
    { char: '👦', fitzpatrick_scale: true, weight: 2000 },
    { char: '👱', fitzpatrick_scale: true, weight: 2000 },
    { char: '👴', fitzpatrick_scale: true, weight: 2000 },
    { char: '👲', fitzpatrick_scale: true, weight: 2000 },
    { char: '👳', fitzpatrick_scale: true, weight: 2000 },
    { char: '👷', fitzpatrick_scale: true, weight: 2000 },
    { char: '💂', fitzpatrick_scale: true, weight: 2000 },
    { char: '🕵', fitzpatrick_scale: true, weight: 2000 },
    { char: '🦸‍♂️', fitzpatrick_scale: true, weight: 2000 },
    { char: '🦹‍♂️', fitzpatrick_scale: true, weight: 2000 },
    { char: '🎅', fitzpatrick_scale: true, weight: 2000 },
    { char: '🧙‍♂️', fitzpatrick_scale: true, weight: 2000 },
    { char: '🧝‍♂️', fitzpatrick_scale: true, weight: 2000 },
    { char: '🧛‍♂️', fitzpatrick_scale: true, weight: 2000 },
    { char: '🧟‍♂️', fitzpatrick_scale: false, weight: 2000 },
    { char: '🧞‍♂️', fitzpatrick_scale: false, weight: 2000 },
    { char: '🧜‍♂️', fitzpatrick_scale: true, weight: 2000 },
    { char: '🧚‍♂️', fitzpatrick_scale: true, weight: 2000 },
    { char: '🤴', fitzpatrick_scale: true, weight: 2000 },
    { char: '🕺', fitzpatrick_scale: true, weight: 2000 },
    { char: '👯‍♂️', fitzpatrick_scale: false, weight: 2000 },
    { char: '🙇', fitzpatrick_scale: true, weight: 2000 },
    { char: '🤦‍♂️', fitzpatrick_scale: true, weight: 2000 },
    { char: '🤷‍♂️', fitzpatrick_scale: true, weight: 2000 },
    { char: '💁‍♂️', fitzpatrick_scale: true, weight: 2000 },
    { char: '🙅‍♂️', fitzpatrick_scale: true, weight: 2000 },
    { char: '🙆‍♂️', fitzpatrick_scale: true, weight: 2000 },
    { char: '🙋‍♂️', fitzpatrick_scale: true, weight: 2000 },
    { char: '🙎‍♂️', fitzpatrick_scale: true, weight: 2000 },
    { char: '🙍‍♂️', fitzpatrick_scale: true, weight: 2000 },
    { char: '💇‍♂️', fitzpatrick_scale: true, weight: 2000 },
    { char: '💆‍♂️', fitzpatrick_scale: true, weight: 2000 },
    { char: '🧖‍♂️', fitzpatrick_scale: true, weight: 2000 },
    { char: '👞', fitzpatrick_scale: false, weight: 2000 },
    { char: '🧗‍♂️', fitzpatrick_scale: true, weight: 2000 },
    { char: '🧘‍♂️', fitzpatrick_scale: true, weight: 2000 },
    { char: '🚹', fitzpatrick_scale: false, weight: 2000 }
  ],
  'guy' => [
    { char: '👦', fitzpatrick_scale: true, weight: 2000 },
    { char: '👨', fitzpatrick_scale: true, weight: 2000 },
    { char: '👱', fitzpatrick_scale: true, weight: 2000 },
    { char: '👷', fitzpatrick_scale: true, weight: 2000 },
    { char: '💂', fitzpatrick_scale: true, weight: 2000 }
  ],
  'teenager' => [
    { char: '👦', fitzpatrick_scale: true, weight: 2000 },
    { char: '👧', fitzpatrick_scale: true, weight: 2000 }
  ],
  'female' => [
    { char: '👧', fitzpatrick_scale: true, weight: 2000 },
    { char: '👩', fitzpatrick_scale: true, weight: 2000 },
    { char: '👱‍♀️', fitzpatrick_scale: true, weight: 2000 },
    { char: '👵', fitzpatrick_scale: true, weight: 2000 },
    { char: '🧕', fitzpatrick_scale: true, weight: 2000 },
    { char: '👳‍♀️', fitzpatrick_scale: true, weight: 2000 },
    { char: '👮‍♀️', fitzpatrick_scale: true, weight: 2000 },
    { char: '👷‍♀️', fitzpatrick_scale: true, weight: 2000 },
    { char: '💂‍♀️', fitzpatrick_scale: true, weight: 2000 },
    { char: '🕵️‍♀️', fitzpatrick_scale: true, weight: 2000 },
    { char: '🦸‍♀️', fitzpatrick_scale: true, weight: 2000 },
    { char: '🦹‍♀️', fitzpatrick_scale: true, weight: 2000 },
    { char: '🤶', fitzpatrick_scale: true, weight: 2000 },
    { char: '🧙‍♀️', fitzpatrick_scale: true, weight: 2000 },
    { char: '🧝‍♀️', fitzpatrick_scale: true, weight: 2000 },
    { char: '🧛‍♀️', fitzpatrick_scale: true, weight: 2000 },
    { char: '🧟‍♀️', fitzpatrick_scale: false, weight: 2000 },
    { char: '🧞‍♀️', fitzpatrick_scale: false, weight: 2000 },
    { char: '🧜‍♀️', fitzpatrick_scale: true, weight: 2000 },
    { char: '🧚‍♀️', fitzpatrick_scale: true, weight: 2000 },
    { char: '👸', fitzpatrick_scale: true, weight: 2000 },
    { char: '🏃‍♀️', fitzpatrick_scale: true, weight: 2000 },
    { char: '🚶‍♀️', fitzpatrick_scale: true, weight: 2000 },
    { char: '💃', fitzpatrick_scale: true, weight: 2000 },
    { char: '👯', fitzpatrick_scale: false, weight: 2000 },
    { char: '👭', fitzpatrick_scale: false, weight: 2000 },
    { char: '🙇‍♀️', fitzpatrick_scale: true, weight: 2000 },
    { char: '🤦‍♀️', fitzpatrick_scale: true, weight: 2000 },
    { char: '🤷', fitzpatrick_scale: true, weight: 2000 },
    { char: '💁', fitzpatrick_scale: true, weight: 2000 },
    { char: '🙅', fitzpatrick_scale: true, weight: 2000 },
    { char: '🙆', fitzpatrick_scale: true, weight: 2000 },
    { char: '🙋', fitzpatrick_scale: true, weight: 2000 },
    { char: '🙎', fitzpatrick_scale: true, weight: 2000 },
    { char: '🙍', fitzpatrick_scale: true, weight: 2000 },
    { char: '💇', fitzpatrick_scale: true, weight: 2000 },
    { char: '💆', fitzpatrick_scale: true, weight: 2000 },
    { char: '🧖‍♀️', fitzpatrick_scale: true, weight: 2000 },
    { char: '👚', fitzpatrick_scale: false, weight: 2000 },
    { char: '👙', fitzpatrick_scale: false, weight: 2000 },
    { char: '👘', fitzpatrick_scale: false, weight: 2000 },
    { char: '💄', fitzpatrick_scale: false, weight: 2000 },
    { char: '👠', fitzpatrick_scale: false, weight: 2000 },
    { char: '👒', fitzpatrick_scale: false, weight: 2000 },
    { char: '🏌️‍♀️', fitzpatrick_scale: false, weight: 2000 },
    { char: '🚣‍♀️', fitzpatrick_scale: true, weight: 2000 },
    { char: '🧗‍♀️', fitzpatrick_scale: true, weight: 2000 },
    { char: '🏊‍♀️', fitzpatrick_scale: true, weight: 2000 },
    { char: '🧘‍♀️', fitzpatrick_scale: true, weight: 2000 },
    { char: '🏄‍♀️', fitzpatrick_scale: true, weight: 2000 },
    { char: '⛹️‍♀️', fitzpatrick_scale: true, weight: 2000 },
    { char: '🏋️‍♀️', fitzpatrick_scale: true, weight: 2000 },
    { char: '🚴‍♀️', fitzpatrick_scale: true, weight: 2000 },
    { char: '🚵‍♀️', fitzpatrick_scale: true, weight: 2000 },
    { char: '🚺', fitzpatrick_scale: false, weight: 2000 }
  ],
  'woman' => [
    { char: '👧', fitzpatrick_scale: true, weight: 2000 },
    { char: '👱‍♀️', fitzpatrick_scale: true, weight: 2000 },
    { char: '👵', fitzpatrick_scale: true, weight: 2000 },
    { char: '🧕', fitzpatrick_scale: true, weight: 2000 },
    { char: '👳‍♀️', fitzpatrick_scale: true, weight: 2000 },
    { char: '👮‍♀️', fitzpatrick_scale: true, weight: 2000 },
    { char: '👷‍♀️', fitzpatrick_scale: true, weight: 2000 },
    { char: '💂‍♀️', fitzpatrick_scale: true, weight: 2000 },
    { char: '🕵️‍♀️', fitzpatrick_scale: true, weight: 2000 },
    { char: '👩‍⚕️', fitzpatrick_scale: true, weight: 2000 },
    { char: '👩‍🌾', fitzpatrick_scale: true, weight: 2000 },
    { char: '👩‍🍳', fitzpatrick_scale: true, weight: 2000 },
    { char: '👩‍🎓', fitzpatrick_scale: true, weight: 2000 },
    { char: '👩‍🎤', fitzpatrick_scale: true, weight: 2000 },
    { char: '👩‍🏫', fitzpatrick_scale: true, weight: 2000 },
    { char: '👩‍🏭', fitzpatrick_scale: true, weight: 2000 },
    { char: '👩‍💻', fitzpatrick_scale: true, weight: 2000 },
    { char: '👩‍💼', fitzpatrick_scale: true, weight: 2000 },
    { char: '👩‍🔧', fitzpatrick_scale: true, weight: 2000 },
    { char: '👩‍🔬', fitzpatrick_scale: true, weight: 2000 },
    { char: '👩‍🎨', fitzpatrick_scale: true, weight: 2000 },
    { char: '👩‍🚒', fitzpatrick_scale: true, weight: 2000 },
    { char: '👩‍✈️', fitzpatrick_scale: true, weight: 2000 },
    { char: '👩‍🚀', fitzpatrick_scale: true, weight: 2000 },
    { char: '👩‍⚖️', fitzpatrick_scale: true, weight: 2000 },
    { char: '🦸‍♀️', fitzpatrick_scale: true, weight: 2000 },
    { char: '🦹‍♀️', fitzpatrick_scale: true, weight: 2000 },
    { char: '🤶', fitzpatrick_scale: true, weight: 2000 },
    { char: '🧙‍♀️', fitzpatrick_scale: true, weight: 2000 },
    { char: '🧝‍♀️', fitzpatrick_scale: true, weight: 2000 },
    { char: '🧛‍♀️', fitzpatrick_scale: true, weight: 2000 },
    { char: '🧟‍♀️', fitzpatrick_scale: false, weight: 2000 },
    { char: '🧞‍♀️', fitzpatrick_scale: false, weight: 2000 },
    { char: '🧜‍♀️', fitzpatrick_scale: true, weight: 2000 },
    { char: '🧚‍♀️', fitzpatrick_scale: true, weight: 2000 },
    { char: '🤰', fitzpatrick_scale: true, weight: 2000 },
    { char: '👸', fitzpatrick_scale: true, weight: 2000 },
    { char: '👰', fitzpatrick_scale: true, weight: 2000 },
    { char: '🏃‍♀️', fitzpatrick_scale: true, weight: 2000 },
    { char: '🚶‍♀️', fitzpatrick_scale: true, weight: 2000 },
    { char: '💃', fitzpatrick_scale: true, weight: 2000 },
    { char: '🙇‍♀️', fitzpatrick_scale: true, weight: 2000 },
    { char: '🤦‍♀️', fitzpatrick_scale: true, weight: 2000 },
    { char: '🤷', fitzpatrick_scale: true, weight: 2000 },
    { char: '💁', fitzpatrick_scale: true, weight: 2000 },
    { char: '🙅', fitzpatrick_scale: true, weight: 2000 },
    { char: '🙆', fitzpatrick_scale: true, weight: 2000 },
    { char: '🙋', fitzpatrick_scale: true, weight: 2000 },
    { char: '🙎', fitzpatrick_scale: true, weight: 2000 },
    { char: '🙍', fitzpatrick_scale: true, weight: 2000 },
    { char: '💇', fitzpatrick_scale: true, weight: 2000 },
    { char: '💆', fitzpatrick_scale: true, weight: 2000 },
    { char: '🧖‍♀️', fitzpatrick_scale: true, weight: 2000 },
    { char: '💑', fitzpatrick_scale: false, weight: 2000 },
    { char: '👩‍❤️‍👩', fitzpatrick_scale: false, weight: 2000 },
    { char: '💏', fitzpatrick_scale: false, weight: 2000 },
    { char: '👩‍❤️‍💋‍👩', fitzpatrick_scale: false, weight: 2000 },
    { char: '👪', fitzpatrick_scale: false, weight: 2000 },
    { char: '👨‍👩‍👧', fitzpatrick_scale: false, weight: 2000 },
    { char: '👨‍👩‍👧‍👦', fitzpatrick_scale: false, weight: 2000 },
    { char: '👨‍👩‍👦‍👦', fitzpatrick_scale: false, weight: 2000 },
    { char: '👨‍👩‍👧‍👧', fitzpatrick_scale: false, weight: 2000 },
    { char: '👩‍👩‍👦', fitzpatrick_scale: false, weight: 2000 },
    { char: '👩‍👩‍👧', fitzpatrick_scale: false, weight: 2000 },
    { char: '👩‍👩‍👧‍👦', fitzpatrick_scale: false, weight: 2000 },
    { char: '👩‍👩‍👦‍👦', fitzpatrick_scale: false, weight: 2000 },
    { char: '👩‍👩‍👧‍👧', fitzpatrick_scale: false, weight: 2000 },
    { char: '👩‍👦', fitzpatrick_scale: false, weight: 2000 },
    { char: '👩‍👧', fitzpatrick_scale: false, weight: 2000 },
    { char: '👩‍👧‍👦', fitzpatrick_scale: false, weight: 2000 },
    { char: '👩‍👦‍👦', fitzpatrick_scale: false, weight: 2000 },
    { char: '👩‍👧‍👧', fitzpatrick_scale: false, weight: 2000 },
    { char: '👙', fitzpatrick_scale: false, weight: 2000 },
    { char: '💄', fitzpatrick_scale: false, weight: 2000 },
    { char: '🏌️‍♀️', fitzpatrick_scale: false, weight: 2000 },
    { char: '🤸‍♀️', fitzpatrick_scale: true, weight: 2000 },
    { char: '🤾‍♀️', fitzpatrick_scale: true, weight: 2000 },
    { char: '🚣‍♀️', fitzpatrick_scale: true, weight: 2000 },
    { char: '🧗‍♀️', fitzpatrick_scale: true, weight: 2000 },
    { char: '🏊‍♀️', fitzpatrick_scale: true, weight: 2000 },
    { char: '🤽‍♀️', fitzpatrick_scale: true, weight: 2000 },
    { char: '🧘‍♀️', fitzpatrick_scale: true, weight: 2000 },
    { char: '🏄‍♀️', fitzpatrick_scale: true, weight: 2000 },
    { char: '⛹️‍♀️', fitzpatrick_scale: true, weight: 2000 },
    { char: '🏋️‍♀️', fitzpatrick_scale: true, weight: 2000 },
    { char: '🚴‍♀️', fitzpatrick_scale: true, weight: 2000 },
    { char: '🚵‍♀️', fitzpatrick_scale: true, weight: 2000 },
    { char: '🤹‍♀️', fitzpatrick_scale: true, weight: 2000 },
    { char: '🚺', fitzpatrick_scale: false, weight: 2000 }
  ],
  'mustache' => [
    { char: '👨', fitzpatrick_scale: true, weight: 2000 },
    { char: '〰️', fitzpatrick_scale: false, weight: 2000 }
  ],
  'father' => [
    { char: '👨', fitzpatrick_scale: true, weight: 2000 },
    { char: '🎅', fitzpatrick_scale: true, weight: 2000 },
    { char: '👪', fitzpatrick_scale: false, weight: 2000 }
  ],
  'dad' => [
    { char: '👨', fitzpatrick_scale: true, weight: 2000 },
    { char: '👪', fitzpatrick_scale: false, weight: 2000 }
  ],
  'classy' => [
    { char: '👨', fitzpatrick_scale: true, weight: 2000 },
    { char: '🎩', fitzpatrick_scale: false, weight: 2000 }
  ],
  'sir' => [ { char: '👨', fitzpatrick_scale: true, weight: 2000 } ],
  'moustache' => [
    { char: '👨', fitzpatrick_scale: true, weight: 2000 },
    { char: '〰️', fitzpatrick_scale: false, weight: 2000 }
  ],
  'girls' => [
    { char: '👩', fitzpatrick_scale: true, weight: 2000 },
    { char: '👯', fitzpatrick_scale: false, weight: 2000 }
  ],
  'lady' => [
    { char: '👩', fitzpatrick_scale: true, weight: 2000 },
    { char: '👵', fitzpatrick_scale: true, weight: 2000 },
    { char: '👒', fitzpatrick_scale: false, weight: 2000 }
  ],
  'blonde' => [
    { char: '👱‍♀️', fitzpatrick_scale: true, weight: 2000 },
    { char: '👱', fitzpatrick_scale: true, weight: 2000 }
  ],
  'bewhiskered' => [ { char: '🧔', fitzpatrick_scale: true, weight: 2000 } ],
  'bearded' => [ { char: '🧔', fitzpatrick_scale: true, weight: 2000 } ],
  'elder' => [
    { char: '🧓', fitzpatrick_scale: true, weight: 2000 },
    { char: '👴', fitzpatrick_scale: true, weight: 2000 },
    { char: '👵', fitzpatrick_scale: true, weight: 2000 }
  ],
  'senior' => [
    { char: '🧓', fitzpatrick_scale: true, weight: 2000 },
    { char: '👴', fitzpatrick_scale: true, weight: 2000 },
    { char: '👵', fitzpatrick_scale: true, weight: 2000 }
  ],
  'older' => [
    { char: '🧓', fitzpatrick_scale: true, weight: 2000 },
    { char: '👴', fitzpatrick_scale: true, weight: 2000 },
    { char: '👵', fitzpatrick_scale: true, weight: 2000 }
  ],
  'adult' => [ { char: '🧓', fitzpatrick_scale: true, weight: 2000 } ],
  'men' => [
    { char: '👴', fitzpatrick_scale: true, weight: 2000 },
    { char: '👯‍♂️', fitzpatrick_scale: false, weight: 2000 },
    { char: '👬', fitzpatrick_scale: false, weight: 2000 },
    { char: '🙆‍♂️', fitzpatrick_scale: true, weight: 2000 },
    { char: '🤼‍♂️', fitzpatrick_scale: false, weight: 2000 }
  ],
  'old' => [
    { char: '👴', fitzpatrick_scale: true, weight: 2000 },
    { char: '👵', fitzpatrick_scale: true, weight: 2000 },
    { char: '🗝', fitzpatrick_scale: false, weight: 2000 },
    { char: '🔘', fitzpatrick_scale: false, weight: 2000 }
  ],
  'women' => [
    { char: '👵', fitzpatrick_scale: true, weight: 2000 },
    { char: '👯', fitzpatrick_scale: false, weight: 2000 },
    { char: '👭', fitzpatrick_scale: false, weight: 2000 },
    { char: '🙆', fitzpatrick_scale: true, weight: 2000 },
    { char: '👘', fitzpatrick_scale: false, weight: 2000 },
    { char: '🤼‍♀️', fitzpatrick_scale: false, weight: 2000 }
  ],
  'chinese' => [
    { char: '👲', fitzpatrick_scale: true, weight: 2000 },
    { char: '🐉', fitzpatrick_scale: false, weight: 2000 },
    { char: '🐲', fitzpatrick_scale: false, weight: 2000 },
    { char: '🈳', fitzpatrick_scale: false, weight: 2000 },
    { char: '🈹', fitzpatrick_scale: false, weight: 2000 },
    { char: '🈶', fitzpatrick_scale: false, weight: 2000 },
    { char: '🈚', fitzpatrick_scale: false, weight: 2000 },
    { char: '🈸', fitzpatrick_scale: false, weight: 2000 },
    { char: '🈷️', fitzpatrick_scale: false, weight: 2000 },
    { char: '🉑', fitzpatrick_scale: false, weight: 2000 },
    { char: '🉐', fitzpatrick_scale: false, weight: 2000 },
    { char: '㊙️', fitzpatrick_scale: false, weight: 2000 },
    { char: '㊗️', fitzpatrick_scale: false, weight: 2000 },
    { char: '🈴', fitzpatrick_scale: false, weight: 2000 },
    { char: '🈵', fitzpatrick_scale: false, weight: 2000 },
    { char: '🈲', fitzpatrick_scale: false, weight: 2000 },
    { char: '🈯', fitzpatrick_scale: false, weight: 2000 },
    { char: '🀄', fitzpatrick_scale: false, weight: 2000 },
    { char: '🇨🇳', fitzpatrick_scale: false, weight: 2000 }
  ],
  'gua' => [ { char: '👲', fitzpatrick_scale: true, weight: 2000 } ],
  'pi' => [ { char: '👲', fitzpatrick_scale: true, weight: 2000 } ],
  'mao' => [ { char: '👲', fitzpatrick_scale: true, weight: 2000 } ],
  'hijab' => [ { char: '🧕', fitzpatrick_scale: true, weight: 2000 } ],
  'mantilla' => [ { char: '🧕', fitzpatrick_scale: true, weight: 2000 } ],
  'tichel' => [ { char: '🧕', fitzpatrick_scale: true, weight: 2000 } ],
  'headscarf' => [ { char: '🧕', fitzpatrick_scale: true, weight: 2000 } ],
  'indian' => [
    { char: '👳‍♀️', fitzpatrick_scale: true, weight: 2000 },
    { char: '👳', fitzpatrick_scale: true, weight: 2000 },
    { char: '🍛', fitzpatrick_scale: false, weight: 2000 },
    { char: '🇮🇴', fitzpatrick_scale: false, weight: 2000 }
  ],
  'hinduism' => [
    { char: '👳‍♀️', fitzpatrick_scale: true, weight: 2000 },
    { char: '👳', fitzpatrick_scale: true, weight: 2000 },
    { char: '🕉', fitzpatrick_scale: false, weight: 2000 },
    { char: '☸', fitzpatrick_scale: false, weight: 2000 }
  ],
  'arabs' => [
    { char: '👳‍♀️', fitzpatrick_scale: true, weight: 2000 },
    { char: '👳', fitzpatrick_scale: true, weight: 2000 }
  ],
  'turban' => [
    { char: '👳‍♀️', fitzpatrick_scale: true, weight: 2000 },
    { char: '👳', fitzpatrick_scale: true, weight: 2000 }
  ],
  'police' => [
    { char: '👮‍♀️', fitzpatrick_scale: true, weight: 2000 },
    { char: '👮', fitzpatrick_scale: true, weight: 2000 },
    { char: '🚓', fitzpatrick_scale: false, weight: 2000 },
    { char: '🚨', fitzpatrick_scale: false, weight: 2000 },
    { char: '🚔', fitzpatrick_scale: false, weight: 2000 }
  ],
  'law' => [
    { char: '👮‍♀️', fitzpatrick_scale: true, weight: 2000 },
    { char: '👮', fitzpatrick_scale: true, weight: 2000 },
    { char: '💼', fitzpatrick_scale: false, weight: 2000 },
    { char: '🚓', fitzpatrick_scale: false, weight: 2000 },
    { char: '🚨', fitzpatrick_scale: false, weight: 2000 },
    { char: '🚔', fitzpatrick_scale: false, weight: 2000 },
    { char: '⚖', fitzpatrick_scale: false, weight: 2000 },
    { char: '©️', fitzpatrick_scale: false, weight: 2000 },
    { char: '™️', fitzpatrick_scale: false, weight: 2000 }
  ],
  'legal' => [
    { char: '👮‍♀️', fitzpatrick_scale: true, weight: 2000 },
    { char: '👮', fitzpatrick_scale: true, weight: 2000 },
    { char: '🎓', fitzpatrick_scale: false, weight: 2000 },
    { char: '💼', fitzpatrick_scale: false, weight: 2000 },
    { char: '🚓', fitzpatrick_scale: false, weight: 2000 },
    { char: '🚨', fitzpatrick_scale: false, weight: 2000 },
    { char: '🚔', fitzpatrick_scale: false, weight: 2000 },
    { char: '📝', fitzpatrick_scale: false, weight: 2000 },
    { char: '©️', fitzpatrick_scale: false, weight: 2000 },
    { char: '™️', fitzpatrick_scale: false, weight: 2000 }
  ],
  'enforcement' => [
    { char: '👮‍♀️', fitzpatrick_scale: true, weight: 2000 },
    { char: '👮', fitzpatrick_scale: true, weight: 2000 },
    { char: '🚓', fitzpatrick_scale: false, weight: 2000 },
    { char: '🚔', fitzpatrick_scale: false, weight: 2000 }
  ],
  'arrest' => [
    { char: '👮‍♀️', fitzpatrick_scale: true, weight: 2000 },
    { char: '👮', fitzpatrick_scale: true, weight: 2000 },
    { char: '⛓', fitzpatrick_scale: false, weight: 2000 }
  ],
  '911' => [
    { char: '👮‍♀️', fitzpatrick_scale: true, weight: 2000 },
    { char: '👮', fitzpatrick_scale: true, weight: 2000 },
    { char: '🚑', fitzpatrick_scale: false, weight: 2000 },
    { char: '🚨', fitzpatrick_scale: false, weight: 2000 },
    { char: '🚔', fitzpatrick_scale: false, weight: 2000 },
    { char: '🆘', fitzpatrick_scale: false, weight: 2000 }
  ],
  'wip' => [
    { char: '👷‍♀️', fitzpatrick_scale: true, weight: 2000 },
    { char: '👷', fitzpatrick_scale: true, weight: 2000 },
    { char: '🚧', fitzpatrick_scale: false, weight: 2000 },
    { char: '🏗', fitzpatrick_scale: false, weight: 2000 },
    { char: '⚠️', fitzpatrick_scale: false, weight: 2000 }
  ],
  'build' => [
    { char: '👷‍♀️', fitzpatrick_scale: true, weight: 2000 },
    { char: '👷', fitzpatrick_scale: true, weight: 2000 },
    { char: '⛑', fitzpatrick_scale: false, weight: 2000 },
    { char: '🔨', fitzpatrick_scale: false, weight: 2000 },
    { char: '⚒', fitzpatrick_scale: false, weight: 2000 },
    { char: '🛠', fitzpatrick_scale: false, weight: 2000 }
  ],
  'construction' => [
    { char: '👷‍♀️', fitzpatrick_scale: true, weight: 2000 },
    { char: '👷', fitzpatrick_scale: true, weight: 2000 },
    { char: '⛑', fitzpatrick_scale: false, weight: 2000 },
    { char: '🏗', fitzpatrick_scale: false, weight: 2000 }
  ],
  'worker' => [
    { char: '👷‍♀️', fitzpatrick_scale: true, weight: 2000 },
    { char: '👷', fitzpatrick_scale: true, weight: 2000 },
    { char: '👩‍⚕️', fitzpatrick_scale: true, weight: 2000 },
    { char: '👨‍⚕️', fitzpatrick_scale: true, weight: 2000 },
    { char: '👩‍🏭', fitzpatrick_scale: true, weight: 2000 },
    { char: '👨‍🏭', fitzpatrick_scale: true, weight: 2000 },
    { char: '👩‍💼', fitzpatrick_scale: true, weight: 2000 },
    { char: '👨‍💼', fitzpatrick_scale: true, weight: 2000 },
    { char: '⛑', fitzpatrick_scale: false, weight: 2000 }
  ],
  'labor' => [
    { char: '👷‍♀️', fitzpatrick_scale: true, weight: 2000 },
    { char: '👷', fitzpatrick_scale: true, weight: 2000 }
  ],
  'uk' => [
    { char: '💂‍♀️', fitzpatrick_scale: true, weight: 2000 },
    { char: '💂', fitzpatrick_scale: true, weight: 2000 },
    { char: '💷', fitzpatrick_scale: false, weight: 2000 },
    { char: '🇬🇧', fitzpatrick_scale: false, weight: 2000 }
  ],
  'gb' => [
    { char: '💂‍♀️', fitzpatrick_scale: true, weight: 2000 },
    { char: '💂', fitzpatrick_scale: true, weight: 2000 }
  ],
  'british' => [
    { char: '💂‍♀️', fitzpatrick_scale: true, weight: 2000 },
    { char: '💂', fitzpatrick_scale: true, weight: 2000 },
    { char: '🍵', fitzpatrick_scale: false, weight: 2000 },
    { char: '💷', fitzpatrick_scale: false, weight: 2000 },
    { char: '🇮🇴', fitzpatrick_scale: false, weight: 2000 },
    { char: '🇻🇬', fitzpatrick_scale: false, weight: 2000 },
    { char: '🇬🇧', fitzpatrick_scale: false, weight: 2000 }
  ],
  'royal' => [
    { char: '💂‍♀️', fitzpatrick_scale: true, weight: 2000 },
    { char: '💂', fitzpatrick_scale: true, weight: 2000 },
    { char: '👸', fitzpatrick_scale: true, weight: 2000 },
    { char: '🤴', fitzpatrick_scale: true, weight: 2000 }
  ],
  'spy' => [
    { char: '🕵️‍♀️', fitzpatrick_scale: true, weight: 2000 },
    { char: '🕵', fitzpatrick_scale: true, weight: 2000 }
  ],
  'detective' => [
    { char: '🕵️‍♀️', fitzpatrick_scale: true, weight: 2000 },
    { char: '🕵', fitzpatrick_scale: true, weight: 2000 },
    { char: '🔍', fitzpatrick_scale: false, weight: 2000 },
    { char: '🔎', fitzpatrick_scale: false, weight: 2000 }
  ],
  'doctor' => [
    { char: '👩‍⚕️', fitzpatrick_scale: true, weight: 2000 },
    { char: '👨‍⚕️', fitzpatrick_scale: true, weight: 2000 },
    { char: '🥼', fitzpatrick_scale: false, weight: 2000 },
    { char: '🏥', fitzpatrick_scale: false, weight: 2000 },
    { char: '💊', fitzpatrick_scale: false, weight: 2000 },
    { char: '💉', fitzpatrick_scale: false, weight: 2000 }
  ],
  'nurse' => [
    { char: '👩‍⚕️', fitzpatrick_scale: true, weight: 2000 },
    { char: '👨‍⚕️', fitzpatrick_scale: true, weight: 2000 },
    { char: '💉', fitzpatrick_scale: false, weight: 2000 }
  ],
  'therapist' => [
    { char: '👩‍⚕️', fitzpatrick_scale: true, weight: 2000 },
    { char: '👨‍⚕️', fitzpatrick_scale: true, weight: 2000 }
  ],
  'healthcare' => [
    { char: '👩‍⚕️', fitzpatrick_scale: true, weight: 2000 },
    { char: '👨‍⚕️', fitzpatrick_scale: true, weight: 2000 }
  ],
  'health' => [
    { char: '👩‍⚕️', fitzpatrick_scale: true, weight: 2000 },
    { char: '👨‍⚕️', fitzpatrick_scale: true, weight: 2000 },
    { char: '🚑', fitzpatrick_scale: false, weight: 2000 },
    { char: '🏥', fitzpatrick_scale: false, weight: 2000 },
    { char: '💊', fitzpatrick_scale: false, weight: 2000 },
    { char: '💉', fitzpatrick_scale: false, weight: 2000 }
  ],
  'rancher' => [
    { char: '👩‍🌾', fitzpatrick_scale: true, weight: 2000 },
    { char: '👨‍🌾', fitzpatrick_scale: true, weight: 2000 }
  ],
  'gardener' => [
    { char: '👩‍🌾', fitzpatrick_scale: true, weight: 2000 },
    { char: '👨‍🌾', fitzpatrick_scale: true, weight: 2000 }
  ],
  'farmer' => [
    { char: '👩‍🌾', fitzpatrick_scale: true, weight: 2000 },
    { char: '👨‍🌾', fitzpatrick_scale: true, weight: 2000 }
  ],
  'chef' => [
    { char: '👩‍🍳', fitzpatrick_scale: true, weight: 2000 },
    { char: '👨‍🍳', fitzpatrick_scale: true, weight: 2000 }
  ],
  'cook' => [
    { char: '👩‍🍳', fitzpatrick_scale: true, weight: 2000 },
    { char: '👨‍🍳', fitzpatrick_scale: true, weight: 2000 },
    { char: '🔥', fitzpatrick_scale: false, weight: 2000 },
    { char: '🇨🇰', fitzpatrick_scale: false, weight: 2000 }
  ],
  'graduate' => [
    { char: '👩‍🎓', fitzpatrick_scale: true, weight: 2000 },
    { char: '👨‍🎓', fitzpatrick_scale: true, weight: 2000 }
  ],
  'student' => [
    { char: '👩‍🎓', fitzpatrick_scale: true, weight: 2000 },
    { char: '👨‍🎓', fitzpatrick_scale: true, weight: 2000 },
    { char: '🎒', fitzpatrick_scale: false, weight: 2000 },
    { char: '🏫', fitzpatrick_scale: false, weight: 2000 }
  ],
  'rockstar' => [
    { char: '👩‍🎤', fitzpatrick_scale: true, weight: 2000 },
    { char: '👨‍🎤', fitzpatrick_scale: true, weight: 2000 }
  ],
  'entertainer' => [
    { char: '👩‍🎤', fitzpatrick_scale: true, weight: 2000 },
    { char: '👨‍🎤', fitzpatrick_scale: true, weight: 2000 }
  ],
  'singer' => [
    { char: '👩‍🎤', fitzpatrick_scale: true, weight: 2000 },
    { char: '👨‍🎤', fitzpatrick_scale: true, weight: 2000 }
  ],
  'instructor' => [
    { char: '👩‍🏫', fitzpatrick_scale: true, weight: 2000 },
    { char: '👨‍🏫', fitzpatrick_scale: true, weight: 2000 }
  ],
  'professor' => [
    { char: '👩‍🏫', fitzpatrick_scale: true, weight: 2000 },
    { char: '👨‍🏫', fitzpatrick_scale: true, weight: 2000 }
  ],
  'teacher' => [
    { char: '👩‍🏫', fitzpatrick_scale: true, weight: 2000 },
    { char: '👨‍🏫', fitzpatrick_scale: true, weight: 2000 }
  ],
  'assembly' => [
    { char: '👩‍🏭', fitzpatrick_scale: true, weight: 2000 },
    { char: '👨‍🏭', fitzpatrick_scale: true, weight: 2000 }
  ],
  'industrial' => [
    { char: '👩‍🏭', fitzpatrick_scale: true, weight: 2000 },
    { char: '👨‍🏭', fitzpatrick_scale: true, weight: 2000 }
  ],
  'factory' => [
    { char: '👩‍🏭', fitzpatrick_scale: true, weight: 2000 },
    { char: '👨‍🏭', fitzpatrick_scale: true, weight: 2000 }
  ],
  'coder' => [
    { char: '👩‍💻', fitzpatrick_scale: true, weight: 2000 },
    { char: '👨‍💻', fitzpatrick_scale: true, weight: 2000 }
  ],
  'developer' => [
    { char: '👩‍💻', fitzpatrick_scale: true, weight: 2000 },
    { char: '👨‍💻', fitzpatrick_scale: true, weight: 2000 }
  ],
  'engineer' => [
    { char: '👩‍💻', fitzpatrick_scale: true, weight: 2000 },
    { char: '👨‍💻', fitzpatrick_scale: true, weight: 2000 },
    { char: '👩‍🔬', fitzpatrick_scale: true, weight: 2000 },
    { char: '👨‍🔬', fitzpatrick_scale: true, weight: 2000 }
  ],
  'programmer' => [
    { char: '👩‍💻', fitzpatrick_scale: true, weight: 2000 },
    { char: '👨‍💻', fitzpatrick_scale: true, weight: 2000 }
  ],
  'software' => [
    { char: '👩‍💻', fitzpatrick_scale: true, weight: 2000 },
    { char: '👨‍💻', fitzpatrick_scale: true, weight: 2000 }
  ],
  'laptop' => [
    { char: '👩‍💻', fitzpatrick_scale: true, weight: 2000 },
    { char: '👨‍💻', fitzpatrick_scale: true, weight: 2000 },
    { char: '💻', fitzpatrick_scale: false, weight: 2000 }
  ],
  'technologist' => [
    { char: '👩‍💻', fitzpatrick_scale: true, weight: 2000 },
    { char: '👨‍💻', fitzpatrick_scale: true, weight: 2000 }
  ],
  'business' => [
    { char: '👩‍💼', fitzpatrick_scale: true, weight: 2000 },
    { char: '👨‍💼', fitzpatrick_scale: true, weight: 2000 },
    { char: '👔', fitzpatrick_scale: false, weight: 2000 },
    { char: '💼', fitzpatrick_scale: false, weight: 2000 },
    { char: '⛳', fitzpatrick_scale: false, weight: 2000 },
    { char: '🏌️‍♀️', fitzpatrick_scale: false, weight: 2000 },
    { char: '🏌', fitzpatrick_scale: true, weight: 2000 },
    { char: '🕴', fitzpatrick_scale: true, weight: 2000 },
    { char: '🏦', fitzpatrick_scale: false, weight: 2000 },
    { char: '📈', fitzpatrick_scale: false, weight: 2000 },
    { char: '📉', fitzpatrick_scale: false, weight: 2000 },
    { char: '📇', fitzpatrick_scale: false, weight: 2000 },
    { char: '🗃', fitzpatrick_scale: false, weight: 2000 },
    { char: '📁', fitzpatrick_scale: false, weight: 2000 },
    { char: '🗂', fitzpatrick_scale: false, weight: 2000 },
    { char: '〽️', fitzpatrick_scale: false, weight: 2000 }
  ],
  'manager' => [
    { char: '👩‍💼', fitzpatrick_scale: true, weight: 2000 },
    { char: '👨‍💼', fitzpatrick_scale: true, weight: 2000 }
  ],
  'office' => [
    { char: '👩‍💼', fitzpatrick_scale: true, weight: 2000 },
    { char: '👨‍💼', fitzpatrick_scale: true, weight: 2000 },
    { char: '🏣', fitzpatrick_scale: false, weight: 2000 },
    { char: '🏤', fitzpatrick_scale: false, weight: 2000 },
    { char: '📃', fitzpatrick_scale: false, weight: 2000 },
    { char: '📄', fitzpatrick_scale: false, weight: 2000 },
    { char: '📁', fitzpatrick_scale: false, weight: 2000 }
  ],
  'plumber' => [
    { char: '👩‍🔧', fitzpatrick_scale: true, weight: 2000 },
    { char: '👨‍🔧', fitzpatrick_scale: true, weight: 2000 }
  ],
  'wrench' => [
    { char: '👩‍🔧', fitzpatrick_scale: true, weight: 2000 },
    { char: '👨‍🔧', fitzpatrick_scale: true, weight: 2000 },
    { char: '🛠', fitzpatrick_scale: false, weight: 2000 }
  ],
  'mechanic' => [
    { char: '👩‍🔧', fitzpatrick_scale: true, weight: 2000 },
    { char: '👨‍🔧', fitzpatrick_scale: true, weight: 2000 },
    { char: '🧰', fitzpatrick_scale: false, weight: 2000 }
  ],
  'biologist' => [
    { char: '👩‍🔬', fitzpatrick_scale: true, weight: 2000 },
    { char: '👨‍🔬', fitzpatrick_scale: true, weight: 2000 },
    { char: '🧬', fitzpatrick_scale: false, weight: 2000 }
  ],
  'chemist' => [
    { char: '👩‍🔬', fitzpatrick_scale: true, weight: 2000 },
    { char: '👨‍🔬', fitzpatrick_scale: true, weight: 2000 },
    { char: '🥼', fitzpatrick_scale: false, weight: 2000 }
  ],
  'physicist' => [
    { char: '👩‍🔬', fitzpatrick_scale: true, weight: 2000 },
    { char: '👨‍🔬', fitzpatrick_scale: true, weight: 2000 }
  ],
  'scientist' => [
    { char: '👩‍🔬', fitzpatrick_scale: true, weight: 2000 },
    { char: '👨‍🔬', fitzpatrick_scale: true, weight: 2000 },
    { char: '🥼', fitzpatrick_scale: false, weight: 2000 }
  ],
  'painter' => [
    { char: '👩‍🎨', fitzpatrick_scale: true, weight: 2000 },
    { char: '👨‍🎨', fitzpatrick_scale: true, weight: 2000 }
  ],
  'artist' => [
    { char: '👩‍🎨', fitzpatrick_scale: true, weight: 2000 },
    { char: '👨‍🎨', fitzpatrick_scale: true, weight: 2000 },
    { char: '🎙', fitzpatrick_scale: false, weight: 2000 }
  ],
  'fireman' => [
    { char: '👩‍🚒', fitzpatrick_scale: true, weight: 2000 },
    { char: '👨‍🚒', fitzpatrick_scale: true, weight: 2000 }
  ],
  'firefighter' => [
    { char: '👩‍🚒', fitzpatrick_scale: true, weight: 2000 },
    { char: '👨‍🚒', fitzpatrick_scale: true, weight: 2000 }
  ],
  'aviator' => [
    { char: '👩‍✈️', fitzpatrick_scale: true, weight: 2000 },
    { char: '👨‍✈️', fitzpatrick_scale: true, weight: 2000 }
  ],
  'plane' => [
    { char: '👩‍✈️', fitzpatrick_scale: true, weight: 2000 },
    { char: '👨‍✈️', fitzpatrick_scale: true, weight: 2000 }
  ],
  'pilot' => [
    { char: '👩‍✈️', fitzpatrick_scale: true, weight: 2000 },
    { char: '👨‍✈️', fitzpatrick_scale: true, weight: 2000 }
  ],
  'rocket' => [
    { char: '👩‍🚀', fitzpatrick_scale: true, weight: 2000 },
    { char: '👨‍🚀', fitzpatrick_scale: true, weight: 2000 }
  ],
  'astronaut' => [
    { char: '👩‍🚀', fitzpatrick_scale: true, weight: 2000 },
    { char: '👨‍🚀', fitzpatrick_scale: true, weight: 2000 }
  ],
  'justice' => [
    { char: '👩‍⚖️', fitzpatrick_scale: true, weight: 2000 },
    { char: '👨‍⚖️', fitzpatrick_scale: true, weight: 2000 }
  ],
  'court' => [
    { char: '👩‍⚖️', fitzpatrick_scale: true, weight: 2000 },
    { char: '👨‍⚖️', fitzpatrick_scale: true, weight: 2000 }
  ],
  'judge' => [
    { char: '👩‍⚖️', fitzpatrick_scale: true, weight: 2000 },
    { char: '👨‍⚖️', fitzpatrick_scale: true, weight: 2000 }
  ],
  'heroine' => [
    { char: '🦸‍♀️', fitzpatrick_scale: true, weight: 2000 },
    { char: '🦹‍♀️', fitzpatrick_scale: true, weight: 2000 }
  ],
  'superpowers' => [
    { char: '🦸‍♀️', fitzpatrick_scale: true, weight: 2000 },
    { char: '🦸‍♂️', fitzpatrick_scale: true, weight: 2000 },
    { char: '🦹‍♀️', fitzpatrick_scale: true, weight: 2000 },
    { char: '🦹‍♂️', fitzpatrick_scale: true, weight: 2000 }
  ],
  'superhero' => [
    { char: '🦸‍♀️', fitzpatrick_scale: true, weight: 2000 },
    { char: '🦸‍♂️', fitzpatrick_scale: true, weight: 2000 }
  ],
  'hero' => [
    { char: '🦸‍♂️', fitzpatrick_scale: true, weight: 2000 },
    { char: '🦹‍♂️', fitzpatrick_scale: true, weight: 2000 }
  ],
  'bad' => [
    { char: '🦹‍♀️', fitzpatrick_scale: true, weight: 2000 },
    { char: '🦹‍♂️', fitzpatrick_scale: true, weight: 2000 },
    { char: '📉', fitzpatrick_scale: false, weight: 2000 },
    { char: '⛔', fitzpatrick_scale: false, weight: 2000 },
    { char: '〽️', fitzpatrick_scale: false, weight: 2000 }
  ],
  'criminal' => [
    { char: '🦹‍♀️', fitzpatrick_scale: true, weight: 2000 },
    { char: '🦹‍♂️', fitzpatrick_scale: true, weight: 2000 }
  ],
  'supervillain' => [
    { char: '🦹‍♀️', fitzpatrick_scale: true, weight: 2000 },
    { char: '🦹‍♂️', fitzpatrick_scale: true, weight: 2000 }
  ],
  'xmas' => [
    { char: '🤶', fitzpatrick_scale: true, weight: 2000 },
    { char: '🎅', fitzpatrick_scale: true, weight: 2000 },
    { char: '🎄', fitzpatrick_scale: false, weight: 2000 },
    { char: '❄️', fitzpatrick_scale: false, weight: 2000 },
    { char: '⛄', fitzpatrick_scale: false, weight: 2000 },
    { char: '☃', fitzpatrick_scale: false, weight: 2000 },
    { char: '🎁', fitzpatrick_scale: false, weight: 2000 },
    { char: '🔔', fitzpatrick_scale: false, weight: 2000 }
  ],
  'mother christmas' => [ { char: '🤶', fitzpatrick_scale: true, weight: 2000 } ],
  'mother' => [
    { char: '🤶', fitzpatrick_scale: true, weight: 2000 },
    { char: '👪', fitzpatrick_scale: false, weight: 2000 }
  ],
  'christmas' => [
    { char: '🤶', fitzpatrick_scale: true, weight: 2000 },
    { char: '🎅', fitzpatrick_scale: true, weight: 2000 },
    { char: '🎄', fitzpatrick_scale: false, weight: 2000 },
    { char: '❄️', fitzpatrick_scale: false, weight: 2000 },
    { char: '⛄', fitzpatrick_scale: false, weight: 2000 },
    { char: '☃', fitzpatrick_scale: false, weight: 2000 },
    { char: '🎁', fitzpatrick_scale: false, weight: 2000 },
    { char: '🔔', fitzpatrick_scale: false, weight: 2000 },
    { char: '🇨🇽', fitzpatrick_scale: false, weight: 2000 }
  ],
  'mrs' => [ { char: '🤶', fitzpatrick_scale: true, weight: 2000 } ],
  'claus' => [ { char: '🤶', fitzpatrick_scale: true, weight: 2000 } ],
  'festival' => [
    { char: '🎅', fitzpatrick_scale: true, weight: 2000 },
    { char: '🎄', fitzpatrick_scale: false, weight: 2000 },
    { char: '🎪', fitzpatrick_scale: false, weight: 2000 },
    { char: '🎆', fitzpatrick_scale: false, weight: 2000 },
    { char: '🎊', fitzpatrick_scale: false, weight: 2000 }
  ],
  'father christmas' => [ { char: '🎅', fitzpatrick_scale: true, weight: 2000 } ],
  'mage' => [
    { char: '🧙‍♀️', fitzpatrick_scale: true, weight: 2000 },
    { char: '🧙‍♂️', fitzpatrick_scale: true, weight: 2000 }
  ],
  'witch' => [
    { char: '🧙‍♀️', fitzpatrick_scale: true, weight: 2000 },
    { char: '🧹', fitzpatrick_scale: false, weight: 2000 }
  ],
  'sorcerer' => [ { char: '🧙‍♂️', fitzpatrick_scale: true, weight: 2000 } ],
  'elf' => [
    { char: '🧝‍♀️', fitzpatrick_scale: true, weight: 2000 },
    { char: '🧝‍♂️', fitzpatrick_scale: true, weight: 2000 }
  ],
  'vampire' => [
    { char: '🧛‍♀️', fitzpatrick_scale: true, weight: 2000 },
    { char: '🧛‍♂️', fitzpatrick_scale: true, weight: 2000 },
    { char: '🦇', fitzpatrick_scale: false, weight: 2000 },
    { char: '⚰', fitzpatrick_scale: false, weight: 2000 }
  ],
  'dracula' => [
    { char: '🧛‍♂️', fitzpatrick_scale: true, weight: 2000 },
    { char: '🧟‍♂️', fitzpatrick_scale: false, weight: 2000 }
  ],
  'undead' => [
    { char: '🧟‍♀️', fitzpatrick_scale: false, weight: 2000 },
    { char: '🧟‍♂️', fitzpatrick_scale: false, weight: 2000 }
  ],
  'walking dead' => [
    { char: '🧟‍♀️', fitzpatrick_scale: false, weight: 2000 },
    { char: '🧟‍♂️', fitzpatrick_scale: false, weight: 2000 }
  ],
  'walking' => [
    { char: '🧟‍♀️', fitzpatrick_scale: false, weight: 2000 },
    { char: '🧟‍♂️', fitzpatrick_scale: false, weight: 2000 },
    { char: '🏃‍♀️', fitzpatrick_scale: true, weight: 2000 },
    { char: '🏃', fitzpatrick_scale: true, weight: 2000 },
    { char: '🚶‍♀️', fitzpatrick_scale: true, weight: 2000 },
    { char: '🚶', fitzpatrick_scale: true, weight: 2000 },
    { char: '👣', fitzpatrick_scale: false, weight: 2000 },
    { char: '🚷', fitzpatrick_scale: false, weight: 2000 }
  ],
  'zombie' => [
    { char: '🧟‍♀️', fitzpatrick_scale: false, weight: 2000 },
    { char: '🧟‍♂️', fitzpatrick_scale: false, weight: 2000 }
  ],
  'genie' => [
    { char: '🧞‍♀️', fitzpatrick_scale: false, weight: 2000 },
    { char: '🧞‍♂️', fitzpatrick_scale: false, weight: 2000 }
  ],
  'merwoman' => [ { char: '🧜‍♀️', fitzpatrick_scale: true, weight: 2000 } ],
  'ariel' => [ { char: '🧜‍♀️', fitzpatrick_scale: true, weight: 2000 } ],
  'triton' => [ { char: '🧜‍♂️', fitzpatrick_scale: true, weight: 2000 } ],
  'fairy' => [
    { char: '🧚‍♀️', fitzpatrick_scale: true, weight: 2000 },
    { char: '🧚‍♂️', fitzpatrick_scale: true, weight: 2000 }
  ],
  'wings' => [
    { char: '👼', fitzpatrick_scale: true, weight: 2000 },
    { char: '💸', fitzpatrick_scale: false, weight: 2000 }
  ],
  'baby' => [
    { char: '🤰', fitzpatrick_scale: true, weight: 2000 },
    { char: '🤱', fitzpatrick_scale: true, weight: 2000 },
    { char: '🐤', fitzpatrick_scale: false, weight: 2000 },
    { char: '🐣', fitzpatrick_scale: false, weight: 2000 },
    { char: '🐥', fitzpatrick_scale: false, weight: 2000 },
    { char: '🍼', fitzpatrick_scale: false, weight: 2000 },
    { char: '🚼', fitzpatrick_scale: false, weight: 2000 }
  ],
  'pregnant' => [ { char: '🤰', fitzpatrick_scale: true, weight: 2000 } ],
  'nursing' => [ { char: '🤱', fitzpatrick_scale: true, weight: 2000 } ],
  'blond' => [ { char: '👸', fitzpatrick_scale: true, weight: 2000 } ],
  'crown' => [
    { char: '👸', fitzpatrick_scale: true, weight: 2000 },
    { char: '🤴', fitzpatrick_scale: true, weight: 2000 }
  ],
  'queen' => [ { char: '👸', fitzpatrick_scale: true, weight: 2000 } ],
  'king' => [
    { char: '🤴', fitzpatrick_scale: true, weight: 2000 },
    { char: '👑', fitzpatrick_scale: false, weight: 2000 },
    { char: '🍔', fitzpatrick_scale: false, weight: 2000 }
  ],
  'couple' => [
    { char: '👰', fitzpatrick_scale: true, weight: 2000 },
    { char: '🤵', fitzpatrick_scale: true, weight: 2000 },
    { char: '👬', fitzpatrick_scale: false, weight: 2000 },
    { char: '👭', fitzpatrick_scale: false, weight: 2000 },
    { char: '💑', fitzpatrick_scale: false, weight: 2000 },
    { char: '👩‍❤️‍👩', fitzpatrick_scale: false, weight: 2000 },
    { char: '👨‍❤️‍👨', fitzpatrick_scale: false, weight: 2000 },
    { char: '💒', fitzpatrick_scale: false, weight: 2000 }
  ],
  'marriage' => [
    { char: '👰', fitzpatrick_scale: true, weight: 2000 },
    { char: '🤵', fitzpatrick_scale: true, weight: 2000 },
    { char: '👫', fitzpatrick_scale: false, weight: 2000 },
    { char: '💑', fitzpatrick_scale: false, weight: 2000 },
    { char: '👩‍❤️‍👩', fitzpatrick_scale: false, weight: 2000 },
    { char: '👨‍❤️‍👨', fitzpatrick_scale: false, weight: 2000 },
    { char: '💏', fitzpatrick_scale: false, weight: 2000 },
    { char: '👩‍❤️‍💋‍👩', fitzpatrick_scale: false, weight: 2000 },
    { char: '👨‍❤️‍💋‍👨', fitzpatrick_scale: false, weight: 2000 },
    { char: '💍', fitzpatrick_scale: false, weight: 2000 },
    { char: '💒', fitzpatrick_scale: false, weight: 2000 }
  ],
  'wedding' => [
    { char: '👰', fitzpatrick_scale: true, weight: 2000 },
    { char: '🤵', fitzpatrick_scale: true, weight: 2000 },
    { char: '💍', fitzpatrick_scale: false, weight: 2000 }
  ],
  'bride' => [
    { char: '👰', fitzpatrick_scale: true, weight: 2000 },
    { char: '💒', fitzpatrick_scale: false, weight: 2000 }
  ],
  'veil' => [ { char: '👰', fitzpatrick_scale: true, weight: 2000 } ],
  'groom' => [
    { char: '🤵', fitzpatrick_scale: true, weight: 2000 },
    { char: '💒', fitzpatrick_scale: false, weight: 2000 }
  ],
  'tuxedo' => [ { char: '🤵', fitzpatrick_scale: true, weight: 2000 } ],
  'race' => [
    { char: '🏃‍♀️', fitzpatrick_scale: true, weight: 2000 },
    { char: '🏃', fitzpatrick_scale: true, weight: 2000 },
    { char: '🚵‍♀️', fitzpatrick_scale: true, weight: 2000 },
    { char: '🚵', fitzpatrick_scale: true, weight: 2000 },
    { char: '🏎', fitzpatrick_scale: false, weight: 2000 },
    { char: '🏍', fitzpatrick_scale: false, weight: 2000 },
    { char: '🏁', fitzpatrick_scale: false, weight: 2000 }
  ],
  'running' => [
    { char: '🏃‍♀️', fitzpatrick_scale: true, weight: 2000 },
    { char: '🏃', fitzpatrick_scale: true, weight: 2000 },
    { char: '🎽', fitzpatrick_scale: false, weight: 2000 }
  ],
  'feet' => [
    { char: '🚶‍♀️', fitzpatrick_scale: true, weight: 2000 },
    { char: '🚶', fitzpatrick_scale: true, weight: 2000 },
    { char: '👣', fitzpatrick_scale: false, weight: 2000 },
    { char: '🐾', fitzpatrick_scale: false, weight: 2000 }
  ],
  'steps' => [
    { char: '🚶‍♀️', fitzpatrick_scale: true, weight: 2000 },
    { char: '🚶', fitzpatrick_scale: true, weight: 2000 }
  ],
  'fun' => [
    { char: '💃', fitzpatrick_scale: true, weight: 2000 },
    { char: '🕺', fitzpatrick_scale: true, weight: 2000 },
    { char: '🎳', fitzpatrick_scale: false, weight: 2000 },
    { char: '🎢', fitzpatrick_scale: false, weight: 2000 }
  ],
  'dancer' => [ { char: '🕺', fitzpatrick_scale: true, weight: 2000 } ],
  'dancing' => [
    { char: '🕺', fitzpatrick_scale: true, weight: 2000 },
    { char: '👯', fitzpatrick_scale: false, weight: 2000 },
    { char: '👯‍♂️', fitzpatrick_scale: false, weight: 2000 }
  ],
  'bunny' => [
    { char: '👯', fitzpatrick_scale: false, weight: 2000 },
    { char: '👯‍♂️', fitzpatrick_scale: false, weight: 2000 },
    { char: '🐰', fitzpatrick_scale: false, weight: 2000 }
  ],
  'boys' => [ { char: '👯‍♂️', fitzpatrick_scale: false, weight: 2000 } ],
  'pair' => [
    { char: '👫', fitzpatrick_scale: false, weight: 2000 },
    { char: '👬', fitzpatrick_scale: false, weight: 2000 },
    { char: '👭', fitzpatrick_scale: false, weight: 2000 },
    { char: '💑', fitzpatrick_scale: false, weight: 2000 },
    { char: '👩‍❤️‍👩', fitzpatrick_scale: false, weight: 2000 },
    { char: '👨‍❤️‍👨', fitzpatrick_scale: false, weight: 2000 },
    { char: '💏', fitzpatrick_scale: false, weight: 2000 },
    { char: '👩‍❤️‍💋‍👩', fitzpatrick_scale: false, weight: 2000 },
    { char: '👨‍❤️‍💋‍👨', fitzpatrick_scale: false, weight: 2000 }
  ],
  'people' => [
    { char: '👫', fitzpatrick_scale: false, weight: 2000 },
    { char: '👬', fitzpatrick_scale: false, weight: 2000 },
    { char: '👭', fitzpatrick_scale: false, weight: 2000 },
    { char: '👪', fitzpatrick_scale: false, weight: 2000 },
    { char: '👨‍👩‍👧', fitzpatrick_scale: false, weight: 2000 },
    { char: '👨‍👩‍👧‍👦', fitzpatrick_scale: false, weight: 2000 },
    { char: '👨‍👩‍👦‍👦', fitzpatrick_scale: false, weight: 2000 },
    { char: '👨‍👩‍👧‍👧', fitzpatrick_scale: false, weight: 2000 },
    { char: '👩‍👩‍👦', fitzpatrick_scale: false, weight: 2000 },
    { char: '👩‍👩‍👧', fitzpatrick_scale: false, weight: 2000 },
    { char: '👩‍👩‍👧‍👦', fitzpatrick_scale: false, weight: 2000 },
    { char: '👩‍👩‍👦‍👦', fitzpatrick_scale: false, weight: 2000 },
    { char: '👩‍👩‍👧‍👧', fitzpatrick_scale: false, weight: 2000 },
    { char: '👨‍👨‍👦', fitzpatrick_scale: false, weight: 2000 },
    { char: '👨‍👨‍👧', fitzpatrick_scale: false, weight: 2000 },
    { char: '👨‍👨‍👧‍👦', fitzpatrick_scale: false, weight: 2000 },
    { char: '👨‍👨‍👦‍👦', fitzpatrick_scale: false, weight: 2000 },
    { char: '👨‍👨‍👧‍👧', fitzpatrick_scale: false, weight: 2000 },
    { char: '👩‍👦', fitzpatrick_scale: false, weight: 2000 },
    { char: '👩‍👧', fitzpatrick_scale: false, weight: 2000 },
    { char: '👩‍👧‍👦', fitzpatrick_scale: false, weight: 2000 },
    { char: '👩‍👦‍👦', fitzpatrick_scale: false, weight: 2000 },
    { char: '👩‍👧‍👧', fitzpatrick_scale: false, weight: 2000 },
    { char: '👨‍👦', fitzpatrick_scale: false, weight: 2000 },
    { char: '👨‍👧', fitzpatrick_scale: false, weight: 2000 },
    { char: '👨‍👧‍👦', fitzpatrick_scale: false, weight: 2000 },
    { char: '👨‍👦‍👦', fitzpatrick_scale: false, weight: 2000 },
    { char: '👨‍👧‍👧', fitzpatrick_scale: false, weight: 2000 }
  ],
  'date' => [
    { char: '👫', fitzpatrick_scale: false, weight: 2000 },
    { char: '📆', fitzpatrick_scale: false, weight: 2000 },
    { char: '🗓', fitzpatrick_scale: false, weight: 2000 }
  ],
  'dating' => [
    { char: '👫', fitzpatrick_scale: false, weight: 2000 },
    { char: '💑', fitzpatrick_scale: false, weight: 2000 },
    { char: '👩‍❤️‍👩', fitzpatrick_scale: false, weight: 2000 },
    { char: '👨‍❤️‍👨', fitzpatrick_scale: false, weight: 2000 },
    { char: '💏', fitzpatrick_scale: false, weight: 2000 },
    { char: '👩‍❤️‍💋‍👩', fitzpatrick_scale: false, weight: 2000 },
    { char: '👨‍❤️‍💋‍👨', fitzpatrick_scale: false, weight: 2000 },
    { char: '🏩', fitzpatrick_scale: false, weight: 2000 }
  ],
  'bromance' => [ { char: '👬', fitzpatrick_scale: false, weight: 2000 } ],
  'friendship' => [
    { char: '👬', fitzpatrick_scale: false, weight: 2000 },
    { char: '👭', fitzpatrick_scale: false, weight: 2000 }
  ],
  'holding' => [
    { char: '👬', fitzpatrick_scale: false, weight: 2000 },
    { char: '👭', fitzpatrick_scale: false, weight: 2000 }
  ],
  'bowing' => [
    { char: '🙇‍♀️', fitzpatrick_scale: true, weight: 2000 },
    { char: '🙇', fitzpatrick_scale: true, weight: 2000 }
  ],
  'facepalming' => [
    { char: '🤦‍♂️', fitzpatrick_scale: true, weight: 2000 },
    { char: '🤦‍♀️', fitzpatrick_scale: true, weight: 2000 }
  ],
  'doubt' => [
    { char: '🤷', fitzpatrick_scale: true, weight: 2000 },
    { char: '🤷‍♂️', fitzpatrick_scale: true, weight: 2000 },
    { char: '❓', fitzpatrick_scale: false, weight: 2000 }
  ],
  'shrugging' => [
    { char: '🤷', fitzpatrick_scale: true, weight: 2000 },
    { char: '🤷‍♂️', fitzpatrick_scale: true, weight: 2000 }
  ],
  'information' => [
    { char: '💁', fitzpatrick_scale: true, weight: 2000 },
    { char: '💁‍♂️', fitzpatrick_scale: true, weight: 2000 },
    { char: '📄', fitzpatrick_scale: false, weight: 2000 },
    { char: 'ℹ️', fitzpatrick_scale: false, weight: 2000 }
  ],
  'tipping' => [
    { char: '💁', fitzpatrick_scale: true, weight: 2000 },
    { char: '💁‍♂️', fitzpatrick_scale: true, weight: 2000 }
  ],
  'nope' => [
    { char: '🙅', fitzpatrick_scale: true, weight: 2000 },
    { char: '🙅‍♂️', fitzpatrick_scale: true, weight: 2000 }
  ],
  'pink' => [
    { char: '🙆', fitzpatrick_scale: true, weight: 2000 },
    { char: '🍥', fitzpatrick_scale: false, weight: 2000 },
    { char: '🎀', fitzpatrick_scale: false, weight: 2000 },
    { char: '💓', fitzpatrick_scale: false, weight: 2000 },
    { char: '💗', fitzpatrick_scale: false, weight: 2000 },
    { char: '🈹', fitzpatrick_scale: false, weight: 2000 }
  ],
  'raising' => [
    { char: '🙋', fitzpatrick_scale: true, weight: 2000 },
    { char: '🙋‍♂️', fitzpatrick_scale: true, weight: 2000 }
  ],
  'discouraged' => [
    { char: '🙍', fitzpatrick_scale: true, weight: 2000 },
    { char: '🙍‍♂️', fitzpatrick_scale: true, weight: 2000 }
  ],
  'unhappy' => [
    { char: '🙍', fitzpatrick_scale: true, weight: 2000 },
    { char: '🙍‍♂️', fitzpatrick_scale: true, weight: 2000 }
  ],
  'haircut' => [
    { char: '💇', fitzpatrick_scale: true, weight: 2000 },
    { char: '💇‍♂️', fitzpatrick_scale: true, weight: 2000 }
  ],
  'spa' => [
    { char: '🧖‍♀️', fitzpatrick_scale: true, weight: 2000 },
    { char: '🧖‍♂️', fitzpatrick_scale: true, weight: 2000 }
  ],
  'steamroom' => [
    { char: '🧖‍♀️', fitzpatrick_scale: true, weight: 2000 },
    { char: '🧖‍♂️', fitzpatrick_scale: true, weight: 2000 }
  ],
  'sauna' => [
    { char: '🧖‍♀️', fitzpatrick_scale: true, weight: 2000 },
    { char: '🧖‍♂️', fitzpatrick_scale: true, weight: 2000 }
  ],
  'steamy' => [
    { char: '🧖‍♀️', fitzpatrick_scale: true, weight: 2000 },
    { char: '🧖‍♂️', fitzpatrick_scale: true, weight: 2000 }
  ],
  'room' => [
    { char: '🧖‍♀️', fitzpatrick_scale: true, weight: 2000 },
    { char: '🧖‍♂️', fitzpatrick_scale: true, weight: 2000 }
  ],
  'couplekiss' => [
    { char: '💏', fitzpatrick_scale: false, weight: 2000 },
    { char: '👩‍❤️‍💋‍👩', fitzpatrick_scale: false, weight: 2000 },
    { char: '👨‍❤️‍💋‍👨', fitzpatrick_scale: false, weight: 2000 }
  ],
  'home' => [
    { char: '👪', fitzpatrick_scale: false, weight: 2000 },
    { char: '👨‍👩‍👧', fitzpatrick_scale: false, weight: 2000 },
    { char: '👨‍👩‍👧‍👦', fitzpatrick_scale: false, weight: 2000 },
    { char: '👨‍👩‍👦‍👦', fitzpatrick_scale: false, weight: 2000 },
    { char: '👨‍👩‍👧‍👧', fitzpatrick_scale: false, weight: 2000 },
    { char: '👩‍👩‍👦', fitzpatrick_scale: false, weight: 2000 },
    { char: '👩‍👩‍👧', fitzpatrick_scale: false, weight: 2000 },
    { char: '👩‍👩‍👧‍👦', fitzpatrick_scale: false, weight: 2000 },
    { char: '👩‍👩‍👦‍👦', fitzpatrick_scale: false, weight: 2000 },
    { char: '👩‍👩‍👧‍👧', fitzpatrick_scale: false, weight: 2000 },
    { char: '👨‍👨‍👦', fitzpatrick_scale: false, weight: 2000 },
    { char: '👨‍👨‍👧', fitzpatrick_scale: false, weight: 2000 },
    { char: '👨‍👨‍👧‍👦', fitzpatrick_scale: false, weight: 2000 },
    { char: '👨‍👨‍👦‍👦', fitzpatrick_scale: false, weight: 2000 },
    { char: '👨‍👨‍👧‍👧', fitzpatrick_scale: false, weight: 2000 },
    { char: '👩‍👦', fitzpatrick_scale: false, weight: 2000 },
    { char: '👩‍👧', fitzpatrick_scale: false, weight: 2000 },
    { char: '👩‍👧‍👦', fitzpatrick_scale: false, weight: 2000 },
    { char: '👩‍👦‍👦', fitzpatrick_scale: false, weight: 2000 },
    { char: '👩‍👧‍👧', fitzpatrick_scale: false, weight: 2000 },
    { char: '👨‍👦', fitzpatrick_scale: false, weight: 2000 },
    { char: '👨‍👧', fitzpatrick_scale: false, weight: 2000 },
    { char: '👨‍👧‍👦', fitzpatrick_scale: false, weight: 2000 },
    { char: '👨‍👦‍👦', fitzpatrick_scale: false, weight: 2000 },
    { char: '👨‍👧‍👧', fitzpatrick_scale: false, weight: 2000 },
    { char: '🏠', fitzpatrick_scale: false, weight: 2000 },
    { char: '🏡', fitzpatrick_scale: false, weight: 2000 }
  ],
  'parents' => [
    { char: '👪', fitzpatrick_scale: false, weight: 2000 },
    { char: '👨‍👩‍👧', fitzpatrick_scale: false, weight: 2000 },
    { char: '👨‍👩‍👧‍👦', fitzpatrick_scale: false, weight: 2000 },
    { char: '👨‍👩‍👦‍👦', fitzpatrick_scale: false, weight: 2000 },
    { char: '👨‍👩‍👧‍👧', fitzpatrick_scale: false, weight: 2000 },
    { char: '👩‍👩‍👦', fitzpatrick_scale: false, weight: 2000 },
    { char: '👩‍👩‍👧', fitzpatrick_scale: false, weight: 2000 },
    { char: '👩‍👩‍👧‍👦', fitzpatrick_scale: false, weight: 2000 },
    { char: '👩‍👩‍👦‍👦', fitzpatrick_scale: false, weight: 2000 },
    { char: '👩‍👩‍👧‍👧', fitzpatrick_scale: false, weight: 2000 },
    { char: '👨‍👨‍👦', fitzpatrick_scale: false, weight: 2000 },
    { char: '👨‍👨‍👧', fitzpatrick_scale: false, weight: 2000 },
    { char: '👨‍👨‍👧‍👦', fitzpatrick_scale: false, weight: 2000 },
    { char: '👨‍👨‍👦‍👦', fitzpatrick_scale: false, weight: 2000 },
    { char: '👨‍👨‍👧‍👧', fitzpatrick_scale: false, weight: 2000 }
  ],
  'mom' => [ { char: '👪', fitzpatrick_scale: false, weight: 2000 } ],
  'family' => [
    { char: '👪', fitzpatrick_scale: false, weight: 2000 },
    { char: '👨‍👩‍👧', fitzpatrick_scale: false, weight: 2000 },
    { char: '👨‍👩‍👧‍👦', fitzpatrick_scale: false, weight: 2000 },
    { char: '👨‍👩‍👦‍👦', fitzpatrick_scale: false, weight: 2000 },
    { char: '👨‍👩‍👧‍👧', fitzpatrick_scale: false, weight: 2000 },
    { char: '👩‍👩‍👦', fitzpatrick_scale: false, weight: 2000 },
    { char: '👩‍👩‍👧', fitzpatrick_scale: false, weight: 2000 },
    { char: '👩‍👩‍👧‍👦', fitzpatrick_scale: false, weight: 2000 },
    { char: '👩‍👩‍👦‍👦', fitzpatrick_scale: false, weight: 2000 },
    { char: '👩‍👩‍👧‍👧', fitzpatrick_scale: false, weight: 2000 },
    { char: '👨‍👨‍👦', fitzpatrick_scale: false, weight: 2000 },
    { char: '👨‍👨‍👧', fitzpatrick_scale: false, weight: 2000 },
    { char: '👨‍👨‍👧‍👦', fitzpatrick_scale: false, weight: 2000 },
    { char: '👨‍👨‍👦‍👦', fitzpatrick_scale: false, weight: 2000 },
    { char: '👨‍👨‍👧‍👧', fitzpatrick_scale: false, weight: 2000 },
    { char: '👩‍👦', fitzpatrick_scale: false, weight: 2000 },
    { char: '👩‍👧', fitzpatrick_scale: false, weight: 2000 },
    { char: '👩‍👧‍👦', fitzpatrick_scale: false, weight: 2000 },
    { char: '👩‍👦‍👦', fitzpatrick_scale: false, weight: 2000 },
    { char: '👩‍👧‍👧', fitzpatrick_scale: false, weight: 2000 },
    { char: '👨‍👦', fitzpatrick_scale: false, weight: 2000 },
    { char: '👨‍👧', fitzpatrick_scale: false, weight: 2000 },
    { char: '👨‍👧‍👦', fitzpatrick_scale: false, weight: 2000 },
    { char: '👨‍👦‍👦', fitzpatrick_scale: false, weight: 2000 },
    { char: '👨‍👧‍👧', fitzpatrick_scale: false, weight: 2000 }
  ],
  'children' => [
    { char: '👨‍👩‍👧‍👦', fitzpatrick_scale: false, weight: 2000 },
    { char: '👨‍👩‍👦‍👦', fitzpatrick_scale: false, weight: 2000 },
    { char: '👨‍👩‍👧‍👧', fitzpatrick_scale: false, weight: 2000 },
    { char: '👩‍👩‍👦', fitzpatrick_scale: false, weight: 2000 },
    { char: '👩‍👩‍👧', fitzpatrick_scale: false, weight: 2000 },
    { char: '👩‍👩‍👧‍👦', fitzpatrick_scale: false, weight: 2000 },
    { char: '👩‍👩‍👦‍👦', fitzpatrick_scale: false, weight: 2000 },
    { char: '👩‍👩‍👧‍👧', fitzpatrick_scale: false, weight: 2000 },
    { char: '👨‍👨‍👦', fitzpatrick_scale: false, weight: 2000 },
    { char: '👨‍👨‍👧', fitzpatrick_scale: false, weight: 2000 },
    { char: '👨‍👨‍👧‍👦', fitzpatrick_scale: false, weight: 2000 },
    { char: '👨‍👨‍👦‍👦', fitzpatrick_scale: false, weight: 2000 },
    { char: '👨‍👨‍👧‍👧', fitzpatrick_scale: false, weight: 2000 },
    { char: '👩‍👧‍👦', fitzpatrick_scale: false, weight: 2000 },
    { char: '👩‍👦‍👦', fitzpatrick_scale: false, weight: 2000 },
    { char: '👩‍👧‍👧', fitzpatrick_scale: false, weight: 2000 },
    { char: '👨‍👧‍👦', fitzpatrick_scale: false, weight: 2000 },
    { char: '👨‍👦‍👦', fitzpatrick_scale: false, weight: 2000 },
    { char: '👨‍👧‍👧', fitzpatrick_scale: false, weight: 2000 },
    { char: '🚸', fitzpatrick_scale: false, weight: 2000 }
  ],
  'parent' => [
    { char: '👩‍👦', fitzpatrick_scale: false, weight: 2000 },
    { char: '👩‍👧', fitzpatrick_scale: false, weight: 2000 },
    { char: '👩‍👧‍👦', fitzpatrick_scale: false, weight: 2000 },
    { char: '👩‍👦‍👦', fitzpatrick_scale: false, weight: 2000 },
    { char: '👩‍👧‍👧', fitzpatrick_scale: false, weight: 2000 },
    { char: '👨‍👦', fitzpatrick_scale: false, weight: 2000 },
    { char: '👨‍👧', fitzpatrick_scale: false, weight: 2000 },
    { char: '👨‍👧‍👦', fitzpatrick_scale: false, weight: 2000 },
    { char: '👨‍👦‍👦', fitzpatrick_scale: false, weight: 2000 },
    { char: '👨‍👧‍👧', fitzpatrick_scale: false, weight: 2000 }
  ],
  'ball' => [
    { char: '🧶', fitzpatrick_scale: false, weight: 2000 },
    { char: '🍙', fitzpatrick_scale: false, weight: 2000 },
    { char: '🥍', fitzpatrick_scale: false, weight: 2000 },
    { char: '🔮', fitzpatrick_scale: false, weight: 2000 },
    { char: '🎊', fitzpatrick_scale: false, weight: 2000 }
  ],
  'crochet' => [ { char: '🧶', fitzpatrick_scale: false, weight: 2000 } ],
  'knit' => [ { char: '🧶', fitzpatrick_scale: false, weight: 2000 } ],
  'needle' => [
    { char: '🧵', fitzpatrick_scale: false, weight: 2000 },
    { char: '💉', fitzpatrick_scale: false, weight: 2000 }
  ],
  'sewing' => [ { char: '🧵', fitzpatrick_scale: false, weight: 2000 } ],
  'spool' => [ { char: '🧵', fitzpatrick_scale: false, weight: 2000 } ],
  'string' => [ { char: '🧵', fitzpatrick_scale: false, weight: 2000 } ],
  'jacket' => [ { char: '🧥', fitzpatrick_scale: false, weight: 2000 } ],
  'experiment' => [
    { char: '🥼', fitzpatrick_scale: false, weight: 2000 },
    { char: '⚗', fitzpatrick_scale: false, weight: 2000 },
    { char: '🔬', fitzpatrick_scale: false, weight: 2000 },
    { char: '🧪', fitzpatrick_scale: false, weight: 2000 }
  ],
  'shopping_bags' => [ { char: '👚', fitzpatrick_scale: false, weight: 2000 } ],
  'shopping' => [
    { char: '👚', fitzpatrick_scale: false, weight: 2000 },
    { char: '👖', fitzpatrick_scale: false, weight: 2000 },
    { char: '👗', fitzpatrick_scale: false, weight: 2000 },
    { char: '👝', fitzpatrick_scale: false, weight: 2000 },
    { char: '👛', fitzpatrick_scale: false, weight: 2000 },
    { char: '👜', fitzpatrick_scale: false, weight: 2000 },
    { char: '🏬', fitzpatrick_scale: false, weight: 2000 },
    { char: '🏪', fitzpatrick_scale: false, weight: 2000 },
    { char: '💳', fitzpatrick_scale: false, weight: 2000 },
    { char: '🛒', fitzpatrick_scale: false, weight: 2000 }
  ],
  'bags' => [ { char: '👚', fitzpatrick_scale: false, weight: 2000 } ],
  'womans' => [
    { char: '👚', fitzpatrick_scale: false, weight: 2000 },
    { char: '👒', fitzpatrick_scale: false, weight: 2000 }
  ],
  'clothes' => [
    { char: '👚', fitzpatrick_scale: false, weight: 2000 },
    { char: '👗', fitzpatrick_scale: false, weight: 2000 },
    { char: '🧦', fitzpatrick_scale: false, weight: 2000 },
    { char: '🧤', fitzpatrick_scale: false, weight: 2000 },
    { char: '🧣', fitzpatrick_scale: false, weight: 2000 }
  ],
  'cloth' => [
    { char: '👕', fitzpatrick_scale: false, weight: 2000 },
    { char: '👔', fitzpatrick_scale: false, weight: 2000 }
  ],
  'casual' => [ { char: '👕', fitzpatrick_scale: false, weight: 2000 } ],
  'shirt' => [
    { char: '👕', fitzpatrick_scale: false, weight: 2000 },
    { char: '👔', fitzpatrick_scale: false, weight: 2000 },
    { char: '🎽', fitzpatrick_scale: false, weight: 2000 }
  ],
  'tee' => [ { char: '👕', fitzpatrick_scale: false, weight: 2000 } ],
  'suitup' => [ { char: '👔', fitzpatrick_scale: false, weight: 2000 } ],
  'formal' => [ { char: '👔', fitzpatrick_scale: false, weight: 2000 } ],
  'swimming' => [
    { char: '👙', fitzpatrick_scale: false, weight: 2000 },
    { char: '🏊‍♀️', fitzpatrick_scale: true, weight: 2000 },
    { char: '🏊', fitzpatrick_scale: true, weight: 2000 }
  ],
  'dress' => [ { char: '👘', fitzpatrick_scale: false, weight: 2000 } ],
  'lips' => [ { char: '💋', fitzpatrick_scale: false, weight: 2000 } ],
  'tracking' => [
    { char: '👣', fitzpatrick_scale: false, weight: 2000 },
    { char: '🐾', fitzpatrick_scale: false, weight: 2000 }
  ],
  'ballet' => [ { char: '🥿', fitzpatrick_scale: false, weight: 2000 } ],
  'slip-on' => [ { char: '🥿', fitzpatrick_scale: false, weight: 2000 } ],
  'slipper' => [ { char: '🥿', fitzpatrick_scale: false, weight: 2000 } ],
  'slip' => [ { char: '🥿', fitzpatrick_scale: false, weight: 2000 } ],
  'flat' => [ { char: '🥿', fitzpatrick_scale: false, weight: 2000 } ],
  'shoe' => [
    { char: '🥿', fitzpatrick_scale: false, weight: 2000 },
    { char: '👞', fitzpatrick_scale: false, weight: 2000 },
    { char: '👟', fitzpatrick_scale: false, weight: 2000 }
  ],
  'shoes' => [
    { char: '👠', fitzpatrick_scale: false, weight: 2000 },
    { char: '👡', fitzpatrick_scale: false, weight: 2000 },
    { char: '👢', fitzpatrick_scale: false, weight: 2000 },
    { char: '👟', fitzpatrick_scale: false, weight: 2000 }
  ],
  'pumps' => [ { char: '👠', fitzpatrick_scale: false, weight: 2000 } ],
  'stiletto' => [ { char: '👠', fitzpatrick_scale: false, weight: 2000 } ],
  'high' => [
    { char: '👠', fitzpatrick_scale: false, weight: 2000 },
    { char: '🔆', fitzpatrick_scale: false, weight: 2000 },
    { char: '🆙', fitzpatrick_scale: false, weight: 2000 }
  ],
  'heel' => [ { char: '👠', fitzpatrick_scale: false, weight: 2000 } ],
  'flip flops' => [ { char: '👡', fitzpatrick_scale: false, weight: 2000 } ],
  'flip' => [ { char: '👡', fitzpatrick_scale: false, weight: 2000 } ],
  'flops' => [ { char: '👡', fitzpatrick_scale: false, weight: 2000 } ],
  'mans' => [ { char: '👞', fitzpatrick_scale: false, weight: 2000 } ],
  'sports' => [
    { char: '👟', fitzpatrick_scale: false, weight: 2000 },
    { char: '⚽', fitzpatrick_scale: false, weight: 2000 },
    { char: '🏀', fitzpatrick_scale: false, weight: 2000 },
    { char: '🏈', fitzpatrick_scale: false, weight: 2000 },
    { char: '⚾', fitzpatrick_scale: false, weight: 2000 },
    { char: '🥎', fitzpatrick_scale: false, weight: 2000 },
    { char: '🎾', fitzpatrick_scale: false, weight: 2000 },
    { char: '🏐', fitzpatrick_scale: false, weight: 2000 },
    { char: '🏉', fitzpatrick_scale: false, weight: 2000 },
    { char: '🥏', fitzpatrick_scale: false, weight: 2000 },
    { char: '⛳', fitzpatrick_scale: false, weight: 2000 },
    { char: '🏌️‍♀️', fitzpatrick_scale: false, weight: 2000 },
    { char: '🏌', fitzpatrick_scale: true, weight: 2000 },
    { char: '🏓', fitzpatrick_scale: false, weight: 2000 },
    { char: '🏸', fitzpatrick_scale: false, weight: 2000 },
    { char: '🥅', fitzpatrick_scale: false, weight: 2000 },
    { char: '🏒', fitzpatrick_scale: false, weight: 2000 },
    { char: '🏑', fitzpatrick_scale: false, weight: 2000 },
    { char: '🥍', fitzpatrick_scale: false, weight: 2000 },
    { char: '🏏', fitzpatrick_scale: false, weight: 2000 },
    { char: '🎿', fitzpatrick_scale: false, weight: 2000 },
    { char: '⛷', fitzpatrick_scale: false, weight: 2000 },
    { char: '🏂', fitzpatrick_scale: true, weight: 2000 },
    { char: '🤺', fitzpatrick_scale: false, weight: 2000 },
    { char: '🤼‍♀️', fitzpatrick_scale: false, weight: 2000 },
    { char: '🤼‍♂️', fitzpatrick_scale: false, weight: 2000 },
    { char: '🤾‍♀️', fitzpatrick_scale: true, weight: 2000 },
    { char: '🤾‍♂️', fitzpatrick_scale: true, weight: 2000 },
    { char: '⛸', fitzpatrick_scale: false, weight: 2000 },
    { char: '🥌', fitzpatrick_scale: false, weight: 2000 },
    { char: '🏹', fitzpatrick_scale: false, weight: 2000 },
    { char: '🥊', fitzpatrick_scale: false, weight: 2000 },
    { char: '🚣‍♀️', fitzpatrick_scale: true, weight: 2000 },
    { char: '🚣', fitzpatrick_scale: true, weight: 2000 },
    { char: '🧗‍♀️', fitzpatrick_scale: true, weight: 2000 },
    { char: '🧗‍♂️', fitzpatrick_scale: true, weight: 2000 },
    { char: '🏊‍♀️', fitzpatrick_scale: true, weight: 2000 },
    { char: '🏊', fitzpatrick_scale: true, weight: 2000 },
    { char: '🤽‍♀️', fitzpatrick_scale: true, weight: 2000 },
    { char: '🤽‍♂️', fitzpatrick_scale: true, weight: 2000 },
    { char: '🏄‍♀️', fitzpatrick_scale: true, weight: 2000 },
    { char: '🏄', fitzpatrick_scale: true, weight: 2000 },
    { char: '⛹️‍♀️', fitzpatrick_scale: true, weight: 2000 },
    { char: '⛹', fitzpatrick_scale: true, weight: 2000 },
    { char: '🏋️‍♀️', fitzpatrick_scale: true, weight: 2000 },
    { char: '🏋', fitzpatrick_scale: true, weight: 2000 },
    { char: '🚴‍♀️', fitzpatrick_scale: true, weight: 2000 },
    { char: '🚴', fitzpatrick_scale: true, weight: 2000 },
    { char: '🚵‍♀️', fitzpatrick_scale: true, weight: 2000 },
    { char: '🚵', fitzpatrick_scale: true, weight: 2000 },
    { char: '🏅', fitzpatrick_scale: false, weight: 2000 },
    { char: '🎗', fitzpatrick_scale: false, weight: 2000 },
    { char: '🎟', fitzpatrick_scale: false, weight: 2000 },
    { char: '🎳', fitzpatrick_scale: false, weight: 2000 },
    { char: '🏎', fitzpatrick_scale: false, weight: 2000 },
    { char: '🏍', fitzpatrick_scale: false, weight: 2000 },
    { char: '🚲', fitzpatrick_scale: false, weight: 2000 },
    { char: '🏟', fitzpatrick_scale: false, weight: 2000 }
  ],
  'sneakers' => [ { char: '👟', fitzpatrick_scale: false, weight: 2000 } ],
  'athletic' => [ { char: '👟', fitzpatrick_scale: false, weight: 2000 } ],
  'backpacking' => [ { char: '🥾', fitzpatrick_scale: false, weight: 2000 } ],
  'camping' => [
    { char: '🥾', fitzpatrick_scale: false, weight: 2000 },
    { char: '⛺', fitzpatrick_scale: false, weight: 2000 },
    { char: '🔦', fitzpatrick_scale: false, weight: 2000 }
  ],
  'hiking' => [ { char: '🥾', fitzpatrick_scale: false, weight: 2000 } ],
  'boot' => [ { char: '🥾', fitzpatrick_scale: false, weight: 2000 } ],
  'stockings' => [ { char: '🧦', fitzpatrick_scale: false, weight: 2000 } ],
  'winter' => [
    { char: '🧤', fitzpatrick_scale: false, weight: 2000 },
    { char: '🧣', fitzpatrick_scale: false, weight: 2000 },
    { char: '❄️', fitzpatrick_scale: false, weight: 2000 },
    { char: '⛄', fitzpatrick_scale: false, weight: 2000 },
    { char: '☃', fitzpatrick_scale: false, weight: 2000 },
    { char: '🎿', fitzpatrick_scale: false, weight: 2000 },
    { char: '⛷', fitzpatrick_scale: false, weight: 2000 },
    { char: '🏂', fitzpatrick_scale: true, weight: 2000 },
    { char: '🏔', fitzpatrick_scale: false, weight: 2000 }
  ],
  'neck' => [ { char: '🧣', fitzpatrick_scale: false, weight: 2000 } ],
  'accessories' => [
    { char: '👒', fitzpatrick_scale: false, weight: 2000 },
    { char: '👝', fitzpatrick_scale: false, weight: 2000 },
    { char: '👛', fitzpatrick_scale: false, weight: 2000 },
    { char: '👜', fitzpatrick_scale: false, weight: 2000 },
    { char: '👓', fitzpatrick_scale: false, weight: 2000 },
    { char: '🕶', fitzpatrick_scale: false, weight: 2000 },
    { char: '⌚', fitzpatrick_scale: false, weight: 2000 }
  ],
  'spring' => [
    { char: '👒', fitzpatrick_scale: false, weight: 2000 },
    { char: '🐰', fitzpatrick_scale: false, weight: 2000 },
    { char: '🐦', fitzpatrick_scale: false, weight: 2000 },
    { char: '🐝', fitzpatrick_scale: false, weight: 2000 },
    { char: '🐇', fitzpatrick_scale: false, weight: 2000 },
    { char: '🌱', fitzpatrick_scale: false, weight: 2000 },
    { char: '🍃', fitzpatrick_scale: false, weight: 2000 },
    { char: '🌹', fitzpatrick_scale: false, weight: 2000 },
    { char: '🌷', fitzpatrick_scale: false, weight: 2000 },
    { char: '🌸', fitzpatrick_scale: false, weight: 2000 },
    { char: '💐', fitzpatrick_scale: false, weight: 2000 },
    { char: '☀️', fitzpatrick_scale: false, weight: 2000 },
    { char: '⛅', fitzpatrick_scale: false, weight: 2000 },
    { char: '☂', fitzpatrick_scale: false, weight: 2000 },
    { char: '☔', fitzpatrick_scale: false, weight: 2000 },
    { char: '💧', fitzpatrick_scale: false, weight: 2000 },
    { char: '🌈', fitzpatrick_scale: false, weight: 2000 },
    { char: '🎐', fitzpatrick_scale: false, weight: 2000 },
    { char: '💮', fitzpatrick_scale: false, weight: 2000 }
  ],
  'magic' => [
    { char: '🎩', fitzpatrick_scale: false, weight: 2000 },
    { char: '🐰', fitzpatrick_scale: false, weight: 2000 },
    { char: '🐇', fitzpatrick_scale: false, weight: 2000 },
    { char: '🌙', fitzpatrick_scale: false, weight: 2000 },
    { char: '🌟', fitzpatrick_scale: false, weight: 2000 },
    { char: '💫', fitzpatrick_scale: false, weight: 2000 },
    { char: '✨', fitzpatrick_scale: false, weight: 2000 },
    { char: '🎱', fitzpatrick_scale: false, weight: 2000 },
    { char: '🔮', fitzpatrick_scale: false, weight: 2000 },
    { char: '🎉', fitzpatrick_scale: false, weight: 2000 },
    { char: '🃏', fitzpatrick_scale: false, weight: 2000 },
    { char: '♠️', fitzpatrick_scale: false, weight: 2000 },
    { char: '♣️', fitzpatrick_scale: false, weight: 2000 },
    { char: '♥️', fitzpatrick_scale: false, weight: 2000 },
    { char: '♦️', fitzpatrick_scale: false, weight: 2000 }
  ],
  'gentleman' => [ { char: '🎩', fitzpatrick_scale: false, weight: 2000 } ],
  'circus' => [
    { char: '🎩', fitzpatrick_scale: false, weight: 2000 },
    { char: '🐵', fitzpatrick_scale: false, weight: 2000 },
    { char: '🦍', fitzpatrick_scale: false, weight: 2000 },
    { char: '🐒', fitzpatrick_scale: false, weight: 2000 },
    { char: '🐘', fitzpatrick_scale: false, weight: 2000 },
    { char: '🎪', fitzpatrick_scale: false, weight: 2000 },
    { char: '🔮', fitzpatrick_scale: false, weight: 2000 },
    { char: '🎈', fitzpatrick_scale: false, weight: 2000 },
    { char: '🎊', fitzpatrick_scale: false, weight: 2000 },
    { char: '🎉', fitzpatrick_scale: false, weight: 2000 }
  ],
  'cap' => [
    { char: '🧢', fitzpatrick_scale: false, weight: 2000 },
    { char: '🎓', fitzpatrick_scale: false, weight: 2000 }
  ],
  'baseball' => [ { char: '🧢', fitzpatrick_scale: false, weight: 2000 } ],
  'billed' => [ { char: '🧢', fitzpatrick_scale: false, weight: 2000 } ],
  'rescue' => [ { char: '⛑', fitzpatrick_scale: false, weight: 2000 } ],
  'helmet' => [ { char: '⛑', fitzpatrick_scale: false, weight: 2000 } ],
  'school' => [
    { char: '🎓', fitzpatrick_scale: false, weight: 2000 },
    { char: '🎒', fitzpatrick_scale: false, weight: 2000 },
    { char: '🍎', fitzpatrick_scale: false, weight: 2000 },
    { char: '📏', fitzpatrick_scale: false, weight: 2000 },
    { char: '✏️', fitzpatrick_scale: false, weight: 2000 },
    { char: '🚸', fitzpatrick_scale: false, weight: 2000 }
  ],
  'college' => [ { char: '🎓', fitzpatrick_scale: false, weight: 2000 } ],
  'degree' => [ { char: '🎓', fitzpatrick_scale: false, weight: 2000 } ],
  'university' => [ { char: '🎓', fitzpatrick_scale: false, weight: 2000 } ],
  'graduation' => [ { char: '🎓', fitzpatrick_scale: false, weight: 2000 } ],
  'learn' => [
    { char: '🎓', fitzpatrick_scale: false, weight: 2000 },
    { char: '🏫', fitzpatrick_scale: false, weight: 2000 },
    { char: '📕', fitzpatrick_scale: false, weight: 2000 },
    { char: '📘', fitzpatrick_scale: false, weight: 2000 },
    { char: '📖', fitzpatrick_scale: false, weight: 2000 }
  ],
  'education' => [
    { char: '🎓', fitzpatrick_scale: false, weight: 2000 },
    { char: '🎒', fitzpatrick_scale: false, weight: 2000 },
    { char: '🏫', fitzpatrick_scale: false, weight: 2000 }
  ],
  'mortar' => [ { char: '🎓', fitzpatrick_scale: false, weight: 2000 } ],
  'board' => [
    { char: '🎓', fitzpatrick_scale: false, weight: 2000 },
    { char: '🛹', fitzpatrick_scale: false, weight: 2000 }
  ],
  'kod' => [ { char: '👑', fitzpatrick_scale: false, weight: 2000 } ],
  'leader' => [ { char: '👑', fitzpatrick_scale: false, weight: 2000 } ],
  'royalty' => [
    { char: '👑', fitzpatrick_scale: false, weight: 2000 },
    { char: '🏰', fitzpatrick_scale: false, weight: 2000 }
  ],
  'lord' => [ { char: '👑', fitzpatrick_scale: false, weight: 2000 } ],
  'bag' => [
    { char: '🎒', fitzpatrick_scale: false, weight: 2000 },
    { char: '👝', fitzpatrick_scale: false, weight: 2000 }
  ],
  'backpack' => [ { char: '🎒', fitzpatrick_scale: false, weight: 2000 } ],
  'satchel' => [ { char: '🎒', fitzpatrick_scale: false, weight: 2000 } ],
  'packing' => [ { char: '🧳', fitzpatrick_scale: false, weight: 2000 } ],
  'travel' => [
    { char: '🧳', fitzpatrick_scale: false, weight: 2000 },
    { char: '🚋', fitzpatrick_scale: false, weight: 2000 },
    { char: '🚅', fitzpatrick_scale: false, weight: 2000 },
    { char: '🛅', fitzpatrick_scale: false, weight: 2000 },
    { char: '💱', fitzpatrick_scale: false, weight: 2000 }
  ],
  'sales' => [
    { char: '👛', fitzpatrick_scale: false, weight: 2000 },
    { char: '🏦', fitzpatrick_scale: false, weight: 2000 },
    { char: '💵', fitzpatrick_scale: false, weight: 2000 },
    { char: '💴', fitzpatrick_scale: false, weight: 2000 },
    { char: '💶', fitzpatrick_scale: false, weight: 2000 },
    { char: '💷', fitzpatrick_scale: false, weight: 2000 },
    { char: '💳', fitzpatrick_scale: false, weight: 2000 },
    { char: '📈', fitzpatrick_scale: false, weight: 2000 },
    { char: '📉', fitzpatrick_scale: false, weight: 2000 },
    { char: '🏧', fitzpatrick_scale: false, weight: 2000 },
    { char: '💲', fitzpatrick_scale: false, weight: 2000 },
    { char: '💱', fitzpatrick_scale: false, weight: 2000 }
  ],
  'accessory' => [ { char: '👜', fitzpatrick_scale: false, weight: 2000 } ],
  'documents' => [
    { char: '💼', fitzpatrick_scale: false, weight: 2000 },
    { char: '📥', fitzpatrick_scale: false, weight: 2000 },
    { char: '📜', fitzpatrick_scale: false, weight: 2000 },
    { char: '📃', fitzpatrick_scale: false, weight: 2000 },
    { char: '📄', fitzpatrick_scale: false, weight: 2000 },
    { char: '📋', fitzpatrick_scale: false, weight: 2000 },
    { char: '📁', fitzpatrick_scale: false, weight: 2000 },
    { char: '📂', fitzpatrick_scale: false, weight: 2000 },
    { char: '📎', fitzpatrick_scale: false, weight: 2000 },
    { char: '🖇', fitzpatrick_scale: false, weight: 2000 },
    { char: '📝', fitzpatrick_scale: false, weight: 2000 }
  ],
  'work' => [
    { char: '💼', fitzpatrick_scale: false, weight: 2000 },
    { char: '🏢', fitzpatrick_scale: false, weight: 2000 }
  ],
  'job' => [ { char: '💼', fitzpatrick_scale: false, weight: 2000 } ],
  'career' => [ { char: '💼', fitzpatrick_scale: false, weight: 2000 } ],
  'eyesight' => [ { char: '👓', fitzpatrick_scale: false, weight: 2000 } ],
  'dark' => [
    { char: '🕶', fitzpatrick_scale: false, weight: 2000 },
    { char: '🔦', fitzpatrick_scale: false, weight: 2000 }
  ],
  'sunglasses' => [ { char: '🕶', fitzpatrick_scale: false, weight: 2000 } ],
  'protection' => [
    { char: '🥽', fitzpatrick_scale: false, weight: 2000 },
    { char: '🛡', fitzpatrick_scale: false, weight: 2000 }
  ],
  'safety' => [
    { char: '🥽', fitzpatrick_scale: false, weight: 2000 },
    { char: '🧷', fitzpatrick_scale: false, weight: 2000 }
  ],
  'propose' => [ { char: '💍', fitzpatrick_scale: false, weight: 2000 } ],
  'diamond' => [
    { char: '💍', fitzpatrick_scale: false, weight: 2000 },
    { char: '💎', fitzpatrick_scale: false, weight: 2000 },
    { char: '🚸', fitzpatrick_scale: false, weight: 2000 },
    { char: '💠', fitzpatrick_scale: false, weight: 2000 },
    { char: '🔸', fitzpatrick_scale: false, weight: 2000 },
    { char: '🔹', fitzpatrick_scale: false, weight: 2000 },
    { char: '🔶', fitzpatrick_scale: false, weight: 2000 },
    { char: '🔷', fitzpatrick_scale: false, weight: 2000 }
  ],
  'jewelry' => [
    { char: '💍', fitzpatrick_scale: false, weight: 2000 },
    { char: '💎', fitzpatrick_scale: false, weight: 2000 }
  ],
  'gem' => [
    { char: '💍', fitzpatrick_scale: false, weight: 2000 },
    { char: '💠', fitzpatrick_scale: false, weight: 2000 },
    { char: '🔸', fitzpatrick_scale: false, weight: 2000 },
    { char: '🔹', fitzpatrick_scale: false, weight: 2000 },
    { char: '🔶', fitzpatrick_scale: false, weight: 2000 },
    { char: '🔷', fitzpatrick_scale: false, weight: 2000 }
  ],
  'engagement' => [ { char: '💍', fitzpatrick_scale: false, weight: 2000 } ],
  'weather' => [
    { char: '🌂', fitzpatrick_scale: false, weight: 2000 },
    { char: '☀️', fitzpatrick_scale: false, weight: 2000 },
    { char: '🌤', fitzpatrick_scale: false, weight: 2000 },
    { char: '⛅', fitzpatrick_scale: false, weight: 2000 },
    { char: '🌥', fitzpatrick_scale: false, weight: 2000 },
    { char: '🌦', fitzpatrick_scale: false, weight: 2000 },
    { char: '☁️', fitzpatrick_scale: false, weight: 2000 },
    { char: '🌧', fitzpatrick_scale: false, weight: 2000 },
    { char: '⛈', fitzpatrick_scale: false, weight: 2000 },
    { char: '🌩', fitzpatrick_scale: false, weight: 2000 },
    { char: '⚡', fitzpatrick_scale: false, weight: 2000 },
    { char: '❄️', fitzpatrick_scale: false, weight: 2000 },
    { char: '🌨', fitzpatrick_scale: false, weight: 2000 },
    { char: '⛄', fitzpatrick_scale: false, weight: 2000 },
    { char: '☃', fitzpatrick_scale: false, weight: 2000 },
    { char: '🌪', fitzpatrick_scale: false, weight: 2000 },
    { char: '🌫', fitzpatrick_scale: false, weight: 2000 },
    { char: '☂', fitzpatrick_scale: false, weight: 2000 },
    { char: '☔', fitzpatrick_scale: false, weight: 2000 },
    { char: '🏖', fitzpatrick_scale: false, weight: 2000 },
    { char: '🌡', fitzpatrick_scale: false, weight: 2000 },
    { char: '⛱', fitzpatrick_scale: false, weight: 2000 },
    { char: '🌀', fitzpatrick_scale: false, weight: 2000 }
  ],
  'rain' => [
    { char: '🌂', fitzpatrick_scale: false, weight: 2000 },
    { char: '🌦', fitzpatrick_scale: false, weight: 2000 },
    { char: '🌧', fitzpatrick_scale: false, weight: 2000 },
    { char: '⛈', fitzpatrick_scale: false, weight: 2000 }
  ],
  'drizzle' => [ { char: '🌂', fitzpatrick_scale: false, weight: 2000 } ],
  'umbrella' => [
    { char: '🌂', fitzpatrick_scale: false, weight: 2000 },
    { char: '☂', fitzpatrick_scale: false, weight: 2000 },
    { char: '🏖', fitzpatrick_scale: false, weight: 2000 }
  ],
  'friend' => [
    { char: '🐶', fitzpatrick_scale: false, weight: 2000 },
    { char: '🐕', fitzpatrick_scale: false, weight: 2000 }
  ],
  'nature' => [
    { char: '🐶', fitzpatrick_scale: false, weight: 2000 },
    { char: '🐱', fitzpatrick_scale: false, weight: 2000 },
    { char: '🐭', fitzpatrick_scale: false, weight: 2000 },
    { char: '🐹', fitzpatrick_scale: false, weight: 2000 },
    { char: '🐰', fitzpatrick_scale: false, weight: 2000 },
    { char: '🦊', fitzpatrick_scale: false, weight: 2000 },
    { char: '🐻', fitzpatrick_scale: false, weight: 2000 },
    { char: '🐼', fitzpatrick_scale: false, weight: 2000 },
    { char: '🐨', fitzpatrick_scale: false, weight: 2000 },
    { char: '🐯', fitzpatrick_scale: false, weight: 2000 },
    { char: '🦁', fitzpatrick_scale: false, weight: 2000 },
    { char: '🐮', fitzpatrick_scale: false, weight: 2000 },
    { char: '🐷', fitzpatrick_scale: false, weight: 2000 },
    { char: '🐸', fitzpatrick_scale: false, weight: 2000 },
    { char: '🦑', fitzpatrick_scale: false, weight: 2000 },
    { char: '🐙', fitzpatrick_scale: false, weight: 2000 },
    { char: '🦐', fitzpatrick_scale: false, weight: 2000 },
    { char: '🐵', fitzpatrick_scale: false, weight: 2000 },
    { char: '🦍', fitzpatrick_scale: false, weight: 2000 },
    { char: '🙈', fitzpatrick_scale: false, weight: 2000 },
    { char: '🙉', fitzpatrick_scale: false, weight: 2000 },
    { char: '🙊', fitzpatrick_scale: false, weight: 2000 },
    { char: '🐒', fitzpatrick_scale: false, weight: 2000 },
    { char: '🐔', fitzpatrick_scale: false, weight: 2000 },
    { char: '🐧', fitzpatrick_scale: false, weight: 2000 },
    { char: '🐦', fitzpatrick_scale: false, weight: 2000 },
    { char: '🦆', fitzpatrick_scale: false, weight: 2000 },
    { char: '🦅', fitzpatrick_scale: false, weight: 2000 },
    { char: '🦉', fitzpatrick_scale: false, weight: 2000 },
    { char: '🦇', fitzpatrick_scale: false, weight: 2000 },
    { char: '🐺', fitzpatrick_scale: false, weight: 2000 },
    { char: '🐗', fitzpatrick_scale: false, weight: 2000 },
    { char: '🐴', fitzpatrick_scale: false, weight: 2000 },
    { char: '🦄', fitzpatrick_scale: false, weight: 2000 },
    { char: '🐝', fitzpatrick_scale: false, weight: 2000 },
    { char: '🐛', fitzpatrick_scale: false, weight: 2000 },
    { char: '🦋', fitzpatrick_scale: false, weight: 2000 },
    { char: '🐞', fitzpatrick_scale: false, weight: 2000 },
    { char: '🐜', fitzpatrick_scale: false, weight: 2000 },
    { char: '🐍', fitzpatrick_scale: false, weight: 2000 },
    { char: '🦎', fitzpatrick_scale: false, weight: 2000 },
    { char: '🦖', fitzpatrick_scale: false, weight: 2000 },
    { char: '🦕', fitzpatrick_scale: false, weight: 2000 },
    { char: '🐢', fitzpatrick_scale: false, weight: 2000 },
    { char: '🐟', fitzpatrick_scale: false, weight: 2000 },
    { char: '🐡', fitzpatrick_scale: false, weight: 2000 },
    { char: '🐬', fitzpatrick_scale: false, weight: 2000 },
    { char: '🦈', fitzpatrick_scale: false, weight: 2000 },
    { char: '🐳', fitzpatrick_scale: false, weight: 2000 },
    { char: '🐋', fitzpatrick_scale: false, weight: 2000 },
    { char: '🐊', fitzpatrick_scale: false, weight: 2000 },
    { char: '🐆', fitzpatrick_scale: false, weight: 2000 },
    { char: '🦓', fitzpatrick_scale: false, weight: 2000 },
    { char: '🐅', fitzpatrick_scale: false, weight: 2000 },
    { char: '🐃', fitzpatrick_scale: false, weight: 2000 },
    { char: '🐄', fitzpatrick_scale: false, weight: 2000 },
    { char: '🦌', fitzpatrick_scale: false, weight: 2000 },
    { char: '🐫', fitzpatrick_scale: false, weight: 2000 },
    { char: '🦒', fitzpatrick_scale: false, weight: 2000 },
    { char: '🐘', fitzpatrick_scale: false, weight: 2000 },
    { char: '🦏', fitzpatrick_scale: false, weight: 2000 },
    { char: '🐐', fitzpatrick_scale: false, weight: 2000 },
    { char: '🐏', fitzpatrick_scale: false, weight: 2000 },
    { char: '🐑', fitzpatrick_scale: false, weight: 2000 },
    { char: '🐖', fitzpatrick_scale: false, weight: 2000 },
    { char: '🐁', fitzpatrick_scale: false, weight: 2000 },
    { char: '🐓', fitzpatrick_scale: false, weight: 2000 },
    { char: '🐕', fitzpatrick_scale: false, weight: 2000 },
    { char: '🐩', fitzpatrick_scale: false, weight: 2000 },
    { char: '🐇', fitzpatrick_scale: false, weight: 2000 },
    { char: '🐿', fitzpatrick_scale: false, weight: 2000 },
    { char: '🦔', fitzpatrick_scale: false, weight: 2000 },
    { char: '🦝', fitzpatrick_scale: false, weight: 2000 },
    { char: '🦙', fitzpatrick_scale: false, weight: 2000 },
    { char: '🦛', fitzpatrick_scale: false, weight: 2000 },
    { char: '🦘', fitzpatrick_scale: false, weight: 2000 },
    { char: '🦡', fitzpatrick_scale: false, weight: 2000 },
    { char: '🦢', fitzpatrick_scale: false, weight: 2000 },
    { char: '🦚', fitzpatrick_scale: false, weight: 2000 },
    { char: '🦜', fitzpatrick_scale: false, weight: 2000 },
    { char: '🦞', fitzpatrick_scale: false, weight: 2000 },
    { char: '🦟', fitzpatrick_scale: false, weight: 2000 },
    { char: '🐉', fitzpatrick_scale: false, weight: 2000 },
    { char: '🐲', fitzpatrick_scale: false, weight: 2000 },
    { char: '🌵', fitzpatrick_scale: false, weight: 2000 },
    { char: '🌲', fitzpatrick_scale: false, weight: 2000 },
    { char: '🌳', fitzpatrick_scale: false, weight: 2000 },
    { char: '🌴', fitzpatrick_scale: false, weight: 2000 },
    { char: '🌱', fitzpatrick_scale: false, weight: 2000 },
    { char: '☘', fitzpatrick_scale: false, weight: 2000 },
    { char: '🍀', fitzpatrick_scale: false, weight: 2000 },
    { char: '🎍', fitzpatrick_scale: false, weight: 2000 },
    { char: '🎋', fitzpatrick_scale: false, weight: 2000 },
    { char: '🍃', fitzpatrick_scale: false, weight: 2000 },
    { char: '🍂', fitzpatrick_scale: false, weight: 2000 },
    { char: '🍁', fitzpatrick_scale: false, weight: 2000 },
    { char: '🌾', fitzpatrick_scale: false, weight: 2000 },
    { char: '🌻', fitzpatrick_scale: false, weight: 2000 },
    { char: '🥀', fitzpatrick_scale: false, weight: 2000 },
    { char: '🌷', fitzpatrick_scale: false, weight: 2000 },
    ... 40 more items
  ],
  'woof' => [ { char: '🐶', fitzpatrick_scale: false, weight: 2000 } ],
  'puppy' => [ { char: '🐶', fitzpatrick_scale: false, weight: 2000 } ],
  'pet' => [
    { char: '🐶', fitzpatrick_scale: false, weight: 2000 },
    { char: '🐱', fitzpatrick_scale: false, weight: 2000 },
    { char: '🐰', fitzpatrick_scale: false, weight: 2000 },
    { char: '🐕', fitzpatrick_scale: false, weight: 2000 },
    { char: '🐩', fitzpatrick_scale: false, weight: 2000 },
    { char: '🐈', fitzpatrick_scale: false, weight: 2000 },
    { char: '🐇', fitzpatrick_scale: false, weight: 2000 },
    { char: '🐾', fitzpatrick_scale: false, weight: 2000 }
  ],
  'faithful' => [
    { char: '🐶', fitzpatrick_scale: false, weight: 2000 },
    { char: '🐕', fitzpatrick_scale: false, weight: 2000 }
  ],
  'meow' => [
    { char: '🐱', fitzpatrick_scale: false, weight: 2000 },
    { char: '🐈', fitzpatrick_scale: false, weight: 2000 }
  ],
  'kitten' => [ { char: '🐱', fitzpatrick_scale: false, weight: 2000 } ],
  'cheese_wedge' => [ { char: '🐭', fitzpatrick_scale: false, weight: 2000 } ],
  'rodent' => [
    { char: '🐭', fitzpatrick_scale: false, weight: 2000 },
    { char: '🐀', fitzpatrick_scale: false, weight: 2000 },
    { char: '🐁', fitzpatrick_scale: false, weight: 2000 },
    { char: '🐿', fitzpatrick_scale: false, weight: 2000 }
  ],
  'cheese' => [ { char: '🐭', fitzpatrick_scale: false, weight: 2000 } ],
  'wedge' => [ { char: '🐭', fitzpatrick_scale: false, weight: 2000 } ],
  'fox' => [ { char: '🦊', fitzpatrick_scale: false, weight: 2000 } ],
  'wild' => [
    { char: '🐻', fitzpatrick_scale: false, weight: 2000 },
    { char: '🐯', fitzpatrick_scale: false, weight: 2000 },
    { char: '🐺', fitzpatrick_scale: false, weight: 2000 }
  ],
  'panda' => [
    { char: '🐼', fitzpatrick_scale: false, weight: 2000 },
    { char: '🎍', fitzpatrick_scale: false, weight: 2000 }
  ],
  'danger' => [
    { char: '🐯', fitzpatrick_scale: false, weight: 2000 },
    { char: '☠', fitzpatrick_scale: false, weight: 2000 },
    { char: '☢', fitzpatrick_scale: false, weight: 2000 },
    { char: '☣', fitzpatrick_scale: false, weight: 2000 },
    { char: '❗', fitzpatrick_scale: false, weight: 2000 },
    { char: '🚸', fitzpatrick_scale: false, weight: 2000 },
    { char: '🔴', fitzpatrick_scale: false, weight: 2000 }
  ],
  'roar' => [
    { char: '🐯', fitzpatrick_scale: false, weight: 2000 },
    { char: '🐅', fitzpatrick_scale: false, weight: 2000 }
  ],
  'beef' => [
    { char: '🐮', fitzpatrick_scale: false, weight: 2000 },
    { char: '🐂', fitzpatrick_scale: false, weight: 2000 },
    { char: '🐄', fitzpatrick_scale: false, weight: 2000 },
    { char: '🍔', fitzpatrick_scale: false, weight: 2000 }
  ],
  'ox' => [
    { char: '🐮', fitzpatrick_scale: false, weight: 2000 },
    { char: '🐃', fitzpatrick_scale: false, weight: 2000 },
    { char: '🐄', fitzpatrick_scale: false, weight: 2000 }
  ],
  'moo' => [
    { char: '🐮', fitzpatrick_scale: false, weight: 2000 },
    { char: '🐄', fitzpatrick_scale: false, weight: 2000 }
  ],
  'milk' => [
    { char: '🐮', fitzpatrick_scale: false, weight: 2000 },
    { char: '🐄', fitzpatrick_scale: false, weight: 2000 },
    { char: '🥛', fitzpatrick_scale: false, weight: 2000 },
    { char: '🍼', fitzpatrick_scale: false, weight: 2000 }
  ],
  'oink' => [
    { char: '🐷', fitzpatrick_scale: false, weight: 2000 },
    { char: '🐽', fitzpatrick_scale: false, weight: 2000 }
  ],
  'pig' => [
    { char: '🐽', fitzpatrick_scale: false, weight: 2000 },
    { char: '🥓', fitzpatrick_scale: false, weight: 2000 }
  ],
  'nose' => [
    { char: '🐽', fitzpatrick_scale: false, weight: 2000 },
    { char: '🐘', fitzpatrick_scale: false, weight: 2000 }
  ],
  'croak' => [ { char: '🐸', fitzpatrick_scale: false, weight: 2000 } ],
  'toad' => [ { char: '🐸', fitzpatrick_scale: false, weight: 2000 } ],
  'ocean' => [
    { char: '🦑', fitzpatrick_scale: false, weight: 2000 },
    { char: '🐙', fitzpatrick_scale: false, weight: 2000 },
    { char: '🦐', fitzpatrick_scale: false, weight: 2000 },
    { char: '🐠', fitzpatrick_scale: false, weight: 2000 },
    { char: '🐡', fitzpatrick_scale: false, weight: 2000 },
    { char: '🐬', fitzpatrick_scale: false, weight: 2000 },
    { char: '🦈', fitzpatrick_scale: false, weight: 2000 },
    { char: '🐳', fitzpatrick_scale: false, weight: 2000 },
    { char: '🐋', fitzpatrick_scale: false, weight: 2000 },
    { char: '🏄‍♀️', fitzpatrick_scale: true, weight: 2000 },
    { char: '🏄', fitzpatrick_scale: true, weight: 2000 },
    { char: '🇮🇴', fitzpatrick_scale: false, weight: 2000 }
  ],
  'sea' => [
    { char: '🦑', fitzpatrick_scale: false, weight: 2000 },
    { char: '🐙', fitzpatrick_scale: false, weight: 2000 },
    { char: '🐡', fitzpatrick_scale: false, weight: 2000 },
    { char: '🐬', fitzpatrick_scale: false, weight: 2000 },
    { char: '🦈', fitzpatrick_scale: false, weight: 2000 },
    { char: '🐳', fitzpatrick_scale: false, weight: 2000 },
    { char: '🐋', fitzpatrick_scale: false, weight: 2000 },
    { char: '🐚', fitzpatrick_scale: false, weight: 2000 },
    { char: '🌊', fitzpatrick_scale: false, weight: 2000 },
    { char: '🍥', fitzpatrick_scale: false, weight: 2000 },
    { char: '🏄‍♀️', fitzpatrick_scale: true, weight: 2000 },
    { char: '🏄', fitzpatrick_scale: true, weight: 2000 },
    { char: '⚓', fitzpatrick_scale: false, weight: 2000 }
  ],
  'creature' => [ { char: '🐙', fitzpatrick_scale: false, weight: 2000 } ],
  'seafood' => [
    { char: '🦐', fitzpatrick_scale: false, weight: 2000 },
    { char: '🦞', fitzpatrick_scale: false, weight: 2000 }
  ],
  'monkey' => [
    { char: '🐵', fitzpatrick_scale: false, weight: 2000 },
    { char: '🙈', fitzpatrick_scale: false, weight: 2000 },
    { char: '🙉', fitzpatrick_scale: false, weight: 2000 },
    { char: '🙊', fitzpatrick_scale: false, weight: 2000 },
    { char: '🍌', fitzpatrick_scale: false, weight: 2000 }
  ],
  'speak' => [ { char: '🙊', fitzpatrick_scale: false, weight: 2000 } ],
  'banana' => [ { char: '🐒', fitzpatrick_scale: false, weight: 2000 } ],
  'cluck' => [ { char: '🐔', fitzpatrick_scale: false, weight: 2000 } ],
  'bird' => [
    { char: '🐔', fitzpatrick_scale: false, weight: 2000 },
    { char: '🐤', fitzpatrick_scale: false, weight: 2000 },
    { char: '🐣', fitzpatrick_scale: false, weight: 2000 },
    { char: '🐥', fitzpatrick_scale: false, weight: 2000 },
    { char: '🦆', fitzpatrick_scale: false, weight: 2000 },
    { char: '🦅', fitzpatrick_scale: false, weight: 2000 },
    { char: '🦉', fitzpatrick_scale: false, weight: 2000 },
    { char: '🦃', fitzpatrick_scale: false, weight: 2000 },
    { char: '🕊', fitzpatrick_scale: false, weight: 2000 },
    { char: '🦢', fitzpatrick_scale: false, weight: 2000 },
    { char: '🦚', fitzpatrick_scale: false, weight: 2000 },
    { char: '🦜', fitzpatrick_scale: false, weight: 2000 },
    { char: '🍗', fitzpatrick_scale: false, weight: 2000 }
  ],
  'fly' => [
    { char: '🐦', fitzpatrick_scale: false, weight: 2000 },
    { char: '🚁', fitzpatrick_scale: false, weight: 2000 },
    { char: '🛩', fitzpatrick_scale: false, weight: 2000 },
    { char: '✈️', fitzpatrick_scale: false, weight: 2000 },
    { char: '🚀', fitzpatrick_scale: false, weight: 2000 },
    { char: '💺', fitzpatrick_scale: false, weight: 2000 }
  ],
  'tweet' => [ { char: '🐦', fitzpatrick_scale: false, weight: 2000 } ],
  'chicken' => [
    { char: '🐤', fitzpatrick_scale: false, weight: 2000 },
    { char: '🐣', fitzpatrick_scale: false, weight: 2000 },
    { char: '🐥', fitzpatrick_scale: false, weight: 2000 },
    { char: '🐓', fitzpatrick_scale: false, weight: 2000 },
    { char: '🥚', fitzpatrick_scale: false, weight: 2000 },
    { char: '🍗', fitzpatrick_scale: false, weight: 2000 }
  ],
  'chick' => [
    { char: '🐤', fitzpatrick_scale: false, weight: 2000 },
    { char: '🐣', fitzpatrick_scale: false, weight: 2000 },
    { char: '🐥', fitzpatrick_scale: false, weight: 2000 }
  ],
  'egg' => [
    { char: '🐣', fitzpatrick_scale: false, weight: 2000 },
    { char: '🍳', fitzpatrick_scale: false, weight: 2000 }
  ],
  'born' => [ { char: '🐣', fitzpatrick_scale: false, weight: 2000 } ],
  'hatching' => [ { char: '🐣', fitzpatrick_scale: false, weight: 2000 } ],
  'hatched' => [ { char: '🐥', fitzpatrick_scale: false, weight: 2000 } ],
  'mallard' => [ { char: '🦆', fitzpatrick_scale: false, weight: 2000 } ],
  'hoot' => [ { char: '🦉', fitzpatrick_scale: false, weight: 2000 } ],
  'blind' => [ { char: '🦇', fitzpatrick_scale: false, weight: 2000 } ],
  'brown' => [ { char: '🐴', fitzpatrick_scale: false, weight: 2000 } ],
  'mystical' => [ { char: '🦄', fitzpatrick_scale: false, weight: 2000 } ],
  'insect' => [
    { char: '🐝', fitzpatrick_scale: false, weight: 2000 },
    { char: '🐛', fitzpatrick_scale: false, weight: 2000 },
    { char: '🦋', fitzpatrick_scale: false, weight: 2000 },
    { char: '🐞', fitzpatrick_scale: false, weight: 2000 },
    { char: '🐜', fitzpatrick_scale: false, weight: 2000 },
    { char: '🦟', fitzpatrick_scale: false, weight: 2000 },
    { char: '🕸', fitzpatrick_scale: false, weight: 2000 }
  ],
  'bug' => [
    { char: '🐝', fitzpatrick_scale: false, weight: 2000 },
    { char: '🐜', fitzpatrick_scale: false, weight: 2000 }
  ],
  'honey' => [
    { char: '🐝', fitzpatrick_scale: false, weight: 2000 },
    { char: '🦡', fitzpatrick_scale: false, weight: 2000 },
    { char: '🍯', fitzpatrick_scale: false, weight: 2000 }
  ],
  'worm' => [ { char: '🐛', fitzpatrick_scale: false, weight: 2000 } ],
  'caterpillar' => [ { char: '🦋', fitzpatrick_scale: false, weight: 2000 } ],
  'slow' => [
    { char: '🐌', fitzpatrick_scale: false, weight: 2000 },
    { char: '🐢', fitzpatrick_scale: false, weight: 2000 }
  ],
  'shell' => [ { char: '🐌', fitzpatrick_scale: false, weight: 2000 } ],
  'ladybug' => [ { char: '🐞', fitzpatrick_scale: false, weight: 2000 } ],
  'cricket' => [ { char: '🦗', fitzpatrick_scale: false, weight: 2000 } ],
  'chirp' => [ { char: '🦗', fitzpatrick_scale: false, weight: 2000 } ],
  'arachnid' => [
    { char: '🕷', fitzpatrick_scale: false, weight: 2000 },
    { char: '🦂', fitzpatrick_scale: false, weight: 2000 },
    { char: '🕸', fitzpatrick_scale: false, weight: 2000 }
  ],
  'crustacean' => [ { char: '🦀', fitzpatrick_scale: false, weight: 2000 } ],
  'hiss' => [ { char: '🐍', fitzpatrick_scale: false, weight: 2000 } ],
  'python' => [ { char: '🐍', fitzpatrick_scale: false, weight: 2000 } ],
  'reptile' => [
    { char: '🦎', fitzpatrick_scale: false, weight: 2000 },
    { char: '🐊', fitzpatrick_scale: false, weight: 2000 }
  ],
  'dinosaur' => [
    { char: '🦖', fitzpatrick_scale: false, weight: 2000 },
    { char: '🦕', fitzpatrick_scale: false, weight: 2000 }
  ],
  'tyrannosaurus' => [ { char: '🦖', fitzpatrick_scale: false, weight: 2000 } ],
  'extinct' => [
    { char: '🦖', fitzpatrick_scale: false, weight: 2000 },
    { char: '🦕', fitzpatrick_scale: false, weight: 2000 }
  ],
  't' => [ { char: '🦖', fitzpatrick_scale: false, weight: 2000 } ],
  'rex' => [ { char: '🦖', fitzpatrick_scale: false, weight: 2000 } ],
  'brachiosaurus' => [ { char: '🦕', fitzpatrick_scale: false, weight: 2000 } ],
  'brontosaurus' => [ { char: '🦕', fitzpatrick_scale: false, weight: 2000 } ],
  'diplodocus' => [ { char: '🦕', fitzpatrick_scale: false, weight: 2000 } ],
  'tortoise' => [ { char: '🐢', fitzpatrick_scale: false, weight: 2000 } ],
  'swim' => [ { char: '🐠', fitzpatrick_scale: false, weight: 2000 } ],
  'nemo' => [ { char: '🐠', fitzpatrick_scale: false, weight: 2000 } ],
  'tropical' => [
    { char: '🐠', fitzpatrick_scale: false, weight: 2000 },
    { char: '🌴', fitzpatrick_scale: false, weight: 2000 },
    { char: '🥭', fitzpatrick_scale: false, weight: 2000 },
    { char: '🍹', fitzpatrick_scale: false, weight: 2000 },
    { char: '🏝', fitzpatrick_scale: false, weight: 2000 }
  ],
  'fish' => [
    { char: '🐠', fitzpatrick_scale: false, weight: 2000 },
    { char: '🐬', fitzpatrick_scale: false, weight: 2000 },
    { char: '🦈', fitzpatrick_scale: false, weight: 2000 },
    { char: '🍥', fitzpatrick_scale: false, weight: 2000 },
    { char: '🍣', fitzpatrick_scale: false, weight: 2000 },
    { char: '🎣', fitzpatrick_scale: false, weight: 2000 },
    { char: '🎏', fitzpatrick_scale: false, weight: 2000 }
  ],
  'food' => [
    { char: '🐟', fitzpatrick_scale: false, weight: 2000 },
    { char: '🐡', fitzpatrick_scale: false, weight: 2000 },
    { char: '🌰', fitzpatrick_scale: false, weight: 2000 },
    { char: '🍐', fitzpatrick_scale: false, weight: 2000 },
    { char: '🍊', fitzpatrick_scale: false, weight: 2000 },
    { char: '🍌', fitzpatrick_scale: false, weight: 2000 },
    { char: '🍉', fitzpatrick_scale: false, weight: 2000 },
    { char: '🍇', fitzpatrick_scale: false, weight: 2000 },
    { char: '🍓', fitzpatrick_scale: false, weight: 2000 },
    { char: '🍈', fitzpatrick_scale: false, weight: 2000 },
    { char: '🍒', fitzpatrick_scale: false, weight: 2000 },
    { char: '🍑', fitzpatrick_scale: false, weight: 2000 },
    { char: '🍍', fitzpatrick_scale: false, weight: 2000 },
    { char: '🥥', fitzpatrick_scale: false, weight: 2000 },
    { char: '🥝', fitzpatrick_scale: false, weight: 2000 },
    { char: '🥭', fitzpatrick_scale: false, weight: 2000 },
    { char: '🥑', fitzpatrick_scale: false, weight: 2000 },
    { char: '🥦', fitzpatrick_scale: false, weight: 2000 },
    { char: '🍅', fitzpatrick_scale: false, weight: 2000 },
    { char: '🍆', fitzpatrick_scale: false, weight: 2000 },
    { char: '🥒', fitzpatrick_scale: false, weight: 2000 },
    { char: '🥕', fitzpatrick_scale: false, weight: 2000 },
    { char: '🌶', fitzpatrick_scale: false, weight: 2000 },
    { char: '🥔', fitzpatrick_scale: false, weight: 2000 },
    { char: '🌽', fitzpatrick_scale: false, weight: 2000 },
    { char: '🥬', fitzpatrick_scale: false, weight: 2000 },
    { char: '🍠', fitzpatrick_scale: false, weight: 2000 },
    { char: '🥜', fitzpatrick_scale: false, weight: 2000 },
    { char: '🥐', fitzpatrick_scale: false, weight: 2000 },
    { char: '🍞', fitzpatrick_scale: false, weight: 2000 },
    { char: '🥖', fitzpatrick_scale: false, weight: 2000 },
    { char: '🥯', fitzpatrick_scale: false, weight: 2000 },
    { char: '🥨', fitzpatrick_scale: false, weight: 2000 },
    { char: '🧀', fitzpatrick_scale: false, weight: 2000 },
    { char: '🥚', fitzpatrick_scale: false, weight: 2000 },
    { char: '🥓', fitzpatrick_scale: false, weight: 2000 },
    { char: '🥩', fitzpatrick_scale: false, weight: 2000 },
    { char: '🥞', fitzpatrick_scale: false, weight: 2000 },
    { char: '🍗', fitzpatrick_scale: false, weight: 2000 },
    { char: '🍖', fitzpatrick_scale: false, weight: 2000 },
    { char: '🍤', fitzpatrick_scale: false, weight: 2000 },
    { char: '🍳', fitzpatrick_scale: false, weight: 2000 },
    { char: '🍔', fitzpatrick_scale: false, weight: 2000 },
    { char: '🍟', fitzpatrick_scale: false, weight: 2000 },
    { char: '🥙', fitzpatrick_scale: false, weight: 2000 },
    { char: '🌭', fitzpatrick_scale: false, weight: 2000 },
    { char: '🍕', fitzpatrick_scale: false, weight: 2000 },
    { char: '🥪', fitzpatrick_scale: false, weight: 2000 },
    { char: '🥫', fitzpatrick_scale: false, weight: 2000 },
    { char: '🍝', fitzpatrick_scale: false, weight: 2000 },
    { char: '🌮', fitzpatrick_scale: false, weight: 2000 },
    { char: '🌯', fitzpatrick_scale: false, weight: 2000 },
    { char: '🥗', fitzpatrick_scale: false, weight: 2000 },
    { char: '🥘', fitzpatrick_scale: false, weight: 2000 },
    { char: '🍜', fitzpatrick_scale: false, weight: 2000 },
    { char: '🍲', fitzpatrick_scale: false, weight: 2000 },
    { char: '🍥', fitzpatrick_scale: false, weight: 2000 },
    { char: '🥠', fitzpatrick_scale: false, weight: 2000 },
    { char: '🍣', fitzpatrick_scale: false, weight: 2000 },
    { char: '🍱', fitzpatrick_scale: false, weight: 2000 },
    { char: '🍛', fitzpatrick_scale: false, weight: 2000 },
    { char: '🍙', fitzpatrick_scale: false, weight: 2000 },
    { char: '🍚', fitzpatrick_scale: false, weight: 2000 },
    { char: '🍘', fitzpatrick_scale: false, weight: 2000 },
    { char: '🍢', fitzpatrick_scale: false, weight: 2000 },
    { char: '🍡', fitzpatrick_scale: false, weight: 2000 },
    { char: '🍨', fitzpatrick_scale: false, weight: 2000 },
    { char: '🍦', fitzpatrick_scale: false, weight: 2000 },
    { char: '🥧', fitzpatrick_scale: false, weight: 2000 },
    { char: '🍰', fitzpatrick_scale: false, weight: 2000 },
    { char: '🧁', fitzpatrick_scale: false, weight: 2000 },
    { char: '🥮', fitzpatrick_scale: false, weight: 2000 },
    { char: '🎂', fitzpatrick_scale: false, weight: 2000 },
    { char: '🍮', fitzpatrick_scale: false, weight: 2000 },
    { char: '🍭', fitzpatrick_scale: false, weight: 2000 },
    { char: '🍫', fitzpatrick_scale: false, weight: 2000 },
    { char: '🍿', fitzpatrick_scale: false, weight: 2000 },
    { char: '🥟', fitzpatrick_scale: false, weight: 2000 },
    { char: '🍩', fitzpatrick_scale: false, weight: 2000 },
    { char: '🍪', fitzpatrick_scale: false, weight: 2000 },
    { char: '🍼', fitzpatrick_scale: false, weight: 2000 },
    { char: '🍽', fitzpatrick_scale: false, weight: 2000 },
    { char: '🥣', fitzpatrick_scale: false, weight: 2000 },
    { char: '🥡', fitzpatrick_scale: false, weight: 2000 },
    { char: '🥢', fitzpatrick_scale: false, weight: 2000 },
    { char: '🎣', fitzpatrick_scale: false, weight: 2000 }
  ],
  'flipper' => [ { char: '🐬', fitzpatrick_scale: false, weight: 2000 } ],
  'fins' => [
    { char: '🐬', fitzpatrick_scale: false, weight: 2000 },
    { char: '🦈', fitzpatrick_scale: false, weight: 2000 }
  ],
  'jaws' => [ { char: '🦈', fitzpatrick_scale: false, weight: 2000 } ],
  'lizard' => [ { char: '🐊', fitzpatrick_scale: false, weight: 2000 } ],
  'alligator' => [ { char: '🐊', fitzpatrick_scale: false, weight: 2000 } ],
  'stripes' => [ { char: '🦓', fitzpatrick_scale: false, weight: 2000 } ],
  'safari' => [
    { char: '🦓', fitzpatrick_scale: false, weight: 2000 },
    { char: '🦒', fitzpatrick_scale: false, weight: 2000 }
  ],
  'cow' => [
    { char: '🐃', fitzpatrick_scale: false, weight: 2000 },
    { char: '🐂', fitzpatrick_scale: false, weight: 2000 },
    { char: '🥩', fitzpatrick_scale: false, weight: 2000 },
    { char: '🥛', fitzpatrick_scale: false, weight: 2000 }
  ],
  'water' => [
    { char: '🐃', fitzpatrick_scale: false, weight: 2000 },
    { char: '💧', fitzpatrick_scale: false, weight: 2000 },
    { char: '💦', fitzpatrick_scale: false, weight: 2000 },
    { char: '🌊', fitzpatrick_scale: false, weight: 2000 },
    { char: '🚣‍♀️', fitzpatrick_scale: true, weight: 2000 },
    { char: '🚣', fitzpatrick_scale: true, weight: 2000 },
    { char: '🏊‍♀️', fitzpatrick_scale: true, weight: 2000 },
    { char: '🏊', fitzpatrick_scale: true, weight: 2000 },
    { char: '🤽‍♀️', fitzpatrick_scale: true, weight: 2000 },
    { char: '🤽‍♂️', fitzpatrick_scale: true, weight: 2000 },
    { char: '⛵', fitzpatrick_scale: false, weight: 2000 },
    { char: '🛶', fitzpatrick_scale: false, weight: 2000 },
    { char: '⛲', fitzpatrick_scale: false, weight: 2000 },
    { char: '🚿', fitzpatrick_scale: false, weight: 2000 },
    { char: '🚱', fitzpatrick_scale: false, weight: 2000 },
    { char: '🚰', fitzpatrick_scale: false, weight: 2000 }
  ],
  'buffalo' => [ { char: '🐃', fitzpatrick_scale: false, weight: 2000 } ],
  'venison' => [ { char: '🦌', fitzpatrick_scale: false, weight: 2000 } ],
  'desert' => [
    { char: '🐪', fitzpatrick_scale: false, weight: 2000 },
    { char: '🐫', fitzpatrick_scale: false, weight: 2000 },
    { char: '🏝', fitzpatrick_scale: false, weight: 2000 }
  ],
  'hump' => [
    { char: '🐪', fitzpatrick_scale: false, weight: 2000 },
    { char: '🐫', fitzpatrick_scale: false, weight: 2000 }
  ],
  'dromedary' => [ { char: '🐪', fitzpatrick_scale: false, weight: 2000 } ],
  'camel' => [ { char: '🐪', fitzpatrick_scale: false, weight: 2000 } ],
  'spots' => [ { char: '🦒', fitzpatrick_scale: false, weight: 2000 } ],
  'th' => [
    { char: '🐘', fitzpatrick_scale: false, weight: 2000 },
    { char: '🇹🇭', fitzpatrick_scale: false, weight: 2000 }
  ],
  'horn' => [
    { char: '🦏', fitzpatrick_scale: false, weight: 2000 },
    { char: '📯', fitzpatrick_scale: false, weight: 2000 }
  ],
  'sheep' => [ { char: '🐏', fitzpatrick_scale: false, weight: 2000 } ],
  'wool' => [ { char: '🐑', fitzpatrick_scale: false, weight: 2000 } ],
  'shipit' => [ { char: '🐑', fitzpatrick_scale: false, weight: 2000 } ],
  'gamble' => [
    { char: '🐎', fitzpatrick_scale: false, weight: 2000 },
    { char: '🎰', fitzpatrick_scale: false, weight: 2000 }
  ],
  'luck' => [
    { char: '🐎', fitzpatrick_scale: false, weight: 2000 },
    { char: '🎱', fitzpatrick_scale: false, weight: 2000 },
    { char: '🏇', fitzpatrick_scale: true, weight: 2000 },
    { char: '🎲', fitzpatrick_scale: false, weight: 2000 },
    { char: '🎰', fitzpatrick_scale: false, weight: 2000 }
  ],
  'mouse' => [
    { char: '🐀', fitzpatrick_scale: false, weight: 2000 },
    { char: '🖱', fitzpatrick_scale: false, weight: 2000 }
  ],
  'doge' => [ { char: '🐕', fitzpatrick_scale: false, weight: 2000 } ],
  'dog' => [
    { char: '🐩', fitzpatrick_scale: false, weight: 2000 },
    { char: '🐾', fitzpatrick_scale: false, weight: 2000 }
  ],
  '101' => [ { char: '🐩', fitzpatrick_scale: false, weight: 2000 } ],
  'squirrel' => [
    { char: '🐿', fitzpatrick_scale: false, weight: 2000 },
    { char: '🌰', fitzpatrick_scale: false, weight: 2000 }
  ],
  'spiny' => [ { char: '🦔', fitzpatrick_scale: false, weight: 2000 } ],
  'alpaca' => [ { char: '🦙', fitzpatrick_scale: false, weight: 2000 } ],
  'australia' => [ { char: '🦘', fitzpatrick_scale: false, weight: 2000 } ],
  'joey' => [ { char: '🦘', fitzpatrick_scale: false, weight: 2000 } ],
  'hop' => [ { char: '🦘', fitzpatrick_scale: false, weight: 2000 } ],
  'marsupial' => [ { char: '🦘', fitzpatrick_scale: false, weight: 2000 } ],
  'peahen' => [ { char: '🦚', fitzpatrick_scale: false, weight: 2000 } ],
  'pirate' => [
    { char: '🦜', fitzpatrick_scale: false, weight: 2000 },
    { char: '☠', fitzpatrick_scale: false, weight: 2000 },
    { char: '🏴', fitzpatrick_scale: false, weight: 2000 },
    { char: '🏴‍☠️', fitzpatrick_scale: false, weight: 2000 }
  ],
  'bisque' => [ { char: '🦞', fitzpatrick_scale: false, weight: 2000 } ],
  'claws' => [ { char: '🦞', fitzpatrick_scale: false, weight: 2000 } ],
  'malaria' => [ { char: '🦟', fitzpatrick_scale: false, weight: 2000 } ],
  'footprints' => [ { char: '🐾', fitzpatrick_scale: false, weight: 2000 } ],
  'paw' => [ { char: '🐾', fitzpatrick_scale: false, weight: 2000 } ],
  'prints' => [ { char: '🐾', fitzpatrick_scale: false, weight: 2000 } ],
  'myth' => [
    { char: '🐉', fitzpatrick_scale: false, weight: 2000 },
    { char: '🐲', fitzpatrick_scale: false, weight: 2000 }
  ],
  'dragon' => [ { char: '🐲', fitzpatrick_scale: false, weight: 2000 } ],
  'vegetable' => [
    { char: '🌵', fitzpatrick_scale: false, weight: 2000 },
    { char: '🌴', fitzpatrick_scale: false, weight: 2000 },
    { char: '🌿', fitzpatrick_scale: false, weight: 2000 },
    { char: '☘', fitzpatrick_scale: false, weight: 2000 },
    { char: '🍀', fitzpatrick_scale: false, weight: 2000 },
    { char: '🎍', fitzpatrick_scale: false, weight: 2000 },
    { char: '🍃', fitzpatrick_scale: false, weight: 2000 },
    { char: '🍂', fitzpatrick_scale: false, weight: 2000 },
    { char: '🍁', fitzpatrick_scale: false, weight: 2000 },
    { char: '🌺', fitzpatrick_scale: false, weight: 2000 },
    { char: '🍄', fitzpatrick_scale: false, weight: 2000 },
    { char: '🥦', fitzpatrick_scale: false, weight: 2000 },
    { char: '🍅', fitzpatrick_scale: false, weight: 2000 },
    { char: '🍆', fitzpatrick_scale: false, weight: 2000 },
    { char: '🥕', fitzpatrick_scale: false, weight: 2000 },
    { char: '🌽', fitzpatrick_scale: false, weight: 2000 },
    { char: '🥬', fitzpatrick_scale: false, weight: 2000 }
  ],
  'plant' => [
    { char: '🌵', fitzpatrick_scale: false, weight: 2000 },
    { char: '🌲', fitzpatrick_scale: false, weight: 2000 },
    { char: '🌳', fitzpatrick_scale: false, weight: 2000 },
    { char: '🌴', fitzpatrick_scale: false, weight: 2000 },
    { char: '🌱', fitzpatrick_scale: false, weight: 2000 },
    { char: '🌿', fitzpatrick_scale: false, weight: 2000 },
    { char: '☘', fitzpatrick_scale: false, weight: 2000 },
    { char: '🍀', fitzpatrick_scale: false, weight: 2000 },
    { char: '🎍', fitzpatrick_scale: false, weight: 2000 },
    { char: '🎋', fitzpatrick_scale: false, weight: 2000 },
    { char: '🍃', fitzpatrick_scale: false, weight: 2000 },
    { char: '🍂', fitzpatrick_scale: false, weight: 2000 },
    { char: '🍁', fitzpatrick_scale: false, weight: 2000 },
    { char: '🌾', fitzpatrick_scale: false, weight: 2000 },
    { char: '🌺', fitzpatrick_scale: false, weight: 2000 },
    { char: '🌻', fitzpatrick_scale: false, weight: 2000 },
    { char: '🥀', fitzpatrick_scale: false, weight: 2000 },
    { char: '🌷', fitzpatrick_scale: false, weight: 2000 },
    { char: '🌸', fitzpatrick_scale: false, weight: 2000 },
    { char: '🍄', fitzpatrick_scale: false, weight: 2000 },
    { char: '🌽', fitzpatrick_scale: false, weight: 2000 },
    { char: '🥬', fitzpatrick_scale: false, weight: 2000 },
    { char: '🏡', fitzpatrick_scale: false, weight: 2000 }
  ],
  'vacation' => [
    { char: '🎄', fitzpatrick_scale: false, weight: 2000 },
    { char: '🌅', fitzpatrick_scale: false, weight: 2000 },
    { char: '🌄', fitzpatrick_scale: false, weight: 2000 }
  ],
  'december' => [ { char: '🎄', fitzpatrick_scale: false, weight: 2000 } ],
  'tree' => [
    { char: '🎄', fitzpatrick_scale: false, weight: 2000 },
    { char: '🌲', fitzpatrick_scale: false, weight: 2000 },
    { char: '🌳', fitzpatrick_scale: false, weight: 2000 },
    { char: '🌴', fitzpatrick_scale: false, weight: 2000 },
    { char: '🎋', fitzpatrick_scale: false, weight: 2000 },
    { char: '🍃', fitzpatrick_scale: false, weight: 2000 }
  ],
  'evergreen' => [ { char: '🌲', fitzpatrick_scale: false, weight: 2000 } ],
  'deciduous' => [ { char: '🌳', fitzpatrick_scale: false, weight: 2000 } ],
  'mojito' => [
    { char: '🌴', fitzpatrick_scale: false, weight: 2000 },
    { char: '🍸', fitzpatrick_scale: false, weight: 2000 },
    { char: '🍹', fitzpatrick_scale: false, weight: 2000 },
    { char: '🏖', fitzpatrick_scale: false, weight: 2000 },
    { char: '🏝', fitzpatrick_scale: false, weight: 2000 }
  ],
  'grass' => [
    { char: '🌱', fitzpatrick_scale: false, weight: 2000 },
    { char: '🌿', fitzpatrick_scale: false, weight: 2000 },
    { char: '🍃', fitzpatrick_scale: false, weight: 2000 }
  ],
  'lawn' => [
    { char: '🌱', fitzpatrick_scale: false, weight: 2000 },
    { char: '🌿', fitzpatrick_scale: false, weight: 2000 },
    { char: '🍃', fitzpatrick_scale: false, weight: 2000 }
  ],
  'medicine' => [
    { char: '🌿', fitzpatrick_scale: false, weight: 2000 },
    { char: '💊', fitzpatrick_scale: false, weight: 2000 },
    { char: '💉', fitzpatrick_scale: false, weight: 2000 }
  ],
  'weed' => [ { char: '🌿', fitzpatrick_scale: false, weight: 2000 } ],
  'irish' => [
    { char: '☘', fitzpatrick_scale: false, weight: 2000 },
    { char: '🍀', fitzpatrick_scale: false, weight: 2000 }
  ],
  'clover' => [
    { char: '☘', fitzpatrick_scale: false, weight: 2000 },
    { char: '🍀', fitzpatrick_scale: false, weight: 2000 }
  ],
  'four' => [ { char: '🍀', fitzpatrick_scale: false, weight: 2000 } ],
  'leaf' => [
    { char: '🍀', fitzpatrick_scale: false, weight: 2000 },
    { char: '🍂', fitzpatrick_scale: false, weight: 2000 },
    { char: '🍁', fitzpatrick_scale: false, weight: 2000 }
  ],
  'pine_decoration' => [ { char: '🎍', fitzpatrick_scale: false, weight: 2000 } ],
  'pine' => [ { char: '🎍', fitzpatrick_scale: false, weight: 2000 } ],
  'decoration' => [
    { char: '🎍', fitzpatrick_scale: false, weight: 2000 },
    { char: '🏵', fitzpatrick_scale: false, weight: 2000 },
    { char: '🎀', fitzpatrick_scale: false, weight: 2000 },
    { char: '❣', fitzpatrick_scale: false, weight: 2000 },
    { char: '💟', fitzpatrick_scale: false, weight: 2000 }
  ],
  'branch' => [ { char: '🎋', fitzpatrick_scale: false, weight: 2000 } ],
  'tanabata' => [ { char: '🎋', fitzpatrick_scale: false, weight: 2000 } ],
  'leaves' => [ { char: '🍂', fitzpatrick_scale: false, weight: 2000 } ],
  'fallen' => [ { char: '🍂', fitzpatrick_scale: false, weight: 2000 } ],
  'ca' => [
    { char: '🍁', fitzpatrick_scale: false, weight: 2000 },
    { char: '🇨🇦', fitzpatrick_scale: false, weight: 2000 }
  ],
  'fall' => [
    { char: '🍁', fitzpatrick_scale: false, weight: 2000 },
    { char: '🌻', fitzpatrick_scale: false, weight: 2000 },
    { char: '🎃', fitzpatrick_scale: false, weight: 2000 },
    { char: '⛅', fitzpatrick_scale: false, weight: 2000 }
  ],
  'maple' => [ { char: '🍁', fitzpatrick_scale: false, weight: 2000 } ],
  'ear' => [ { char: '🌾', fitzpatrick_scale: false, weight: 2000 } ],
  'rice' => [
    { char: '🌾', fitzpatrick_scale: false, weight: 2000 },
    { char: '🍣', fitzpatrick_scale: false, weight: 2000 },
    { char: '🍙', fitzpatrick_scale: false, weight: 2000 },
    { char: '🍘', fitzpatrick_scale: false, weight: 2000 },
    { char: '🎑', fitzpatrick_scale: false, weight: 2000 }
  ],
  'flowers' => [
    { char: '🌺', fitzpatrick_scale: false, weight: 2000 },
    { char: '🌹', fitzpatrick_scale: false, weight: 2000 },
    { char: '🌷', fitzpatrick_scale: false, weight: 2000 },
    { char: '🌼', fitzpatrick_scale: false, weight: 2000 },
    { char: '💐', fitzpatrick_scale: false, weight: 2000 }
  ],
  'flower' => [
    { char: '🥀', fitzpatrick_scale: false, weight: 2000 },
    { char: '🌸', fitzpatrick_scale: false, weight: 2000 },
    { char: '🏵', fitzpatrick_scale: false, weight: 2000 },
    { char: '💮', fitzpatrick_scale: false, weight: 2000 },
    { char: '🎴', fitzpatrick_scale: false, weight: 2000 }
  ],
  'wilted' => [ { char: '🥀', fitzpatrick_scale: false, weight: 2000 } ],
  'yellow' => [
    { char: '🌼', fitzpatrick_scale: false, weight: 2000 },
    { char: '🌕', fitzpatrick_scale: false, weight: 2000 },
    { char: '⭐', fitzpatrick_scale: false, weight: 2000 },
    { char: '💛', fitzpatrick_scale: false, weight: 2000 },
    { char: '🚸', fitzpatrick_scale: false, weight: 2000 }
  ],
  'cherry' => [ { char: '🌸', fitzpatrick_scale: false, weight: 2000 } ],
  'blossom' => [ { char: '🌸', fitzpatrick_scale: false, weight: 2000 } ],
  'light' => [
    { char: '🎃', fitzpatrick_scale: false, weight: 2000 },
    { char: '🚨', fitzpatrick_scale: false, weight: 2000 },
    { char: '🚈', fitzpatrick_scale: false, weight: 2000 },
    { char: '🚦', fitzpatrick_scale: false, weight: 2000 },
    { char: '🚥', fitzpatrick_scale: false, weight: 2000 },
    { char: '💡', fitzpatrick_scale: false, weight: 2000 },
    { char: '🏮', fitzpatrick_scale: false, weight: 2000 },
    { char: '🔆', fitzpatrick_scale: false, weight: 2000 }
  ],
  'pumpkin' => [ { char: '🎃', fitzpatrick_scale: false, weight: 2000 } ],
  'jack' => [
    { char: '🎃', fitzpatrick_scale: false, weight: 2000 },
    { char: '🇬🇧', fitzpatrick_scale: false, weight: 2000 }
  ],
  'o' => [ { char: '🎃', fitzpatrick_scale: false, weight: 2000 } ],
  'lantern' => [
    { char: '🎃', fitzpatrick_scale: false, weight: 2000 },
    { char: '🏮', fitzpatrick_scale: false, weight: 2000 }
  ],
  'silk' => [ { char: '🕸', fitzpatrick_scale: false, weight: 2000 } ],
  'spider' => [ { char: '🕸', fitzpatrick_scale: false, weight: 2000 } ],
  'web' => [ { char: '🕸', fitzpatrick_scale: false, weight: 2000 } ],
  'globe' => [
    { char: '🌎', fitzpatrick_scale: false, weight: 2000 },
    { char: '🌍', fitzpatrick_scale: false, weight: 2000 },
    { char: '🌏', fitzpatrick_scale: false, weight: 2000 },
    { char: '🌐', fitzpatrick_scale: false, weight: 2000 }
  ],
  'world' => [
    { char: '🌎', fitzpatrick_scale: false, weight: 2000 },
    { char: '🌍', fitzpatrick_scale: false, weight: 2000 },
    { char: '🌏', fitzpatrick_scale: false, weight: 2000 },
    { char: '🗺', fitzpatrick_scale: false, weight: 2000 },
    { char: '🌐', fitzpatrick_scale: false, weight: 2000 }
  ],
  'usa' => [ { char: '🌎', fitzpatrick_scale: false, weight: 2000 } ],
  'international' => [
    { char: '🌎', fitzpatrick_scale: false, weight: 2000 },
    { char: '🌍', fitzpatrick_scale: false, weight: 2000 },
    { char: '🌏', fitzpatrick_scale: false, weight: 2000 },
    { char: '🌐', fitzpatrick_scale: false, weight: 2000 }
  ],
  'earth' => [
    { char: '🌎', fitzpatrick_scale: false, weight: 2000 },
    { char: '🌍', fitzpatrick_scale: false, weight: 2000 },
    { char: '🌏', fitzpatrick_scale: false, weight: 2000 },
    { char: '🌐', fitzpatrick_scale: false, weight: 2000 }
  ],
  'americas' => [ { char: '🌎', fitzpatrick_scale: false, weight: 2000 } ],
  'africa' => [
    { char: '🌍', fitzpatrick_scale: false, weight: 2000 },
    { char: '🇿🇦', fitzpatrick_scale: false, weight: 2000 }
  ],
  'east' => [ { char: '🌏', fitzpatrick_scale: false, weight: 2000 } ],
  'asia' => [
    { char: '🌏', fitzpatrick_scale: false, weight: 2000 },
    { char: '🎑', fitzpatrick_scale: false, weight: 2000 },
    { char: '🗾', fitzpatrick_scale: false, weight: 2000 }
  ],
  'twilight' => [
    { char: '🌕', fitzpatrick_scale: false, weight: 2000 },
    { char: '🌖', fitzpatrick_scale: false, weight: 2000 },
    { char: '🌗', fitzpatrick_scale: false, weight: 2000 },
    { char: '🌘', fitzpatrick_scale: false, weight: 2000 },
    { char: '🌑', fitzpatrick_scale: false, weight: 2000 },
    { char: '🌒', fitzpatrick_scale: false, weight: 2000 },
    { char: '🌓', fitzpatrick_scale: false, weight: 2000 },
    { char: '🌔', fitzpatrick_scale: false, weight: 2000 },
    { char: '🌚', fitzpatrick_scale: false, weight: 2000 },
    { char: '🌝', fitzpatrick_scale: false, weight: 2000 },
    { char: '🌛', fitzpatrick_scale: false, weight: 2000 },
    { char: '🌜', fitzpatrick_scale: false, weight: 2000 }
  ],
  'planet' => [
    { char: '🌕', fitzpatrick_scale: false, weight: 2000 },
    { char: '🌖', fitzpatrick_scale: false, weight: 2000 },
    { char: '🌗', fitzpatrick_scale: false, weight: 2000 },
    { char: '🌘', fitzpatrick_scale: false, weight: 2000 },
    { char: '🌑', fitzpatrick_scale: false, weight: 2000 },
    { char: '🌒', fitzpatrick_scale: false, weight: 2000 },
    { char: '🌓', fitzpatrick_scale: false, weight: 2000 },
    { char: '🌔', fitzpatrick_scale: false, weight: 2000 },
    { char: '🌚', fitzpatrick_scale: false, weight: 2000 },
    { char: '🌝', fitzpatrick_scale: false, weight: 2000 },
    { char: '🌛', fitzpatrick_scale: false, weight: 2000 },
    { char: '🌜', fitzpatrick_scale: false, weight: 2000 }
  ],
  'evening' => [
    { char: '🌕', fitzpatrick_scale: false, weight: 2000 },
    { char: '🌖', fitzpatrick_scale: false, weight: 2000 },
    { char: '🌗', fitzpatrick_scale: false, weight: 2000 },
    { char: '🌘', fitzpatrick_scale: false, weight: 2000 },
    { char: '🌑', fitzpatrick_scale: false, weight: 2000 },
    { char: '🌒', fitzpatrick_scale: false, weight: 2000 },
    { char: '🌓', fitzpatrick_scale: false, weight: 2000 },
    { char: '🌔', fitzpatrick_scale: false, weight: 2000 },
    { char: '🌚', fitzpatrick_scale: false, weight: 2000 },
    { char: '🌝', fitzpatrick_scale: false, weight: 2000 },
    { char: '🌛', fitzpatrick_scale: false, weight: 2000 },
    { char: '🌜', fitzpatrick_scale: false, weight: 2000 },
    { char: '🌙', fitzpatrick_scale: false, weight: 2000 },
    { char: '🌆', fitzpatrick_scale: false, weight: 2000 },
    { char: '🌃', fitzpatrick_scale: false, weight: 2000 }
  ],
  'sleep' => [
    { char: '🌕', fitzpatrick_scale: false, weight: 2000 },
    { char: '🌖', fitzpatrick_scale: false, weight: 2000 },
    { char: '🌗', fitzpatrick_scale: false, weight: 2000 },
    { char: '🌘', fitzpatrick_scale: false, weight: 2000 },
    { char: '🌑', fitzpatrick_scale: false, weight: 2000 },
    { char: '🌒', fitzpatrick_scale: false, weight: 2000 },
    { char: '🌓', fitzpatrick_scale: false, weight: 2000 },
    { char: '🌔', fitzpatrick_scale: false, weight: 2000 },
    { char: '🌚', fitzpatrick_scale: false, weight: 2000 },
    { char: '🌝', fitzpatrick_scale: false, weight: 2000 },
    { char: '🌛', fitzpatrick_scale: false, weight: 2000 },
    { char: '🌜', fitzpatrick_scale: false, weight: 2000 },
    { char: '🌙', fitzpatrick_scale: false, weight: 2000 },
    { char: '🛏', fitzpatrick_scale: false, weight: 2000 }
  ],
  'full' => [
    { char: '🌕', fitzpatrick_scale: false, weight: 2000 },
    { char: '🌝', fitzpatrick_scale: false, weight: 2000 },
    { char: '🈵', fitzpatrick_scale: false, weight: 2000 }
  ],
  'moon' => [
    { char: '🌕', fitzpatrick_scale: false, weight: 2000 },
    { char: '🌖', fitzpatrick_scale: false, weight: 2000 },
    { char: '🌗', fitzpatrick_scale: false, weight: 2000 },
    { char: '🌘', fitzpatrick_scale: false, weight: 2000 },
    { char: '🌑', fitzpatrick_scale: false, weight: 2000 },
    { char: '🌒', fitzpatrick_scale: false, weight: 2000 },
    { char: '🌓', fitzpatrick_scale: false, weight: 2000 },
    { char: '🌔', fitzpatrick_scale: false, weight: 2000 },
    { char: '🌚', fitzpatrick_scale: false, weight: 2000 },
    { char: '🌝', fitzpatrick_scale: false, weight: 2000 },
    { char: '🌛', fitzpatrick_scale: false, weight: 2000 },
    { char: '🌜', fitzpatrick_scale: false, weight: 2000 },
    { char: '🌙', fitzpatrick_scale: false, weight: 2000 },
    { char: '🥮', fitzpatrick_scale: false, weight: 2000 },
    { char: '🈷️', fitzpatrick_scale: false, weight: 2000 }
  ],
  'waxing_gibbous_moon' => [ { char: '🌖', fitzpatrick_scale: false, weight: 2000 } ],
  'waxing' => [
    { char: '🌖', fitzpatrick_scale: false, weight: 2000 },
    { char: '🌒', fitzpatrick_scale: false, weight: 2000 },
    { char: '🌔', fitzpatrick_scale: false, weight: 2000 }
  ],
  'gibbous' => [
    { char: '🌖', fitzpatrick_scale: false, weight: 2000 },
    { char: '🌔', fitzpatrick_scale: false, weight: 2000 }
  ],
  'waning' => [
    { char: '🌖', fitzpatrick_scale: false, weight: 2000 },
    { char: '🌘', fitzpatrick_scale: false, weight: 2000 }
  ],
  'last' => [
    { char: '🌗', fitzpatrick_scale: false, weight: 2000 },
    { char: '🌜', fitzpatrick_scale: false, weight: 2000 }
  ],
  'quarter' => [
    { char: '🌗', fitzpatrick_scale: false, weight: 2000 },
    { char: '🌓', fitzpatrick_scale: false, weight: 2000 },
    { char: '🌛', fitzpatrick_scale: false, weight: 2000 },
    { char: '🌜', fitzpatrick_scale: false, weight: 2000 }
  ],
  'crescent' => [
    { char: '🌘', fitzpatrick_scale: false, weight: 2000 },
    { char: '🌒', fitzpatrick_scale: false, weight: 2000 },
    { char: '🌙', fitzpatrick_scale: false, weight: 2000 },
    { char: '☪', fitzpatrick_scale: false, weight: 2000 }
  ],
  'new' => [
    { char: '🌑', fitzpatrick_scale: false, weight: 2000 },
    { char: '🌚', fitzpatrick_scale: false, weight: 2000 },
    { char: '🇳🇨', fitzpatrick_scale: false, weight: 2000 },
    { char: '🇳🇿', fitzpatrick_scale: false, weight: 2000 },
    { char: '🇵🇬', fitzpatrick_scale: false, weight: 2000 }
  ],
  'first' => [
    { char: '🌓', fitzpatrick_scale: false, weight: 2000 },
    { char: '🌛', fitzpatrick_scale: false, weight: 2000 },
    { char: '🥇', fitzpatrick_scale: false, weight: 2000 }
  ],
  'sky' => [
    { char: '🌔', fitzpatrick_scale: false, weight: 2000 },
    { char: '🌞', fitzpatrick_scale: false, weight: 2000 },
    { char: '🌙', fitzpatrick_scale: false, weight: 2000 },
    { char: '☁️', fitzpatrick_scale: false, weight: 2000 },
    { char: '🌆', fitzpatrick_scale: false, weight: 2000 },
    { char: '🌈', fitzpatrick_scale: false, weight: 2000 },
    { char: '🈳', fitzpatrick_scale: false, weight: 2000 }
  ],
  'gray' => [
    { char: '🌔', fitzpatrick_scale: false, weight: 2000 },
    { char: '❕', fitzpatrick_scale: false, weight: 2000 },
    { char: '❔', fitzpatrick_scale: false, weight: 2000 }
  ],
  'morning' => [
    { char: '🌞', fitzpatrick_scale: false, weight: 2000 },
    { char: '⛅', fitzpatrick_scale: false, weight: 2000 },
    { char: '🌅', fitzpatrick_scale: false, weight: 2000 },
    { char: '🌇', fitzpatrick_scale: false, weight: 2000 }
  ],
  'sun' => [
    { char: '🌞', fitzpatrick_scale: false, weight: 2000 },
    { char: '🌤', fitzpatrick_scale: false, weight: 2000 },
    { char: '🌥', fitzpatrick_scale: false, weight: 2000 },
    { char: '🌦', fitzpatrick_scale: false, weight: 2000 },
    { char: '🔅', fitzpatrick_scale: false, weight: 2000 },
    { char: '🔆', fitzpatrick_scale: false, weight: 2000 }
  ],
  'sparkle' => [
    { char: '🌟', fitzpatrick_scale: false, weight: 2000 },
    { char: '💫', fitzpatrick_scale: false, weight: 2000 },
    { char: '✳️', fitzpatrick_scale: false, weight: 2000 }
  ],
  'shoot' => [ { char: '💫', fitzpatrick_scale: false, weight: 2000 } ],
  'stars' => [
    { char: '✨', fitzpatrick_scale: false, weight: 2000 },
    { char: '🌃', fitzpatrick_scale: false, weight: 2000 },
    { char: '🌌', fitzpatrick_scale: false, weight: 2000 },
    { char: '🎇', fitzpatrick_scale: false, weight: 2000 },
    { char: '🔭', fitzpatrick_scale: false, weight: 2000 },
    { char: '❇️', fitzpatrick_scale: false, weight: 2000 }
  ],
  'shine' => [
    { char: '✨', fitzpatrick_scale: false, weight: 2000 },
    { char: '🎇', fitzpatrick_scale: false, weight: 2000 }
  ],
  'shiny' => [ { char: '✨', fitzpatrick_scale: false, weight: 2000 } ],
  'brightness' => [
    { char: '☀️', fitzpatrick_scale: false, weight: 2000 },
    { char: '🔅', fitzpatrick_scale: false, weight: 2000 },
    { char: '🔆', fitzpatrick_scale: false, weight: 2000 }
  ],
  'behind' => [
    { char: '🌤', fitzpatrick_scale: false, weight: 2000 },
    { char: '🌥', fitzpatrick_scale: false, weight: 2000 },
    { char: '🌦', fitzpatrick_scale: false, weight: 2000 }
  ],
  'small' => [
    { char: '🌤', fitzpatrick_scale: false, weight: 2000 },
    { char: '🛩', fitzpatrick_scale: false, weight: 2000 },
    { char: '🔼', fitzpatrick_scale: false, weight: 2000 },
    { char: '🔽', fitzpatrick_scale: false, weight: 2000 },
    { char: '🔸', fitzpatrick_scale: false, weight: 2000 },
    { char: '🔹', fitzpatrick_scale: false, weight: 2000 },
    { char: '🔺', fitzpatrick_scale: false, weight: 2000 },
    { char: '▪️', fitzpatrick_scale: false, weight: 2000 },
    { char: '▫️', fitzpatrick_scale: false, weight: 2000 },
    { char: '🔻', fitzpatrick_scale: false, weight: 2000 },
    { char: '◾', fitzpatrick_scale: false, weight: 2000 },
    { char: '◽', fitzpatrick_scale: false, weight: 2000 }
  ],
  'cloud' => [
    { char: '🌤', fitzpatrick_scale: false, weight: 2000 },
    { char: '🌥', fitzpatrick_scale: false, weight: 2000 },
    { char: '🌦', fitzpatrick_scale: false, weight: 2000 },
    { char: '🌧', fitzpatrick_scale: false, weight: 2000 },
    { char: '⛈', fitzpatrick_scale: false, weight: 2000 },
    { char: '🌩', fitzpatrick_scale: false, weight: 2000 },
    { char: '🌨', fitzpatrick_scale: false, weight: 2000 },
    { char: '🌀', fitzpatrick_scale: false, weight: 2000 },
    { char: '💭', fitzpatrick_scale: false, weight: 2000 }
  ],
  'cloudy' => [ { char: '⛅', fitzpatrick_scale: false, weight: 2000 } ],
  'partly' => [ { char: '⛅', fitzpatrick_scale: false, weight: 2000 } ],
  'sunny' => [
    { char: '⛅', fitzpatrick_scale: false, weight: 2000 },
    { char: '🏖', fitzpatrick_scale: false, weight: 2000 }
  ],
  'large' => [
    { char: '🌥', fitzpatrick_scale: false, weight: 2000 },
    { char: '🔵', fitzpatrick_scale: false, weight: 2000 },
    { char: '🔶', fitzpatrick_scale: false, weight: 2000 },
    { char: '🔷', fitzpatrick_scale: false, weight: 2000 },
    { char: '⬛', fitzpatrick_scale: false, weight: 2000 },
    { char: '⬜', fitzpatrick_scale: false, weight: 2000 }
  ],
  'lightning' => [
    { char: '⛈', fitzpatrick_scale: false, weight: 2000 },
    { char: '🌩', fitzpatrick_scale: false, weight: 2000 },
    { char: '⚡', fitzpatrick_scale: false, weight: 2000 }
  ],
  'and' => [
    { char: '⛈', fitzpatrick_scale: false, weight: 2000 },
    { char: '🍴', fitzpatrick_scale: false, weight: 2000 },
    { char: '🏹', fitzpatrick_scale: false, weight: 2000 },
    { char: '🎣', fitzpatrick_scale: false, weight: 2000 },
    { char: '⚒', fitzpatrick_scale: false, weight: 2000 },
    { char: '🛠', fitzpatrick_scale: false, weight: 2000 },
    { char: '🔩', fitzpatrick_scale: false, weight: 2000 },
    { char: '☠', fitzpatrick_scale: false, weight: 2000 },
    { char: '🛋', fitzpatrick_scale: false, weight: 2000 },
    { char: '☪', fitzpatrick_scale: false, weight: 2000 }
  ],
  'thunder' => [
    { char: '🌩', fitzpatrick_scale: false, weight: 2000 },
    { char: '⚡', fitzpatrick_scale: false, weight: 2000 }
  ],
  'lightning bolt' => [ { char: '⚡', fitzpatrick_scale: false, weight: 2000 } ],
  'fast' => [
    { char: '⚡', fitzpatrick_scale: false, weight: 2000 },
    { char: '💨', fitzpatrick_scale: false, weight: 2000 },
    { char: '🍔', fitzpatrick_scale: false, weight: 2000 },
    { char: '🍟', fitzpatrick_scale: false, weight: 2000 },
    { char: '🏎', fitzpatrick_scale: false, weight: 2000 },
    { char: '🏍', fitzpatrick_scale: false, weight: 2000 },
    { char: '🚅', fitzpatrick_scale: false, weight: 2000 },
    { char: '⏩', fitzpatrick_scale: false, weight: 2000 }
  ],
  'bolt' => [
    { char: '⚡', fitzpatrick_scale: false, weight: 2000 },
    { char: '🔩', fitzpatrick_scale: false, weight: 2000 }
  ],
  'flame' => [ { char: '🔥', fitzpatrick_scale: false, weight: 2000 } ],
  'bomb' => [ { char: '💥', fitzpatrick_scale: false, weight: 2000 } ],
  'explode' => [
    { char: '💥', fitzpatrick_scale: false, weight: 2000 },
    { char: '💣', fitzpatrick_scale: false, weight: 2000 },
    { char: '🧨', fitzpatrick_scale: false, weight: 2000 }
  ],
  'explosion' => [
    { char: '💥', fitzpatrick_scale: false, weight: 2000 },
    { char: '💣', fitzpatrick_scale: false, weight: 2000 },
    { char: '🧨', fitzpatrick_scale: false, weight: 2000 }
  ],
  'collision' => [ { char: '💥', fitzpatrick_scale: false, weight: 2000 } ],
  'season' => [
    { char: '❄️', fitzpatrick_scale: false, weight: 2000 },
    { char: '⛄', fitzpatrick_scale: false, weight: 2000 },
    { char: '☃', fitzpatrick_scale: false, weight: 2000 }
  ],
  'snow' => [
    { char: '🌨', fitzpatrick_scale: false, weight: 2000 },
    { char: '⛄', fitzpatrick_scale: false, weight: 2000 },
    { char: '☃', fitzpatrick_scale: false, weight: 2000 },
    { char: '🎿', fitzpatrick_scale: false, weight: 2000 },
    { char: '⛷', fitzpatrick_scale: false, weight: 2000 },
    { char: '🏔', fitzpatrick_scale: false, weight: 2000 }
  ],
  'without_snow' => [ { char: '⛄', fitzpatrick_scale: false, weight: 2000 } ],
  'without' => [ { char: '⛄', fitzpatrick_scale: false, weight: 2000 } ],
  'snowman' => [ { char: '☃', fitzpatrick_scale: false, weight: 2000 } ],
  'gust' => [ { char: '🌬', fitzpatrick_scale: false, weight: 2000 } ],
  'air' => [
    { char: '🌬', fitzpatrick_scale: false, weight: 2000 },
    { char: '💨', fitzpatrick_scale: false, weight: 2000 }
  ],
  'wind' => [
    { char: '🌬', fitzpatrick_scale: false, weight: 2000 },
    { char: '💨', fitzpatrick_scale: false, weight: 2000 },
    { char: '🎐', fitzpatrick_scale: false, weight: 2000 }
  ],
  'shoo' => [ { char: '💨', fitzpatrick_scale: false, weight: 2000 } ],
  'fart' => [ { char: '💨', fitzpatrick_scale: false, weight: 2000 } ],
  'smoke' => [
    { char: '💨', fitzpatrick_scale: false, weight: 2000 },
    { char: '🏭', fitzpatrick_scale: false, weight: 2000 },
    { char: '🚬', fitzpatrick_scale: false, weight: 2000 },
    { char: '🚭', fitzpatrick_scale: false, weight: 2000 }
  ],
  'puff' => [ { char: '💨', fitzpatrick_scale: false, weight: 2000 } ],
  'cyclone' => [ { char: '🌪', fitzpatrick_scale: false, weight: 2000 } ],
  'twister' => [ { char: '🌪', fitzpatrick_scale: false, weight: 2000 } ],
  'rainy' => [ { char: '☔', fitzpatrick_scale: false, weight: 2000 } ],
  'drip' => [
    { char: '💧', fitzpatrick_scale: false, weight: 2000 },
    { char: '💦', fitzpatrick_scale: false, weight: 2000 }
  ],
  'faucet' => [
    { char: '💧', fitzpatrick_scale: false, weight: 2000 },
    { char: '🚱', fitzpatrick_scale: false, weight: 2000 },
    { char: '🚰', fitzpatrick_scale: false, weight: 2000 }
  ],
  'drops' => [ { char: '💦', fitzpatrick_scale: false, weight: 2000 } ],
  'wave' => [ { char: '🌊', fitzpatrick_scale: false, weight: 2000 } ],
  'tsunami' => [ { char: '🌊', fitzpatrick_scale: false, weight: 2000 } ],
  'disaster' => [
    { char: '🌊', fitzpatrick_scale: false, weight: 2000 },
    { char: '🌋', fitzpatrick_scale: false, weight: 2000 }
  ],
  'fruit' => [
    { char: '🍏', fitzpatrick_scale: false, weight: 2000 },
    { char: '🍎', fitzpatrick_scale: false, weight: 2000 },
    { char: '🍐', fitzpatrick_scale: false, weight: 2000 },
    { char: '🍊', fitzpatrick_scale: false, weight: 2000 },
    { char: '🍋', fitzpatrick_scale: false, weight: 2000 },
    { char: '🍌', fitzpatrick_scale: false, weight: 2000 },
    { char: '🍉', fitzpatrick_scale: false, weight: 2000 },
    { char: '🍇', fitzpatrick_scale: false, weight: 2000 },
    { char: '🍓', fitzpatrick_scale: false, weight: 2000 },
    { char: '🍈', fitzpatrick_scale: false, weight: 2000 },
    { char: '🍒', fitzpatrick_scale: false, weight: 2000 },
    { char: '🍑', fitzpatrick_scale: false, weight: 2000 },
    { char: '🍍', fitzpatrick_scale: false, weight: 2000 },
    { char: '🥥', fitzpatrick_scale: false, weight: 2000 },
    { char: '🥝', fitzpatrick_scale: false, weight: 2000 },
    { char: '🥭', fitzpatrick_scale: false, weight: 2000 },
    { char: '🥑', fitzpatrick_scale: false, weight: 2000 },
    { char: '🥦', fitzpatrick_scale: false, weight: 2000 },
    { char: '🍅', fitzpatrick_scale: false, weight: 2000 },
    { char: '🥒', fitzpatrick_scale: false, weight: 2000 },
    { char: '🎰', fitzpatrick_scale: false, weight: 2000 }
  ],
  'apple' => [
    { char: '🍏', fitzpatrick_scale: false, weight: 2000 },
    { char: '📱', fitzpatrick_scale: false, weight: 2000 }
  ],
  'mac' => [ { char: '🍎', fitzpatrick_scale: false, weight: 2000 } ],
  'orange' => [
    { char: '🍊', fitzpatrick_scale: false, weight: 2000 },
    { char: '🥕', fitzpatrick_scale: false, weight: 2000 },
    { char: '📙', fitzpatrick_scale: false, weight: 2000 },
    { char: '🧡', fitzpatrick_scale: false, weight: 2000 },
    { char: '📴', fitzpatrick_scale: false, weight: 2000 },
    { char: '📳', fitzpatrick_scale: false, weight: 2000 },
    { char: '🈶', fitzpatrick_scale: false, weight: 2000 },
    { char: '🈚', fitzpatrick_scale: false, weight: 2000 },
    { char: '🈸', fitzpatrick_scale: false, weight: 2000 },
    { char: '🈺', fitzpatrick_scale: false, weight: 2000 },
    { char: '🈷️', fitzpatrick_scale: false, weight: 2000 },
    { char: '✴️', fitzpatrick_scale: false, weight: 2000 },
    { char: '🆚', fitzpatrick_scale: false, weight: 2000 },
    { char: '🉑', fitzpatrick_scale: false, weight: 2000 },
    { char: '🚼', fitzpatrick_scale: false, weight: 2000 },
    { char: '🔸', fitzpatrick_scale: false, weight: 2000 },
    { char: '🔶', fitzpatrick_scale: false, weight: 2000 }
  ],
  'picnic' => [ { char: '🍉', fitzpatrick_scale: false, weight: 2000 } ],
  'wine' => [
    { char: '🍇', fitzpatrick_scale: false, weight: 2000 },
    { char: '🥂', fitzpatrick_scale: false, weight: 2000 },
    { char: '🍷', fitzpatrick_scale: false, weight: 2000 },
    { char: '🍾', fitzpatrick_scale: false, weight: 2000 },
    { char: '🍶', fitzpatrick_scale: false, weight: 2000 }
  ],
  'kiwi' => [ { char: '🥝', fitzpatrick_scale: false, weight: 2000 } ],
  'aubergine' => [ { char: '🍆', fitzpatrick_scale: false, weight: 2000 } ],
  'pickle' => [ { char: '🥒', fitzpatrick_scale: false, weight: 2000 } ],
  'spicy' => [
    { char: '🌶', fitzpatrick_scale: false, weight: 2000 },
    { char: '🍛', fitzpatrick_scale: false, weight: 2000 }
  ],
  'chilli' => [ { char: '🌶', fitzpatrick_scale: false, weight: 2000 } ],
  'chili' => [ { char: '🌶', fitzpatrick_scale: false, weight: 2000 } ],
  'pepper' => [ { char: '🌶', fitzpatrick_scale: false, weight: 2000 } ],
  'tuber' => [ { char: '🥔', fitzpatrick_scale: false, weight: 2000 } ],
  'vegatable' => [ { char: '🥔', fitzpatrick_scale: false, weight: 2000 } ],
  'starch' => [ { char: '🥔', fitzpatrick_scale: false, weight: 2000 } ],
  'bok choy' => [ { char: '🥬', fitzpatrick_scale: false, weight: 2000 } ],
  'cabbage' => [ { char: '🥬', fitzpatrick_scale: false, weight: 2000 } ],
  'kale' => [ { char: '🥬', fitzpatrick_scale: false, weight: 2000 } ],
  'lettuce' => [
    { char: '🥬', fitzpatrick_scale: false, weight: 2000 },
    { char: '🥗', fitzpatrick_scale: false, weight: 2000 }
  ],
  'bok' => [ { char: '🥬', fitzpatrick_scale: false, weight: 2000 } ],
  'choy' => [ { char: '🥬', fitzpatrick_scale: false, weight: 2000 } ],
  'leafy' => [ { char: '🥬', fitzpatrick_scale: false, weight: 2000 } ],
  'greens' => [ { char: '🥬', fitzpatrick_scale: false, weight: 2000 } ],
  'sweet' => [
    { char: '🍠', fitzpatrick_scale: false, weight: 2000 },
    { char: '🍯', fitzpatrick_scale: false, weight: 2000 },
    { char: '🍡', fitzpatrick_scale: false, weight: 2000 },
    { char: '🧁', fitzpatrick_scale: false, weight: 2000 },
    { char: '🍬', fitzpatrick_scale: false, weight: 2000 },
    { char: '🍭', fitzpatrick_scale: false, weight: 2000 },
    { char: '🍫', fitzpatrick_scale: false, weight: 2000 },
    { char: '🍩', fitzpatrick_scale: false, weight: 2000 },
    { char: '🍪', fitzpatrick_scale: false, weight: 2000 }
  ],
  'potato' => [ { char: '🍠', fitzpatrick_scale: false, weight: 2000 } ],
  'nut' => [
    { char: '🥜', fitzpatrick_scale: false, weight: 2000 },
    { char: '🔩', fitzpatrick_scale: false, weight: 2000 }
  ],
  'bees' => [ { char: '🍯', fitzpatrick_scale: false, weight: 2000 } ],
  'kitchen' => [
    { char: '🍯', fitzpatrick_scale: false, weight: 2000 },
    { char: '🍳', fitzpatrick_scale: false, weight: 2000 },
    { char: '🥄', fitzpatrick_scale: false, weight: 2000 },
    { char: '🍴', fitzpatrick_scale: false, weight: 2000 },
    { char: '🔪', fitzpatrick_scale: false, weight: 2000 }
  ],
  'pot' => [ { char: '🍯', fitzpatrick_scale: false, weight: 2000 } ],
  'bread' => [
    { char: '🥐', fitzpatrick_scale: false, weight: 2000 },
    { char: '🥖', fitzpatrick_scale: false, weight: 2000 },
    { char: '🥯', fitzpatrick_scale: false, weight: 2000 },
    { char: '🥨', fitzpatrick_scale: false, weight: 2000 },
    { char: '🥪', fitzpatrick_scale: false, weight: 2000 }
  ],
  'french' => [
    { char: '🥐', fitzpatrick_scale: false, weight: 2000 },
    { char: '🥖', fitzpatrick_scale: false, weight: 2000 },
    { char: '🇫🇷', fitzpatrick_scale: false, weight: 2000 },
    { char: '🇬🇫', fitzpatrick_scale: false, weight: 2000 },
    { char: '🇵🇫', fitzpatrick_scale: false, weight: 2000 },
    { char: '🇹🇫', fitzpatrick_scale: false, weight: 2000 }
  ],
  'wheat' => [ { char: '🍞', fitzpatrick_scale: false, weight: 2000 } ],
  'breakfast' => [
    { char: '🍞', fitzpatrick_scale: false, weight: 2000 },
    { char: '🥚', fitzpatrick_scale: false, weight: 2000 },
    { char: '🥓', fitzpatrick_scale: false, weight: 2000 },
    { char: '🥞', fitzpatrick_scale: false, weight: 2000 },
    { char: '🍳', fitzpatrick_scale: false, weight: 2000 },
    { char: '🍵', fitzpatrick_scale: false, weight: 2000 },
    { char: '🥣', fitzpatrick_scale: false, weight: 2000 }
  ],
  'toast' => [
    { char: '🍞', fitzpatrick_scale: false, weight: 2000 },
    { char: '🥂', fitzpatrick_scale: false, weight: 2000 }
  ],
  'baguette' => [ { char: '🥖', fitzpatrick_scale: false, weight: 2000 } ],
  'bakery' => [
    { char: '🥯', fitzpatrick_scale: false, weight: 2000 },
    { char: '🧁', fitzpatrick_scale: false, weight: 2000 }
  ],
  'schmear' => [ { char: '🥯', fitzpatrick_scale: false, weight: 2000 } ],
  'twisted' => [
    { char: '🥨', fitzpatrick_scale: false, weight: 2000 },
    { char: '🔀', fitzpatrick_scale: false, weight: 2000 }
  ],
  'chadder' => [ { char: '🧀', fitzpatrick_scale: false, weight: 2000 } ],
  'pork' => [ { char: '🥓', fitzpatrick_scale: false, weight: 2000 } ],
  'meat' => [
    { char: '🥓', fitzpatrick_scale: false, weight: 2000 },
    { char: '🥩', fitzpatrick_scale: false, weight: 2000 },
    { char: '🍗', fitzpatrick_scale: false, weight: 2000 },
    { char: '🍖', fitzpatrick_scale: false, weight: 2000 },
    { char: '🍔', fitzpatrick_scale: false, weight: 2000 },
    { char: '🍲', fitzpatrick_scale: false, weight: 2000 },
    { char: '🍡', fitzpatrick_scale: false, weight: 2000 }
  ],
  'cut' => [
    { char: '🥩', fitzpatrick_scale: false, weight: 2000 },
    { char: '✂️', fitzpatrick_scale: false, weight: 2000 },
    { char: '🈹', fitzpatrick_scale: false, weight: 2000 }
  ],
  'chop' => [ { char: '🥩', fitzpatrick_scale: false, weight: 2000 } ],
  'lambchop' => [ { char: '🥩', fitzpatrick_scale: false, weight: 2000 } ],
  'porkchop' => [ { char: '🥩', fitzpatrick_scale: false, weight: 2000 } ],
  'flapjacks' => [ { char: '🥞', fitzpatrick_scale: false, weight: 2000 } ],
  'hotcakes' => [ { char: '🥞', fitzpatrick_scale: false, weight: 2000 } ],
  'drumstick' => [
    { char: '🍗', fitzpatrick_scale: false, weight: 2000 },
    { char: '🍖', fitzpatrick_scale: false, weight: 2000 }
  ],
  'turkey' => [
    { char: '🍗', fitzpatrick_scale: false, weight: 2000 },
    { char: '🇹🇷', fitzpatrick_scale: false, weight: 2000 }
  ],
  'poultry' => [ { char: '🍗', fitzpatrick_scale: false, weight: 2000 } ],
  'leg' => [ { char: '🍗', fitzpatrick_scale: false, weight: 2000 } ],
  'bone' => [ { char: '🍖', fitzpatrick_scale: false, weight: 2000 } ],
  'appetizer' => [ { char: '🍤', fitzpatrick_scale: false, weight: 2000 } ],
  'fried' => [
    { char: '🍤', fitzpatrick_scale: false, weight: 2000 },
    { char: '🍳', fitzpatrick_scale: false, weight: 2000 }
  ],
  'shrimp' => [ { char: '🍤', fitzpatrick_scale: false, weight: 2000 } ],
  'fast food' => [
    { char: '🍔', fitzpatrick_scale: false, weight: 2000 },
    { char: '🍟', fitzpatrick_scale: false, weight: 2000 }
  ],
  'cheeseburger' => [ { char: '🍔', fitzpatrick_scale: false, weight: 2000 } ],
  'mcdonalds' => [ { char: '🍔', fitzpatrick_scale: false, weight: 2000 } ],
  'burger king' => [ { char: '🍔', fitzpatrick_scale: false, weight: 2000 } ],
  'burger' => [ { char: '🍔', fitzpatrick_scale: false, weight: 2000 } ],
  'chips' => [ { char: '🍟', fitzpatrick_scale: false, weight: 2000 } ],
  'snack' => [
    { char: '🍟', fitzpatrick_scale: false, weight: 2000 },
    { char: '🍬', fitzpatrick_scale: false, weight: 2000 },
    { char: '🍭', fitzpatrick_scale: false, weight: 2000 },
    { char: '🍫', fitzpatrick_scale: false, weight: 2000 },
    { char: '🍿', fitzpatrick_scale: false, weight: 2000 },
    { char: '🍩', fitzpatrick_scale: false, weight: 2000 },
    { char: '🍪', fitzpatrick_scale: false, weight: 2000 }
  ],
  'flatbread' => [ { char: '🥙', fitzpatrick_scale: false, weight: 2000 } ],
  'stuffed' => [
    { char: '🥙', fitzpatrick_scale: false, weight: 2000 },
    { char: '🧸', fitzpatrick_scale: false, weight: 2000 }
  ],
  'gyro' => [ { char: '🥙', fitzpatrick_scale: false, weight: 2000 } ],
  'frankfurter' => [ { char: '🌭', fitzpatrick_scale: false, weight: 2000 } ],
  'party' => [
    { char: '🍕', fitzpatrick_scale: false, weight: 2000 },
    { char: '🍺', fitzpatrick_scale: false, weight: 2000 },
    { char: '🍻', fitzpatrick_scale: false, weight: 2000 },
    { char: '🥂', fitzpatrick_scale: false, weight: 2000 },
    { char: '🎪', fitzpatrick_scale: false, weight: 2000 },
    { char: '🔮', fitzpatrick_scale: false, weight: 2000 },
    { char: '🎈', fitzpatrick_scale: false, weight: 2000 },
    { char: '🎊', fitzpatrick_scale: false, weight: 2000 },
    { char: '🎉', fitzpatrick_scale: false, weight: 2000 }
  ],
  'lunch' => [
    { char: '🥪', fitzpatrick_scale: false, weight: 2000 },
    { char: '🍽', fitzpatrick_scale: false, weight: 2000 }
  ],
  'soup' => [
    { char: '🥫', fitzpatrick_scale: false, weight: 2000 },
    { char: '🍲', fitzpatrick_scale: false, weight: 2000 }
  ],
  'canned' => [ { char: '🥫', fitzpatrick_scale: false, weight: 2000 } ],
  'italian' => [ { char: '🍝', fitzpatrick_scale: false, weight: 2000 } ],
  'noodle' => [
    { char: '🍝', fitzpatrick_scale: false, weight: 2000 },
    { char: '🍜', fitzpatrick_scale: false, weight: 2000 }
  ],
  'mexican' => [
    { char: '🌮', fitzpatrick_scale: false, weight: 2000 },
    { char: '🌯', fitzpatrick_scale: false, weight: 2000 }
  ],
  'healthy' => [ { char: '🥗', fitzpatrick_scale: false, weight: 2000 } ],
  'salad' => [ { char: '🥗', fitzpatrick_scale: false, weight: 2000 } ],
  'cooking' => [ { char: '🥘', fitzpatrick_scale: false, weight: 2000 } ],
  'casserole' => [ { char: '🥘', fitzpatrick_scale: false, weight: 2000 } ],
  'paella' => [ { char: '🥘', fitzpatrick_scale: false, weight: 2000 } ],
  'shallow' => [ { char: '🥘', fitzpatrick_scale: false, weight: 2000 } ],
  'pan' => [ { char: '🥘', fitzpatrick_scale: false, weight: 2000 } ],
  'chopsticks' => [ { char: '🍜', fitzpatrick_scale: false, weight: 2000 } ],
  'japan' => [
    { char: '🍥', fitzpatrick_scale: false, weight: 2000 },
    { char: '🎑', fitzpatrick_scale: false, weight: 2000 },
    { char: '⛩', fitzpatrick_scale: false, weight: 2000 }
  ],
  'narutomaki' => [ { char: '🍥', fitzpatrick_scale: false, weight: 2000 } ],
  'swirl' => [
    { char: '🍥', fitzpatrick_scale: false, weight: 2000 },
    { char: '🌀', fitzpatrick_scale: false, weight: 2000 }
  ],
  'kamaboko' => [ { char: '🍥', fitzpatrick_scale: false, weight: 2000 } ],
  'surimi' => [ { char: '🍥', fitzpatrick_scale: false, weight: 2000 } ],
  'ramen' => [ { char: '🍥', fitzpatrick_scale: false, weight: 2000 } ],
  'cake' => [
    { char: '🍥', fitzpatrick_scale: false, weight: 2000 },
    { char: '🥮', fitzpatrick_scale: false, weight: 2000 },
    { char: '🎂', fitzpatrick_scale: false, weight: 2000 }
  ],
  'prophecy' => [ { char: '🥠', fitzpatrick_scale: false, weight: 2000 } ],
  'fortune' => [
    { char: '🥠', fitzpatrick_scale: false, weight: 2000 },
    { char: '🔮', fitzpatrick_scale: false, weight: 2000 }
  ],
  'cookie' => [ { char: '🥠', fitzpatrick_scale: false, weight: 2000 } ],
  'box' => [
    { char: '🍱', fitzpatrick_scale: false, weight: 2000 },
    { char: '🥡', fitzpatrick_scale: false, weight: 2000 },
    { char: '⚰', fitzpatrick_scale: false, weight: 2000 },
    { char: '📦', fitzpatrick_scale: false, weight: 2000 },
    { char: '🗃', fitzpatrick_scale: false, weight: 2000 },
    { char: '🗳', fitzpatrick_scale: false, weight: 2000 },
    { char: '☑️', fitzpatrick_scale: false, weight: 2000 }
  ],
  'china' => [
    { char: '🍚', fitzpatrick_scale: false, weight: 2000 },
    { char: '🇨🇳', fitzpatrick_scale: false, weight: 2000 }
  ],
  'asian' => [ { char: '🍚', fitzpatrick_scale: false, weight: 2000 } ],
  'cracker' => [ { char: '🍘', fitzpatrick_scale: false, weight: 2000 } ],
  'dessert' => [
    { char: '🍡', fitzpatrick_scale: false, weight: 2000 },
    { char: '🍧', fitzpatrick_scale: false, weight: 2000 },
    { char: '🍨', fitzpatrick_scale: false, weight: 2000 },
    { char: '🍦', fitzpatrick_scale: false, weight: 2000 },
    { char: '🥧', fitzpatrick_scale: false, weight: 2000 },
    { char: '🍰', fitzpatrick_scale: false, weight: 2000 },
    { char: '🧁', fitzpatrick_scale: false, weight: 2000 },
    { char: '🎂', fitzpatrick_scale: false, weight: 2000 },
    { char: '🍮', fitzpatrick_scale: false, weight: 2000 },
    { char: '🍬', fitzpatrick_scale: false, weight: 2000 },
    { char: '🍫', fitzpatrick_scale: false, weight: 2000 },
    { char: '🍩', fitzpatrick_scale: false, weight: 2000 },
    { char: '🍪', fitzpatrick_scale: false, weight: 2000 }
  ],
  'barbecue' => [ { char: '🍡', fitzpatrick_scale: false, weight: 2000 } ],
  'shaved' => [ { char: '🍧', fitzpatrick_scale: false, weight: 2000 } ],
  'ice' => [
    { char: '🍧', fitzpatrick_scale: false, weight: 2000 },
    { char: '🍨', fitzpatrick_scale: false, weight: 2000 },
    { char: '🏒', fitzpatrick_scale: false, weight: 2000 },
    { char: '⛸', fitzpatrick_scale: false, weight: 2000 }
  ],
  'cream' => [ { char: '🍨', fitzpatrick_scale: false, weight: 2000 } ],
  'pastry' => [ { char: '🥧', fitzpatrick_scale: false, weight: 2000 } ],
  'autumn' => [ { char: '🥮', fitzpatrick_scale: false, weight: 2000 } ],
  'lolly' => [ { char: '🍬', fitzpatrick_scale: false, weight: 2000 } ],
  'candy' => [ { char: '🍭', fitzpatrick_scale: false, weight: 2000 } ],
  'chocolate' => [
    { char: '🍫', fitzpatrick_scale: false, weight: 2000 },
    { char: '🍪', fitzpatrick_scale: false, weight: 2000 }
  ],
  'bar' => [
    { char: '🍫', fitzpatrick_scale: false, weight: 2000 },
    { char: '🎯', fitzpatrick_scale: false, weight: 2000 },
    { char: '🧼', fitzpatrick_scale: false, weight: 2000 },
    { char: '📊', fitzpatrick_scale: false, weight: 2000 }
  ],
  'movie theater' => [ { char: '🍿', fitzpatrick_scale: false, weight: 2000 } ],
  'films' => [ { char: '🍿', fitzpatrick_scale: false, weight: 2000 } ],
  'movie' => [
    { char: '🍿', fitzpatrick_scale: false, weight: 2000 },
    { char: '🎬', fitzpatrick_scale: false, weight: 2000 },
    { char: '🎥', fitzpatrick_scale: false, weight: 2000 },
    { char: '📽', fitzpatrick_scale: false, weight: 2000 },
    { char: '🎞', fitzpatrick_scale: false, weight: 2000 },
    { char: '🎦', fitzpatrick_scale: false, weight: 2000 }
  ],
  'theater' => [
    { char: '🍿', fitzpatrick_scale: false, weight: 2000 },
    { char: '🎭', fitzpatrick_scale: false, weight: 2000 },
    { char: '🎦', fitzpatrick_scale: false, weight: 2000 }
  ],
  'empanada' => [ { char: '🥟', fitzpatrick_scale: false, weight: 2000 } ],
  'pierogi' => [ { char: '🥟', fitzpatrick_scale: false, weight: 2000 } ],
  'potsticker' => [ { char: '🥟', fitzpatrick_scale: false, weight: 2000 } ],
  'donut' => [ { char: '🍩', fitzpatrick_scale: false, weight: 2000 } ],
  'oreo' => [ { char: '🍪', fitzpatrick_scale: false, weight: 2000 } ],
  'beverage' => [
    { char: '🥛', fitzpatrick_scale: false, weight: 2000 },
    { char: '🍺', fitzpatrick_scale: false, weight: 2000 },
    { char: '🍻', fitzpatrick_scale: false, weight: 2000 },
    { char: '🥂', fitzpatrick_scale: false, weight: 2000 },
    { char: '🍷', fitzpatrick_scale: false, weight: 2000 },
    { char: '🥃', fitzpatrick_scale: false, weight: 2000 },
    { char: '🍸', fitzpatrick_scale: false, weight: 2000 },
    { char: '🍹', fitzpatrick_scale: false, weight: 2000 },
    { char: '🍶', fitzpatrick_scale: false, weight: 2000 },
    { char: '☕', fitzpatrick_scale: false, weight: 2000 }
  ],
  'drink' => [
    { char: '🥛', fitzpatrick_scale: false, weight: 2000 },
    { char: '🍺', fitzpatrick_scale: false, weight: 2000 },
    { char: '🍻', fitzpatrick_scale: false, weight: 2000 },
    { char: '🥂', fitzpatrick_scale: false, weight: 2000 },
    { char: '🍷', fitzpatrick_scale: false, weight: 2000 },
    { char: '🥃', fitzpatrick_scale: false, weight: 2000 },
    { char: '🍸', fitzpatrick_scale: false, weight: 2000 },
    { char: '🍹', fitzpatrick_scale: false, weight: 2000 },
    { char: '🍾', fitzpatrick_scale: false, weight: 2000 },
    { char: '🍶', fitzpatrick_scale: false, weight: 2000 },
    { char: '🍵', fitzpatrick_scale: false, weight: 2000 },
    { char: '🥤', fitzpatrick_scale: false, weight: 2000 },
    { char: '🚱', fitzpatrick_scale: false, weight: 2000 },
    { char: '🔞', fitzpatrick_scale: false, weight: 2000 }
  ],
  'glass' => [
    { char: '🥛', fitzpatrick_scale: false, weight: 2000 },
    { char: '🍷', fitzpatrick_scale: false, weight: 2000 },
    { char: '🥃', fitzpatrick_scale: false, weight: 2000 }
  ],
  'relax' => [
    { char: '🍺', fitzpatrick_scale: false, weight: 2000 },
    { char: '🍻', fitzpatrick_scale: false, weight: 2000 },
    { char: '♨️', fitzpatrick_scale: false, weight: 2000 }
  ],
  'drunk' => [
    { char: '🍺', fitzpatrick_scale: false, weight: 2000 },
    { char: '🍻', fitzpatrick_scale: false, weight: 2000 },
    { char: '🍷', fitzpatrick_scale: false, weight: 2000 },
    { char: '🥃', fitzpatrick_scale: false, weight: 2000 },
    { char: '🍸', fitzpatrick_scale: false, weight: 2000 },
    { char: '🍶', fitzpatrick_scale: false, weight: 2000 }
  ],
  'pub' => [
    { char: '🍺', fitzpatrick_scale: false, weight: 2000 },
    { char: '🍻', fitzpatrick_scale: false, weight: 2000 },
    { char: '🔞', fitzpatrick_scale: false, weight: 2000 }
  ],
  'alcohol' => [
    { char: '🍺', fitzpatrick_scale: false, weight: 2000 },
    { char: '🍻', fitzpatrick_scale: false, weight: 2000 },
    { char: '🥂', fitzpatrick_scale: false, weight: 2000 },
    { char: '🍷', fitzpatrick_scale: false, weight: 2000 },
    { char: '🥃', fitzpatrick_scale: false, weight: 2000 },
    { char: '🍸', fitzpatrick_scale: false, weight: 2000 },
    { char: '🍹', fitzpatrick_scale: false, weight: 2000 },
    { char: '🍶', fitzpatrick_scale: false, weight: 2000 }
  ],
  'booze' => [
    { char: '🍺', fitzpatrick_scale: false, weight: 2000 },
    { char: '🍻', fitzpatrick_scale: false, weight: 2000 },
    { char: '🍷', fitzpatrick_scale: false, weight: 2000 },
    { char: '🥃', fitzpatrick_scale: false, weight: 2000 },
    { char: '🍸', fitzpatrick_scale: false, weight: 2000 },
    { char: '🍹', fitzpatrick_scale: false, weight: 2000 },
    { char: '🍶', fitzpatrick_scale: false, weight: 2000 }
  ],
  'celebrate' => [ { char: '🥂', fitzpatrick_scale: false, weight: 2000 } ],
  'cheers' => [ { char: '🥂', fitzpatrick_scale: false, weight: 2000 } ],
  'champagne' => [ { char: '🥂', fitzpatrick_scale: false, weight: 2000 } ],
  'clinking' => [ { char: '🥂', fitzpatrick_scale: false, weight: 2000 } ],
  'glasses' => [ { char: '🥂', fitzpatrick_scale: false, weight: 2000 } ],
  'liquor' => [ { char: '🥃', fitzpatrick_scale: false, weight: 2000 } ],
  'bourbon' => [ { char: '🥃', fitzpatrick_scale: false, weight: 2000 } ],
  'scotch' => [ { char: '🥃', fitzpatrick_scale: false, weight: 2000 } ],
  'whisky' => [ { char: '🥃', fitzpatrick_scale: false, weight: 2000 } ],
  'shot' => [ { char: '🥃', fitzpatrick_scale: false, weight: 2000 } ],
  'tumbler' => [ { char: '🥃', fitzpatrick_scale: false, weight: 2000 } ],
  'cocktail' => [ { char: '🍹', fitzpatrick_scale: false, weight: 2000 } ],
  'bottle' => [
    { char: '🍾', fitzpatrick_scale: false, weight: 2000 },
    { char: '🍼', fitzpatrick_scale: false, weight: 2000 },
    { char: '🧴', fitzpatrick_scale: false, weight: 2000 }
  ],
  'bowl' => [
    { char: '🍵', fitzpatrick_scale: false, weight: 2000 },
    { char: '🥣', fitzpatrick_scale: false, weight: 2000 }
  ],
  'soda' => [ { char: '🥤', fitzpatrick_scale: false, weight: 2000 } ],
  'cup' => [ { char: '🥤', fitzpatrick_scale: false, weight: 2000 } ],
  'straw' => [ { char: '🥤', fitzpatrick_scale: false, weight: 2000 } ],
  'caffeine' => [ { char: '☕', fitzpatrick_scale: false, weight: 2000 } ],
  'latte' => [ { char: '☕', fitzpatrick_scale: false, weight: 2000 } ],
  'espresso' => [ { char: '☕', fitzpatrick_scale: false, weight: 2000 } ],
  'container' => [ { char: '🍼', fitzpatrick_scale: false, weight: 2000 } ],
  'condiment' => [ { char: '🧂', fitzpatrick_scale: false, weight: 2000 } ],
  'shaker' => [ { char: '🧂', fitzpatrick_scale: false, weight: 2000 } ],
  'cutlery' => [
    { char: '🥄', fitzpatrick_scale: false, weight: 2000 },
    { char: '🍴', fitzpatrick_scale: false, weight: 2000 },
    { char: '🍽', fitzpatrick_scale: false, weight: 2000 },
    { char: '🔪', fitzpatrick_scale: false, weight: 2000 }
  ],
  'tableware' => [ { char: '🥄', fitzpatrick_scale: false, weight: 2000 } ],
  'fork' => [ { char: '🍴', fitzpatrick_scale: false, weight: 2000 } ],
  'knife' => [
    { char: '🍴', fitzpatrick_scale: false, weight: 2000 },
    { char: '🔪', fitzpatrick_scale: false, weight: 2000 }
  ],
  'eat' => [ { char: '🍽', fitzpatrick_scale: false, weight: 2000 } ],
  'meal' => [ { char: '🍽', fitzpatrick_scale: false, weight: 2000 } ],
  'dinner' => [ { char: '🍽', fitzpatrick_scale: false, weight: 2000 } ],
  'restaurant' => [ { char: '🍽', fitzpatrick_scale: false, weight: 2000 } ],
  'plate' => [ { char: '🍽', fitzpatrick_scale: false, weight: 2000 } ],
  'cereal' => [ { char: '🥣', fitzpatrick_scale: false, weight: 2000 } ],
  'oatmeal' => [ { char: '🥣', fitzpatrick_scale: false, weight: 2000 } ],
  'porridge' => [ { char: '🥣', fitzpatrick_scale: false, weight: 2000 } ],
  'spoon' => [ { char: '🥣', fitzpatrick_scale: false, weight: 2000 } ],
  'leftovers' => [ { char: '🥡', fitzpatrick_scale: false, weight: 2000 } ],
  'takeout' => [ { char: '🥡', fitzpatrick_scale: false, weight: 2000 } ],
  'football' => [
    { char: '⚽', fitzpatrick_scale: false, weight: 2000 },
    { char: '🏉', fitzpatrick_scale: false, weight: 2000 }
  ],
  'balls' => [
    { char: '🏀', fitzpatrick_scale: false, weight: 2000 },
    { char: '🏈', fitzpatrick_scale: false, weight: 2000 },
    { char: '⚾', fitzpatrick_scale: false, weight: 2000 },
    { char: '🥎', fitzpatrick_scale: false, weight: 2000 },
    { char: '🎾', fitzpatrick_scale: false, weight: 2000 },
    { char: '🏐', fitzpatrick_scale: false, weight: 2000 }
  ],
  'nba' => [ { char: '🏀', fitzpatrick_scale: false, weight: 2000 } ],
  'nfl' => [ { char: '🏈', fitzpatrick_scale: false, weight: 2000 } ],
  'rugby' => [ { char: '🏉', fitzpatrick_scale: false, weight: 2000 } ],
  'frisbee' => [ { char: '🥏', fitzpatrick_scale: false, weight: 2000 } ],
  'ultimate' => [ { char: '🥏', fitzpatrick_scale: false, weight: 2000 } ],
  'flying' => [
    { char: '🥏', fitzpatrick_scale: false, weight: 2000 },
    { char: '🛸', fitzpatrick_scale: false, weight: 2000 }
  ],
  'disc' => [
    { char: '🥏', fitzpatrick_scale: false, weight: 2000 },
    { char: '💿', fitzpatrick_scale: false, weight: 2000 },
    { char: '📀', fitzpatrick_scale: false, weight: 2000 }
  ],
  'pool' => [
    { char: '🎱', fitzpatrick_scale: false, weight: 2000 },
    { char: '🤽‍♀️', fitzpatrick_scale: true, weight: 2000 },
    { char: '🤽‍♂️', fitzpatrick_scale: true, weight: 2000 }
  ],
  'hobby' => [
    { char: '🎱', fitzpatrick_scale: false, weight: 2000 },
    { char: '🎣', fitzpatrick_scale: false, weight: 2000 },
    { char: '🚣‍♀️', fitzpatrick_scale: true, weight: 2000 },
    { char: '🚣', fitzpatrick_scale: true, weight: 2000 },
    { char: '🧗‍♀️', fitzpatrick_scale: true, weight: 2000 },
    { char: '🧗‍♂️', fitzpatrick_scale: true, weight: 2000 }
  ],
  'game' => [
    { char: '🎱', fitzpatrick_scale: false, weight: 2000 },
    { char: '🎮', fitzpatrick_scale: false, weight: 2000 },
    { char: '👾', fitzpatrick_scale: false, weight: 2000 },
    { char: '🎯', fitzpatrick_scale: false, weight: 2000 },
    { char: '🎲', fitzpatrick_scale: false, weight: 2000 },
    { char: '🕹', fitzpatrick_scale: false, weight: 2000 },
    { char: '🃏', fitzpatrick_scale: false, weight: 2000 },
    { char: '🀄', fitzpatrick_scale: false, weight: 2000 },
    { char: '🎴', fitzpatrick_scale: false, weight: 2000 }
  ],
  'flag' => [
    { char: '⛳', fitzpatrick_scale: false, weight: 2000 },
    { char: '🏁', fitzpatrick_scale: false, weight: 2000 },
    { char: '🚩', fitzpatrick_scale: false, weight: 2000 },
    { char: '🏳', fitzpatrick_scale: false, weight: 2000 },
    { char: '🏴', fitzpatrick_scale: false, weight: 2000 },
    { char: '🏳️‍🌈', fitzpatrick_scale: false, weight: 2000 },
    { char: '🇦🇫', fitzpatrick_scale: false, weight: 2000 },
    { char: '🇦🇽', fitzpatrick_scale: false, weight: 2000 },
    { char: '🇦🇱', fitzpatrick_scale: false, weight: 2000 },
    { char: '🇩🇿', fitzpatrick_scale: false, weight: 2000 },
    { char: '🇦🇸', fitzpatrick_scale: false, weight: 2000 },
    { char: '🇦🇩', fitzpatrick_scale: false, weight: 2000 },
    { char: '🇦🇴', fitzpatrick_scale: false, weight: 2000 },
    { char: '🇦🇮', fitzpatrick_scale: false, weight: 2000 },
    { char: '🇦🇶', fitzpatrick_scale: false, weight: 2000 },
    { char: '🇦🇬', fitzpatrick_scale: false, weight: 2000 },
    { char: '🇦🇷', fitzpatrick_scale: false, weight: 2000 },
    { char: '🇦🇲', fitzpatrick_scale: false, weight: 2000 },
    { char: '🇦🇼', fitzpatrick_scale: false, weight: 2000 },
    { char: '🇦🇺', fitzpatrick_scale: false, weight: 2000 },
    { char: '🇦🇹', fitzpatrick_scale: false, weight: 2000 },
    { char: '🇦🇿', fitzpatrick_scale: false, weight: 2000 },
    { char: '🇧🇸', fitzpatrick_scale: false, weight: 2000 },
    { char: '🇧🇭', fitzpatrick_scale: false, weight: 2000 },
    { char: '🇧🇩', fitzpatrick_scale: false, weight: 2000 },
    { char: '🇧🇧', fitzpatrick_scale: false, weight: 2000 },
    { char: '🇧🇾', fitzpatrick_scale: false, weight: 2000 },
    { char: '🇧🇪', fitzpatrick_scale: false, weight: 2000 },
    { char: '🇧🇿', fitzpatrick_scale: false, weight: 2000 },
    { char: '🇧🇯', fitzpatrick_scale: false, weight: 2000 },
    { char: '🇧🇲', fitzpatrick_scale: false, weight: 2000 },
    { char: '🇧🇹', fitzpatrick_scale: false, weight: 2000 },
    { char: '🇧🇴', fitzpatrick_scale: false, weight: 2000 },
    { char: '🇧🇶', fitzpatrick_scale: false, weight: 2000 },
    { char: '🇧🇦', fitzpatrick_scale: false, weight: 2000 },
    { char: '🇧🇼', fitzpatrick_scale: false, weight: 2000 },
    { char: '🇧🇷', fitzpatrick_scale: false, weight: 2000 },
    { char: '🇮🇴', fitzpatrick_scale: false, weight: 2000 },
    { char: '🇻🇬', fitzpatrick_scale: false, weight: 2000 },
    { char: '🇧🇳', fitzpatrick_scale: false, weight: 2000 },
    { char: '🇧🇬', fitzpatrick_scale: false, weight: 2000 },
    { char: '🇧🇫', fitzpatrick_scale: false, weight: 2000 },
    { char: '🇧🇮', fitzpatrick_scale: false, weight: 2000 },
    { char: '🇨🇻', fitzpatrick_scale: false, weight: 2000 },
    { char: '🇰🇭', fitzpatrick_scale: false, weight: 2000 },
    { char: '🇨🇲', fitzpatrick_scale: false, weight: 2000 },
    { char: '🇨🇦', fitzpatrick_scale: false, weight: 2000 },
    { char: '🇮🇨', fitzpatrick_scale: false, weight: 2000 },
    { char: '🇰🇾', fitzpatrick_scale: false, weight: 2000 },
    { char: '🇨🇫', fitzpatrick_scale: false, weight: 2000 },
    { char: '🇹🇩', fitzpatrick_scale: false, weight: 2000 },
    { char: '🇨🇱', fitzpatrick_scale: false, weight: 2000 },
    { char: '🇨🇳', fitzpatrick_scale: false, weight: 2000 },
    { char: '🇨🇽', fitzpatrick_scale: false, weight: 2000 },
    { char: '🇨🇨', fitzpatrick_scale: false, weight: 2000 },
    { char: '🇨🇴', fitzpatrick_scale: false, weight: 2000 },
    { char: '🇰🇲', fitzpatrick_scale: false, weight: 2000 },
    { char: '🇨🇬', fitzpatrick_scale: false, weight: 2000 },
    { char: '🇨🇩', fitzpatrick_scale: false, weight: 2000 },
    { char: '🇨🇰', fitzpatrick_scale: false, weight: 2000 },
    { char: '🇨🇷', fitzpatrick_scale: false, weight: 2000 },
    { char: '🇭🇷', fitzpatrick_scale: false, weight: 2000 },
    { char: '🇨🇺', fitzpatrick_scale: false, weight: 2000 },
    { char: '🇨🇼', fitzpatrick_scale: false, weight: 2000 },
    { char: '🇨🇾', fitzpatrick_scale: false, weight: 2000 },
    { char: '🇨🇿', fitzpatrick_scale: false, weight: 2000 },
    { char: '🇩🇰', fitzpatrick_scale: false, weight: 2000 },
    { char: '🇩🇯', fitzpatrick_scale: false, weight: 2000 },
    { char: '🇩🇲', fitzpatrick_scale: false, weight: 2000 },
    { char: '🇩🇴', fitzpatrick_scale: false, weight: 2000 },
    { char: '🇪🇨', fitzpatrick_scale: false, weight: 2000 },
    { char: '🇪🇬', fitzpatrick_scale: false, weight: 2000 },
    { char: '🇸🇻', fitzpatrick_scale: false, weight: 2000 },
    { char: '🇬🇶', fitzpatrick_scale: false, weight: 2000 },
    { char: '🇪🇷', fitzpatrick_scale: false, weight: 2000 },
    { char: '🇪🇪', fitzpatrick_scale: false, weight: 2000 },
    { char: '🇪🇹', fitzpatrick_scale: false, weight: 2000 },
    { char: '🇪🇺', fitzpatrick_scale: false, weight: 2000 },
    { char: '🇫🇰', fitzpatrick_scale: false, weight: 2000 },
    { char: '🇫🇴', fitzpatrick_scale: false, weight: 2000 },
    { char: '🇫🇯', fitzpatrick_scale: false, weight: 2000 },
    { char: '🇫🇮', fitzpatrick_scale: false, weight: 2000 },
    { char: '🇫🇷', fitzpatrick_scale: false, weight: 2000 },
    { char: '🇬🇫', fitzpatrick_scale: false, weight: 2000 },
    { char: '🇵🇫', fitzpatrick_scale: false, weight: 2000 },
    { char: '🇹🇫', fitzpatrick_scale: false, weight: 2000 },
    { char: '🇬🇦', fitzpatrick_scale: false, weight: 2000 },
    { char: '🇬🇲', fitzpatrick_scale: false, weight: 2000 },
    { char: '🇬🇪', fitzpatrick_scale: false, weight: 2000 },
    { char: '🇩🇪', fitzpatrick_scale: false, weight: 2000 },
    { char: '🇬🇭', fitzpatrick_scale: false, weight: 2000 },
    { char: '🇬🇮', fitzpatrick_scale: false, weight: 2000 },
    { char: '🇬🇷', fitzpatrick_scale: false, weight: 2000 },
    { char: '🇬🇱', fitzpatrick_scale: false, weight: 2000 },
    { char: '🇬🇩', fitzpatrick_scale: false, weight: 2000 },
    { char: '🇬🇵', fitzpatrick_scale: false, weight: 2000 },
    { char: '🇬🇺', fitzpatrick_scale: false, weight: 2000 },
    { char: '🇬🇹', fitzpatrick_scale: false, weight: 2000 },
    { char: '🇬🇬', fitzpatrick_scale: false, weight: 2000 },
    { char: '🇬🇳', fitzpatrick_scale: false, weight: 2000 },
    ... 158 more items
  ],
  'hole' => [ { char: '⛳', fitzpatrick_scale: false, weight: 2000 } ],
  'golfing' => [
    { char: '🏌️‍♀️', fitzpatrick_scale: false, weight: 2000 },
    { char: '🏌', fitzpatrick_scale: true, weight: 2000 }
  ],
  'pingpong' => [ { char: '🏓', fitzpatrick_scale: false, weight: 2000 } ],
  'ping' => [ { char: '🏓', fitzpatrick_scale: false, weight: 2000 } ],
  'pong' => [ { char: '🏓', fitzpatrick_scale: false, weight: 2000 } ],
  'goal' => [ { char: '🥅', fitzpatrick_scale: false, weight: 2000 } ],
  'net' => [ { char: '🥅', fitzpatrick_scale: false, weight: 2000 } ],
  'hockey' => [
    { char: '🏒', fitzpatrick_scale: false, weight: 2000 },
    { char: '🏑', fitzpatrick_scale: false, weight: 2000 }
  ],
  'field' => [ { char: '🏑', fitzpatrick_scale: false, weight: 2000 } ],
  'stick' => [ { char: '🥍', fitzpatrick_scale: false, weight: 2000 } ],
  'fencing' => [ { char: '🤺', fitzpatrick_scale: false, weight: 2000 } ],
  'sword' => [ { char: '🤺', fitzpatrick_scale: false, weight: 2000 } ],
  'wrestlers' => [
    { char: '🤼‍♀️', fitzpatrick_scale: false, weight: 2000 },
    { char: '🤼‍♂️', fitzpatrick_scale: false, weight: 2000 }
  ],
  'wrestling' => [
    { char: '🤼‍♀️', fitzpatrick_scale: false, weight: 2000 },
    { char: '🤼‍♂️', fitzpatrick_scale: false, weight: 2000 }
  ],
  'gymnastics' => [
    { char: '🤸‍♀️', fitzpatrick_scale: true, weight: 2000 },
    { char: '🤸‍♂️', fitzpatrick_scale: true, weight: 2000 }
  ],
  'cartwheeling' => [
    { char: '🤸‍♀️', fitzpatrick_scale: true, weight: 2000 },
    { char: '🤸‍♂️', fitzpatrick_scale: true, weight: 2000 }
  ],
  'playing' => [
    { char: '🤾‍♀️', fitzpatrick_scale: true, weight: 2000 },
    { char: '🤾‍♂️', fitzpatrick_scale: true, weight: 2000 },
    { char: '🤽‍♀️', fitzpatrick_scale: true, weight: 2000 },
    { char: '🤽‍♂️', fitzpatrick_scale: true, weight: 2000 },
    { char: '🎴', fitzpatrick_scale: false, weight: 2000 }
  ],
  'handball' => [
    { char: '🤾‍♀️', fitzpatrick_scale: true, weight: 2000 },
    { char: '🤾‍♂️', fitzpatrick_scale: true, weight: 2000 }
  ],
  'skate' => [ { char: '⛸', fitzpatrick_scale: false, weight: 2000 } ],
  'curling' => [ { char: '🥌', fitzpatrick_scale: false, weight: 2000 } ],
  'stone' => [
    { char: '🥌', fitzpatrick_scale: false, weight: 2000 },
    { char: '⬜', fitzpatrick_scale: false, weight: 2000 },
    { char: '◻️', fitzpatrick_scale: false, weight: 2000 },
    { char: '◽', fitzpatrick_scale: false, weight: 2000 }
  ],
  'sleigh' => [ { char: '🛷', fitzpatrick_scale: false, weight: 2000 } ],
  'luge' => [ { char: '🛷', fitzpatrick_scale: false, weight: 2000 } ],
  'toboggan' => [ { char: '🛷', fitzpatrick_scale: false, weight: 2000 } ],
  'bow' => [ { char: '🏹', fitzpatrick_scale: false, weight: 2000 } ],
  'arrow' => [
    { char: '🏹', fitzpatrick_scale: false, weight: 2000 },
    { char: '📩', fitzpatrick_scale: false, weight: 2000 },
    { char: '♻️', fitzpatrick_scale: false, weight: 2000 },
    { char: '▶️', fitzpatrick_scale: false, weight: 2000 },
    { char: '◀️', fitzpatrick_scale: false, weight: 2000 },
    { char: '🔼', fitzpatrick_scale: false, weight: 2000 },
    { char: '🔽', fitzpatrick_scale: false, weight: 2000 },
    { char: '⏫', fitzpatrick_scale: false, weight: 2000 },
    { char: '⏬', fitzpatrick_scale: false, weight: 2000 },
    { char: '➡️', fitzpatrick_scale: false, weight: 2000 },
    { char: '⬅️', fitzpatrick_scale: false, weight: 2000 },
    { char: '⬆️', fitzpatrick_scale: false, weight: 2000 },
    { char: '⬇️', fitzpatrick_scale: false, weight: 2000 },
    { char: '↗️', fitzpatrick_scale: false, weight: 2000 },
    { char: '↘️', fitzpatrick_scale: false, weight: 2000 },
    { char: '↙️', fitzpatrick_scale: false, weight: 2000 },
    { char: '↖️', fitzpatrick_scale: false, weight: 2000 },
    { char: '↕️', fitzpatrick_scale: false, weight: 2000 },
    { char: '↔️', fitzpatrick_scale: false, weight: 2000 },
    { char: '↪️', fitzpatrick_scale: false, weight: 2000 },
    { char: '↩️', fitzpatrick_scale: false, weight: 2000 },
    { char: '⤴️', fitzpatrick_scale: false, weight: 2000 },
    { char: '⤵️', fitzpatrick_scale: false, weight: 2000 },
    { char: '🔚', fitzpatrick_scale: false, weight: 2000 },
    { char: '🔙', fitzpatrick_scale: false, weight: 2000 },
    { char: '🔛', fitzpatrick_scale: false, weight: 2000 },
    { char: '🔜', fitzpatrick_scale: false, weight: 2000 }
  ],
  'fishing' => [ { char: '🎣', fitzpatrick_scale: false, weight: 2000 } ],
  'pole' => [ { char: '🎣', fitzpatrick_scale: false, weight: 2000 } ],
  'fighting' => [ { char: '🥊', fitzpatrick_scale: false, weight: 2000 } ],
  'boxing' => [ { char: '🥊', fitzpatrick_scale: false, weight: 2000 } ],
  'glove' => [ { char: '🥊', fitzpatrick_scale: false, weight: 2000 } ],
  'judo' => [ { char: '🥋', fitzpatrick_scale: false, weight: 2000 } ],
  'karate' => [ { char: '🥋', fitzpatrick_scale: false, weight: 2000 } ],
  'taekwondo' => [ { char: '🥋', fitzpatrick_scale: false, weight: 2000 } ],
  'martial' => [ { char: '🥋', fitzpatrick_scale: false, weight: 2000 } ],
  'arts' => [
    { char: '🥋', fitzpatrick_scale: false, weight: 2000 },
    { char: '🎭', fitzpatrick_scale: false, weight: 2000 }
  ],
  'uniform' => [ { char: '🥋', fitzpatrick_scale: false, weight: 2000 } ],
  'ship' => [
    { char: '🚣‍♀️', fitzpatrick_scale: true, weight: 2000 },
    { char: '🚣', fitzpatrick_scale: true, weight: 2000 },
    { char: '⛵', fitzpatrick_scale: false, weight: 2000 },
    { char: '🛥', fitzpatrick_scale: false, weight: 2000 },
    { char: '🚤', fitzpatrick_scale: false, weight: 2000 },
    { char: '⛴', fitzpatrick_scale: false, weight: 2000 },
    { char: '🛳', fitzpatrick_scale: false, weight: 2000 },
    { char: '🚀', fitzpatrick_scale: false, weight: 2000 },
    { char: '🛶', fitzpatrick_scale: false, weight: 2000 },
    { char: '⚓', fitzpatrick_scale: false, weight: 2000 }
  ],
  'rowing' => [
    { char: '🚣‍♀️', fitzpatrick_scale: true, weight: 2000 },
    { char: '🚣', fitzpatrick_scale: true, weight: 2000 }
  ],
  'climbing' => [
    { char: '🧗‍♀️', fitzpatrick_scale: true, weight: 2000 },
    { char: '🧗‍♂️', fitzpatrick_scale: true, weight: 2000 }
  ],
  'athlete' => [
    { char: '🏊‍♀️', fitzpatrick_scale: true, weight: 2000 },
    { char: '🏊', fitzpatrick_scale: true, weight: 2000 }
  ],
  'polo' => [
    { char: '🤽‍♀️', fitzpatrick_scale: true, weight: 2000 },
    { char: '🤽‍♂️', fitzpatrick_scale: true, weight: 2000 }
  ],
  'meditation' => [
    { char: '🧘‍♀️', fitzpatrick_scale: true, weight: 2000 },
    { char: '🧘‍♂️', fitzpatrick_scale: true, weight: 2000 }
  ],
  'yoga' => [
    { char: '🧘‍♀️', fitzpatrick_scale: true, weight: 2000 },
    { char: '🧘‍♂️', fitzpatrick_scale: true, weight: 2000 }
  ],
  'serenity' => [
    { char: '🧘‍♀️', fitzpatrick_scale: true, weight: 2000 },
    { char: '🧘‍♂️', fitzpatrick_scale: true, weight: 2000 }
  ],
  'zen' => [
    { char: '🧘‍♀️', fitzpatrick_scale: true, weight: 2000 },
    { char: '🧘‍♂️', fitzpatrick_scale: true, weight: 2000 }
  ],
  'mindfulness' => [
    { char: '🧘‍♀️', fitzpatrick_scale: true, weight: 2000 },
    { char: '🧘‍♂️', fitzpatrick_scale: true, weight: 2000 }
  ],
  'lotus' => [
    { char: '🧘‍♀️', fitzpatrick_scale: true, weight: 2000 },
    { char: '🧘‍♂️', fitzpatrick_scale: true, weight: 2000 }
  ],
  'position' => [
    { char: '🧘‍♀️', fitzpatrick_scale: true, weight: 2000 },
    { char: '🧘‍♂️', fitzpatrick_scale: true, weight: 2000 }
  ],
  'surfing' => [
    { char: '🏄‍♀️', fitzpatrick_scale: true, weight: 2000 },
    { char: '🏄', fitzpatrick_scale: true, weight: 2000 }
  ],
  'clean' => [
    { char: '🛀', fitzpatrick_scale: true, weight: 2000 },
    { char: '🚿', fitzpatrick_scale: false, weight: 2000 },
    { char: '🛁', fitzpatrick_scale: false, weight: 2000 }
  ],
  'shower' => [
    { char: '🛀', fitzpatrick_scale: true, weight: 2000 },
    { char: '🛁', fitzpatrick_scale: false, weight: 2000 }
  ],
  'bathroom' => [
    { char: '🛀', fitzpatrick_scale: true, weight: 2000 },
    { char: '🚽', fitzpatrick_scale: false, weight: 2000 },
    { char: '🚿', fitzpatrick_scale: false, weight: 2000 },
    { char: '🛁', fitzpatrick_scale: false, weight: 2000 }
  ],
  'basketball' => [
    { char: '⛹️‍♀️', fitzpatrick_scale: true, weight: 2000 },
    { char: '⛹', fitzpatrick_scale: true, weight: 2000 }
  ],
  'training' => [
    { char: '🏋️‍♀️', fitzpatrick_scale: true, weight: 2000 },
    { char: '🏋', fitzpatrick_scale: true, weight: 2000 }
  ],
  'weight' => [
    { char: '🏋️‍♀️', fitzpatrick_scale: true, weight: 2000 },
    { char: '🏋', fitzpatrick_scale: true, weight: 2000 },
    { char: '⚖', fitzpatrick_scale: false, weight: 2000 }
  ],
  'lifting' => [
    { char: '🏋️‍♀️', fitzpatrick_scale: true, weight: 2000 },
    { char: '🏋', fitzpatrick_scale: true, weight: 2000 }
  ],
  'bike' => [
    { char: '🚴‍♀️', fitzpatrick_scale: true, weight: 2000 },
    { char: '🚴', fitzpatrick_scale: true, weight: 2000 },
    { char: '🚵‍♀️', fitzpatrick_scale: true, weight: 2000 },
    { char: '🚵', fitzpatrick_scale: true, weight: 2000 }
  ],
  'hipster' => [
    { char: '🚴‍♀️', fitzpatrick_scale: true, weight: 2000 },
    { char: '🚴', fitzpatrick_scale: true, weight: 2000 },
    { char: '🚲', fitzpatrick_scale: false, weight: 2000 }
  ],
  'biking' => [
    { char: '🚴‍♀️', fitzpatrick_scale: true, weight: 2000 },
    { char: '🚴', fitzpatrick_scale: true, weight: 2000 },
    { char: '🚵‍♀️', fitzpatrick_scale: true, weight: 2000 },
    { char: '🚵', fitzpatrick_scale: true, weight: 2000 }
  ],
  'transportation' => [
    { char: '🚵‍♀️', fitzpatrick_scale: true, weight: 2000 },
    { char: '🚵', fitzpatrick_scale: true, weight: 2000 },
    { char: '🚗', fitzpatrick_scale: false, weight: 2000 },
    { char: '🚕', fitzpatrick_scale: false, weight: 2000 },
    { char: '🚙', fitzpatrick_scale: false, weight: 2000 },
    { char: '🚌', fitzpatrick_scale: false, weight: 2000 },
    { char: '🚎', fitzpatrick_scale: false, weight: 2000 },
    { char: '🚓', fitzpatrick_scale: false, weight: 2000 },
    { char: '🚒', fitzpatrick_scale: false, weight: 2000 },
    { char: '🚐', fitzpatrick_scale: false, weight: 2000 },
    { char: '🚚', fitzpatrick_scale: false, weight: 2000 },
    { char: '🚛', fitzpatrick_scale: false, weight: 2000 },
    { char: '🚍', fitzpatrick_scale: false, weight: 2000 },
    { char: '🚘', fitzpatrick_scale: false, weight: 2000 },
    { char: '🚡', fitzpatrick_scale: false, weight: 2000 },
    { char: '🚠', fitzpatrick_scale: false, weight: 2000 },
    { char: '🚟', fitzpatrick_scale: false, weight: 2000 },
    { char: '🚃', fitzpatrick_scale: false, weight: 2000 },
    { char: '🚋', fitzpatrick_scale: false, weight: 2000 },
    { char: '🚝', fitzpatrick_scale: false, weight: 2000 },
    { char: '🚄', fitzpatrick_scale: false, weight: 2000 },
    { char: '🚅', fitzpatrick_scale: false, weight: 2000 },
    { char: '🚈', fitzpatrick_scale: false, weight: 2000 },
    { char: '🚞', fitzpatrick_scale: false, weight: 2000 },
    { char: '🚂', fitzpatrick_scale: false, weight: 2000 },
    { char: '🚆', fitzpatrick_scale: false, weight: 2000 },
    { char: '🚇', fitzpatrick_scale: false, weight: 2000 },
    { char: '🚊', fitzpatrick_scale: false, weight: 2000 },
    { char: '🚉', fitzpatrick_scale: false, weight: 2000 },
    { char: '🛸', fitzpatrick_scale: false, weight: 2000 },
    { char: '🚁', fitzpatrick_scale: false, weight: 2000 },
    { char: '🛩', fitzpatrick_scale: false, weight: 2000 },
    { char: '✈️', fitzpatrick_scale: false, weight: 2000 },
    { char: '⛵', fitzpatrick_scale: false, weight: 2000 },
    { char: '🚤', fitzpatrick_scale: false, weight: 2000 },
    { char: '🚏', fitzpatrick_scale: false, weight: 2000 },
    { char: '🚦', fitzpatrick_scale: false, weight: 2000 },
    { char: '🚥', fitzpatrick_scale: false, weight: 2000 },
    { char: '🚢', fitzpatrick_scale: false, weight: 2000 },
    { char: '🛤', fitzpatrick_scale: false, weight: 2000 }
  ],
  'mountain' => [
    { char: '🚵‍♀️', fitzpatrick_scale: true, weight: 2000 },
    { char: '🚵', fitzpatrick_scale: true, weight: 2000 },
    { char: '🚠', fitzpatrick_scale: false, weight: 2000 },
    { char: '🚞', fitzpatrick_scale: false, weight: 2000 },
    { char: '🌁', fitzpatrick_scale: false, weight: 2000 },
    { char: '🏔', fitzpatrick_scale: false, weight: 2000 },
    { char: '🗻', fitzpatrick_scale: false, weight: 2000 }
  ],
  'betting' => [ { char: '🏇', fitzpatrick_scale: true, weight: 2000 } ],
  'competition' => [ { char: '🏇', fitzpatrick_scale: true, weight: 2000 } ],
  'gambling' => [ { char: '🏇', fitzpatrick_scale: true, weight: 2000 } ],
  'horse' => [
    { char: '🏇', fitzpatrick_scale: true, weight: 2000 },
    { char: '🎠', fitzpatrick_scale: false, weight: 2000 }
  ],
  'racing' => [
    { char: '🏇', fitzpatrick_scale: true, weight: 2000 },
    { char: '🏎', fitzpatrick_scale: false, weight: 2000 }
  ],
  'suit' => [ { char: '🕴', fitzpatrick_scale: true, weight: 2000 } ],
  'levitate' => [ { char: '🕴', fitzpatrick_scale: true, weight: 2000 } ],
  'hover' => [ { char: '🕴', fitzpatrick_scale: true, weight: 2000 } ],
  'jump' => [ { char: '🕴', fitzpatrick_scale: true, weight: 2000 } ],
  'levitating' => [ { char: '🕴', fitzpatrick_scale: true, weight: 2000 } ],
  'win' => [ { char: '🏆', fitzpatrick_scale: false, weight: 2000 } ],
  'award' => [
    { char: '🏆', fitzpatrick_scale: false, weight: 2000 },
    { char: '🏅', fitzpatrick_scale: false, weight: 2000 },
    { char: '🎖', fitzpatrick_scale: false, weight: 2000 },
    { char: '🥇', fitzpatrick_scale: false, weight: 2000 },
    { char: '🥈', fitzpatrick_scale: false, weight: 2000 },
    { char: '🥉', fitzpatrick_scale: false, weight: 2000 }
  ],
  'contest' => [
    { char: '🏆', fitzpatrick_scale: false, weight: 2000 },
    { char: '🏁', fitzpatrick_scale: false, weight: 2000 }
  ],
  'place' => [
    { char: '🏆', fitzpatrick_scale: false, weight: 2000 },
    { char: '🥇', fitzpatrick_scale: false, weight: 2000 },
    { char: '🥈', fitzpatrick_scale: false, weight: 2000 },
    { char: '🥉', fitzpatrick_scale: false, weight: 2000 },
    { char: '🏟', fitzpatrick_scale: false, weight: 2000 },
    { char: '🚩', fitzpatrick_scale: false, weight: 2000 },
    { char: '🛐', fitzpatrick_scale: false, weight: 2000 },
    { char: '🚮', fitzpatrick_scale: false, weight: 2000 }
  ],
  'ftw' => [ { char: '🏆', fitzpatrick_scale: false, weight: 2000 } ],
  'ceremony' => [ { char: '🏆', fitzpatrick_scale: false, weight: 2000 } ],
  'play' => [
    { char: '🎽', fitzpatrick_scale: false, weight: 2000 },
    { char: '🎮', fitzpatrick_scale: false, weight: 2000 },
    { char: '👾', fitzpatrick_scale: false, weight: 2000 },
    { char: '🎯', fitzpatrick_scale: false, weight: 2000 },
    { char: '🎲', fitzpatrick_scale: false, weight: 2000 },
    { char: '🎳', fitzpatrick_scale: false, weight: 2000 },
    { char: '🕹', fitzpatrick_scale: false, weight: 2000 },
    { char: '▶️', fitzpatrick_scale: false, weight: 2000 },
    { char: '⏯', fitzpatrick_scale: false, weight: 2000 },
    { char: '⏩', fitzpatrick_scale: false, weight: 2000 },
    { char: '⏪', fitzpatrick_scale: false, weight: 2000 },
    { char: '🃏', fitzpatrick_scale: false, weight: 2000 },
    { char: '🀄', fitzpatrick_scale: false, weight: 2000 }
  ],
  'pageant' => [ { char: '🎽', fitzpatrick_scale: false, weight: 2000 } ],
  'sash' => [ { char: '🎽', fitzpatrick_scale: false, weight: 2000 } ],
  'winning' => [
    { char: '🏅', fitzpatrick_scale: false, weight: 2000 },
    { char: '🎖', fitzpatrick_scale: false, weight: 2000 },
    { char: '🥇', fitzpatrick_scale: false, weight: 2000 }
  ],
  'medal' => [
    { char: '🏅', fitzpatrick_scale: false, weight: 2000 },
    { char: '🎖', fitzpatrick_scale: false, weight: 2000 },
    { char: '🥇', fitzpatrick_scale: false, weight: 2000 },
    { char: '🥈', fitzpatrick_scale: false, weight: 2000 },
    { char: '🥉', fitzpatrick_scale: false, weight: 2000 }
  ],
  'army' => [ { char: '🎖', fitzpatrick_scale: false, weight: 2000 } ],
  'military' => [
    { char: '🎖', fitzpatrick_scale: false, weight: 2000 },
    { char: '🏵', fitzpatrick_scale: false, weight: 2000 }
  ],
  '1st' => [ { char: '🥇', fitzpatrick_scale: false, weight: 2000 } ],
  'second' => [ { char: '🥈', fitzpatrick_scale: false, weight: 2000 } ],
  '2nd' => [ { char: '🥈', fitzpatrick_scale: false, weight: 2000 } ],
  'third' => [ { char: '🥉', fitzpatrick_scale: false, weight: 2000 } ],
  '3rd' => [ { char: '🥉', fitzpatrick_scale: false, weight: 2000 } ],
  'cause' => [ { char: '🎗', fitzpatrick_scale: false, weight: 2000 } ],
  'support' => [ { char: '🎗', fitzpatrick_scale: false, weight: 2000 } ],
  'awareness' => [ { char: '🎗', fitzpatrick_scale: false, weight: 2000 } ],
  'reminder' => [ { char: '🎗', fitzpatrick_scale: false, weight: 2000 } ],
  'ribbon' => [ { char: '🎗', fitzpatrick_scale: false, weight: 2000 } ],
  'event' => [ { char: '🎫', fitzpatrick_scale: false, weight: 2000 } ],
  'concert' => [
    { char: '🎫', fitzpatrick_scale: false, weight: 2000 },
    { char: '🎟', fitzpatrick_scale: false, weight: 2000 },
    { char: '🏟', fitzpatrick_scale: false, weight: 2000 }
  ],
  'entrance' => [ { char: '🎟', fitzpatrick_scale: false, weight: 2000 } ],
  'acting' => [ { char: '🎭', fitzpatrick_scale: false, weight: 2000 } ],
  'drama' => [ { char: '🎭', fitzpatrick_scale: false, weight: 2000 } ],
  'performing' => [ { char: '🎭', fitzpatrick_scale: false, weight: 2000 } ],
  'design' => [ { char: '🎨', fitzpatrick_scale: false, weight: 2000 } ],
  'paint' => [ { char: '🎨', fitzpatrick_scale: false, weight: 2000 } ],
  'draw' => [
    { char: '🎨', fitzpatrick_scale: false, weight: 2000 },
    { char: '〰️', fitzpatrick_scale: false, weight: 2000 },
    { char: '➰', fitzpatrick_scale: false, weight: 2000 }
  ],
  'colors' => [ { char: '🎨', fitzpatrick_scale: false, weight: 2000 } ],
  'carnival' => [
    { char: '🎪', fitzpatrick_scale: false, weight: 2000 },
    { char: '🎡', fitzpatrick_scale: false, weight: 2000 },
    { char: '🎢', fitzpatrick_scale: false, weight: 2000 },
    { char: '🎠', fitzpatrick_scale: false, weight: 2000 },
    { char: '🎆', fitzpatrick_scale: false, weight: 2000 }
  ],
  'tent' => [
    { char: '🎪', fitzpatrick_scale: false, weight: 2000 },
    { char: '🏕', fitzpatrick_scale: false, weight: 2000 }
  ],
  'juggle' => [
    { char: '🤹‍♀️', fitzpatrick_scale: true, weight: 2000 },
    { char: '🤹‍♂️', fitzpatrick_scale: true, weight: 2000 }
  ],
  'balance' => [
    { char: '🤹‍♀️', fitzpatrick_scale: true, weight: 2000 },
    { char: '🤹‍♂️', fitzpatrick_scale: true, weight: 2000 },
    { char: '⚖', fitzpatrick_scale: false, weight: 2000 },
    { char: '☯', fitzpatrick_scale: false, weight: 2000 }
  ],
  'skill' => [
    { char: '🤹‍♀️', fitzpatrick_scale: true, weight: 2000 },
    { char: '🤹‍♂️', fitzpatrick_scale: true, weight: 2000 }
  ],
  'multitask' => [
    { char: '🤹‍♀️', fitzpatrick_scale: true, weight: 2000 },
    { char: '🤹‍♂️', fitzpatrick_scale: true, weight: 2000 }
  ],
  'juggling' => [
    { char: '🤹‍♀️', fitzpatrick_scale: true, weight: 2000 },
    { char: '🤹‍♂️', fitzpatrick_scale: true, weight: 2000 }
  ],
  'music' => [
    { char: '🎤', fitzpatrick_scale: false, weight: 2000 },
    { char: '🎧', fitzpatrick_scale: false, weight: 2000 },
    { char: '🥁', fitzpatrick_scale: false, weight: 2000 },
    { char: '🎷', fitzpatrick_scale: false, weight: 2000 },
    { char: '🎺', fitzpatrick_scale: false, weight: 2000 },
    { char: '🎸', fitzpatrick_scale: false, weight: 2000 },
    { char: '🎻', fitzpatrick_scale: false, weight: 2000 },
    { char: '📻', fitzpatrick_scale: false, weight: 2000 },
    { char: '📯', fitzpatrick_scale: false, weight: 2000 },
    { char: '🔀', fitzpatrick_scale: false, weight: 2000 },
    { char: '🔣', fitzpatrick_scale: false, weight: 2000 },
    { char: '🎶', fitzpatrick_scale: false, weight: 2000 },
    { char: '🔘', fitzpatrick_scale: false, weight: 2000 }
  ],
  'pa' => [
    { char: '🎤', fitzpatrick_scale: false, weight: 2000 },
    { char: '🇵🇦', fitzpatrick_scale: false, weight: 2000 }
  ],
  'talkshow' => [
    { char: '🎤', fitzpatrick_scale: false, weight: 2000 },
    { char: '🎙', fitzpatrick_scale: false, weight: 2000 }
  ],
  'gadgets' => [
    { char: '🎧', fitzpatrick_scale: false, weight: 2000 },
    { char: '📱', fitzpatrick_scale: false, weight: 2000 },
    { char: '📷', fitzpatrick_scale: false, weight: 2000 },
    { char: '📸', fitzpatrick_scale: false, weight: 2000 }
  ],
  'treble' => [ { char: '🎼', fitzpatrick_scale: false, weight: 2000 } ],
  'clef' => [ { char: '🎼', fitzpatrick_scale: false, weight: 2000 } ],
  'musical' => [
    { char: '🎼', fitzpatrick_scale: false, weight: 2000 },
    { char: '🎹', fitzpatrick_scale: false, weight: 2000 },
    { char: '🎵', fitzpatrick_scale: false, weight: 2000 }
  ],
  'piano' => [ { char: '🎹', fitzpatrick_scale: false, weight: 2000 } ],
  'instrument' => [
    { char: '🎹', fitzpatrick_scale: false, weight: 2000 },
    { char: '🥁', fitzpatrick_scale: false, weight: 2000 },
    { char: '🎷', fitzpatrick_scale: false, weight: 2000 },
    { char: '🎸', fitzpatrick_scale: false, weight: 2000 },
    { char: '🎻', fitzpatrick_scale: false, weight: 2000 },
    { char: '📯', fitzpatrick_scale: false, weight: 2000 }
  ],
  'keyboard' => [ { char: '🎹', fitzpatrick_scale: false, weight: 2000 } ],
  'drumsticks' => [ { char: '🥁', fitzpatrick_scale: false, weight: 2000 } ],
  'snare' => [ { char: '🥁', fitzpatrick_scale: false, weight: 2000 } ],
  'jazz' => [ { char: '🎷', fitzpatrick_scale: false, weight: 2000 } ],
  'blues' => [ { char: '🎷', fitzpatrick_scale: false, weight: 2000 } ],
  'brass' => [ { char: '🎺', fitzpatrick_scale: false, weight: 2000 } ],
  'orchestra' => [ { char: '🎻', fitzpatrick_scale: false, weight: 2000 } ],
  'symphony' => [ { char: '🎻', fitzpatrick_scale: false, weight: 2000 } ],
  'film' => [
    { char: '🎬', fitzpatrick_scale: false, weight: 2000 },
    { char: '📹', fitzpatrick_scale: false, weight: 2000 },
    { char: '🎥', fitzpatrick_scale: false, weight: 2000 },
    { char: '📽', fitzpatrick_scale: false, weight: 2000 },
    { char: '🎞', fitzpatrick_scale: false, weight: 2000 },
    { char: '🎦', fitzpatrick_scale: false, weight: 2000 }
  ],
  'record' => [
    { char: '🎬', fitzpatrick_scale: false, weight: 2000 },
    { char: '💽', fitzpatrick_scale: false, weight: 2000 },
    { char: '📼', fitzpatrick_scale: false, weight: 2000 },
    { char: '📹', fitzpatrick_scale: false, weight: 2000 },
    { char: '🎥', fitzpatrick_scale: false, weight: 2000 },
    { char: '📽', fitzpatrick_scale: false, weight: 2000 },
    { char: '📓', fitzpatrick_scale: false, weight: 2000 },
    { char: '📔', fitzpatrick_scale: false, weight: 2000 },
    { char: '🎦', fitzpatrick_scale: false, weight: 2000 },
    { char: '⏺', fitzpatrick_scale: false, weight: 2000 },
    { char: '🔁', fitzpatrick_scale: false, weight: 2000 }
  ],
  'console' => [ { char: '🎮', fitzpatrick_scale: false, weight: 2000 } ],
  'ps4' => [ { char: '🎮', fitzpatrick_scale: false, weight: 2000 } ],
  'controller' => [ { char: '🎮', fitzpatrick_scale: false, weight: 2000 } ],
  'video' => [
    { char: '🎮', fitzpatrick_scale: false, weight: 2000 },
    { char: '📼', fitzpatrick_scale: false, weight: 2000 },
    { char: '📹', fitzpatrick_scale: false, weight: 2000 },
    { char: '📽', fitzpatrick_scale: false, weight: 2000 }
  ],
  'arcade' => [ { char: '👾', fitzpatrick_scale: false, weight: 2000 } ],
  'invader' => [ { char: '👾', fitzpatrick_scale: false, weight: 2000 } ],
  'target' => [ { char: '🎯', fitzpatrick_scale: false, weight: 2000 } ],
  'bullseye' => [ { char: '🎯', fitzpatrick_scale: false, weight: 2000 } ],
  'dice' => [ { char: '🎲', fitzpatrick_scale: false, weight: 2000 } ],
  'random' => [
    { char: '🎲', fitzpatrick_scale: false, weight: 2000 },
    { char: '🔀', fitzpatrick_scale: false, weight: 2000 }
  ],
  'tabletop' => [ { char: '🎲', fitzpatrick_scale: false, weight: 2000 } ],
  'die' => [
    { char: '🎲', fitzpatrick_scale: false, weight: 2000 },
    { char: '⚰', fitzpatrick_scale: false, weight: 2000 },
    { char: '⚱', fitzpatrick_scale: false, weight: 2000 }
  ],
  'expendable' => [ { char: '♟', fitzpatrick_scale: false, weight: 2000 } ],
  'chess' => [ { char: '♟', fitzpatrick_scale: false, weight: 2000 } ],
  'pawn' => [ { char: '♟', fitzpatrick_scale: false, weight: 2000 } ],
  'bet' => [ { char: '🎰', fitzpatrick_scale: false, weight: 2000 } ],
  'vegas' => [ { char: '🎰', fitzpatrick_scale: false, weight: 2000 } ],
  'fruit machine' => [ { char: '🎰', fitzpatrick_scale: false, weight: 2000 } ],
  'casino' => [ { char: '🎰', fitzpatrick_scale: false, weight: 2000 } ],
  'slot' => [ { char: '🎰', fitzpatrick_scale: false, weight: 2000 } ],
  'interlocking' => [ { char: '🧩', fitzpatrick_scale: false, weight: 2000 } ],
  'puzzle' => [ { char: '🧩', fitzpatrick_scale: false, weight: 2000 } ],
  'piece' => [ { char: '🧩', fitzpatrick_scale: false, weight: 2000 } ],
  'vehicle' => [
    { char: '🚗', fitzpatrick_scale: false, weight: 2000 },
    { char: '🚕', fitzpatrick_scale: false, weight: 2000 },
    { char: '🚙', fitzpatrick_scale: false, weight: 2000 },
    { char: '🚌', fitzpatrick_scale: false, weight: 2000 },
    { char: '🚎', fitzpatrick_scale: false, weight: 2000 },
    { char: '🚓', fitzpatrick_scale: false, weight: 2000 },
    { char: '🚒', fitzpatrick_scale: false, weight: 2000 },
    { char: '🚐', fitzpatrick_scale: false, weight: 2000 },
    { char: '🚛', fitzpatrick_scale: false, weight: 2000 },
    { char: '🚜', fitzpatrick_scale: false, weight: 2000 },
    { char: '🛴', fitzpatrick_scale: false, weight: 2000 },
    { char: '🛵', fitzpatrick_scale: false, weight: 2000 },
    { char: '🚔', fitzpatrick_scale: false, weight: 2000 },
    { char: '🚍', fitzpatrick_scale: false, weight: 2000 },
    { char: '🚘', fitzpatrick_scale: false, weight: 2000 },
    { char: '🚖', fitzpatrick_scale: false, weight: 2000 },
    { char: '🚡', fitzpatrick_scale: false, weight: 2000 },
    { char: '🚠', fitzpatrick_scale: false, weight: 2000 },
    { char: '🚟', fitzpatrick_scale: false, weight: 2000 },
    { char: '🚃', fitzpatrick_scale: false, weight: 2000 },
    { char: '🚋', fitzpatrick_scale: false, weight: 2000 },
    { char: '🚝', fitzpatrick_scale: false, weight: 2000 },
    { char: '🚄', fitzpatrick_scale: false, weight: 2000 },
    { char: '🚅', fitzpatrick_scale: false, weight: 2000 },
    { char: '🚈', fitzpatrick_scale: false, weight: 2000 },
    { char: '🚞', fitzpatrick_scale: false, weight: 2000 },
    { char: '🚂', fitzpatrick_scale: false, weight: 2000 },
    { char: '🚆', fitzpatrick_scale: false, weight: 2000 },
    { char: '🚊', fitzpatrick_scale: false, weight: 2000 },
    { char: '🚉', fitzpatrick_scale: false, weight: 2000 },
    { char: '🛸', fitzpatrick_scale: false, weight: 2000 },
    { char: '🚁', fitzpatrick_scale: false, weight: 2000 },
    { char: '🛩', fitzpatrick_scale: false, weight: 2000 },
    { char: '✈️', fitzpatrick_scale: false, weight: 2000 },
    { char: '🚤', fitzpatrick_scale: false, weight: 2000 }
  ],
  'car' => [
    { char: '🚗', fitzpatrick_scale: false, weight: 2000 },
    { char: '🚙', fitzpatrick_scale: false, weight: 2000 },
    { char: '🚌', fitzpatrick_scale: false, weight: 2000 },
    { char: '🏎', fitzpatrick_scale: false, weight: 2000 },
    { char: '🚓', fitzpatrick_scale: false, weight: 2000 },
    { char: '🚐', fitzpatrick_scale: false, weight: 2000 },
    { char: '🚜', fitzpatrick_scale: false, weight: 2000 },
    { char: '🚔', fitzpatrick_scale: false, weight: 2000 },
    { char: '🚘', fitzpatrick_scale: false, weight: 2000 },
    { char: '🚃', fitzpatrick_scale: false, weight: 2000 }
  ],
  'uber' => [
    { char: '🚕', fitzpatrick_scale: false, weight: 2000 },
    { char: '🚖', fitzpatrick_scale: false, weight: 2000 }
  ],
  'cars' => [
    { char: '🚕', fitzpatrick_scale: false, weight: 2000 },
    { char: '🚓', fitzpatrick_scale: false, weight: 2000 },
    { char: '🚒', fitzpatrick_scale: false, weight: 2000 },
    { char: '🚚', fitzpatrick_scale: false, weight: 2000 },
    { char: '🚛', fitzpatrick_scale: false, weight: 2000 },
    { char: '🚖', fitzpatrick_scale: false, weight: 2000 },
    { char: '🅿️', fitzpatrick_scale: false, weight: 2000 }
  ],
  'bart' => [ { char: '🚎', fitzpatrick_scale: false, weight: 2000 } ],
  'formula' => [ { char: '🏎', fitzpatrick_scale: false, weight: 2000 } ],
  'f1' => [ { char: '🏎', fitzpatrick_scale: false, weight: 2000 } ],
  'hospital' => [
    { char: '🚑', fitzpatrick_scale: false, weight: 2000 },
    { char: '💉', fitzpatrick_scale: false, weight: 2000 }
  ],
  'fire' => [
    { char: '🚒', fitzpatrick_scale: false, weight: 2000 },
    { char: '🕯', fitzpatrick_scale: false, weight: 2000 },
    { char: '🧯', fitzpatrick_scale: false, weight: 2000 },
    { char: '📛', fitzpatrick_scale: false, weight: 2000 }
  ],
  'engine' => [ { char: '🚒', fitzpatrick_scale: false, weight: 2000 } ],
  'express' => [ { char: '🚛', fitzpatrick_scale: false, weight: 2000 } ],
  'articulated' => [ { char: '🚛', fitzpatrick_scale: false, weight: 2000 } ],
  'lorry' => [ { char: '🚛', fitzpatrick_scale: false, weight: 2000 } ],
  'farming' => [ { char: '🚜', fitzpatrick_scale: false, weight: 2000 } ],
  'agriculture' => [ { char: '🚜', fitzpatrick_scale: false, weight: 2000 } ],
  'razor' => [ { char: '🛴', fitzpatrick_scale: false, weight: 2000 } ],
  'scooter' => [
    { char: '🛴', fitzpatrick_scale: false, weight: 2000 },
    { char: '🛵', fitzpatrick_scale: false, weight: 2000 }
  ],
  'bicycle' => [ { char: '🚲', fitzpatrick_scale: false, weight: 2000 } ],
  'vespa' => [ { char: '🛵', fitzpatrick_scale: false, weight: 2000 } ],
  'sasha' => [ { char: '🛵', fitzpatrick_scale: false, weight: 2000 } ],
  'motor' => [
    { char: '🛵', fitzpatrick_scale: false, weight: 2000 },
    { char: '🛥', fitzpatrick_scale: false, weight: 2000 }
  ],
  'ambulance' => [ { char: '🚨', fitzpatrick_scale: false, weight: 2000 } ],
  'emergency' => [
    { char: '🚨', fitzpatrick_scale: false, weight: 2000 },
    { char: '🆘', fitzpatrick_scale: false, weight: 2000 }
  ],
  'alert' => [
    { char: '🚨', fitzpatrick_scale: false, weight: 2000 },
    { char: '⚠️', fitzpatrick_scale: false, weight: 2000 }
  ],
  'error' => [
    { char: '🚨', fitzpatrick_scale: false, weight: 2000 },
    { char: '⚠️', fitzpatrick_scale: false, weight: 2000 },
    { char: '🔴', fitzpatrick_scale: false, weight: 2000 }
  ],
  'pinged' => [ { char: '🚨', fitzpatrick_scale: false, weight: 2000 } ],
  'rotating' => [ { char: '🚨', fitzpatrick_scale: false, weight: 2000 } ],
  'oncoming' => [
    { char: '🚔', fitzpatrick_scale: false, weight: 2000 },
    { char: '🚍', fitzpatrick_scale: false, weight: 2000 },
    { char: '🚘', fitzpatrick_scale: false, weight: 2000 },
    { char: '🚖', fitzpatrick_scale: false, weight: 2000 }
  ],
  'bus' => [
    { char: '🚍', fitzpatrick_scale: false, weight: 2000 },
    { char: '💺', fitzpatrick_scale: false, weight: 2000 }
  ],
  'automobile' => [ { char: '🚘', fitzpatrick_scale: false, weight: 2000 } ],
  'taxi' => [ { char: '🚖', fitzpatrick_scale: false, weight: 2000 } ],
  'ski' => [
    { char: '🚡', fitzpatrick_scale: false, weight: 2000 },
    { char: '🚠', fitzpatrick_scale: false, weight: 2000 }
  ],
  'aerial' => [ { char: '🚡', fitzpatrick_scale: false, weight: 2000 } ],
  'tramway' => [ { char: '🚡', fitzpatrick_scale: false, weight: 2000 } ],
  'cableway' => [ { char: '🚠', fitzpatrick_scale: false, weight: 2000 } ],
  'suspension' => [ { char: '🚟', fitzpatrick_scale: false, weight: 2000 } ],
  'railway' => [
    { char: '🚟', fitzpatrick_scale: false, weight: 2000 },
    { char: '🚃', fitzpatrick_scale: false, weight: 2000 },
    { char: '🚞', fitzpatrick_scale: false, weight: 2000 },
    { char: '🛤', fitzpatrick_scale: false, weight: 2000 }
  ],
  'carriage' => [ { char: '🚋', fitzpatrick_scale: false, weight: 2000 } ],
  'public' => [
    { char: '🚋', fitzpatrick_scale: false, weight: 2000 },
    { char: '🚅', fitzpatrick_scale: false, weight: 2000 },
    { char: '🚉', fitzpatrick_scale: false, weight: 2000 }
  ],
  'bullettrain' => [
    { char: '🚄', fitzpatrick_scale: false, weight: 2000 },
    { char: '🚅', fitzpatrick_scale: false, weight: 2000 }
  ],
  'speed' => [
    { char: '🚅', fitzpatrick_scale: false, weight: 2000 },
    { char: '⏩', fitzpatrick_scale: false, weight: 2000 }
  ],
  'front' => [ { char: '🚅', fitzpatrick_scale: false, weight: 2000 } ],
  'rail' => [ { char: '🚈', fitzpatrick_scale: false, weight: 2000 } ],
  'train' => [
    { char: '🚂', fitzpatrick_scale: false, weight: 2000 },
    { char: '🛤', fitzpatrick_scale: false, weight: 2000 }
  ],
  'steam' => [ { char: '🚂', fitzpatrick_scale: false, weight: 2000 } ],
  'locomotive' => [ { char: '🚂', fitzpatrick_scale: false, weight: 2000 } ],
  'mrt' => [ { char: '🚇', fitzpatrick_scale: false, weight: 2000 } ],
  'underground' => [ { char: '🚇', fitzpatrick_scale: false, weight: 2000 } ],
  'tube' => [
    { char: '🚇', fitzpatrick_scale: false, weight: 2000 },
    { char: '🧪', fitzpatrick_scale: false, weight: 2000 }
  ],
  'saucer' => [ { char: '🛸', fitzpatrick_scale: false, weight: 2000 } ],
  'flight' => [
    { char: '🛩', fitzpatrick_scale: false, weight: 2000 },
    { char: '✈️', fitzpatrick_scale: false, weight: 2000 },
    { char: '🛫', fitzpatrick_scale: false, weight: 2000 },
    { char: '🛬', fitzpatrick_scale: false, weight: 2000 },
    { char: '💺', fitzpatrick_scale: false, weight: 2000 }
  ],
  'airplane' => [
    { char: '🛩', fitzpatrick_scale: false, weight: 2000 },
    { char: '💺', fitzpatrick_scale: false, weight: 2000 }
  ],
  'airport' => [
    { char: '🛫', fitzpatrick_scale: false, weight: 2000 },
    { char: '🛬', fitzpatrick_scale: false, weight: 2000 },
    { char: '🛄', fitzpatrick_scale: false, weight: 2000 }
  ],
  'landing' => [ { char: '🛫', fitzpatrick_scale: false, weight: 2000 } ],
  'departure' => [ { char: '🛫', fitzpatrick_scale: false, weight: 2000 } ],
  'boarding' => [ { char: '🛬', fitzpatrick_scale: false, weight: 2000 } ],
  'arrival' => [ { char: '🛬', fitzpatrick_scale: false, weight: 2000 } ],
  'sailing' => [ { char: '⛵', fitzpatrick_scale: false, weight: 2000 } ],
  'boat' => [
    { char: '🛥', fitzpatrick_scale: false, weight: 2000 },
    { char: '⛴', fitzpatrick_scale: false, weight: 2000 },
    { char: '🛶', fitzpatrick_scale: false, weight: 2000 },
    { char: '⚓', fitzpatrick_scale: false, weight: 2000 }
  ],
  'yacht' => [
    { char: '⛴', fitzpatrick_scale: false, weight: 2000 },
    { char: '🛳', fitzpatrick_scale: false, weight: 2000 }
  ],
  'cruise' => [ { char: '🛳', fitzpatrick_scale: false, weight: 2000 } ],
  'ferry' => [
    { char: '🛳', fitzpatrick_scale: false, weight: 2000 },
    { char: '⚓', fitzpatrick_scale: false, weight: 2000 }
  ],
  'passenger' => [ { char: '🛳', fitzpatrick_scale: false, weight: 2000 } ],
  'launch' => [ { char: '🚀', fitzpatrick_scale: false, weight: 2000 } ],
  'staffmode' => [ { char: '🚀', fitzpatrick_scale: false, weight: 2000 } ],
  'nasa' => [
    { char: '🚀', fitzpatrick_scale: false, weight: 2000 },
    { char: '🛰', fitzpatrick_scale: false, weight: 2000 }
  ],
  'outer space' => [ { char: '🚀', fitzpatrick_scale: false, weight: 2000 } ],
  'communication' => [
    { char: '🛰', fitzpatrick_scale: false, weight: 2000 },
    { char: '🏣', fitzpatrick_scale: false, weight: 2000 },
    { char: '📞', fitzpatrick_scale: false, weight: 2000 },
    { char: '☎️', fitzpatrick_scale: false, weight: 2000 },
    { char: '📠', fitzpatrick_scale: false, weight: 2000 },
    { char: '📻', fitzpatrick_scale: false, weight: 2000 },
    { char: '📡', fitzpatrick_scale: false, weight: 2000 },
    { char: '✉️', fitzpatrick_scale: false, weight: 2000 },
    { char: '📩', fitzpatrick_scale: false, weight: 2000 },
    { char: '📧', fitzpatrick_scale: false, weight: 2000 },
    { char: '📪', fitzpatrick_scale: false, weight: 2000 },
    { char: '📫', fitzpatrick_scale: false, weight: 2000 },
    { char: '📬', fitzpatrick_scale: false, weight: 2000 }
  ],
  'gps' => [ { char: '🛰', fitzpatrick_scale: false, weight: 2000 } ],
  'orbit' => [ { char: '🛰', fitzpatrick_scale: false, weight: 2000 } ],
  'spaceflight' => [ { char: '🛰', fitzpatrick_scale: false, weight: 2000 } ],
  'iss' => [ { char: '🛰', fitzpatrick_scale: false, weight: 2000 } ],
  'artificial' => [ { char: '🛰', fitzpatrick_scale: false, weight: 2000 } ],
  'satellite' => [ { char: '🛰', fitzpatrick_scale: false, weight: 2000 } ],
  'sit' => [ { char: '💺', fitzpatrick_scale: false, weight: 2000 } ],
  'transport' => [
    { char: '💺', fitzpatrick_scale: false, weight: 2000 },
    { char: '🛄', fitzpatrick_scale: false, weight: 2000 }
  ],
  'paddle' => [ { char: '🛶', fitzpatrick_scale: false, weight: 2000 } ],
  'progress' => [
    { char: '🚧', fitzpatrick_scale: false, weight: 2000 },
    { char: '🏗', fitzpatrick_scale: false, weight: 2000 }
  ],
  'caution' => [ { char: '🚧', fitzpatrick_scale: false, weight: 2000 } ],
  'warning' => [
    { char: '🚧', fitzpatrick_scale: false, weight: 2000 },
    { char: '❗', fitzpatrick_scale: false, weight: 2000 },
    { char: '❕', fitzpatrick_scale: false, weight: 2000 },
    { char: '🚸', fitzpatrick_scale: false, weight: 2000 }
  ],
  'gas station' => [ { char: '⛽', fitzpatrick_scale: false, weight: 2000 } ],
  'petroleum' => [ { char: '⛽', fitzpatrick_scale: false, weight: 2000 } ],
  'station' => [ { char: '⛽', fitzpatrick_scale: false, weight: 2000 } ],
  'wait' => [ { char: '🚏', fitzpatrick_scale: false, weight: 2000 } ],
  'driving' => [
    { char: '🚦', fitzpatrick_scale: false, weight: 2000 },
    { char: '🚸', fitzpatrick_scale: false, weight: 2000 }
  ],
  'vertical' => [
    { char: '🚦', fitzpatrick_scale: false, weight: 2000 },
    { char: '↕️', fitzpatrick_scale: false, weight: 2000 }
  ],
  'traffic' => [
    { char: '🚦', fitzpatrick_scale: false, weight: 2000 },
    { char: '🚥', fitzpatrick_scale: false, weight: 2000 }
  ],
  'signal' => [
    { char: '🚥', fitzpatrick_scale: false, weight: 2000 },
    { char: '📶', fitzpatrick_scale: false, weight: 2000 }
  ],
  'finishline' => [ { char: '🏁', fitzpatrick_scale: false, weight: 2000 } ],
  'gokart' => [ { char: '🏁', fitzpatrick_scale: false, weight: 2000 } ],
  'checkered' => [ { char: '🏁', fitzpatrick_scale: false, weight: 2000 } ],
  'titanic' => [ { char: '🚢', fitzpatrick_scale: false, weight: 2000 } ],
  'deploy' => [ { char: '🚢', fitzpatrick_scale: false, weight: 2000 } ],
  'photo' => [
    { char: '🎡', fitzpatrick_scale: false, weight: 2000 },
    { char: '🎢', fitzpatrick_scale: false, weight: 2000 },
    { char: '🎠', fitzpatrick_scale: false, weight: 2000 },
    { char: '🌁', fitzpatrick_scale: false, weight: 2000 },
    { char: '🗼', fitzpatrick_scale: false, weight: 2000 },
    { char: '⛲', fitzpatrick_scale: false, weight: 2000 },
    { char: '🎑', fitzpatrick_scale: false, weight: 2000 },
    { char: '⛰', fitzpatrick_scale: false, weight: 2000 },
    { char: '🏔', fitzpatrick_scale: false, weight: 2000 },
    { char: '🗻', fitzpatrick_scale: false, weight: 2000 },
    { char: '🌋', fitzpatrick_scale: false, weight: 2000 },
    { char: '🏕', fitzpatrick_scale: false, weight: 2000 },
    { char: '⛺', fitzpatrick_scale: false, weight: 2000 },
    { char: '🏞', fitzpatrick_scale: false, weight: 2000 },
    { char: '🌅', fitzpatrick_scale: false, weight: 2000 },
    { char: '🌄', fitzpatrick_scale: false, weight: 2000 },
    { char: '🏜', fitzpatrick_scale: false, weight: 2000 },
    { char: '🏝', fitzpatrick_scale: false, weight: 2000 },
    { char: '🌇', fitzpatrick_scale: false, weight: 2000 },
    { char: '🌆', fitzpatrick_scale: false, weight: 2000 },
    { char: '🏙', fitzpatrick_scale: false, weight: 2000 },
    { char: '🌉', fitzpatrick_scale: false, weight: 2000 },
    { char: '🌌', fitzpatrick_scale: false, weight: 2000 },
    { char: '🌠', fitzpatrick_scale: false, weight: 2000 },
    { char: '🎆', fitzpatrick_scale: false, weight: 2000 },
    { char: '🌈', fitzpatrick_scale: false, weight: 2000 },
    { char: '🏘', fitzpatrick_scale: false, weight: 2000 },
    { char: '🏯', fitzpatrick_scale: false, weight: 2000 },
    { char: '🏟', fitzpatrick_scale: false, weight: 2000 }
  ],
  'londoneye' => [ { char: '🎡', fitzpatrick_scale: false, weight: 2000 } ],
  'ferris' => [ { char: '🎡', fitzpatrick_scale: false, weight: 2000 } ],
  'wheel' => [
    { char: '🎡', fitzpatrick_scale: false, weight: 2000 },
    { char: '☸', fitzpatrick_scale: false, weight: 2000 }
  ],
  'playground' => [ { char: '🎢', fitzpatrick_scale: false, weight: 2000 } ],
  'roller' => [ { char: '🎢', fitzpatrick_scale: false, weight: 2000 } ],
  'coaster' => [ { char: '🎢', fitzpatrick_scale: false, weight: 2000 } ],
  'carousel' => [ { char: '🎠', fitzpatrick_scale: false, weight: 2000 } ],
  'working' => [ { char: '🏗', fitzpatrick_scale: false, weight: 2000 } ],
  'building' => [
    { char: '🏗', fitzpatrick_scale: false, weight: 2000 },
    { char: '🏭', fitzpatrick_scale: false, weight: 2000 },
    { char: '🏰', fitzpatrick_scale: false, weight: 2000 },
    { char: '🏯', fitzpatrick_scale: false, weight: 2000 },
    { char: '🏠', fitzpatrick_scale: false, weight: 2000 },
    { char: '🏚', fitzpatrick_scale: false, weight: 2000 },
    { char: '🏢', fitzpatrick_scale: false, weight: 2000 },
    { char: '🏬', fitzpatrick_scale: false, weight: 2000 },
    { char: '🏣', fitzpatrick_scale: false, weight: 2000 },
    { char: '🏤', fitzpatrick_scale: false, weight: 2000 },
    { char: '🏥', fitzpatrick_scale: false, weight: 2000 },
    { char: '🏦', fitzpatrick_scale: false, weight: 2000 },
    { char: '🏨', fitzpatrick_scale: false, weight: 2000 },
    { char: '🏪', fitzpatrick_scale: false, weight: 2000 },
    { char: '🏫', fitzpatrick_scale: false, weight: 2000 },
    { char: '🏛', fitzpatrick_scale: false, weight: 2000 },
    { char: '⛪', fitzpatrick_scale: false, weight: 2000 }
  ],
  'tokyo' => [ { char: '🗼', fitzpatrick_scale: false, weight: 2000 } ],
  'tower' => [ { char: '🗼', fitzpatrick_scale: false, weight: 2000 } ],
  'industry' => [ { char: '🏭', fitzpatrick_scale: false, weight: 2000 } ],
  'pollution' => [ { char: '🏭', fitzpatrick_scale: false, weight: 2000 } ],
  'fresh' => [ { char: '⛲', fitzpatrick_scale: false, weight: 2000 } ],
  'tsukimi' => [ { char: '🎑', fitzpatrick_scale: false, weight: 2000 } ],
  'scene' => [ { char: '🎑', fitzpatrick_scale: false, weight: 2000 } ],
  'environment' => [
    { char: '⛰', fitzpatrick_scale: false, weight: 2000 },
    { char: '🏔', fitzpatrick_scale: false, weight: 2000 },
    { char: '🏞', fitzpatrick_scale: false, weight: 2000 },
    { char: '♻️', fitzpatrick_scale: false, weight: 2000 }
  ],
  'mount' => [ { char: '🗻', fitzpatrick_scale: false, weight: 2000 } ],
  'fuji' => [ { char: '🗻', fitzpatrick_scale: false, weight: 2000 } ],
  'nation' => [
    { char: '🗾', fitzpatrick_scale: false, weight: 2000 },
    { char: '🎌', fitzpatrick_scale: false, weight: 2000 },
    { char: '🇦🇫', fitzpatrick_scale: false, weight: 2000 },
    { char: '🇦🇽', fitzpatrick_scale: false, weight: 2000 },
    { char: '🇦🇱', fitzpatrick_scale: false, weight: 2000 },
    { char: '🇩🇿', fitzpatrick_scale: false, weight: 2000 },
    { char: '🇦🇸', fitzpatrick_scale: false, weight: 2000 },
    { char: '🇦🇩', fitzpatrick_scale: false, weight: 2000 },
    { char: '🇦🇴', fitzpatrick_scale: false, weight: 2000 },
    { char: '🇦🇮', fitzpatrick_scale: false, weight: 2000 },
    { char: '🇦🇶', fitzpatrick_scale: false, weight: 2000 },
    { char: '🇦🇬', fitzpatrick_scale: false, weight: 2000 },
    { char: '🇦🇷', fitzpatrick_scale: false, weight: 2000 },
    { char: '🇦🇲', fitzpatrick_scale: false, weight: 2000 },
    { char: '🇦🇼', fitzpatrick_scale: false, weight: 2000 },
    { char: '🇦🇺', fitzpatrick_scale: false, weight: 2000 },
    { char: '🇦🇹', fitzpatrick_scale: false, weight: 2000 },
    { char: '🇦🇿', fitzpatrick_scale: false, weight: 2000 },
    { char: '🇧🇸', fitzpatrick_scale: false, weight: 2000 },
    { char: '🇧🇭', fitzpatrick_scale: false, weight: 2000 },
    { char: '🇧🇩', fitzpatrick_scale: false, weight: 2000 },
    { char: '🇧🇧', fitzpatrick_scale: false, weight: 2000 },
    { char: '🇧🇾', fitzpatrick_scale: false, weight: 2000 },
    { char: '🇧🇪', fitzpatrick_scale: false, weight: 2000 },
    { char: '🇧🇿', fitzpatrick_scale: false, weight: 2000 },
    { char: '🇧🇯', fitzpatrick_scale: false, weight: 2000 },
    { char: '🇧🇲', fitzpatrick_scale: false, weight: 2000 },
    { char: '🇧🇹', fitzpatrick_scale: false, weight: 2000 },
    { char: '🇧🇴', fitzpatrick_scale: false, weight: 2000 },
    { char: '🇧🇶', fitzpatrick_scale: false, weight: 2000 },
    { char: '🇧🇦', fitzpatrick_scale: false, weight: 2000 },
    { char: '🇧🇼', fitzpatrick_scale: false, weight: 2000 },
    { char: '🇧🇷', fitzpatrick_scale: false, weight: 2000 },
    { char: '🇮🇴', fitzpatrick_scale: false, weight: 2000 },
    { char: '🇻🇬', fitzpatrick_scale: false, weight: 2000 },
    { char: '🇧🇳', fitzpatrick_scale: false, weight: 2000 },
    { char: '🇧🇬', fitzpatrick_scale: false, weight: 2000 },
    { char: '🇧🇫', fitzpatrick_scale: false, weight: 2000 },
    { char: '🇧🇮', fitzpatrick_scale: false, weight: 2000 },
    { char: '🇨🇻', fitzpatrick_scale: false, weight: 2000 },
    { char: '🇰🇭', fitzpatrick_scale: false, weight: 2000 },
    { char: '🇨🇲', fitzpatrick_scale: false, weight: 2000 },
    { char: '🇨🇦', fitzpatrick_scale: false, weight: 2000 },
    { char: '🇮🇨', fitzpatrick_scale: false, weight: 2000 },
    { char: '🇰🇾', fitzpatrick_scale: false, weight: 2000 },
    { char: '🇨🇫', fitzpatrick_scale: false, weight: 2000 },
    { char: '🇹🇩', fitzpatrick_scale: false, weight: 2000 },
    { char: '🇨🇱', fitzpatrick_scale: false, weight: 2000 },
    { char: '🇨🇳', fitzpatrick_scale: false, weight: 2000 },
    { char: '🇨🇽', fitzpatrick_scale: false, weight: 2000 },
    { char: '🇨🇨', fitzpatrick_scale: false, weight: 2000 },
    { char: '🇨🇴', fitzpatrick_scale: false, weight: 2000 },
    { char: '🇰🇲', fitzpatrick_scale: false, weight: 2000 },
    { char: '🇨🇬', fitzpatrick_scale: false, weight: 2000 },
    { char: '🇨🇩', fitzpatrick_scale: false, weight: 2000 },
    { char: '🇨🇰', fitzpatrick_scale: false, weight: 2000 },
    { char: '🇨🇷', fitzpatrick_scale: false, weight: 2000 },
    { char: '🇭🇷', fitzpatrick_scale: false, weight: 2000 },
    { char: '🇨🇺', fitzpatrick_scale: false, weight: 2000 },
    { char: '🇨🇼', fitzpatrick_scale: false, weight: 2000 },
    { char: '🇨🇾', fitzpatrick_scale: false, weight: 2000 },
    { char: '🇨🇿', fitzpatrick_scale: false, weight: 2000 },
    { char: '🇩🇰', fitzpatrick_scale: false, weight: 2000 },
    { char: '🇩🇯', fitzpatrick_scale: false, weight: 2000 },
    { char: '🇩🇲', fitzpatrick_scale: false, weight: 2000 },
    { char: '🇩🇴', fitzpatrick_scale: false, weight: 2000 },
    { char: '🇪🇨', fitzpatrick_scale: false, weight: 2000 },
    { char: '🇪🇬', fitzpatrick_scale: false, weight: 2000 },
    { char: '🇸🇻', fitzpatrick_scale: false, weight: 2000 },
    { char: '🇬🇶', fitzpatrick_scale: false, weight: 2000 },
    { char: '🇪🇷', fitzpatrick_scale: false, weight: 2000 },
    { char: '🇪🇪', fitzpatrick_scale: false, weight: 2000 },
    { char: '🇪🇹', fitzpatrick_scale: false, weight: 2000 },
    { char: '🇫🇰', fitzpatrick_scale: false, weight: 2000 },
    { char: '🇫🇴', fitzpatrick_scale: false, weight: 2000 },
    { char: '🇫🇯', fitzpatrick_scale: false, weight: 2000 },
    { char: '🇫🇮', fitzpatrick_scale: false, weight: 2000 },
    { char: '🇫🇷', fitzpatrick_scale: false, weight: 2000 },
    { char: '🇬🇫', fitzpatrick_scale: false, weight: 2000 },
    { char: '🇵🇫', fitzpatrick_scale: false, weight: 2000 },
    { char: '🇹🇫', fitzpatrick_scale: false, weight: 2000 },
    { char: '🇬🇦', fitzpatrick_scale: false, weight: 2000 },
    { char: '🇬🇲', fitzpatrick_scale: false, weight: 2000 },
    { char: '🇬🇪', fitzpatrick_scale: false, weight: 2000 },
    { char: '🇩🇪', fitzpatrick_scale: false, weight: 2000 },
    { char: '🇬🇭', fitzpatrick_scale: false, weight: 2000 },
    { char: '🇬🇮', fitzpatrick_scale: false, weight: 2000 },
    { char: '🇬🇷', fitzpatrick_scale: false, weight: 2000 },
    { char: '🇬🇱', fitzpatrick_scale: false, weight: 2000 },
    { char: '🇬🇩', fitzpatrick_scale: false, weight: 2000 },
    { char: '🇬🇵', fitzpatrick_scale: false, weight: 2000 },
    { char: '🇬🇺', fitzpatrick_scale: false, weight: 2000 },
    { char: '🇬🇹', fitzpatrick_scale: false, weight: 2000 },
    { char: '🇬🇬', fitzpatrick_scale: false, weight: 2000 },
    { char: '🇬🇳', fitzpatrick_scale: false, weight: 2000 },
    { char: '🇬🇼', fitzpatrick_scale: false, weight: 2000 },
    { char: '🇬🇾', fitzpatrick_scale: false, weight: 2000 },
    { char: '🇭🇹', fitzpatrick_scale: false, weight: 2000 },
    { char: '🇭🇳', fitzpatrick_scale: false, weight: 2000 },
    { char: '🇭🇰', fitzpatrick_scale: false, weight: 2000 },
    ... 148 more items
  ],
  'country' => [
    { char: '🗾', fitzpatrick_scale: false, weight: 2000 },
    { char: '🎌', fitzpatrick_scale: false, weight: 2000 },
    { char: '🇦🇫', fitzpatrick_scale: false, weight: 2000 },
    { char: '🇦🇽', fitzpatrick_scale: false, weight: 2000 },
    { char: '🇦🇱', fitzpatrick_scale: false, weight: 2000 },
    { char: '🇩🇿', fitzpatrick_scale: false, weight: 2000 },
    { char: '🇦🇸', fitzpatrick_scale: false, weight: 2000 },
    { char: '🇦🇩', fitzpatrick_scale: false, weight: 2000 },
    { char: '🇦🇴', fitzpatrick_scale: false, weight: 2000 },
    { char: '🇦🇮', fitzpatrick_scale: false, weight: 2000 },
    { char: '🇦🇶', fitzpatrick_scale: false, weight: 2000 },
    { char: '🇦🇬', fitzpatrick_scale: false, weight: 2000 },
    { char: '🇦🇷', fitzpatrick_scale: false, weight: 2000 },
    { char: '🇦🇲', fitzpatrick_scale: false, weight: 2000 },
    { char: '🇦🇼', fitzpatrick_scale: false, weight: 2000 },
    { char: '🇦🇺', fitzpatrick_scale: false, weight: 2000 },
    { char: '🇦🇹', fitzpatrick_scale: false, weight: 2000 },
    { char: '🇦🇿', fitzpatrick_scale: false, weight: 2000 },
    { char: '🇧🇸', fitzpatrick_scale: false, weight: 2000 },
    { char: '🇧🇭', fitzpatrick_scale: false, weight: 2000 },
    { char: '🇧🇩', fitzpatrick_scale: false, weight: 2000 },
    { char: '🇧🇧', fitzpatrick_scale: false, weight: 2000 },
    { char: '🇧🇾', fitzpatrick_scale: false, weight: 2000 },
    { char: '🇧🇪', fitzpatrick_scale: false, weight: 2000 },
    { char: '🇧🇿', fitzpatrick_scale: false, weight: 2000 },
    { char: '🇧🇯', fitzpatrick_scale: false, weight: 2000 },
    { char: '🇧🇲', fitzpatrick_scale: false, weight: 2000 },
    { char: '🇧🇹', fitzpatrick_scale: false, weight: 2000 },
    { char: '🇧🇴', fitzpatrick_scale: false, weight: 2000 },
    { char: '🇧🇶', fitzpatrick_scale: false, weight: 2000 },
    { char: '🇧🇦', fitzpatrick_scale: false, weight: 2000 },
    { char: '🇧🇼', fitzpatrick_scale: false, weight: 2000 },
    { char: '🇧🇷', fitzpatrick_scale: false, weight: 2000 },
    { char: '🇮🇴', fitzpatrick_scale: false, weight: 2000 },
    { char: '🇻🇬', fitzpatrick_scale: false, weight: 2000 },
    { char: '🇧🇳', fitzpatrick_scale: false, weight: 2000 },
    { char: '🇧🇬', fitzpatrick_scale: false, weight: 2000 },
    { char: '🇧🇫', fitzpatrick_scale: false, weight: 2000 },
    { char: '🇧🇮', fitzpatrick_scale: false, weight: 2000 },
    { char: '🇨🇻', fitzpatrick_scale: false, weight: 2000 },
    { char: '🇰🇭', fitzpatrick_scale: false, weight: 2000 },
    { char: '🇨🇲', fitzpatrick_scale: false, weight: 2000 },
    { char: '🇨🇦', fitzpatrick_scale: false, weight: 2000 },
    { char: '🇮🇨', fitzpatrick_scale: false, weight: 2000 },
    { char: '🇰🇾', fitzpatrick_scale: false, weight: 2000 },
    { char: '🇨🇫', fitzpatrick_scale: false, weight: 2000 },
    { char: '🇹🇩', fitzpatrick_scale: false, weight: 2000 },
    { char: '🇨🇱', fitzpatrick_scale: false, weight: 2000 },
    { char: '🇨🇳', fitzpatrick_scale: false, weight: 2000 },
    { char: '🇨🇽', fitzpatrick_scale: false, weight: 2000 },
    { char: '🇨🇨', fitzpatrick_scale: false, weight: 2000 },
    { char: '🇨🇴', fitzpatrick_scale: false, weight: 2000 },
    { char: '🇰🇲', fitzpatrick_scale: false, weight: 2000 },
    { char: '🇨🇬', fitzpatrick_scale: false, weight: 2000 },
    { char: '🇨🇩', fitzpatrick_scale: false, weight: 2000 },
    { char: '🇨🇰', fitzpatrick_scale: false, weight: 2000 },
    { char: '🇨🇷', fitzpatrick_scale: false, weight: 2000 },
    { char: '🇭🇷', fitzpatrick_scale: false, weight: 2000 },
    { char: '🇨🇺', fitzpatrick_scale: false, weight: 2000 },
    { char: '🇨🇼', fitzpatrick_scale: false, weight: 2000 },
    { char: '🇨🇾', fitzpatrick_scale: false, weight: 2000 },
    { char: '🇨🇿', fitzpatrick_scale: false, weight: 2000 },
    { char: '🇩🇰', fitzpatrick_scale: false, weight: 2000 },
    { char: '🇩🇯', fitzpatrick_scale: false, weight: 2000 },
    { char: '🇩🇲', fitzpatrick_scale: false, weight: 2000 },
    { char: '🇩🇴', fitzpatrick_scale: false, weight: 2000 },
    { char: '🇪🇨', fitzpatrick_scale: false, weight: 2000 },
    { char: '🇪🇬', fitzpatrick_scale: false, weight: 2000 },
    { char: '🇸🇻', fitzpatrick_scale: false, weight: 2000 },
    { char: '🇬🇶', fitzpatrick_scale: false, weight: 2000 },
    { char: '🇪🇷', fitzpatrick_scale: false, weight: 2000 },
    { char: '🇪🇪', fitzpatrick_scale: false, weight: 2000 },
    { char: '🇪🇹', fitzpatrick_scale: false, weight: 2000 },
    { char: '🇫🇰', fitzpatrick_scale: false, weight: 2000 },
    { char: '🇫🇴', fitzpatrick_scale: false, weight: 2000 },
    { char: '🇫🇯', fitzpatrick_scale: false, weight: 2000 },
    { char: '🇫🇮', fitzpatrick_scale: false, weight: 2000 },
    { char: '🇫🇷', fitzpatrick_scale: false, weight: 2000 },
    { char: '🇬🇫', fitzpatrick_scale: false, weight: 2000 },
    { char: '🇵🇫', fitzpatrick_scale: false, weight: 2000 },
    { char: '🇹🇫', fitzpatrick_scale: false, weight: 2000 },
    { char: '🇬🇦', fitzpatrick_scale: false, weight: 2000 },
    { char: '🇬🇲', fitzpatrick_scale: false, weight: 2000 },
    { char: '🇬🇪', fitzpatrick_scale: false, weight: 2000 },
    { char: '🇩🇪', fitzpatrick_scale: false, weight: 2000 },
    { char: '🇬🇭', fitzpatrick_scale: false, weight: 2000 },
    { char: '🇬🇮', fitzpatrick_scale: false, weight: 2000 },
    { char: '🇬🇷', fitzpatrick_scale: false, weight: 2000 },
    { char: '🇬🇱', fitzpatrick_scale: false, weight: 2000 },
    { char: '🇬🇩', fitzpatrick_scale: false, weight: 2000 },
    { char: '🇬🇵', fitzpatrick_scale: false, weight: 2000 },
    { char: '🇬🇺', fitzpatrick_scale: false, weight: 2000 },
    { char: '🇬🇹', fitzpatrick_scale: false, weight: 2000 },
    { char: '🇬🇬', fitzpatrick_scale: false, weight: 2000 },
    { char: '🇬🇳', fitzpatrick_scale: false, weight: 2000 },
    { char: '🇬🇼', fitzpatrick_scale: false, weight: 2000 },
    { char: '🇬🇾', fitzpatrick_scale: false, weight: 2000 },
    { char: '🇭🇹', fitzpatrick_scale: false, weight: 2000 },
    { char: '🇭🇳', fitzpatrick_scale: false, weight: 2000 },
    { char: '🇭🇰', fitzpatrick_scale: false, weight: 2000 },
    ... 148 more items
  ],
  'outdoors' => [
    { char: '🏕', fitzpatrick_scale: false, weight: 2000 },
    { char: '⛺', fitzpatrick_scale: false, weight: 2000 }
  ],
  'national' => [ { char: '🏞', fitzpatrick_scale: false, weight: 2000 } ],
  'park' => [ { char: '🏞', fitzpatrick_scale: false, weight: 2000 } ],
  'road' => [ { char: '🛣', fitzpatrick_scale: false, weight: 2000 } ],
  'cupertino' => [ { char: '🛣', fitzpatrick_scale: false, weight: 2000 } ],
  'interstate' => [ { char: '🛣', fitzpatrick_scale: false, weight: 2000 } ],
  'highway' => [ { char: '🛣', fitzpatrick_scale: false, weight: 2000 } ],
  'track' => [
    { char: '🛤', fitzpatrick_scale: false, weight: 2000 },
    { char: '⏭', fitzpatrick_scale: false, weight: 2000 },
    { char: '⏮', fitzpatrick_scale: false, weight: 2000 }
  ],
  'view' => [
    { char: '🌅', fitzpatrick_scale: false, weight: 2000 },
    { char: '🌄', fitzpatrick_scale: false, weight: 2000 }
  ],
  'sunrise' => [
    { char: '🌄', fitzpatrick_scale: false, weight: 2000 },
    { char: '🌇', fitzpatrick_scale: false, weight: 2000 }
  ],
  'mountains' => [ { char: '🌄', fitzpatrick_scale: false, weight: 2000 } ],
  'warm' => [
    { char: '🏜', fitzpatrick_scale: false, weight: 2000 },
    { char: '♨️', fitzpatrick_scale: false, weight: 2000 },
    { char: '🔅', fitzpatrick_scale: false, weight: 2000 }
  ],
  'saharah' => [ { char: '🏜', fitzpatrick_scale: false, weight: 2000 } ],
  'sand' => [
    { char: '🏖', fitzpatrick_scale: false, weight: 2000 },
    { char: '⏳', fitzpatrick_scale: false, weight: 2000 }
  ],
  'island' => [
    { char: '🏝', fitzpatrick_scale: false, weight: 2000 },
    { char: '🗿', fitzpatrick_scale: false, weight: 2000 },
    { char: '🇨🇽', fitzpatrick_scale: false, weight: 2000 },
    { char: '🇳🇫', fitzpatrick_scale: false, weight: 2000 }
  ],
  'good morning' => [ { char: '🌇', fitzpatrick_scale: false, weight: 2000 } ],
  'dawn' => [
    { char: '🌇', fitzpatrick_scale: false, weight: 2000 },
    { char: '🕕', fitzpatrick_scale: false, weight: 2000 }
  ],
  'city' => [
    { char: '🌇', fitzpatrick_scale: false, weight: 2000 },
    { char: '🌆', fitzpatrick_scale: false, weight: 2000 },
    { char: '🌃', fitzpatrick_scale: false, weight: 2000 },
    { char: '🇻🇦', fitzpatrick_scale: false, weight: 2000 }
  ],
  'buildings' => [
    { char: '🌆', fitzpatrick_scale: false, weight: 2000 },
    { char: '🏘', fitzpatrick_scale: false, weight: 2000 }
  ],
  'sunset' => [
    { char: '🌆', fitzpatrick_scale: false, weight: 2000 },
    { char: '🎴', fitzpatrick_scale: false, weight: 2000 }
  ],
  'night life' => [ { char: '🏙', fitzpatrick_scale: false, weight: 2000 } ],
  'urban' => [ { char: '🏙', fitzpatrick_scale: false, weight: 2000 } ],
  'life' => [
    { char: '🏙', fitzpatrick_scale: false, weight: 2000 },
    { char: '🧬', fitzpatrick_scale: false, weight: 2000 }
  ],
  'downtown' => [ { char: '🌃', fitzpatrick_scale: false, weight: 2000 } ],
  'sanfrancisco' => [ { char: '🌉', fitzpatrick_scale: false, weight: 2000 } ],
  'bridge' => [ { char: '🌉', fitzpatrick_scale: false, weight: 2000 } ],
  'at' => [
    { char: '🌉', fitzpatrick_scale: false, weight: 2000 },
    { char: '🇦🇹', fitzpatrick_scale: false, weight: 2000 }
  ],
  'milky' => [ { char: '🌌', fitzpatrick_scale: false, weight: 2000 } ],
  'way' => [
    { char: '🌌', fitzpatrick_scale: false, weight: 2000 },
    { char: '↕️', fitzpatrick_scale: false, weight: 2000 }
  ],
  'congratulations' => [
    { char: '🎆', fitzpatrick_scale: false, weight: 2000 },
    { char: '🎉', fitzpatrick_scale: false, weight: 2000 }
  ],
  'unicorn_face' => [ { char: '🌈', fitzpatrick_scale: false, weight: 2000 } ],
  'unicorn' => [ { char: '🌈', fitzpatrick_scale: false, weight: 2000 } ],
  'history' => [
    { char: '🏰', fitzpatrick_scale: false, weight: 2000 },
    { char: '🏛', fitzpatrick_scale: false, weight: 2000 },
    { char: '📜', fitzpatrick_scale: false, weight: 2000 }
  ],
  'european' => [
    { char: '🏰', fitzpatrick_scale: false, weight: 2000 },
    { char: '🏤', fitzpatrick_scale: false, weight: 2000 },
    { char: '🇪🇺', fitzpatrick_scale: false, weight: 2000 }
  ],
  'castle' => [
    { char: '🏰', fitzpatrick_scale: false, weight: 2000 },
    { char: '🏯', fitzpatrick_scale: false, weight: 2000 }
  ],
  'venue' => [ { char: '🏟', fitzpatrick_scale: false, weight: 2000 } ],
  'american' => [
    { char: '🗽', fitzpatrick_scale: false, weight: 2000 },
    { char: '🇦🇸', fitzpatrick_scale: false, weight: 2000 }
  ],
  'newyork' => [ { char: '🗽', fitzpatrick_scale: false, weight: 2000 } ],
  'statue' => [ { char: '🗽', fitzpatrick_scale: false, weight: 2000 } ],
  'liberty' => [ { char: '🗽', fitzpatrick_scale: false, weight: 2000 } ],
  'house' => [
    { char: '🏡', fitzpatrick_scale: false, weight: 2000 },
    { char: '🏚', fitzpatrick_scale: false, weight: 2000 },
    { char: '🚪', fitzpatrick_scale: false, weight: 2000 }
  ],
  'garden' => [ { char: '🏡', fitzpatrick_scale: false, weight: 2000 } ],
  'abandon' => [ { char: '🏚', fitzpatrick_scale: false, weight: 2000 } ],
  'evict' => [ { char: '🏚', fitzpatrick_scale: false, weight: 2000 } ],
  'broken' => [
    { char: '🏚', fitzpatrick_scale: false, weight: 2000 },
    { char: '💔', fitzpatrick_scale: false, weight: 2000 }
  ],
  'derelict' => [ { char: '🏚', fitzpatrick_scale: false, weight: 2000 } ],
  'bureau' => [ { char: '🏢', fitzpatrick_scale: false, weight: 2000 } ],
  'mall' => [
    { char: '🏬', fitzpatrick_scale: false, weight: 2000 },
    { char: '🛍', fitzpatrick_scale: false, weight: 2000 }
  ],
  'department' => [ { char: '🏬', fitzpatrick_scale: false, weight: 2000 } ],
  'store' => [
    { char: '🏬', fitzpatrick_scale: false, weight: 2000 },
    { char: '🏪', fitzpatrick_scale: false, weight: 2000 }
  ],
  'envelope' => [
    { char: '🏣', fitzpatrick_scale: false, weight: 2000 },
    { char: '🧧', fitzpatrick_scale: false, weight: 2000 },
    { char: '📩', fitzpatrick_scale: false, weight: 2000 },
    { char: '📨', fitzpatrick_scale: false, weight: 2000 },
    { char: '💌', fitzpatrick_scale: false, weight: 2000 },
    { char: '📮', fitzpatrick_scale: false, weight: 2000 }
  ],
  'post' => [
    { char: '🏣', fitzpatrick_scale: false, weight: 2000 },
    { char: '🏤', fitzpatrick_scale: false, weight: 2000 },
    { char: '🚩', fitzpatrick_scale: false, weight: 2000 }
  ],
  'email' => [
    { char: '🏤', fitzpatrick_scale: false, weight: 2000 },
    { char: '📩', fitzpatrick_scale: false, weight: 2000 },
    { char: '📨', fitzpatrick_scale: false, weight: 2000 },
    { char: '💌', fitzpatrick_scale: false, weight: 2000 },
    { char: '📮', fitzpatrick_scale: false, weight: 2000 },
    { char: '📪', fitzpatrick_scale: false, weight: 2000 },
    { char: '📫', fitzpatrick_scale: false, weight: 2000 },
    { char: '📬', fitzpatrick_scale: false, weight: 2000 },
    { char: '📭', fitzpatrick_scale: false, weight: 2000 },
    { char: '📥', fitzpatrick_scale: false, weight: 2000 },
    { char: '📤', fitzpatrick_scale: false, weight: 2000 }
  ],
  'surgery' => [ { char: '🏥', fitzpatrick_scale: false, weight: 2000 } ],
  'cash' => [
    { char: '🏦', fitzpatrick_scale: false, weight: 2000 },
    { char: '🏧', fitzpatrick_scale: false, weight: 2000 }
  ],
  'enterprise' => [ { char: '🏦', fitzpatrick_scale: false, weight: 2000 } ],
  'accomodation' => [ { char: '🏨', fitzpatrick_scale: false, weight: 2000 } ],
  'checkin' => [ { char: '🏨', fitzpatrick_scale: false, weight: 2000 } ],
  'groceries' => [ { char: '🏪', fitzpatrick_scale: false, weight: 2000 } ],
  'convenience' => [ { char: '🏪', fitzpatrick_scale: false, weight: 2000 } ],
  'teach' => [ { char: '🏫', fitzpatrick_scale: false, weight: 2000 } ],
  'hotel' => [ { char: '🏩', fitzpatrick_scale: false, weight: 2000 } ],
  'art' => [
    { char: '🏛', fitzpatrick_scale: false, weight: 2000 },
    { char: '🖌', fitzpatrick_scale: false, weight: 2000 }
  ],
  'culture' => [
    { char: '🏛', fitzpatrick_scale: false, weight: 2000 },
    { char: '🧫', fitzpatrick_scale: false, weight: 2000 }
  ],
  'classical' => [ { char: '🏛', fitzpatrick_scale: false, weight: 2000 } ],
  'religion' => [
    { char: '⛪', fitzpatrick_scale: false, weight: 2000 },
    { char: '🔯', fitzpatrick_scale: false, weight: 2000 },
    { char: '☦', fitzpatrick_scale: false, weight: 2000 },
    { char: '🛐', fitzpatrick_scale: false, weight: 2000 }
  ],
  'christ' => [ { char: '⛪', fitzpatrick_scale: false, weight: 2000 } ],
  'islam' => [
    { char: '🕌', fitzpatrick_scale: false, weight: 2000 },
    { char: '🕋', fitzpatrick_scale: false, weight: 2000 },
    { char: '☪', fitzpatrick_scale: false, weight: 2000 }
  ],
  'worship' => [
    { char: '🕌', fitzpatrick_scale: false, weight: 2000 },
    { char: '🕍', fitzpatrick_scale: false, weight: 2000 },
    { char: '🛐', fitzpatrick_scale: false, weight: 2000 }
  ],
  'minaret' => [ { char: '🕌', fitzpatrick_scale: false, weight: 2000 } ],
  'judaism' => [
    { char: '🕍', fitzpatrick_scale: false, weight: 2000 },
    { char: '✡', fitzpatrick_scale: false, weight: 2000 }
  ],
  'temple' => [
    { char: '🕍', fitzpatrick_scale: false, weight: 2000 },
    { char: '⛩', fitzpatrick_scale: false, weight: 2000 },
    { char: '🛐', fitzpatrick_scale: false, weight: 2000 }
  ],
  'jewish' => [
    { char: '🕍', fitzpatrick_scale: false, weight: 2000 },
    { char: '🔯', fitzpatrick_scale: false, weight: 2000 },
    { char: '🕎', fitzpatrick_scale: false, weight: 2000 }
  ],
  'mecca' => [ { char: '🕋', fitzpatrick_scale: false, weight: 2000 } ],
  'mosque' => [ { char: '🕋', fitzpatrick_scale: false, weight: 2000 } ],
  'kyoto' => [ { char: '⛩', fitzpatrick_scale: false, weight: 2000 } ],
  'shinto' => [ { char: '⛩', fitzpatrick_scale: false, weight: 2000 } ],
  'shrine' => [ { char: '⛩', fitzpatrick_scale: false, weight: 2000 } ],
  'time' => [
    { char: '⌚', fitzpatrick_scale: false, weight: 2000 },
    { char: '⏱', fitzpatrick_scale: false, weight: 2000 },
    { char: '⏰', fitzpatrick_scale: false, weight: 2000 },
    { char: '🕰', fitzpatrick_scale: false, weight: 2000 },
    { char: '⏳', fitzpatrick_scale: false, weight: 2000 },
    { char: '⌛', fitzpatrick_scale: false, weight: 2000 },
    { char: '🕐', fitzpatrick_scale: false, weight: 2000 },
    { char: '🕑', fitzpatrick_scale: false, weight: 2000 },
    { char: '🕒', fitzpatrick_scale: false, weight: 2000 },
    { char: '🕓', fitzpatrick_scale: false, weight: 2000 },
    { char: '🕔', fitzpatrick_scale: false, weight: 2000 },
    { char: '🕕', fitzpatrick_scale: false, weight: 2000 },
    { char: '🕖', fitzpatrick_scale: false, weight: 2000 },
    { char: '🕗', fitzpatrick_scale: false, weight: 2000 },
    { char: '🕘', fitzpatrick_scale: false, weight: 2000 },
    { char: '🕙', fitzpatrick_scale: false, weight: 2000 },
    { char: '🕚', fitzpatrick_scale: false, weight: 2000 },
    { char: '🕛', fitzpatrick_scale: false, weight: 2000 },
    { char: '🕜', fitzpatrick_scale: false, weight: 2000 },
    { char: '🕝', fitzpatrick_scale: false, weight: 2000 },
    { char: '🕞', fitzpatrick_scale: false, weight: 2000 },
    { char: '🕟', fitzpatrick_scale: false, weight: 2000 },
    { char: '🕠', fitzpatrick_scale: false, weight: 2000 },
    { char: '🕡', fitzpatrick_scale: false, weight: 2000 },
    { char: '🕢', fitzpatrick_scale: false, weight: 2000 },
    { char: '🕣', fitzpatrick_scale: false, weight: 2000 },
    { char: '🕤', fitzpatrick_scale: false, weight: 2000 },
    { char: '🕥', fitzpatrick_scale: false, weight: 2000 },
    { char: '🕦', fitzpatrick_scale: false, weight: 2000 },
    { char: '🕧', fitzpatrick_scale: false, weight: 2000 }
  ],
  'technology' => [
    { char: '📱', fitzpatrick_scale: false, weight: 2000 },
    { char: '💻', fitzpatrick_scale: false, weight: 2000 },
    { char: '⌨', fitzpatrick_scale: false, weight: 2000 },
    { char: '🖥', fitzpatrick_scale: false, weight: 2000 },
    { char: '🖲', fitzpatrick_scale: false, weight: 2000 },
    { char: '💽', fitzpatrick_scale: false, weight: 2000 },
    { char: '💾', fitzpatrick_scale: false, weight: 2000 },
    { char: '💿', fitzpatrick_scale: false, weight: 2000 },
    { char: '📞', fitzpatrick_scale: false, weight: 2000 },
    { char: '☎️', fitzpatrick_scale: false, weight: 2000 },
    { char: '📠', fitzpatrick_scale: false, weight: 2000 },
    { char: '📺', fitzpatrick_scale: false, weight: 2000 }
  ],
  'dial' => [
    { char: '📱', fitzpatrick_scale: false, weight: 2000 },
    { char: '📞', fitzpatrick_scale: false, weight: 2000 },
    { char: '☎️', fitzpatrick_scale: false, weight: 2000 },
    { char: '🎛', fitzpatrick_scale: false, weight: 2000 }
  ],
  'iphone' => [
    { char: '📲', fitzpatrick_scale: false, weight: 2000 },
    { char: '📵', fitzpatrick_scale: false, weight: 2000 }
  ],
  'incoming' => [
    { char: '📲', fitzpatrick_scale: false, weight: 2000 },
    { char: '📨', fitzpatrick_scale: false, weight: 2000 }
  ],
  'screen' => [
    { char: '💻', fitzpatrick_scale: false, weight: 2000 },
    { char: '🖥', fitzpatrick_scale: false, weight: 2000 }
  ],
  'display' => [ { char: '💻', fitzpatrick_scale: false, weight: 2000 } ],
  'monitor' => [ { char: '💻', fitzpatrick_scale: false, weight: 2000 } ],
  'type' => [ { char: '⌨', fitzpatrick_scale: false, weight: 2000 } ],
  'input' => [
    { char: '⌨', fitzpatrick_scale: false, weight: 2000 },
    { char: '🔘', fitzpatrick_scale: false, weight: 2000 },
    { char: '🔲', fitzpatrick_scale: false, weight: 2000 },
    { char: '🔳', fitzpatrick_scale: false, weight: 2000 }
  ],
  'text' => [ { char: '⌨', fitzpatrick_scale: false, weight: 2000 } ],
  'computing' => [ { char: '🖥', fitzpatrick_scale: false, weight: 2000 } ],
  'desktop' => [ { char: '🖥', fitzpatrick_scale: false, weight: 2000 } ],
  'paper' => [
    { char: '🖨', fitzpatrick_scale: false, weight: 2000 },
    { char: '🧻', fitzpatrick_scale: false, weight: 2000 },
    { char: '🏮', fitzpatrick_scale: false, weight: 2000 },
    { char: '📜', fitzpatrick_scale: false, weight: 2000 },
    { char: '📃', fitzpatrick_scale: false, weight: 2000 },
    { char: '📄', fitzpatrick_scale: false, weight: 2000 },
    { char: '📓', fitzpatrick_scale: false, weight: 2000 },
    { char: '📔', fitzpatrick_scale: false, weight: 2000 },
    { char: '📒', fitzpatrick_scale: false, weight: 2000 },
    { char: '📝', fitzpatrick_scale: false, weight: 2000 },
    { char: '✏️', fitzpatrick_scale: false, weight: 2000 }
  ],
  'ink' => [
    { char: '🖨', fitzpatrick_scale: false, weight: 2000 },
    { char: '🔏', fitzpatrick_scale: false, weight: 2000 }
  ],
  'click' => [ { char: '🖱', fitzpatrick_scale: false, weight: 2000 } ],
  'trackpad' => [ { char: '🖲', fitzpatrick_scale: false, weight: 2000 } ],
  'tool' => [ { char: '🗜', fitzpatrick_scale: false, weight: 2000 } ],
  'data' => [ { char: '💽', fitzpatrick_scale: false, weight: 2000 } ],
  'disk' => [
    { char: '💽', fitzpatrick_scale: false, weight: 2000 },
    { char: '💾', fitzpatrick_scale: false, weight: 2000 },
    { char: '💿', fitzpatrick_scale: false, weight: 2000 },
    { char: '📀', fitzpatrick_scale: false, weight: 2000 }
  ],
  '90s' => [
    { char: '💽', fitzpatrick_scale: false, weight: 2000 },
    { char: '💾', fitzpatrick_scale: false, weight: 2000 },
    { char: '💿', fitzpatrick_scale: false, weight: 2000 },
    { char: '📼', fitzpatrick_scale: false, weight: 2000 },
    { char: '📟', fitzpatrick_scale: false, weight: 2000 }
  ],
  'oldschool' => [
    { char: '💾', fitzpatrick_scale: false, weight: 2000 },
    { char: '📼', fitzpatrick_scale: false, weight: 2000 },
    { char: '📟', fitzpatrick_scale: false, weight: 2000 },
    { char: '📺', fitzpatrick_scale: false, weight: 2000 },
    { char: '⏳', fitzpatrick_scale: false, weight: 2000 },
    { char: '⌛', fitzpatrick_scale: false, weight: 2000 }
  ],
  'save' => [
    { char: '💾', fitzpatrick_scale: false, weight: 2000 },
    { char: '🔖', fitzpatrick_scale: false, weight: 2000 },
    { char: '📑', fitzpatrick_scale: false, weight: 2000 }
  ],
  '80s' => [
    { char: '💾', fitzpatrick_scale: false, weight: 2000 },
    { char: '📼', fitzpatrick_scale: false, weight: 2000 }
  ],
  'floppy' => [ { char: '💾', fitzpatrick_scale: false, weight: 2000 } ],
  'dvd' => [ { char: '💿', fitzpatrick_scale: false, weight: 2000 } ],
  'cd' => [ { char: '📀', fitzpatrick_scale: false, weight: 2000 } ],
  'photography' => [
    { char: '📷', fitzpatrick_scale: false, weight: 2000 },
    { char: '📸', fitzpatrick_scale: false, weight: 2000 },
    { char: '🖼', fitzpatrick_scale: false, weight: 2000 }
  ],
  'flash' => [ { char: '📸', fitzpatrick_scale: false, weight: 2000 } ],
  'tape' => [
    { char: '📽', fitzpatrick_scale: false, weight: 2000 },
    { char: '➿', fitzpatrick_scale: false, weight: 2000 }
  ],
  'projector' => [ { char: '📽', fitzpatrick_scale: false, weight: 2000 } ],
  'strip' => [ { char: '🎞', fitzpatrick_scale: false, weight: 2000 } ],
  'telephone' => [
    { char: '📞', fitzpatrick_scale: false, weight: 2000 },
    { char: '☎️', fitzpatrick_scale: false, weight: 2000 }
  ],
  'receiver' => [ { char: '📞', fitzpatrick_scale: false, weight: 2000 } ],
  'bbcall' => [ { char: '📟', fitzpatrick_scale: false, weight: 2000 } ],
  'program' => [
    { char: '📺', fitzpatrick_scale: false, weight: 2000 },
    { char: '📻', fitzpatrick_scale: false, weight: 2000 }
  ],
  'show' => [ { char: '📺', fitzpatrick_scale: false, weight: 2000 } ],
  'television' => [ { char: '📺', fitzpatrick_scale: false, weight: 2000 } ],
  'podcast' => [ { char: '📻', fitzpatrick_scale: false, weight: 2000 } ],
  'recording' => [ { char: '🎙', fitzpatrick_scale: false, weight: 2000 } ],
  'studio' => [ { char: '🎙', fitzpatrick_scale: false, weight: 2000 } ],
  'microphone' => [ { char: '🎙', fitzpatrick_scale: false, weight: 2000 } ],
  'scale' => [
    { char: '🎚', fitzpatrick_scale: false, weight: 2000 },
    { char: '⚖', fitzpatrick_scale: false, weight: 2000 }
  ],
  'level' => [ { char: '🎚', fitzpatrick_scale: false, weight: 2000 } ],
  'slider' => [ { char: '🎚', fitzpatrick_scale: false, weight: 2000 } ],
  'control' => [
    { char: '🎛', fitzpatrick_scale: false, weight: 2000 },
    { char: '🛂', fitzpatrick_scale: false, weight: 2000 }
  ],
  'knobs' => [ { char: '🎛', fitzpatrick_scale: false, weight: 2000 } ],
  'magnetic' => [
    { char: '🧭', fitzpatrick_scale: false, weight: 2000 },
    { char: '🧲', fitzpatrick_scale: false, weight: 2000 }
  ],
  'navigation' => [ { char: '🧭', fitzpatrick_scale: false, weight: 2000 } ],
  'orienteering' => [ { char: '🧭', fitzpatrick_scale: false, weight: 2000 } ],
  'deadline' => [ { char: '⏱', fitzpatrick_scale: false, weight: 2000 } ],
  'alarm' => [
    { char: '⏲', fitzpatrick_scale: false, weight: 2000 },
    { char: '⏰', fitzpatrick_scale: false, weight: 2000 }
  ],
  'timer' => [ { char: '⏲', fitzpatrick_scale: false, weight: 2000 } ],
  'clock' => [
    { char: '⏲', fitzpatrick_scale: false, weight: 2000 },
    { char: '⏰', fitzpatrick_scale: false, weight: 2000 },
    { char: '🕰', fitzpatrick_scale: false, weight: 2000 },
    { char: '⌛', fitzpatrick_scale: false, weight: 2000 }
  ],
  'wake' => [ { char: '⏰', fitzpatrick_scale: false, weight: 2000 } ],
  'mantelpiece' => [ { char: '🕰', fitzpatrick_scale: false, weight: 2000 } ],
  'countdown' => [ { char: '⏳', fitzpatrick_scale: false, weight: 2000 } ],
  'hourglass' => [ { char: '⏳', fitzpatrick_scale: false, weight: 2000 } ],
  'flowing' => [ { char: '⏳', fitzpatrick_scale: false, weight: 2000 } ],
  'limit' => [
    { char: '⌛', fitzpatrick_scale: false, weight: 2000 },
    { char: '🈲', fitzpatrick_scale: false, weight: 2000 },
    { char: '⛔', fitzpatrick_scale: false, weight: 2000 },
    { char: '🚫', fitzpatrick_scale: false, weight: 2000 }
  ],
  'future' => [ { char: '📡', fitzpatrick_scale: false, weight: 2000 } ],
  'radio' => [
    { char: '📡', fitzpatrick_scale: false, weight: 2000 },
    { char: '🔘', fitzpatrick_scale: false, weight: 2000 }
  ],
  'power' => [
    { char: '🔋', fitzpatrick_scale: false, weight: 2000 },
    { char: '🔌', fitzpatrick_scale: false, weight: 2000 }
  ],
  'energy' => [ { char: '🔋', fitzpatrick_scale: false, weight: 2000 } ],
  'sustain' => [ { char: '🔋', fitzpatrick_scale: false, weight: 2000 } ],
  'charger' => [ { char: '🔌', fitzpatrick_scale: false, weight: 2000 } ],
  'electric' => [ { char: '🔌', fitzpatrick_scale: false, weight: 2000 } ],
  'plug' => [ { char: '🔌', fitzpatrick_scale: false, weight: 2000 } ],
  'electricity' => [ { char: '💡', fitzpatrick_scale: false, weight: 2000 } ],
  'idea' => [ { char: '💡', fitzpatrick_scale: false, weight: 2000 } ],
  'sight' => [ { char: '🔦', fitzpatrick_scale: false, weight: 2000 } ],
  'wax' => [ { char: '🕯', fitzpatrick_scale: false, weight: 2000 } ],
  'quench' => [ { char: '🧯', fitzpatrick_scale: false, weight: 2000 } ],
  'extinguisher' => [ { char: '🧯', fitzpatrick_scale: false, weight: 2000 } ],
  'bin' => [
    { char: '🗑', fitzpatrick_scale: false, weight: 2000 },
    { char: '🚯', fitzpatrick_scale: false, weight: 2000 }
  ],
  'trash' => [
    { char: '🗑', fitzpatrick_scale: false, weight: 2000 },
    { char: '🚯', fitzpatrick_scale: false, weight: 2000 },
    { char: '♻️', fitzpatrick_scale: false, weight: 2000 }
  ],
  'rubbish' => [ { char: '🗑', fitzpatrick_scale: false, weight: 2000 } ],
  'garbage' => [
    { char: '🗑', fitzpatrick_scale: false, weight: 2000 },
    { char: '🚯', fitzpatrick_scale: false, weight: 2000 },
    { char: '♻️', fitzpatrick_scale: false, weight: 2000 }
  ],
  'toss' => [ { char: '🗑', fitzpatrick_scale: false, weight: 2000 } ],
  'barrell' => [ { char: '🛢', fitzpatrick_scale: false, weight: 2000 } ],
  'oil' => [ { char: '🛢', fitzpatrick_scale: false, weight: 2000 } ],
  'drum' => [ { char: '🛢', fitzpatrick_scale: false, weight: 2000 } ],
  'bills' => [
    { char: '💸', fitzpatrick_scale: false, weight: 2000 },
    { char: '💷', fitzpatrick_scale: false, weight: 2000 }
  ],
  'payment' => [
    { char: '💸', fitzpatrick_scale: false, weight: 2000 },
    { char: '💰', fitzpatrick_scale: false, weight: 2000 },
    { char: '💳', fitzpatrick_scale: false, weight: 2000 },
    { char: '🏧', fitzpatrick_scale: false, weight: 2000 },
    { char: '💲', fitzpatrick_scale: false, weight: 2000 }
  ],
  'sale' => [
    { char: '💸', fitzpatrick_scale: false, weight: 2000 },
    { char: '💰', fitzpatrick_scale: false, weight: 2000 },
    { char: '🏷', fitzpatrick_scale: false, weight: 2000 }
  ],
  'bill' => [
    { char: '💵', fitzpatrick_scale: false, weight: 2000 },
    { char: '💳', fitzpatrick_scale: false, weight: 2000 }
  ],
  'currency' => [
    { char: '💵', fitzpatrick_scale: false, weight: 2000 },
    { char: '💴', fitzpatrick_scale: false, weight: 2000 },
    { char: '💶', fitzpatrick_scale: false, weight: 2000 },
    { char: '💷', fitzpatrick_scale: false, weight: 2000 },
    { char: '💲', fitzpatrick_scale: false, weight: 2000 },
    { char: '💱', fitzpatrick_scale: false, weight: 2000 }
  ],
  'sterling' => [ { char: '💷', fitzpatrick_scale: false, weight: 2000 } ],
  'england' => [
    { char: '💷', fitzpatrick_scale: false, weight: 2000 },
    { char: '🇬🇧', fitzpatrick_scale: false, weight: 2000 }
  ],
  'coins' => [ { char: '💰', fitzpatrick_scale: false, weight: 2000 } ],
  'credit' => [ { char: '💳', fitzpatrick_scale: false, weight: 2000 } ],
  'card' => [
    { char: '💳', fitzpatrick_scale: false, weight: 2000 },
    { char: '📇', fitzpatrick_scale: false, weight: 2000 },
    { char: '🗃', fitzpatrick_scale: false, weight: 2000 },
    { char: '🗂', fitzpatrick_scale: false, weight: 2000 }
  ],
  'ruby' => [ { char: '💎', fitzpatrick_scale: false, weight: 2000 } ],
  'fairness' => [ { char: '⚖', fitzpatrick_scale: false, weight: 2000 } ],
  'tools' => [
    { char: '🧰', fitzpatrick_scale: false, weight: 2000 },
    { char: '🔧', fitzpatrick_scale: false, weight: 2000 },
    { char: '🔨', fitzpatrick_scale: false, weight: 2000 },
    { char: '⚒', fitzpatrick_scale: false, weight: 2000 },
    { char: '🛠', fitzpatrick_scale: false, weight: 2000 },
    { char: '⛏', fitzpatrick_scale: false, weight: 2000 },
    { char: '🔩', fitzpatrick_scale: false, weight: 2000 }
  ],
  'diy' => [
    { char: '🧰', fitzpatrick_scale: false, weight: 2000 },
    { char: '🔧', fitzpatrick_scale: false, weight: 2000 }
  ],
  'fix' => [
    { char: '🧰', fitzpatrick_scale: false, weight: 2000 },
    { char: '🔧', fitzpatrick_scale: false, weight: 2000 },
    { char: '🔩', fitzpatrick_scale: false, weight: 2000 }
  ],
  'maintainer' => [
    { char: '🧰', fitzpatrick_scale: false, weight: 2000 },
    { char: '🔧', fitzpatrick_scale: false, weight: 2000 }
  ],
  'ikea' => [ { char: '🔧', fitzpatrick_scale: false, weight: 2000 } ],
  'create' => [
    { char: '🔨', fitzpatrick_scale: false, weight: 2000 },
    { char: '⚒', fitzpatrick_scale: false, weight: 2000 },
    { char: '🛠', fitzpatrick_scale: false, weight: 2000 }
  ],
  'hammer' => [
    { char: '⚒', fitzpatrick_scale: false, weight: 2000 },
    { char: '🛠', fitzpatrick_scale: false, weight: 2000 }
  ],
  'pick' => [ { char: '⚒', fitzpatrick_scale: false, weight: 2000 } ],
  'dig' => [ { char: '⛏', fitzpatrick_scale: false, weight: 2000 } ],
  'handy' => [ { char: '🔩', fitzpatrick_scale: false, weight: 2000 } ],
  'cog' => [ { char: '⚙', fitzpatrick_scale: false, weight: 2000 } ],
  'bricks' => [ { char: '🧱', fitzpatrick_scale: false, weight: 2000 } ],
  'lock' => [
    { char: '⛓', fitzpatrick_scale: false, weight: 2000 },
    { char: '🔑', fitzpatrick_scale: false, weight: 2000 },
    { char: '🗝', fitzpatrick_scale: false, weight: 2000 },
    { char: '🔐', fitzpatrick_scale: false, weight: 2000 },
    { char: '🔏', fitzpatrick_scale: false, weight: 2000 }
  ],
  'attraction' => [ { char: '🧲', fitzpatrick_scale: false, weight: 2000 } ],
  'weapon' => [
    { char: '🔫', fitzpatrick_scale: false, weight: 2000 },
    { char: '🔪', fitzpatrick_scale: false, weight: 2000 },
    { char: '🗡', fitzpatrick_scale: false, weight: 2000 },
    { char: '⚔', fitzpatrick_scale: false, weight: 2000 },
    { char: '🔱', fitzpatrick_scale: false, weight: 2000 }
  ],
  'pistol' => [ { char: '🔫', fitzpatrick_scale: false, weight: 2000 } ],
  'revolver' => [ { char: '🔫', fitzpatrick_scale: false, weight: 2000 } ],
  'boom' => [
    { char: '💣', fitzpatrick_scale: false, weight: 2000 },
    { char: '🧨', fitzpatrick_scale: false, weight: 2000 }
  ],
  'terrorism' => [ { char: '💣', fitzpatrick_scale: false, weight: 2000 } ],
  'dynamite' => [ { char: '🧨', fitzpatrick_scale: false, weight: 2000 } ],
  'explosive' => [ { char: '🧨', fitzpatrick_scale: false, weight: 2000 } ],
  'blade' => [ { char: '🔪', fitzpatrick_scale: false, weight: 2000 } ],
  'swords' => [ { char: '⚔', fitzpatrick_scale: false, weight: 2000 } ],
  'security' => [
    { char: '🛡', fitzpatrick_scale: false, weight: 2000 },
    { char: '🔐', fitzpatrick_scale: false, weight: 2000 },
    { char: '🔒', fitzpatrick_scale: false, weight: 2000 },
    { char: '🔓', fitzpatrick_scale: false, weight: 2000 },
    { char: '🔏', fitzpatrick_scale: false, weight: 2000 },
    { char: '⛔', fitzpatrick_scale: false, weight: 2000 }
  ],
  'kills' => [ { char: '🚬', fitzpatrick_scale: false, weight: 2000 } ],
  'tobacco' => [ { char: '🚬', fitzpatrick_scale: false, weight: 2000 } ],
  'cigarette' => [
    { char: '🚬', fitzpatrick_scale: false, weight: 2000 },
    { char: '🚭', fitzpatrick_scale: false, weight: 2000 }
  ],
  'joint' => [ { char: '🚬', fitzpatrick_scale: false, weight: 2000 } ],
  'poison' => [ { char: '☠', fitzpatrick_scale: false, weight: 2000 } ],
  'deadly' => [ { char: '☠', fitzpatrick_scale: false, weight: 2000 } ],
  'skull' => [
    { char: '☠', fitzpatrick_scale: false, weight: 2000 },
    { char: '🏴‍☠️', fitzpatrick_scale: false, weight: 2000 }
  ],
  'crossbones' => [
    { char: '☠', fitzpatrick_scale: false, weight: 2000 },
    { char: '🏴‍☠️', fitzpatrick_scale: false, weight: 2000 }
  ],
  'rip' => [
    { char: '⚰', fitzpatrick_scale: false, weight: 2000 },
    { char: '⚱', fitzpatrick_scale: false, weight: 2000 }
  ],
  'graveyard' => [ { char: '⚰', fitzpatrick_scale: false, weight: 2000 } ],
  'cemetery' => [ { char: '⚰', fitzpatrick_scale: false, weight: 2000 } ],
  'casket' => [ { char: '⚰', fitzpatrick_scale: false, weight: 2000 } ],
  'funeral' => [
    { char: '⚰', fitzpatrick_scale: false, weight: 2000 },
    { char: '⚱', fitzpatrick_scale: false, weight: 2000 }
  ],
  'ashes' => [ { char: '⚱', fitzpatrick_scale: false, weight: 2000 } ],
  'urn' => [ { char: '⚱', fitzpatrick_scale: false, weight: 2000 } ],
  'vase' => [ { char: '🏺', fitzpatrick_scale: false, weight: 2000 } ],
  'jar' => [ { char: '🏺', fitzpatrick_scale: false, weight: 2000 } ],
  'disco' => [ { char: '🔮', fitzpatrick_scale: false, weight: 2000 } ],
  'fortune_teller' => [ { char: '🔮', fitzpatrick_scale: false, weight: 2000 } ],
  'teller' => [ { char: '🔮', fitzpatrick_scale: false, weight: 2000 } ],
  'crystal' => [
    { char: '🔮', fitzpatrick_scale: false, weight: 2000 },
    { char: '💠', fitzpatrick_scale: false, weight: 2000 }
  ],
  'dhikr' => [ { char: '📿', fitzpatrick_scale: false, weight: 2000 } ],
  'religious' => [ { char: '📿', fitzpatrick_scale: false, weight: 2000 } ],
  'beads' => [ { char: '📿', fitzpatrick_scale: false, weight: 2000 } ],
  'bead' => [ { char: '🧿', fitzpatrick_scale: false, weight: 2000 } ],
  'charm' => [ { char: '🧿', fitzpatrick_scale: false, weight: 2000 } ],
  'nazar' => [ { char: '🧿', fitzpatrick_scale: false, weight: 2000 } ],
  'amulet' => [ { char: '🧿', fitzpatrick_scale: false, weight: 2000 } ],
  'hair' => [ { char: '💈', fitzpatrick_scale: false, weight: 2000 } ],
  'salon' => [ { char: '💈', fitzpatrick_scale: false, weight: 2000 } ],
  'style' => [ { char: '💈', fitzpatrick_scale: false, weight: 2000 } ],
  'distilling' => [ { char: '⚗', fitzpatrick_scale: false, weight: 2000 } ],
  'science' => [
    { char: '⚗', fitzpatrick_scale: false, weight: 2000 },
    { char: '🔭', fitzpatrick_scale: false, weight: 2000 },
    { char: '🔬', fitzpatrick_scale: false, weight: 2000 },
    { char: '🧪', fitzpatrick_scale: false, weight: 2000 },
    { char: '⚛', fitzpatrick_scale: false, weight: 2000 }
  ],
  'chemistry' => [
    { char: '⚗', fitzpatrick_scale: false, weight: 2000 },
    { char: '🧪', fitzpatrick_scale: false, weight: 2000 },
    { char: '⚛', fitzpatrick_scale: false, weight: 2000 }
  ],
  'zoom' => [
    { char: '🔭', fitzpatrick_scale: false, weight: 2000 },
    { char: '🔍', fitzpatrick_scale: false, weight: 2000 },
    { char: '🔎', fitzpatrick_scale: false, weight: 2000 }
  ],
  'astronomy' => [ { char: '🔭', fitzpatrick_scale: false, weight: 2000 } ],
  'laboratory' => [ { char: '🔬', fitzpatrick_scale: false, weight: 2000 } ],
  'zoomin' => [ { char: '🔬', fitzpatrick_scale: false, weight: 2000 } ],
  'study' => [
    { char: '🔬', fitzpatrick_scale: false, weight: 2000 },
    { char: '📓', fitzpatrick_scale: false, weight: 2000 },
    { char: '📗', fitzpatrick_scale: false, weight: 2000 },
    { char: '📘', fitzpatrick_scale: false, weight: 2000 },
    { char: '📙', fitzpatrick_scale: false, weight: 2000 },
    { char: '📔', fitzpatrick_scale: false, weight: 2000 },
    { char: '📚', fitzpatrick_scale: false, weight: 2000 },
    { char: '📖', fitzpatrick_scale: false, weight: 2000 },
    { char: '📝', fitzpatrick_scale: false, weight: 2000 },
    { char: '✏️', fitzpatrick_scale: false, weight: 2000 }
  ],
  'embarrassing' => [ { char: '🕳', fitzpatrick_scale: false, weight: 2000 } ],
  'pharmacy' => [ { char: '💊', fitzpatrick_scale: false, weight: 2000 } ],
  'drug' => [ { char: '💊', fitzpatrick_scale: false, weight: 2000 } ],
  'drugs' => [ { char: '💉', fitzpatrick_scale: false, weight: 2000 } ],
  'blood' => [ { char: '💉', fitzpatrick_scale: false, weight: 2000 } ],
  'genetics' => [ { char: '🧬', fitzpatrick_scale: false, weight: 2000 } ],
  'amoeba' => [ { char: '🦠', fitzpatrick_scale: false, weight: 2000 } ],
  'bacteria' => [
    { char: '🦠', fitzpatrick_scale: false, weight: 2000 },
    { char: '🧫', fitzpatrick_scale: false, weight: 2000 }
  ],
  'germs' => [ { char: '🦠', fitzpatrick_scale: false, weight: 2000 } ],
  'biology' => [ { char: '🧫', fitzpatrick_scale: false, weight: 2000 } ],
  'lab' => [
    { char: '🧫', fitzpatrick_scale: false, weight: 2000 },
    { char: '🧪', fitzpatrick_scale: false, weight: 2000 }
  ],
  'petri' => [ { char: '🧫', fitzpatrick_scale: false, weight: 2000 } ],
  'dish' => [ { char: '🧫', fitzpatrick_scale: false, weight: 2000 } ],
  'cleaning' => [
    { char: '🧹', fitzpatrick_scale: false, weight: 2000 },
    { char: '🧼', fitzpatrick_scale: false, weight: 2000 },
    { char: '🧽', fitzpatrick_scale: false, weight: 2000 },
    { char: '🚰', fitzpatrick_scale: false, weight: 2000 }
  ],
  'sweeping' => [ { char: '🧹', fitzpatrick_scale: false, weight: 2000 } ],
  'laundry' => [ { char: '🧺', fitzpatrick_scale: false, weight: 2000 } ],
  'toilet' => [
    { char: '🧻', fitzpatrick_scale: false, weight: 2000 },
    { char: '🚾', fitzpatrick_scale: false, weight: 2000 },
    { char: '🚹', fitzpatrick_scale: false, weight: 2000 },
    { char: '🚺', fitzpatrick_scale: false, weight: 2000 },
    { char: '🚻', fitzpatrick_scale: false, weight: 2000 }
  ],
  'tag' => [ { char: '🏷', fitzpatrick_scale: false, weight: 2000 } ],
  'favorite' => [
    { char: '🔖', fitzpatrick_scale: false, weight: 2000 },
    { char: '📑', fitzpatrick_scale: false, weight: 2000 }
  ],
  'label' => [ { char: '🔖', fitzpatrick_scale: false, weight: 2000 } ],
  'restroom' => [
    { char: '🚽', fitzpatrick_scale: false, weight: 2000 },
    { char: '🚾', fitzpatrick_scale: false, weight: 2000 },
    { char: '🚰', fitzpatrick_scale: false, weight: 2000 },
    { char: '🚹', fitzpatrick_scale: false, weight: 2000 },
    { char: '🚺', fitzpatrick_scale: false, weight: 2000 }
  ],
  'wc' => [
    { char: '🚽', fitzpatrick_scale: false, weight: 2000 },
    { char: '🚹', fitzpatrick_scale: false, weight: 2000 },
    { char: '🚻', fitzpatrick_scale: false, weight: 2000 }
  ],
  'washroom' => [ { char: '🚽', fitzpatrick_scale: false, weight: 2000 } ],
  'potty' => [ { char: '🚽', fitzpatrick_scale: false, weight: 2000 } ],
  'bathing' => [ { char: '🧼', fitzpatrick_scale: false, weight: 2000 } ],
  'lather' => [ { char: '🧼', fitzpatrick_scale: false, weight: 2000 } ],
  'absorbing' => [ { char: '🧽', fitzpatrick_scale: false, weight: 2000 } ],
  'porous' => [ { char: '🧽', fitzpatrick_scale: false, weight: 2000 } ],
  'moisturizer' => [ { char: '🧴', fitzpatrick_scale: false, weight: 2000 } ],
  'sunscreen' => [ { char: '🧴', fitzpatrick_scale: false, weight: 2000 } ],
  'lotion' => [ { char: '🧴', fitzpatrick_scale: false, weight: 2000 } ],
  'door' => [
    { char: '🔑', fitzpatrick_scale: false, weight: 2000 },
    { char: '🗝', fitzpatrick_scale: false, weight: 2000 }
  ],
  'password' => [
    { char: '🔑', fitzpatrick_scale: false, weight: 2000 },
    { char: '🗝', fitzpatrick_scale: false, weight: 2000 },
    { char: '🔒', fitzpatrick_scale: false, weight: 2000 }
  ],
  'key' => [
    { char: '🗝', fitzpatrick_scale: false, weight: 2000 },
    { char: '🔐', fitzpatrick_scale: false, weight: 2000 }
  ],
  'read' => [
    { char: '🛋', fitzpatrick_scale: false, weight: 2000 },
    { char: '📕', fitzpatrick_scale: false, weight: 2000 },
    { char: '📗', fitzpatrick_scale: false, weight: 2000 },
    { char: '📘', fitzpatrick_scale: false, weight: 2000 },
    { char: '📙', fitzpatrick_scale: false, weight: 2000 },
    { char: '📖', fitzpatrick_scale: false, weight: 2000 }
  ],
  'chill' => [ { char: '🛋', fitzpatrick_scale: false, weight: 2000 } ],
  'couch' => [ { char: '🛋', fitzpatrick_scale: false, weight: 2000 } ],
  'lamp' => [ { char: '🛋', fitzpatrick_scale: false, weight: 2000 } ],
  'bed' => [ { char: '🛌', fitzpatrick_scale: true, weight: 2000 } ],
  'sleeping' => [ { char: '🛌', fitzpatrick_scale: true, weight: 2000 } ],
  'entry' => [
    { char: '🚪', fitzpatrick_scale: false, weight: 2000 },
    { char: '⛔', fitzpatrick_scale: false, weight: 2000 },
    { char: '🚫', fitzpatrick_scale: false, weight: 2000 }
  ],
  'exit' => [ { char: '🚪', fitzpatrick_scale: false, weight: 2000 } ],
  'service' => [ { char: '🛎', fitzpatrick_scale: false, weight: 2000 } ],
  'bellhop' => [ { char: '🛎', fitzpatrick_scale: false, weight: 2000 } ],
  'bell' => [
    { char: '🛎', fitzpatrick_scale: false, weight: 2000 },
    { char: '🎐', fitzpatrick_scale: false, weight: 2000 },
    { char: '🔕', fitzpatrick_scale: false, weight: 2000 }
  ],
  'plush' => [ { char: '🧸', fitzpatrick_scale: false, weight: 2000 } ],
  'teddy' => [ { char: '🧸', fitzpatrick_scale: false, weight: 2000 } ],
  'bear' => [ { char: '🧸', fitzpatrick_scale: false, weight: 2000 } ],
  'framed' => [ { char: '🖼', fitzpatrick_scale: false, weight: 2000 } ],
  'picture' => [ { char: '🖼', fitzpatrick_scale: false, weight: 2000 } ],
  'location' => [
    { char: '🗺', fitzpatrick_scale: false, weight: 2000 },
    { char: '📍', fitzpatrick_scale: false, weight: 2000 }
  ],
  'map' => [
    { char: '🗺', fitzpatrick_scale: false, weight: 2000 },
    { char: '📍', fitzpatrick_scale: false, weight: 2000 }
  ],
  'parasol' => [ { char: '⛱', fitzpatrick_scale: false, weight: 2000 } ],
  'ground' => [ { char: '⛱', fitzpatrick_scale: false, weight: 2000 } ],
  'easter island' => [ { char: '🗿', fitzpatrick_scale: false, weight: 2000 } ],
  'moai' => [ { char: '🗿', fitzpatrick_scale: false, weight: 2000 } ],
  'easter' => [ { char: '🗿', fitzpatrick_scale: false, weight: 2000 } ],
  'buy' => [ { char: '🛍', fitzpatrick_scale: false, weight: 2000 } ],
  'purchase' => [ { char: '🛍', fitzpatrick_scale: false, weight: 2000 } ],
  'trolley' => [ { char: '🛒', fitzpatrick_scale: false, weight: 2000 } ],
  'cart' => [ { char: '🛒', fitzpatrick_scale: false, weight: 2000 } ],
  'birthday' => [
    { char: '🎈', fitzpatrick_scale: false, weight: 2000 },
    { char: '🎁', fitzpatrick_scale: false, weight: 2000 },
    { char: '🎊', fitzpatrick_scale: false, weight: 2000 },
    { char: '🎉', fitzpatrick_scale: false, weight: 2000 }
  ],
  'koinobori' => [ { char: '🎏', fitzpatrick_scale: false, weight: 2000 } ],
  'carp' => [ { char: '🎏', fitzpatrick_scale: false, weight: 2000 } ],
  'banner' => [
    { char: '🎏', fitzpatrick_scale: false, weight: 2000 },
    { char: '🇦🇫', fitzpatrick_scale: false, weight: 2000 },
    { char: '🇦🇽', fitzpatrick_scale: false, weight: 2000 },
    { char: '🇦🇱', fitzpatrick_scale: false, weight: 2000 },
    { char: '🇩🇿', fitzpatrick_scale: false, weight: 2000 },
    { char: '🇦🇸', fitzpatrick_scale: false, weight: 2000 },
    { char: '🇦🇩', fitzpatrick_scale: false, weight: 2000 },
    { char: '🇦🇴', fitzpatrick_scale: false, weight: 2000 },
    { char: '🇦🇮', fitzpatrick_scale: false, weight: 2000 },
    { char: '🇦🇶', fitzpatrick_scale: false, weight: 2000 },
    { char: '🇦🇬', fitzpatrick_scale: false, weight: 2000 },
    { char: '🇦🇷', fitzpatrick_scale: false, weight: 2000 },
    { char: '🇦🇲', fitzpatrick_scale: false, weight: 2000 },
    { char: '🇦🇼', fitzpatrick_scale: false, weight: 2000 },
    { char: '🇦🇺', fitzpatrick_scale: false, weight: 2000 },
    { char: '🇦🇹', fitzpatrick_scale: false, weight: 2000 },
    { char: '🇦🇿', fitzpatrick_scale: false, weight: 2000 },
    { char: '🇧🇸', fitzpatrick_scale: false, weight: 2000 },
    { char: '🇧🇭', fitzpatrick_scale: false, weight: 2000 },
    { char: '🇧🇩', fitzpatrick_scale: false, weight: 2000 },
    { char: '🇧🇧', fitzpatrick_scale: false, weight: 2000 },
    { char: '🇧🇾', fitzpatrick_scale: false, weight: 2000 },
    { char: '🇧🇪', fitzpatrick_scale: false, weight: 2000 },
    { char: '🇧🇿', fitzpatrick_scale: false, weight: 2000 },
    { char: '🇧🇯', fitzpatrick_scale: false, weight: 2000 },
    { char: '🇧🇲', fitzpatrick_scale: false, weight: 2000 },
    { char: '🇧🇹', fitzpatrick_scale: false, weight: 2000 },
    { char: '🇧🇴', fitzpatrick_scale: false, weight: 2000 },
    { char: '🇧🇶', fitzpatrick_scale: false, weight: 2000 },
    { char: '🇧🇦', fitzpatrick_scale: false, weight: 2000 },
    { char: '🇧🇼', fitzpatrick_scale: false, weight: 2000 },
    { char: '🇧🇷', fitzpatrick_scale: false, weight: 2000 },
    { char: '🇮🇴', fitzpatrick_scale: false, weight: 2000 },
    { char: '🇻🇬', fitzpatrick_scale: false, weight: 2000 },
    { char: '🇧🇳', fitzpatrick_scale: false, weight: 2000 },
    { char: '🇧🇬', fitzpatrick_scale: false, weight: 2000 },
    { char: '🇧🇫', fitzpatrick_scale: false, weight: 2000 },
    { char: '🇧🇮', fitzpatrick_scale: false, weight: 2000 },
    { char: '🇨🇻', fitzpatrick_scale: false, weight: 2000 },
    { char: '🇰🇭', fitzpatrick_scale: false, weight: 2000 },
    { char: '🇨🇲', fitzpatrick_scale: false, weight: 2000 },
    { char: '🇨🇦', fitzpatrick_scale: false, weight: 2000 },
    { char: '🇮🇨', fitzpatrick_scale: false, weight: 2000 },
    { char: '🇰🇾', fitzpatrick_scale: false, weight: 2000 },
    { char: '🇨🇫', fitzpatrick_scale: false, weight: 2000 },
    { char: '🇹🇩', fitzpatrick_scale: false, weight: 2000 },
    { char: '🇨🇱', fitzpatrick_scale: false, weight: 2000 },
    { char: '🇨🇳', fitzpatrick_scale: false, weight: 2000 },
    { char: '🇨🇽', fitzpatrick_scale: false, weight: 2000 },
    { char: '🇨🇨', fitzpatrick_scale: false, weight: 2000 },
    { char: '🇨🇴', fitzpatrick_scale: false, weight: 2000 },
    { char: '🇰🇲', fitzpatrick_scale: false, weight: 2000 },
    { char: '🇨🇬', fitzpatrick_scale: false, weight: 2000 },
    { char: '🇨🇩', fitzpatrick_scale: false, weight: 2000 },
    { char: '🇨🇰', fitzpatrick_scale: false, weight: 2000 },
    { char: '🇨🇷', fitzpatrick_scale: false, weight: 2000 },
    { char: '🇭🇷', fitzpatrick_scale: false, weight: 2000 },
    { char: '🇨🇺', fitzpatrick_scale: false, weight: 2000 },
    { char: '🇨🇼', fitzpatrick_scale: false, weight: 2000 },
    { char: '🇨🇾', fitzpatrick_scale: false, weight: 2000 },
    { char: '🇨🇿', fitzpatrick_scale: false, weight: 2000 },
    { char: '🇩🇰', fitzpatrick_scale: false, weight: 2000 },
    { char: '🇩🇯', fitzpatrick_scale: false, weight: 2000 },
    { char: '🇩🇲', fitzpatrick_scale: false, weight: 2000 },
    { char: '🇩🇴', fitzpatrick_scale: false, weight: 2000 },
    { char: '🇪🇨', fitzpatrick_scale: false, weight: 2000 },
    { char: '🇪🇬', fitzpatrick_scale: false, weight: 2000 },
    { char: '🇸🇻', fitzpatrick_scale: false, weight: 2000 },
    { char: '🇬🇶', fitzpatrick_scale: false, weight: 2000 },
    { char: '🇪🇷', fitzpatrick_scale: false, weight: 2000 },
    { char: '🇪🇪', fitzpatrick_scale: false, weight: 2000 },
    { char: '🇪🇹', fitzpatrick_scale: false, weight: 2000 },
    { char: '🇪🇺', fitzpatrick_scale: false, weight: 2000 },
    { char: '🇫🇰', fitzpatrick_scale: false, weight: 2000 },
    { char: '🇫🇴', fitzpatrick_scale: false, weight: 2000 },
    { char: '🇫🇯', fitzpatrick_scale: false, weight: 2000 },
    { char: '🇫🇮', fitzpatrick_scale: false, weight: 2000 },
    { char: '🇫🇷', fitzpatrick_scale: false, weight: 2000 },
    { char: '🇬🇫', fitzpatrick_scale: false, weight: 2000 },
    { char: '🇵🇫', fitzpatrick_scale: false, weight: 2000 },
    { char: '🇹🇫', fitzpatrick_scale: false, weight: 2000 },
    { char: '🇬🇦', fitzpatrick_scale: false, weight: 2000 },
    { char: '🇬🇲', fitzpatrick_scale: false, weight: 2000 },
    { char: '🇬🇪', fitzpatrick_scale: false, weight: 2000 },
    { char: '🇩🇪', fitzpatrick_scale: false, weight: 2000 },
    { char: '🇬🇭', fitzpatrick_scale: false, weight: 2000 },
    { char: '🇬🇮', fitzpatrick_scale: false, weight: 2000 },
    { char: '🇬🇷', fitzpatrick_scale: false, weight: 2000 },
    { char: '🇬🇱', fitzpatrick_scale: false, weight: 2000 },
    { char: '🇬🇩', fitzpatrick_scale: false, weight: 2000 },
    { char: '🇬🇵', fitzpatrick_scale: false, weight: 2000 },
    { char: '🇬🇺', fitzpatrick_scale: false, weight: 2000 },
    { char: '🇬🇹', fitzpatrick_scale: false, weight: 2000 },
    { char: '🇬🇬', fitzpatrick_scale: false, weight: 2000 },
    { char: '🇬🇳', fitzpatrick_scale: false, weight: 2000 },
    { char: '🇬🇼', fitzpatrick_scale: false, weight: 2000 },
    { char: '🇬🇾', fitzpatrick_scale: false, weight: 2000 },
    { char: '🇭🇹', fitzpatrick_scale: false, weight: 2000 },
    { char: '🇭🇳', fitzpatrick_scale: false, weight: 2000 },
    { char: '🇭🇰', fitzpatrick_scale: false, weight: 2000 },
    ... 150 more items
  ],
  'bowtie' => [ { char: '🎀', fitzpatrick_scale: false, weight: 2000 } ],
  'present' => [ { char: '🎁', fitzpatrick_scale: false, weight: 2000 } ],
  'confetti' => [ { char: '🎊', fitzpatrick_scale: false, weight: 2000 } ],
  'toy' => [ { char: '🎎', fitzpatrick_scale: false, weight: 2000 } ],
  'kimono' => [ { char: '🎎', fitzpatrick_scale: false, weight: 2000 } ],
  'ding' => [ { char: '🎐', fitzpatrick_scale: false, weight: 2000 } ],
  'chime' => [
    { char: '🎐', fitzpatrick_scale: false, weight: 2000 },
    { char: '🔔', fitzpatrick_scale: false, weight: 2000 }
  ],
  'border' => [
    { char: '🎌', fitzpatrick_scale: false, weight: 2000 },
    { char: '🛃', fitzpatrick_scale: false, weight: 2000 }
  ],
  'flags' => [ { char: '🎌', fitzpatrick_scale: false, weight: 2000 } ],
  'izakaya' => [ { char: '🏮', fitzpatrick_scale: false, weight: 2000 } ],
  'gift' => [
    { char: '🧧', fitzpatrick_scale: false, weight: 2000 },
    { char: '📦', fitzpatrick_scale: false, weight: 2000 },
    { char: '💝', fitzpatrick_scale: false, weight: 2000 }
  ],
  'letter' => [
    { char: '✉️', fitzpatrick_scale: false, weight: 2000 },
    { char: '💌', fitzpatrick_scale: false, weight: 2000 },
    { char: '📮', fitzpatrick_scale: false, weight: 2000 },
    { char: '🅰️', fitzpatrick_scale: false, weight: 2000 },
    { char: '🅱️', fitzpatrick_scale: false, weight: 2000 },
    { char: '🅾️', fitzpatrick_scale: false, weight: 2000 },
    { char: 'Ⓜ️', fitzpatrick_scale: false, weight: 2000 },
    { char: '🅿️', fitzpatrick_scale: false, weight: 2000 },
    { char: 'ℹ️', fitzpatrick_scale: false, weight: 2000 }
  ],
  'postal' => [
    { char: '✉️', fitzpatrick_scale: false, weight: 2000 },
    { char: '📯', fitzpatrick_scale: false, weight: 2000 }
  ],
  'inbox' => [
    { char: '✉️', fitzpatrick_scale: false, weight: 2000 },
    { char: '📨', fitzpatrick_scale: false, weight: 2000 },
    { char: '📧', fitzpatrick_scale: false, weight: 2000 },
    { char: '📪', fitzpatrick_scale: false, weight: 2000 },
    { char: '📫', fitzpatrick_scale: false, weight: 2000 },
    { char: '📬', fitzpatrick_scale: false, weight: 2000 },
    { char: '📭', fitzpatrick_scale: false, weight: 2000 },
    { char: '📥', fitzpatrick_scale: false, weight: 2000 },
    { char: '📤', fitzpatrick_scale: false, weight: 2000 }
  ],
  'e' => [ { char: '📧', fitzpatrick_scale: false, weight: 2000 } ],
  'mail' => [
    { char: '📧', fitzpatrick_scale: false, weight: 2000 },
    { char: '📬', fitzpatrick_scale: false, weight: 2000 },
    { char: '📭', fitzpatrick_scale: false, weight: 2000 },
    { char: '📦', fitzpatrick_scale: false, weight: 2000 }
  ],
  'mailbox' => [
    { char: '📪', fitzpatrick_scale: false, weight: 2000 },
    { char: '📬', fitzpatrick_scale: false, weight: 2000 },
    { char: '📭', fitzpatrick_scale: false, weight: 2000 }
  ],
  'cardboard' => [ { char: '📦', fitzpatrick_scale: false, weight: 2000 } ],
  'moving' => [ { char: '📦', fitzpatrick_scale: false, weight: 2000 } ],
  'tray' => [
    { char: '📥', fitzpatrick_scale: false, weight: 2000 },
    { char: '📤', fitzpatrick_scale: false, weight: 2000 }
  ],
  'outbox' => [ { char: '📤', fitzpatrick_scale: false, weight: 2000 } ],
  'ancient' => [ { char: '📜', fitzpatrick_scale: false, weight: 2000 } ],
  'page' => [
    { char: '📃', fitzpatrick_scale: false, weight: 2000 },
    { char: '📄', fitzpatrick_scale: false, weight: 2000 }
  ],
  'curl' => [ { char: '📃', fitzpatrick_scale: false, weight: 2000 } ],
  'order' => [ { char: '📑', fitzpatrick_scale: false, weight: 2000 } ],
  'tidy' => [ { char: '📑', fitzpatrick_scale: false, weight: 2000 } ],
  'bookmark' => [ { char: '📑', fitzpatrick_scale: false, weight: 2000 } ],
  'tabs' => [ { char: '📑', fitzpatrick_scale: false, weight: 2000 } ],
  'accounting' => [ { char: '🧾', fitzpatrick_scale: false, weight: 2000 } ],
  'expenses' => [ { char: '🧾', fitzpatrick_scale: false, weight: 2000 } ],
  'graph' => [
    { char: '📊', fitzpatrick_scale: false, weight: 2000 },
    { char: '📈', fitzpatrick_scale: false, weight: 2000 },
    { char: '📉', fitzpatrick_scale: false, weight: 2000 },
    { char: '〽️', fitzpatrick_scale: false, weight: 2000 },
    { char: '💹', fitzpatrick_scale: false, weight: 2000 }
  ],
  'presentation' => [
    { char: '📊', fitzpatrick_scale: false, weight: 2000 },
    { char: '📈', fitzpatrick_scale: false, weight: 2000 },
    { char: '📉', fitzpatrick_scale: false, weight: 2000 },
    { char: '〽️', fitzpatrick_scale: false, weight: 2000 },
    { char: '💹', fitzpatrick_scale: false, weight: 2000 }
  ],
  'stats' => [
    { char: '📊', fitzpatrick_scale: false, weight: 2000 },
    { char: '📈', fitzpatrick_scale: false, weight: 2000 },
    { char: '📉', fitzpatrick_scale: false, weight: 2000 },
    { char: '〽️', fitzpatrick_scale: false, weight: 2000 },
    { char: '💹', fitzpatrick_scale: false, weight: 2000 }
  ],
  'chart' => [
    { char: '📊', fitzpatrick_scale: false, weight: 2000 },
    { char: '📈', fitzpatrick_scale: false, weight: 2000 },
    { char: '📉', fitzpatrick_scale: false, weight: 2000 }
  ],
  'recovery' => [ { char: '📈', fitzpatrick_scale: false, weight: 2000 } ],
  'economics' => [
    { char: '📈', fitzpatrick_scale: false, weight: 2000 },
    { char: '📉', fitzpatrick_scale: false, weight: 2000 },
    { char: '〽️', fitzpatrick_scale: false, weight: 2000 }
  ],
  'success' => [ { char: '📈', fitzpatrick_scale: false, weight: 2000 } ],
  'upwards' => [ { char: '📈', fitzpatrick_scale: false, weight: 2000 } ],
  'trend' => [
    { char: '📈', fitzpatrick_scale: false, weight: 2000 },
    { char: '📉', fitzpatrick_scale: false, weight: 2000 }
  ],
  'recession' => [ { char: '📉', fitzpatrick_scale: false, weight: 2000 } ],
  'failure' => [ { char: '📉', fitzpatrick_scale: false, weight: 2000 } ],
  'downwards' => [ { char: '📉', fitzpatrick_scale: false, weight: 2000 } ],
  'facing' => [ { char: '📄', fitzpatrick_scale: false, weight: 2000 } ],
  'calendar' => [
    { char: '📅', fitzpatrick_scale: false, weight: 2000 },
    { char: '🗓', fitzpatrick_scale: false, weight: 2000 }
  ],
  'schedule' => [
    { char: '📅', fitzpatrick_scale: false, weight: 2000 },
    { char: '📆', fitzpatrick_scale: false, weight: 2000 },
    { char: '🗓', fitzpatrick_scale: false, weight: 2000 },
    { char: '🕐', fitzpatrick_scale: false, weight: 2000 },
    { char: '🕑', fitzpatrick_scale: false, weight: 2000 },
    { char: '🕒', fitzpatrick_scale: false, weight: 2000 },
    { char: '🕓', fitzpatrick_scale: false, weight: 2000 },
    { char: '🕔', fitzpatrick_scale: false, weight: 2000 },
    { char: '🕕', fitzpatrick_scale: false, weight: 2000 },
    { char: '🕖', fitzpatrick_scale: false, weight: 2000 },
    { char: '🕗', fitzpatrick_scale: false, weight: 2000 },
    { char: '🕘', fitzpatrick_scale: false, weight: 2000 },
    { char: '🕙', fitzpatrick_scale: false, weight: 2000 },
    { char: '🕚', fitzpatrick_scale: false, weight: 2000 },
    { char: '🕛', fitzpatrick_scale: false, weight: 2000 },
    { char: '🕜', fitzpatrick_scale: false, weight: 2000 },
    { char: '🕝', fitzpatrick_scale: false, weight: 2000 },
    { char: '🕞', fitzpatrick_scale: false, weight: 2000 },
    { char: '🕟', fitzpatrick_scale: false, weight: 2000 },
    { char: '🕠', fitzpatrick_scale: false, weight: 2000 },
    { char: '🕡', fitzpatrick_scale: false, weight: 2000 },
    { char: '🕢', fitzpatrick_scale: false, weight: 2000 },
    { char: '🕣', fitzpatrick_scale: false, weight: 2000 },
    { char: '🕤', fitzpatrick_scale: false, weight: 2000 },
    { char: '🕥', fitzpatrick_scale: false, weight: 2000 },
    { char: '🕦', fitzpatrick_scale: false, weight: 2000 },
    { char: '🕧', fitzpatrick_scale: false, weight: 2000 }
  ],
  'planning' => [
    { char: '📆', fitzpatrick_scale: false, weight: 2000 },
    { char: '🗓', fitzpatrick_scale: false, weight: 2000 }
  ],
  'spiral' => [
    { char: '🗓', fitzpatrick_scale: false, weight: 2000 },
    { char: '🗒', fitzpatrick_scale: false, weight: 2000 },
    { char: '🌀', fitzpatrick_scale: false, weight: 2000 }
  ],
  'index' => [
    { char: '📇', fitzpatrick_scale: false, weight: 2000 },
    { char: '🗂', fitzpatrick_scale: false, weight: 2000 }
  ],
  'file' => [
    { char: '🗃', fitzpatrick_scale: false, weight: 2000 },
    { char: '🗄', fitzpatrick_scale: false, weight: 2000 },
    { char: '📁', fitzpatrick_scale: false, weight: 2000 },
    { char: '📂', fitzpatrick_scale: false, weight: 2000 }
  ],
  'election' => [
    { char: '🗳', fitzpatrick_scale: false, weight: 2000 },
    { char: '✅', fitzpatrick_scale: false, weight: 2000 },
    { char: '☑️', fitzpatrick_scale: false, weight: 2000 }
  ],
  'vote' => [
    { char: '🗳', fitzpatrick_scale: false, weight: 2000 },
    { char: '✅', fitzpatrick_scale: false, weight: 2000 },
    { char: '☑️', fitzpatrick_scale: false, weight: 2000 }
  ],
  'ballot' => [
    { char: '🗳', fitzpatrick_scale: false, weight: 2000 },
    { char: '☑️', fitzpatrick_scale: false, weight: 2000 }
  ],
  'filing' => [ { char: '🗄', fitzpatrick_scale: false, weight: 2000 } ],
  'organizing' => [
    { char: '🗄', fitzpatrick_scale: false, weight: 2000 },
    { char: '🗂', fitzpatrick_scale: false, weight: 2000 }
  ],
  'cabinet' => [ { char: '🗄', fitzpatrick_scale: false, weight: 2000 } ],
  'memo' => [ { char: '🗒', fitzpatrick_scale: false, weight: 2000 } ],
  'notepad' => [ { char: '🗒', fitzpatrick_scale: false, weight: 2000 } ],
  'folder' => [
    { char: '📁', fitzpatrick_scale: false, weight: 2000 },
    { char: '📂', fitzpatrick_scale: false, weight: 2000 }
  ],
  'load' => [ { char: '📂', fitzpatrick_scale: false, weight: 2000 } ],
  'dividers' => [ { char: '🗂', fitzpatrick_scale: false, weight: 2000 } ],
  'press' => [
    { char: '🗞', fitzpatrick_scale: false, weight: 2000 },
    { char: '📰', fitzpatrick_scale: false, weight: 2000 }
  ],
  'headline' => [
    { char: '🗞', fitzpatrick_scale: false, weight: 2000 },
    { char: '📰', fitzpatrick_scale: false, weight: 2000 }
  ],
  'newspaper' => [ { char: '🗞', fitzpatrick_scale: false, weight: 2000 } ],
  'notes' => [
    { char: '📓', fitzpatrick_scale: false, weight: 2000 },
    { char: '📔', fitzpatrick_scale: false, weight: 2000 },
    { char: '📒', fitzpatrick_scale: false, weight: 2000 }
  ],
  'library' => [
    { char: '📕', fitzpatrick_scale: false, weight: 2000 },
    { char: '📗', fitzpatrick_scale: false, weight: 2000 },
    { char: '📘', fitzpatrick_scale: false, weight: 2000 },
    { char: '📙', fitzpatrick_scale: false, weight: 2000 },
    { char: '📚', fitzpatrick_scale: false, weight: 2000 },
    { char: '📖', fitzpatrick_scale: false, weight: 2000 }
  ],
  'knowledge' => [
    { char: '📕', fitzpatrick_scale: false, weight: 2000 },
    { char: '📗', fitzpatrick_scale: false, weight: 2000 },
    { char: '📘', fitzpatrick_scale: false, weight: 2000 },
    { char: '📙', fitzpatrick_scale: false, weight: 2000 },
    { char: '📖', fitzpatrick_scale: false, weight: 2000 }
  ],
  'textbook' => [
    { char: '📕', fitzpatrick_scale: false, weight: 2000 },
    { char: '📙', fitzpatrick_scale: false, weight: 2000 }
  ],
  'book' => [
    { char: '📕', fitzpatrick_scale: false, weight: 2000 },
    { char: '📗', fitzpatrick_scale: false, weight: 2000 },
    { char: '📘', fitzpatrick_scale: false, weight: 2000 },
    { char: '📙', fitzpatrick_scale: false, weight: 2000 },
    { char: '📖', fitzpatrick_scale: false, weight: 2000 }
  ],
  'classroom' => [ { char: '📔', fitzpatrick_scale: false, weight: 2000 } ],
  'notebook' => [ { char: '📔', fitzpatrick_scale: false, weight: 2000 } ],
  'decorative' => [
    { char: '📔', fitzpatrick_scale: false, weight: 2000 },
    { char: '⚜', fitzpatrick_scale: false, weight: 2000 }
  ],
  'cover' => [ { char: '📔', fitzpatrick_scale: false, weight: 2000 } ],
  'literature' => [
    { char: '📚', fitzpatrick_scale: false, weight: 2000 },
    { char: '📖', fitzpatrick_scale: false, weight: 2000 }
  ],
  'diaper' => [ { char: '🧷', fitzpatrick_scale: false, weight: 2000 } ],
  'pin' => [ { char: '🧷', fitzpatrick_scale: false, weight: 2000 } ],
  'rings' => [ { char: '🔗', fitzpatrick_scale: false, weight: 2000 } ],
  'url' => [ { char: '🔗', fitzpatrick_scale: false, weight: 2000 } ],
  'math' => [
    { char: '📐', fitzpatrick_scale: false, weight: 2000 },
    { char: '📏', fitzpatrick_scale: false, weight: 2000 },
    { char: '➕', fitzpatrick_scale: false, weight: 2000 },
    { char: '➖', fitzpatrick_scale: false, weight: 2000 },
    { char: '➗', fitzpatrick_scale: false, weight: 2000 },
    { char: '✖️', fitzpatrick_scale: false, weight: 2000 }
  ],
  'architect' => [
    { char: '📐', fitzpatrick_scale: false, weight: 2000 },
    { char: '📏', fitzpatrick_scale: false, weight: 2000 }
  ],
  'sketch' => [
    { char: '📐', fitzpatrick_scale: false, weight: 2000 },
    { char: '📏', fitzpatrick_scale: false, weight: 2000 }
  ],
  'triangular' => [
    { char: '📐', fitzpatrick_scale: false, weight: 2000 },
    { char: '🚩', fitzpatrick_scale: false, weight: 2000 }
  ],
  'ruler' => [
    { char: '📐', fitzpatrick_scale: false, weight: 2000 },
    { char: '📏', fitzpatrick_scale: false, weight: 2000 }
  ],
  'calculate' => [ { char: '📏', fitzpatrick_scale: false, weight: 2000 } ],
  'length' => [ { char: '📏', fitzpatrick_scale: false, weight: 2000 } ],
  'drawing' => [
    { char: '📏', fitzpatrick_scale: false, weight: 2000 },
    { char: '🖍', fitzpatrick_scale: false, weight: 2000 },
    { char: '🖌', fitzpatrick_scale: false, weight: 2000 }
  ],
  'calculation' => [
    { char: '🧮', fitzpatrick_scale: false, weight: 2000 },
    { char: '➕', fitzpatrick_scale: false, weight: 2000 },
    { char: '➖', fitzpatrick_scale: false, weight: 2000 },
    { char: '➗', fitzpatrick_scale: false, weight: 2000 },
    { char: '✖️', fitzpatrick_scale: false, weight: 2000 }
  ],
  'mark' => [
    { char: '📌', fitzpatrick_scale: false, weight: 2000 },
    { char: '🚩', fitzpatrick_scale: false, weight: 2000 },
    { char: '❗', fitzpatrick_scale: false, weight: 2000 },
    { char: '〽️', fitzpatrick_scale: false, weight: 2000 },
    { char: '❎', fitzpatrick_scale: false, weight: 2000 },
    { char: '✅', fitzpatrick_scale: false, weight: 2000 },
    { char: '✔️', fitzpatrick_scale: false, weight: 2000 }
  ],
  'here' => [
    { char: '📌', fitzpatrick_scale: false, weight: 2000 },
    { char: '📍', fitzpatrick_scale: false, weight: 2000 },
    { char: '🈁', fitzpatrick_scale: false, weight: 2000 }
  ],
  'round' => [
    { char: '📍', fitzpatrick_scale: false, weight: 2000 },
    { char: '⭕', fitzpatrick_scale: false, weight: 2000 },
    { char: '🔃', fitzpatrick_scale: false, weight: 2000 },
    { char: '⚪', fitzpatrick_scale: false, weight: 2000 },
    { char: '⚫', fitzpatrick_scale: false, weight: 2000 }
  ],
  'pushpin' => [ { char: '📍', fitzpatrick_scale: false, weight: 2000 } ],
  'milestone' => [ { char: '🚩', fitzpatrick_scale: false, weight: 2000 } ],
  'losing' => [ { char: '🏳', fitzpatrick_scale: false, weight: 2000 } ],
  'loser' => [ { char: '🏳', fitzpatrick_scale: false, weight: 2000 } ],
  'lost' => [ { char: '🏳', fitzpatrick_scale: false, weight: 2000 } ],
  'surrender' => [ { char: '🏳', fitzpatrick_scale: false, weight: 2000 } ],
  'give up' => [ { char: '🏳', fitzpatrick_scale: false, weight: 2000 } ],
  'give' => [ { char: '🏳', fitzpatrick_scale: false, weight: 2000 } ],
  'white' => [
    { char: '🏳', fitzpatrick_scale: false, weight: 2000 },
    { char: '💮', fitzpatrick_scale: false, weight: 2000 },
    { char: '✅', fitzpatrick_scale: false, weight: 2000 },
    { char: '⚪', fitzpatrick_scale: false, weight: 2000 },
    { char: '▫️', fitzpatrick_scale: false, weight: 2000 },
    { char: '⬜', fitzpatrick_scale: false, weight: 2000 },
    { char: '◻️', fitzpatrick_scale: false, weight: 2000 },
    { char: '◽', fitzpatrick_scale: false, weight: 2000 },
    { char: '🔳', fitzpatrick_scale: false, weight: 2000 }
  ],
  'black' => [
    { char: '🏴', fitzpatrick_scale: false, weight: 2000 },
    { char: '✒️', fitzpatrick_scale: false, weight: 2000 },
    { char: '🖤', fitzpatrick_scale: false, weight: 2000 },
    { char: '✴️', fitzpatrick_scale: false, weight: 2000 },
    { char: '☑️', fitzpatrick_scale: false, weight: 2000 },
    { char: '⚫', fitzpatrick_scale: false, weight: 2000 },
    { char: '▪️', fitzpatrick_scale: false, weight: 2000 },
    { char: '⬛', fitzpatrick_scale: false, weight: 2000 },
    { char: '◼️', fitzpatrick_scale: false, weight: 2000 },
    { char: '◾', fitzpatrick_scale: false, weight: 2000 },
    { char: '🔲', fitzpatrick_scale: false, weight: 2000 },
    { char: '🃏', fitzpatrick_scale: false, weight: 2000 }
  ],
  'rainbow' => [ { char: '🏳️‍🌈', fitzpatrick_scale: false, weight: 2000 } ],
  'gay' => [ { char: '🏳️‍🌈', fitzpatrick_scale: false, weight: 2000 } ],
  'lgbt' => [ { char: '🏳️‍🌈', fitzpatrick_scale: false, weight: 2000 } ],
  'glbt' => [ { char: '🏳️‍🌈', fitzpatrick_scale: false, weight: 2000 } ],
  'queer' => [ { char: '🏳️‍🌈', fitzpatrick_scale: false, weight: 2000 } ],
  'homosexual' => [ { char: '🏳️‍🌈', fitzpatrick_scale: false, weight: 2000 } ],
  'lesbian' => [ { char: '🏳️‍🌈', fitzpatrick_scale: false, weight: 2000 } ],
  'bisexual' => [ { char: '🏳️‍🌈', fitzpatrick_scale: false, weight: 2000 } ],
  'transgender' => [ { char: '🏳️‍🌈', fitzpatrick_scale: false, weight: 2000 } ],
  'privacy' => [
    { char: '🔐', fitzpatrick_scale: false, weight: 2000 },
    { char: '🔓', fitzpatrick_scale: false, weight: 2000 },
    { char: '㊙️', fitzpatrick_scale: false, weight: 2000 },
    { char: '⛔', fitzpatrick_scale: false, weight: 2000 }
  ],
  'padlock' => [ { char: '🔒', fitzpatrick_scale: false, weight: 2000 } ],
  'fountain' => [ { char: '🖋', fitzpatrick_scale: false, weight: 2000 } ],
  'nib' => [ { char: '✒️', fitzpatrick_scale: false, weight: 2000 } ],
  'pencil' => [ { char: '📝', fitzpatrick_scale: false, weight: 2000 } ],
  'creativity' => [
    { char: '🖍', fitzpatrick_scale: false, weight: 2000 },
    { char: '🖌', fitzpatrick_scale: false, weight: 2000 }
  ],
  'search' => [
    { char: '🔍', fitzpatrick_scale: false, weight: 2000 },
    { char: '🔎', fitzpatrick_scale: false, weight: 2000 }
  ],
  'find' => [
    { char: '🔍', fitzpatrick_scale: false, weight: 2000 },
    { char: '🔎', fitzpatrick_scale: false, weight: 2000 }
  ],
  'mag' => [ { char: '🔎', fitzpatrick_scale: false, weight: 2000 } ],
  'purple' => [
    { char: '💜', fitzpatrick_scale: false, weight: 2000 },
    { char: '💟', fitzpatrick_scale: false, weight: 2000 },
    { char: '🔯', fitzpatrick_scale: false, weight: 2000 },
    { char: '⛎', fitzpatrick_scale: false, weight: 2000 },
    { char: '♈', fitzpatrick_scale: false, weight: 2000 },
    { char: '♉', fitzpatrick_scale: false, weight: 2000 },
    { char: '♊', fitzpatrick_scale: false, weight: 2000 },
    { char: '♋', fitzpatrick_scale: false, weight: 2000 },
    { char: '♌', fitzpatrick_scale: false, weight: 2000 },
    { char: '♍', fitzpatrick_scale: false, weight: 2000 },
    { char: '♎', fitzpatrick_scale: false, weight: 2000 },
    { char: '♏', fitzpatrick_scale: false, weight: 2000 },
    { char: '♐', fitzpatrick_scale: false, weight: 2000 },
    { char: '♑', fitzpatrick_scale: false, weight: 2000 },
    { char: '♒', fitzpatrick_scale: false, weight: 2000 },
    { char: '♓', fitzpatrick_scale: false, weight: 2000 },
    { char: '🆔', fitzpatrick_scale: false, weight: 2000 },
    { char: '🚺', fitzpatrick_scale: false, weight: 2000 }
  ],
  'sorry' => [ { char: '💔', fitzpatrick_scale: false, weight: 2000 } ],
  'break' => [ { char: '💔', fitzpatrick_scale: false, weight: 2000 } ],
  'heartbreak' => [ { char: '💔', fitzpatrick_scale: false, weight: 2000 } ],
  'heavy' => [
    { char: '❣', fitzpatrick_scale: false, weight: 2000 },
    { char: '❗', fitzpatrick_scale: false, weight: 2000 },
    { char: '✔️', fitzpatrick_scale: false, weight: 2000 },
    { char: '➕', fitzpatrick_scale: false, weight: 2000 },
    { char: '➖', fitzpatrick_scale: false, weight: 2000 },
    { char: '➗', fitzpatrick_scale: false, weight: 2000 },
    { char: '✖️', fitzpatrick_scale: false, weight: 2000 },
    { char: '💲', fitzpatrick_scale: false, weight: 2000 }
  ],
  'exclamation' => [
    { char: '❣', fitzpatrick_scale: false, weight: 2000 },
    { char: '❕', fitzpatrick_scale: false, weight: 2000 },
    { char: '‼️', fitzpatrick_scale: false, weight: 2000 },
    { char: '⚠️', fitzpatrick_scale: false, weight: 2000 }
  ],
  'revolving' => [ { char: '💞', fitzpatrick_scale: false, weight: 2000 } ],
  'sparkling' => [ { char: '💖', fitzpatrick_scale: false, weight: 2000 } ],
  'purple-square' => [
    { char: '💟', fitzpatrick_scale: false, weight: 2000 },
    { char: '🔯', fitzpatrick_scale: false, weight: 2000 },
    { char: '⛎', fitzpatrick_scale: false, weight: 2000 },
    { char: '♈', fitzpatrick_scale: false, weight: 2000 },
    { char: '♉', fitzpatrick_scale: false, weight: 2000 },
    { char: '♊', fitzpatrick_scale: false, weight: 2000 },
    { char: '♋', fitzpatrick_scale: false, weight: 2000 },
    { char: '♌', fitzpatrick_scale: false, weight: 2000 },
    { char: '♍', fitzpatrick_scale: false, weight: 2000 },
    { char: '♎', fitzpatrick_scale: false, weight: 2000 },
    { char: '♏', fitzpatrick_scale: false, weight: 2000 },
    { char: '♐', fitzpatrick_scale: false, weight: 2000 },
    { char: '♑', fitzpatrick_scale: false, weight: 2000 },
    { char: '♒', fitzpatrick_scale: false, weight: 2000 },
    { char: '♓', fitzpatrick_scale: false, weight: 2000 },
    { char: '🆔', fitzpatrick_scale: false, weight: 2000 },
    { char: '🚺', fitzpatrick_scale: false, weight: 2000 }
  ],
  'hippie' => [ { char: '☮', fitzpatrick_scale: false, weight: 2000 } ],
  'symbol' => [
    { char: '☮', fitzpatrick_scale: false, weight: 2000 },
    { char: '⚛', fitzpatrick_scale: false, weight: 2000 },
    { char: '🚼', fitzpatrick_scale: false, weight: 2000 },
    { char: '#️⃣', fitzpatrick_scale: false, weight: 2000 },
    { char: '🇴🇲', fitzpatrick_scale: false, weight: 2000 }
  ],
  'christianity' => [ { char: '✝', fitzpatrick_scale: false, weight: 2000 } ],
  'latin' => [ { char: '✝', fitzpatrick_scale: false, weight: 2000 } ],
  'cross' => [
    { char: '✝', fitzpatrick_scale: false, weight: 2000 },
    { char: '☦', fitzpatrick_scale: false, weight: 2000 },
    { char: '❎', fitzpatrick_scale: false, weight: 2000 }
  ],
  'buddhism' => [
    { char: '🕉', fitzpatrick_scale: false, weight: 2000 },
    { char: '☸', fitzpatrick_scale: false, weight: 2000 }
  ],
  'sikhism' => [
    { char: '🕉', fitzpatrick_scale: false, weight: 2000 },
    { char: '☸', fitzpatrick_scale: false, weight: 2000 }
  ],
  'jainism' => [
    { char: '🕉', fitzpatrick_scale: false, weight: 2000 },
    { char: '☸', fitzpatrick_scale: false, weight: 2000 }
  ],
  'dharma' => [ { char: '☸', fitzpatrick_scale: false, weight: 2000 } ],
  'david' => [ { char: '✡', fitzpatrick_scale: false, weight: 2000 } ],
  'hexagram' => [ { char: '🔯', fitzpatrick_scale: false, weight: 2000 } ],
  'six' => [ { char: '🔯', fitzpatrick_scale: false, weight: 2000 } ],
  'pointed' => [
    { char: '🔯', fitzpatrick_scale: false, weight: 2000 },
    { char: '✴️', fitzpatrick_scale: false, weight: 2000 }
  ],
  'hanukkah' => [ { char: '🕎', fitzpatrick_scale: false, weight: 2000 } ],
  'candles' => [ { char: '🕎', fitzpatrick_scale: false, weight: 2000 } ],
  'yin' => [ { char: '☯', fitzpatrick_scale: false, weight: 2000 } ],
  'yang' => [ { char: '☯', fitzpatrick_scale: false, weight: 2000 } ],
  'suppedaneum' => [ { char: '☦', fitzpatrick_scale: false, weight: 2000 } ],
  'orthodox' => [ { char: '☦', fitzpatrick_scale: false, weight: 2000 } ],
  'church' => [ { char: '🛐', fitzpatrick_scale: false, weight: 2000 } ],
  'constellation' => [ { char: '⛎', fitzpatrick_scale: false, weight: 2000 } ],
  'astrology' => [
    { char: '⛎', fitzpatrick_scale: false, weight: 2000 },
    { char: '♈', fitzpatrick_scale: false, weight: 2000 },
    { char: '♉', fitzpatrick_scale: false, weight: 2000 },
    { char: '♊', fitzpatrick_scale: false, weight: 2000 },
    { char: '♋', fitzpatrick_scale: false, weight: 2000 },
    { char: '♌', fitzpatrick_scale: false, weight: 2000 },
    { char: '♍', fitzpatrick_scale: false, weight: 2000 },
    { char: '♎', fitzpatrick_scale: false, weight: 2000 },
    { char: '♏', fitzpatrick_scale: false, weight: 2000 },
    { char: '♐', fitzpatrick_scale: false, weight: 2000 },
    { char: '♑', fitzpatrick_scale: false, weight: 2000 },
    { char: '♒', fitzpatrick_scale: false, weight: 2000 },
    { char: '♓', fitzpatrick_scale: false, weight: 2000 }
  ],
  'zodiac' => [
    { char: '♈', fitzpatrick_scale: false, weight: 2000 },
    { char: '♉', fitzpatrick_scale: false, weight: 2000 },
    { char: '♊', fitzpatrick_scale: false, weight: 2000 },
    { char: '♋', fitzpatrick_scale: false, weight: 2000 },
    { char: '♌', fitzpatrick_scale: false, weight: 2000 },
    { char: '♍', fitzpatrick_scale: false, weight: 2000 },
    { char: '♎', fitzpatrick_scale: false, weight: 2000 },
    { char: '♏', fitzpatrick_scale: false, weight: 2000 },
    { char: '♐', fitzpatrick_scale: false, weight: 2000 },
    { char: '♑', fitzpatrick_scale: false, weight: 2000 },
    { char: '♒', fitzpatrick_scale: false, weight: 2000 },
    { char: '♓', fitzpatrick_scale: false, weight: 2000 }
  ],
  'scorpio' => [ { char: '♏', fitzpatrick_scale: false, weight: 2000 } ],
  'words' => [
    { char: '🆔', fitzpatrick_scale: false, weight: 2000 },
    { char: '🆚', fitzpatrick_scale: false, weight: 2000 },
    { char: '🆑', fitzpatrick_scale: false, weight: 2000 },
    { char: '🆘', fitzpatrick_scale: false, weight: 2000 },
    { char: '🆖', fitzpatrick_scale: false, weight: 2000 },
    { char: '🆒', fitzpatrick_scale: false, weight: 2000 },
    { char: '🆕', fitzpatrick_scale: false, weight: 2000 },
    { char: '🆓', fitzpatrick_scale: false, weight: 2000 },
    { char: '🔠', fitzpatrick_scale: false, weight: 2000 },
    { char: '🔚', fitzpatrick_scale: false, weight: 2000 },
    { char: '🔙', fitzpatrick_scale: false, weight: 2000 },
    { char: '🔛', fitzpatrick_scale: false, weight: 2000 },
    { char: '🔝', fitzpatrick_scale: false, weight: 2000 },
    { char: '🔜', fitzpatrick_scale: false, weight: 2000 },
    { char: '💬', fitzpatrick_scale: false, weight: 2000 },
    { char: '🗨', fitzpatrick_scale: false, weight: 2000 }
  ],
  'physics' => [ { char: '⚛', fitzpatrick_scale: false, weight: 2000 } ],
  'atom' => [ { char: '⚛', fitzpatrick_scale: false, weight: 2000 } ],
  'kanji' => [
    { char: '🈳', fitzpatrick_scale: false, weight: 2000 },
    { char: '🈹', fitzpatrick_scale: false, weight: 2000 },
    { char: '🈶', fitzpatrick_scale: false, weight: 2000 },
    { char: '🈚', fitzpatrick_scale: false, weight: 2000 },
    { char: '🈸', fitzpatrick_scale: false, weight: 2000 },
    { char: '🈷️', fitzpatrick_scale: false, weight: 2000 },
    { char: '🉑', fitzpatrick_scale: false, weight: 2000 },
    { char: '🉐', fitzpatrick_scale: false, weight: 2000 },
    { char: '㊙️', fitzpatrick_scale: false, weight: 2000 },
    { char: '㊗️', fitzpatrick_scale: false, weight: 2000 },
    { char: '🈴', fitzpatrick_scale: false, weight: 2000 },
    { char: '🈵', fitzpatrick_scale: false, weight: 2000 },
    { char: '🈲', fitzpatrick_scale: false, weight: 2000 },
    { char: '🈯', fitzpatrick_scale: false, weight: 2000 },
    { char: '🀄', fitzpatrick_scale: false, weight: 2000 }
  ],
  'empty' => [ { char: '🈳', fitzpatrick_scale: false, weight: 2000 } ],
  'divide' => [
    { char: '🈹', fitzpatrick_scale: false, weight: 2000 },
    { char: '➗', fitzpatrick_scale: false, weight: 2000 }
  ],
  'pink-square' => [ { char: '🈹', fitzpatrick_scale: false, weight: 2000 } ],
  'nuclear' => [ { char: '☢', fitzpatrick_scale: false, weight: 2000 } ],
  'mute' => [
    { char: '📴', fitzpatrick_scale: false, weight: 2000 },
    { char: '📵', fitzpatrick_scale: false, weight: 2000 },
    { char: '🔕', fitzpatrick_scale: false, weight: 2000 }
  ],
  'orange-square' => [
    { char: '📴', fitzpatrick_scale: false, weight: 2000 },
    { char: '📳', fitzpatrick_scale: false, weight: 2000 },
    { char: '🈶', fitzpatrick_scale: false, weight: 2000 },
    { char: '🈚', fitzpatrick_scale: false, weight: 2000 },
    { char: '🈸', fitzpatrick_scale: false, weight: 2000 },
    { char: '🈺', fitzpatrick_scale: false, weight: 2000 },
    { char: '🈷️', fitzpatrick_scale: false, weight: 2000 },
    { char: '✴️', fitzpatrick_scale: false, weight: 2000 },
    { char: '🆚', fitzpatrick_scale: false, weight: 2000 },
    { char: '🚼', fitzpatrick_scale: false, weight: 2000 }
  ],
  'silence' => [
    { char: '📴', fitzpatrick_scale: false, weight: 2000 },
    { char: '🔈', fitzpatrick_scale: false, weight: 2000 },
    { char: '🔇', fitzpatrick_scale: false, weight: 2000 }
  ],
  'mobile' => [
    { char: '📴', fitzpatrick_scale: false, weight: 2000 },
    { char: '📵', fitzpatrick_scale: false, weight: 2000 }
  ],
  'off' => [ { char: '📴', fitzpatrick_scale: false, weight: 2000 } ],
  'vibration' => [ { char: '📳', fitzpatrick_scale: false, weight: 2000 } ],
  'mode' => [ { char: '📳', fitzpatrick_scale: false, weight: 2000 } ],
  'have' => [ { char: '🈶', fitzpatrick_scale: false, weight: 2000 } ],
  'nothing' => [ { char: '🈚', fitzpatrick_scale: false, weight: 2000 } ],
  'opening hours' => [ { char: '🈺', fitzpatrick_scale: false, weight: 2000 } ],
  'opening' => [ { char: '🈺', fitzpatrick_scale: false, weight: 2000 } ],
  'hours' => [ { char: '🈺', fitzpatrick_scale: false, weight: 2000 } ],
  'month' => [ { char: '🈷️', fitzpatrick_scale: false, weight: 2000 } ],
  'shape' => [
    { char: '✴️', fitzpatrick_scale: false, weight: 2000 },
    { char: '💠', fitzpatrick_scale: false, weight: 2000 },
    { char: '🆖', fitzpatrick_scale: false, weight: 2000 },
    { char: '↔️', fitzpatrick_scale: false, weight: 2000 },
    { char: '➰', fitzpatrick_scale: false, weight: 2000 },
    { char: '⚪', fitzpatrick_scale: false, weight: 2000 },
    { char: '⚫', fitzpatrick_scale: false, weight: 2000 },
    { char: '🔴', fitzpatrick_scale: false, weight: 2000 },
    { char: '🔵', fitzpatrick_scale: false, weight: 2000 },
    { char: '🔸', fitzpatrick_scale: false, weight: 2000 },
    { char: '🔹', fitzpatrick_scale: false, weight: 2000 },
    { char: '🔶', fitzpatrick_scale: false, weight: 2000 },
    { char: '🔷', fitzpatrick_scale: false, weight: 2000 },
    { char: '🔺', fitzpatrick_scale: false, weight: 2000 },
    { char: '▪️', fitzpatrick_scale: false, weight: 2000 },
    { char: '▫️', fitzpatrick_scale: false, weight: 2000 },
    { char: '⬛', fitzpatrick_scale: false, weight: 2000 },
    { char: '⬜', fitzpatrick_scale: false, weight: 2000 },
    { char: '🔻', fitzpatrick_scale: false, weight: 2000 },
    { char: '◼️', fitzpatrick_scale: false, weight: 2000 },
    { char: '◻️', fitzpatrick_scale: false, weight: 2000 },
    { char: '◾', fitzpatrick_scale: false, weight: 2000 },
    { char: '◽', fitzpatrick_scale: false, weight: 2000 },
    { char: '🔲', fitzpatrick_scale: false, weight: 2000 },
    { char: '🔳', fitzpatrick_scale: false, weight: 2000 }
  ],
  'polygon' => [ { char: '✴️', fitzpatrick_scale: false, weight: 2000 } ],
  'eight' => [
    { char: '✴️', fitzpatrick_scale: false, weight: 2000 },
    { char: '✳️', fitzpatrick_scale: false, weight: 2000 }
  ],
  'orange-circle' => [ { char: '🉑', fitzpatrick_scale: false, weight: 2000 } ],
  'circle' => [
    { char: '🉑', fitzpatrick_scale: false, weight: 2000 },
    { char: '🉐', fitzpatrick_scale: false, weight: 2000 },
    { char: '㊙️', fitzpatrick_scale: false, weight: 2000 },
    { char: '㊗️', fitzpatrick_scale: false, weight: 2000 },
    { char: '⛔', fitzpatrick_scale: false, weight: 2000 },
    { char: '🚫', fitzpatrick_scale: false, weight: 2000 },
    { char: '⭕', fitzpatrick_scale: false, weight: 2000 },
    { char: '🚷', fitzpatrick_scale: false, weight: 2000 },
    { char: '🚯', fitzpatrick_scale: false, weight: 2000 },
    { char: '🚳', fitzpatrick_scale: false, weight: 2000 },
    { char: '🚱', fitzpatrick_scale: false, weight: 2000 },
    { char: '🔞', fitzpatrick_scale: false, weight: 2000 },
    { char: '📵', fitzpatrick_scale: false, weight: 2000 },
    { char: 'Ⓜ️', fitzpatrick_scale: false, weight: 2000 },
    { char: '©️', fitzpatrick_scale: false, weight: 2000 },
    { char: '®️', fitzpatrick_scale: false, weight: 2000 },
    { char: '🔘', fitzpatrick_scale: false, weight: 2000 },
    { char: '⚪', fitzpatrick_scale: false, weight: 2000 },
    { char: '⚫', fitzpatrick_scale: false, weight: 2000 },
    { char: '🔴', fitzpatrick_scale: false, weight: 2000 },
    { char: '🔵', fitzpatrick_scale: false, weight: 2000 }
  ],
  'obtain' => [ { char: '🉐', fitzpatrick_scale: false, weight: 2000 } ],
  'get' => [ { char: '🉐', fitzpatrick_scale: false, weight: 2000 } ],
  'ideograph' => [ { char: '🉐', fitzpatrick_scale: false, weight: 2000 } ],
  'advantage' => [ { char: '🉐', fitzpatrick_scale: false, weight: 2000 } ],
  'sshh' => [ { char: '㊙️', fitzpatrick_scale: false, weight: 2000 } ],
  'red-circle' => [
    { char: '㊙️', fitzpatrick_scale: false, weight: 2000 },
    { char: '㊗️', fitzpatrick_scale: false, weight: 2000 }
  ],
  'join' => [ { char: '🈴', fitzpatrick_scale: false, weight: 2000 } ],
  'red-square' => [
    { char: '🈴', fitzpatrick_scale: false, weight: 2000 },
    { char: '🈵', fitzpatrick_scale: false, weight: 2000 },
    { char: '🈲', fitzpatrick_scale: false, weight: 2000 },
    { char: '🅰️', fitzpatrick_scale: false, weight: 2000 },
    { char: '🅱️', fitzpatrick_scale: false, weight: 2000 },
    { char: '🆎', fitzpatrick_scale: false, weight: 2000 },
    { char: '🆑', fitzpatrick_scale: false, weight: 2000 },
    { char: '🅾️', fitzpatrick_scale: false, weight: 2000 },
    { char: '🆘', fitzpatrick_scale: false, weight: 2000 }
  ],
  'forbidden' => [ { char: '🈲', fitzpatrick_scale: false, weight: 2000 } ],
  'restricted' => [ { char: '🈲', fitzpatrick_scale: false, weight: 2000 } ],
  'alphabet' => [
    { char: '🅰️', fitzpatrick_scale: false, weight: 2000 },
    { char: '🅱️', fitzpatrick_scale: false, weight: 2000 },
    { char: '🆎', fitzpatrick_scale: false, weight: 2000 },
    { char: '🆑', fitzpatrick_scale: false, weight: 2000 },
    { char: '🅾️', fitzpatrick_scale: false, weight: 2000 },
    { char: 'Ⓜ️', fitzpatrick_scale: false, weight: 2000 },
    { char: '🅿️', fitzpatrick_scale: false, weight: 2000 },
    { char: 'ℹ️', fitzpatrick_scale: false, weight: 2000 },
    { char: '🔤', fitzpatrick_scale: false, weight: 2000 },
    { char: '🔡', fitzpatrick_scale: false, weight: 2000 },
    { char: '🔠', fitzpatrick_scale: false, weight: 2000 },
    { char: '®️', fitzpatrick_scale: false, weight: 2000 }
  ],
  'help' => [ { char: '🆘', fitzpatrick_scale: false, weight: 2000 } ],
  'denied' => [
    { char: '⛔', fitzpatrick_scale: false, weight: 2000 },
    { char: '🚫', fitzpatrick_scale: false, weight: 2000 }
  ],
  'forbid' => [
    { char: '📛', fitzpatrick_scale: false, weight: 2000 },
    { char: '🚫', fitzpatrick_scale: false, weight: 2000 }
  ],
  'name' => [ { char: '📛', fitzpatrick_scale: false, weight: 2000 } ],
  'badge' => [
    { char: '📛', fitzpatrick_scale: false, weight: 2000 },
    { char: '🔰', fitzpatrick_scale: false, weight: 2000 }
  ],
  'disallow' => [ { char: '🚫', fitzpatrick_scale: false, weight: 2000 } ],
  'delete' => [ { char: '❌', fitzpatrick_scale: false, weight: 2000 } ],
  'remove' => [ { char: '❌', fitzpatrick_scale: false, weight: 2000 } ],
  'cancel' => [ { char: '❌', fitzpatrick_scale: false, weight: 2000 } ],
  'bath' => [ { char: '♨️', fitzpatrick_scale: false, weight: 2000 } ],
  'rules' => [ { char: '🚷', fitzpatrick_scale: false, weight: 2000 } ],
  'crossing' => [
    { char: '🚷', fitzpatrick_scale: false, weight: 2000 },
    { char: '🚸', fitzpatrick_scale: false, weight: 2000 }
  ],
  'pedestrians' => [ { char: '🚷', fitzpatrick_scale: false, weight: 2000 } ],
  'do' => [ { char: '🚯', fitzpatrick_scale: false, weight: 2000 } ],
  'not' => [ { char: '🚯', fitzpatrick_scale: false, weight: 2000 } ],
  'litter' => [
    { char: '🚯', fitzpatrick_scale: false, weight: 2000 },
    { char: '🚮', fitzpatrick_scale: false, weight: 2000 }
  ],
  'cyclist' => [ { char: '🚳', fitzpatrick_scale: false, weight: 2000 } ],
  'prohibited' => [ { char: '🚳', fitzpatrick_scale: false, weight: 2000 } ],
  'bicycles' => [ { char: '🚳', fitzpatrick_scale: false, weight: 2000 } ],
  'tap' => [ { char: '🚱', fitzpatrick_scale: false, weight: 2000 } ],
  'non' => [ { char: '🚱', fitzpatrick_scale: false, weight: 2000 } ],
  'potable' => [
    { char: '🚱', fitzpatrick_scale: false, weight: 2000 },
    { char: '🚰', fitzpatrick_scale: false, weight: 2000 }
  ],
  '18' => [ { char: '🔞', fitzpatrick_scale: false, weight: 2000 } ],
  'minor' => [ { char: '🔞', fitzpatrick_scale: false, weight: 2000 } ],
  'phones' => [ { char: '📵', fitzpatrick_scale: false, weight: 2000 } ],
  'heavy_exclamation_mark' => [ { char: '❗', fitzpatrick_scale: false, weight: 2000 } ],
  'punctuation' => [
    { char: '❗', fitzpatrick_scale: false, weight: 2000 },
    { char: '❕', fitzpatrick_scale: false, weight: 2000 },
    { char: '⁉️', fitzpatrick_scale: false, weight: 2000 }
  ],
  'grey' => [
    { char: '❕', fitzpatrick_scale: false, weight: 2000 },
    { char: '❔', fitzpatrick_scale: false, weight: 2000 }
  ],
  'doubts' => [ { char: '❔', fitzpatrick_scale: false, weight: 2000 } ],
  'question' => [ { char: '❔', fitzpatrick_scale: false, weight: 2000 } ],
  'wat' => [ { char: '⁉️', fitzpatrick_scale: false, weight: 2000 } ],
  'afternoon' => [ { char: '🔅', fitzpatrick_scale: false, weight: 2000 } ],
  'low' => [ { char: '🔅', fitzpatrick_scale: false, weight: 2000 } ],
  'spear' => [ { char: '🔱', fitzpatrick_scale: false, weight: 2000 } ],
  'scout' => [ { char: '⚜', fitzpatrick_scale: false, weight: 2000 } ],
  'fleur' => [ { char: '⚜', fitzpatrick_scale: false, weight: 2000 } ],
  'de' => [ { char: '⚜', fitzpatrick_scale: false, weight: 2000 } ],
  'lis' => [ { char: '⚜', fitzpatrick_scale: false, weight: 2000 } ],
  'part' => [ { char: '〽️', fitzpatrick_scale: false, weight: 2000 } ],
  'alternation' => [ { char: '〽️', fitzpatrick_scale: false, weight: 2000 } ],
  'problem' => [ { char: '⚠️', fitzpatrick_scale: false, weight: 2000 } ],
  'issue' => [ { char: '⚠️', fitzpatrick_scale: false, weight: 2000 } ],
  'yellow-diamond' => [ { char: '🚸', fitzpatrick_scale: false, weight: 2000 } ],
  'shield' => [ { char: '🔰', fitzpatrick_scale: false, weight: 2000 } ],
  'green-square' => [
    { char: '🈯', fitzpatrick_scale: false, weight: 2000 },
    { char: '💹', fitzpatrick_scale: false, weight: 2000 },
    { char: '❇️', fitzpatrick_scale: false, weight: 2000 },
    { char: '✳️', fitzpatrick_scale: false, weight: 2000 },
    { char: '❎', fitzpatrick_scale: false, weight: 2000 },
    { char: '✅', fitzpatrick_scale: false, weight: 2000 }
  ],
  'fireworks' => [ { char: '❇️', fitzpatrick_scale: false, weight: 2000 } ],
  'spoked' => [ { char: '✳️', fitzpatrick_scale: false, weight: 2000 } ],
  'asterisk' => [ { char: '✳️', fitzpatrick_scale: false, weight: 2000 } ],
  'x' => [
    { char: '❎', fitzpatrick_scale: false, weight: 2000 },
    { char: '✖️', fitzpatrick_scale: false, weight: 2000 }
  ],
  'deny' => [ { char: '❎', fitzpatrick_scale: false, weight: 2000 } ],
  'negative' => [ { char: '❎', fitzpatrick_scale: false, weight: 2000 } ],
  'squared' => [ { char: '❎', fitzpatrick_scale: false, weight: 2000 } ],
  'answer' => [
    { char: '✅', fitzpatrick_scale: false, weight: 2000 },
    { char: '✔️', fitzpatrick_scale: false, weight: 2000 }
  ],
  'tick' => [
    { char: '✅', fitzpatrick_scale: false, weight: 2000 },
    { char: '✔️', fitzpatrick_scale: false, weight: 2000 },
    { char: '☑️', fitzpatrick_scale: false, weight: 2000 }
  ],
  'check' => [
    { char: '✅', fitzpatrick_scale: false, weight: 2000 },
    { char: '✔️', fitzpatrick_scale: false, weight: 2000 },
    { char: '☑️', fitzpatrick_scale: false, weight: 2000 }
  ],
  'jewel' => [
    { char: '💠', fitzpatrick_scale: false, weight: 2000 },
    { char: '🔸', fitzpatrick_scale: false, weight: 2000 },
    { char: '🔹', fitzpatrick_scale: false, weight: 2000 },
    { char: '🔶', fitzpatrick_scale: false, weight: 2000 },
    { char: '🔷', fitzpatrick_scale: false, weight: 2000 }
  ],
  'fancy' => [ { char: '💠', fitzpatrick_scale: false, weight: 2000 } ],
  'a' => [ { char: '💠', fitzpatrick_scale: false, weight: 2000 } ],
  'dot' => [ { char: '💠', fitzpatrick_scale: false, weight: 2000 } ],
  'inside' => [ { char: '💠', fitzpatrick_scale: false, weight: 2000 } ],
  'vortex' => [ { char: '🌀', fitzpatrick_scale: false, weight: 2000 } ],
  'whirlpool' => [ { char: '🌀', fitzpatrick_scale: false, weight: 2000 } ],
  'spin' => [ { char: '🌀', fitzpatrick_scale: false, weight: 2000 } ],
  'tornado' => [ { char: '🌀', fitzpatrick_scale: false, weight: 2000 } ],
  'hurricane' => [ { char: '🌀', fitzpatrick_scale: false, weight: 2000 } ],
  'typhoon' => [ { char: '🌀', fitzpatrick_scale: false, weight: 2000 } ],
  'cassette' => [ { char: '➿', fitzpatrick_scale: false, weight: 2000 } ],
  'internet' => [
    { char: '🌐', fitzpatrick_scale: false, weight: 2000 },
    { char: '📶', fitzpatrick_scale: false, weight: 2000 }
  ],
  'interweb' => [ { char: '🌐', fitzpatrick_scale: false, weight: 2000 } ],
  'i18n' => [ { char: '🌐', fitzpatrick_scale: false, weight: 2000 } ],
  'meridians' => [ { char: '🌐', fitzpatrick_scale: false, weight: 2000 } ],
  'blue-circle' => [ { char: 'Ⓜ️', fitzpatrick_scale: false, weight: 2000 } ],
  'bank' => [ { char: '🏧', fitzpatrick_scale: false, weight: 2000 } ],
  'katakana' => [
    { char: '🈂️', fitzpatrick_scale: false, weight: 2000 },
    { char: '🈁', fitzpatrick_scale: false, weight: 2000 }
  ],
  'custom' => [ { char: '🛂', fitzpatrick_scale: false, weight: 2000 } ],
  'passport' => [
    { char: '🛂', fitzpatrick_scale: false, weight: 2000 },
    { char: '🛃', fitzpatrick_scale: false, weight: 2000 }
  ],
  'baggage' => [ { char: '🛄', fitzpatrick_scale: false, weight: 2000 } ],
  'claim' => [ { char: '🛄', fitzpatrick_scale: false, weight: 2000 } ],
  'luggage' => [ { char: '🛅', fitzpatrick_scale: false, weight: 2000 } ],
  'disabled' => [ { char: '♿', fitzpatrick_scale: false, weight: 2000 } ],
  'a11y' => [ { char: '♿', fitzpatrick_scale: false, weight: 2000 } ],
  'accessibility' => [ { char: '♿', fitzpatrick_scale: false, weight: 2000 } ],
  'smoking' => [ { char: '🚭', fitzpatrick_scale: false, weight: 2000 } ],
  'liquid' => [ { char: '🚰', fitzpatrick_scale: false, weight: 2000 } ],
  'loo' => [ { char: '🚺', fitzpatrick_scale: false, weight: 2000 } ],
  'refresh' => [ { char: '🚻', fitzpatrick_scale: false, weight: 2000 } ],
  'info' => [ { char: '🚮', fitzpatrick_scale: false, weight: 2000 } ],
  'put' => [ { char: '🚮', fitzpatrick_scale: false, weight: 2000 } ],
  'its' => [ { char: '🚮', fitzpatrick_scale: false, weight: 2000 } ],
  'curtain' => [ { char: '🎦', fitzpatrick_scale: false, weight: 2000 } ],
  'stage' => [ { char: '🎦', fitzpatrick_scale: false, weight: 2000 } ],
  'reception' => [ { char: '📶', fitzpatrick_scale: false, weight: 2000 } ],
  'connection' => [ { char: '📶', fitzpatrick_scale: false, weight: 2000 } ],
  'wifi' => [ { char: '📶', fitzpatrick_scale: false, weight: 2000 } ],
  'bluetooth' => [ { char: '📶', fitzpatrick_scale: false, weight: 2000 } ],
  'bars' => [ { char: '📶', fitzpatrick_scale: false, weight: 2000 } ],
  'strength' => [ { char: '📶', fitzpatrick_scale: false, weight: 2000 } ],
  'destination' => [ { char: '🈁', fitzpatrick_scale: false, weight: 2000 } ],
  'icon' => [
    { char: '🆖', fitzpatrick_scale: false, weight: 2000 },
    { char: '🔵', fitzpatrick_scale: false, weight: 2000 },
    { char: '▪️', fitzpatrick_scale: false, weight: 2000 },
    { char: '▫️', fitzpatrick_scale: false, weight: 2000 },
    { char: '⬛', fitzpatrick_scale: false, weight: 2000 },
    { char: '⬜', fitzpatrick_scale: false, weight: 2000 },
    { char: '◼️', fitzpatrick_scale: false, weight: 2000 },
    { char: '◻️', fitzpatrick_scale: false, weight: 2000 },
    { char: '◾', fitzpatrick_scale: false, weight: 2000 },
    { char: '◽', fitzpatrick_scale: false, weight: 2000 }
  ],
  'above' => [ { char: '🆙', fitzpatrick_scale: false, weight: 2000 } ],
  'start' => [ { char: '🆕', fitzpatrick_scale: false, weight: 2000 } ],
  '0' => [ { char: '0️⃣', fitzpatrick_scale: false, weight: 2000 } ],
  'null' => [ { char: '0️⃣', fitzpatrick_scale: false, weight: 2000 } ],
  'prime' => [
    { char: '2️⃣', fitzpatrick_scale: false, weight: 2000 },
    { char: '3️⃣', fitzpatrick_scale: false, weight: 2000 },
    { char: '5️⃣', fitzpatrick_scale: false, weight: 2000 },
    { char: '7️⃣', fitzpatrick_scale: false, weight: 2000 }
  ],
  '4' => [ { char: '4️⃣', fitzpatrick_scale: false, weight: 2000 } ],
  '5' => [ { char: '5️⃣', fitzpatrick_scale: false, weight: 2000 } ],
  '6' => [ { char: '6️⃣', fitzpatrick_scale: false, weight: 2000 } ],
  '7' => [ { char: '7️⃣', fitzpatrick_scale: false, weight: 2000 } ],
  '8' => [ { char: '8️⃣', fitzpatrick_scale: false, weight: 2000 } ],
  '9' => [ { char: '9️⃣', fitzpatrick_scale: false, weight: 2000 } ],
  '10' => [ { char: '🔟', fitzpatrick_scale: false, weight: 2000 } ],
  'keycap' => [
    { char: '🔟', fitzpatrick_scale: false, weight: 2000 },
    { char: '*⃣', fitzpatrick_scale: false, weight: 2000 }
  ],
  'ten' => [ { char: '🔟', fitzpatrick_scale: false, weight: 2000 } ],
  'eject' => [ { char: '⏏️', fitzpatrick_scale: false, weight: 2000 } ],
  'button' => [
    { char: '⏏️', fitzpatrick_scale: false, weight: 2000 },
    { char: '⏸', fitzpatrick_scale: false, weight: 2000 },
    { char: '⏭', fitzpatrick_scale: false, weight: 2000 },
    { char: '⏹', fitzpatrick_scale: false, weight: 2000 },
    { char: '⏺', fitzpatrick_scale: false, weight: 2000 },
    { char: '⏯', fitzpatrick_scale: false, weight: 2000 },
    { char: '⏮', fitzpatrick_scale: false, weight: 2000 },
    { char: '🔘', fitzpatrick_scale: false, weight: 2000 },
    { char: '⚫', fitzpatrick_scale: false, weight: 2000 },
    { char: '🔵', fitzpatrick_scale: false, weight: 2000 },
    { char: '⬛', fitzpatrick_scale: false, weight: 2000 },
    { char: '⬜', fitzpatrick_scale: false, weight: 2000 },
    { char: '◼️', fitzpatrick_scale: false, weight: 2000 },
    { char: '◾', fitzpatrick_scale: false, weight: 2000 },
    { char: '◽', fitzpatrick_scale: false, weight: 2000 },
    { char: '🔲', fitzpatrick_scale: false, weight: 2000 },
    { char: '🔳', fitzpatrick_scale: false, weight: 2000 }
  ],
  'forward' => [
    { char: '▶️', fitzpatrick_scale: false, weight: 2000 },
    { char: '⏭', fitzpatrick_scale: false, weight: 2000 },
    { char: '⏩', fitzpatrick_scale: false, weight: 2000 },
    { char: '🔼', fitzpatrick_scale: false, weight: 2000 }
  ],
  'pause' => [
    { char: '⏸', fitzpatrick_scale: false, weight: 2000 },
    { char: '⏯', fitzpatrick_scale: false, weight: 2000 }
  ],
  'next' => [
    { char: '⏭', fitzpatrick_scale: false, weight: 2000 },
    { char: '➡️', fitzpatrick_scale: false, weight: 2000 }
  ],
  'or' => [ { char: '⏯', fitzpatrick_scale: false, weight: 2000 } ],
  'backward' => [
    { char: '⏮', fitzpatrick_scale: false, weight: 2000 },
    { char: '◀️', fitzpatrick_scale: false, weight: 2000 }
  ],
  'previous' => [
    { char: '⏮', fitzpatrick_scale: false, weight: 2000 },
    { char: '⬅️', fitzpatrick_scale: false, weight: 2000 }
  ],
  'continue' => [
    { char: '⏩', fitzpatrick_scale: false, weight: 2000 },
    { char: '⬆️', fitzpatrick_scale: false, weight: 2000 }
  ],
  'shuffle' => [ { char: '🔀', fitzpatrick_scale: false, weight: 2000 } ],
  'rightwards' => [ { char: '🔀', fitzpatrick_scale: false, weight: 2000 } ],
  'arrows' => [
    { char: '🔀', fitzpatrick_scale: false, weight: 2000 },
    { char: '🔄', fitzpatrick_scale: false, weight: 2000 },
    { char: '🔃', fitzpatrick_scale: false, weight: 2000 }
  ],
  'loop' => [
    { char: '🔁', fitzpatrick_scale: false, weight: 2000 },
    { char: '🔂', fitzpatrick_scale: false, weight: 2000 },
    { char: '➰', fitzpatrick_scale: false, weight: 2000 }
  ],
  'repeat' => [
    { char: '🔂', fitzpatrick_scale: false, weight: 2000 },
    { char: '🔃', fitzpatrick_scale: false, weight: 2000 }
  ],
  'one' => [ { char: '🔂', fitzpatrick_scale: false, weight: 2000 } ],
  'triangle' => [
    { char: '🔼', fitzpatrick_scale: false, weight: 2000 },
    { char: '🔺', fitzpatrick_scale: false, weight: 2000 },
    { char: '🔻', fitzpatrick_scale: false, weight: 2000 }
  ],
  'top' => [
    { char: '🔼', fitzpatrick_scale: false, weight: 2000 },
    { char: '⏫', fitzpatrick_scale: false, weight: 2000 },
    { char: '⬆️', fitzpatrick_scale: false, weight: 2000 },
    { char: '⤴️', fitzpatrick_scale: false, weight: 2000 },
    { char: '🔺', fitzpatrick_scale: false, weight: 2000 }
  ],
  'bottom' => [
    { char: '🔽', fitzpatrick_scale: false, weight: 2000 },
    { char: '⏬', fitzpatrick_scale: false, weight: 2000 },
    { char: '⬇️', fitzpatrick_scale: false, weight: 2000 },
    { char: '⤵️', fitzpatrick_scale: false, weight: 2000 },
    { char: '🔻', fitzpatrick_scale: false, weight: 2000 }
  ],
  'double' => [
    { char: '⏫', fitzpatrick_scale: false, weight: 2000 },
    { char: '⏬', fitzpatrick_scale: false, weight: 2000 }
  ],
  'diagonal' => [
    { char: '↗️', fitzpatrick_scale: false, weight: 2000 },
    { char: '↘️', fitzpatrick_scale: false, weight: 2000 },
    { char: '↙️', fitzpatrick_scale: false, weight: 2000 },
    { char: '↖️', fitzpatrick_scale: false, weight: 2000 }
  ],
  'northeast' => [ { char: '↗️', fitzpatrick_scale: false, weight: 2000 } ],
  'upper' => [
    { char: '↗️', fitzpatrick_scale: false, weight: 2000 },
    { char: '↖️', fitzpatrick_scale: false, weight: 2000 }
  ],
  'southeast' => [ { char: '↘️', fitzpatrick_scale: false, weight: 2000 } ],
  'southwest' => [ { char: '↙️', fitzpatrick_scale: false, weight: 2000 } ],
  'northwest' => [ { char: '↖️', fitzpatrick_scale: false, weight: 2000 } ],
  'horizontal' => [ { char: '↔️', fitzpatrick_scale: false, weight: 2000 } ],
  'sideways' => [ { char: '↔️', fitzpatrick_scale: false, weight: 2000 } ],
  'sync' => [
    { char: '🔄', fitzpatrick_scale: false, weight: 2000 },
    { char: '🔃', fitzpatrick_scale: false, weight: 2000 }
  ],
  'cycle' => [
    { char: '🔄', fitzpatrick_scale: false, weight: 2000 },
    { char: '🔃', fitzpatrick_scale: false, weight: 2000 }
  ],
  'counterclockwise' => [ { char: '🔄', fitzpatrick_scale: false, weight: 2000 } ],
  'return' => [
    { char: '↪️', fitzpatrick_scale: false, weight: 2000 },
    { char: '↩️', fitzpatrick_scale: false, weight: 2000 },
    { char: '🔙', fitzpatrick_scale: false, weight: 2000 }
  ],
  'rotate' => [ { char: '↪️', fitzpatrick_scale: false, weight: 2000 } ],
  'hook' => [
    { char: '↪️', fitzpatrick_scale: false, weight: 2000 },
    { char: '↩️', fitzpatrick_scale: false, weight: 2000 }
  ],
  'undo' => [ { char: '↩️', fitzpatrick_scale: false, weight: 2000 } ],
  'enter' => [ { char: '↩️', fitzpatrick_scale: false, weight: 2000 } ],
  'leftwards' => [ { char: '↩️', fitzpatrick_scale: false, weight: 2000 } ],
  'heading' => [
    { char: '⤴️', fitzpatrick_scale: false, weight: 2000 },
    { char: '⤵️', fitzpatrick_scale: false, weight: 2000 }
  ],
  'twitter' => [ { char: '#️⃣', fitzpatrick_scale: false, weight: 2000 } ],
  'source' => [ { char: 'ℹ️', fitzpatrick_scale: false, weight: 2000 } ],
  'capital' => [ { char: '🔠', fitzpatrick_scale: false, weight: 2000 } ],
  'abcd' => [ { char: '🔠', fitzpatrick_scale: false, weight: 2000 } ],
  'note' => [
    { char: '🔣', fitzpatrick_scale: false, weight: 2000 },
    { char: '🎵', fitzpatrick_scale: false, weight: 2000 }
  ],
  'ampersand' => [ { char: '🔣', fitzpatrick_scale: false, weight: 2000 } ],
  'percent' => [ { char: '🔣', fitzpatrick_scale: false, weight: 2000 } ],
  'glyphs' => [ { char: '🔣', fitzpatrick_scale: false, weight: 2000 } ],
  'characters' => [ { char: '🔣', fitzpatrick_scale: false, weight: 2000 } ],
  'tone' => [ { char: '🎵', fitzpatrick_scale: false, weight: 2000 } ],
  'line' => [ { char: '〰️', fitzpatrick_scale: false, weight: 2000 } ],
  'squiggle' => [
    { char: '〰️', fitzpatrick_scale: false, weight: 2000 },
    { char: '➰', fitzpatrick_scale: false, weight: 2000 }
  ],
  'scribble' => [
    { char: '〰️', fitzpatrick_scale: false, weight: 2000 },
    { char: '➰', fitzpatrick_scale: false, weight: 2000 }
  ],
  'dash' => [ { char: '〰️', fitzpatrick_scale: false, weight: 2000 } ],
  'curly' => [ { char: '➰', fitzpatrick_scale: false, weight: 2000 } ],
  'nike' => [ { char: '✔️', fitzpatrick_scale: false, weight: 2000 } ],
  'clockwise' => [ { char: '🔃', fitzpatrick_scale: false, weight: 2000 } ],
  'addition' => [ { char: '➕', fitzpatrick_scale: false, weight: 2000 } ],
  'more' => [ { char: '➕', fitzpatrick_scale: false, weight: 2000 } ],
  'increase' => [ { char: '➕', fitzpatrick_scale: false, weight: 2000 } ],
  'plus' => [ { char: '➕', fitzpatrick_scale: false, weight: 2000 } ],
  'subtract' => [ { char: '➖', fitzpatrick_scale: false, weight: 2000 } ],
  'less' => [ { char: '➖', fitzpatrick_scale: false, weight: 2000 } ],
  'minus' => [ { char: '➖', fitzpatrick_scale: false, weight: 2000 } ],
  'division' => [ { char: '➗', fitzpatrick_scale: false, weight: 2000 } ],
  'multiplication' => [ { char: '✖️', fitzpatrick_scale: false, weight: 2000 } ],
  'forever' => [ { char: '♾', fitzpatrick_scale: false, weight: 2000 } ],
  'buck' => [ { char: '💲', fitzpatrick_scale: false, weight: 2000 } ],
  'exchange' => [ { char: '💱', fitzpatrick_scale: false, weight: 2000 } ],
  'ip' => [ { char: '©️', fitzpatrick_scale: false, weight: 2000 } ],
  'license' => [ { char: '©️', fitzpatrick_scale: false, weight: 2000 } ],
  'trademark' => [ { char: '™️', fitzpatrick_scale: false, weight: 2000 } ],
  'brand' => [ { char: '™️', fitzpatrick_scale: false, weight: 2000 } ],
  'confirm' => [ { char: '☑️', fitzpatrick_scale: false, weight: 2000 } ],
  'black-square' => [ { char: '☑️', fitzpatrick_scale: false, weight: 2000 } ],
  'medium' => [
    { char: '◼️', fitzpatrick_scale: false, weight: 2000 },
    { char: '◻️', fitzpatrick_scale: false, weight: 2000 },
    { char: '◾', fitzpatrick_scale: false, weight: 2000 },
    { char: '◽', fitzpatrick_scale: false, weight: 2000 }
  ],
  'frame' => [ { char: '🔲', fitzpatrick_scale: false, weight: 2000 } ],
  'volume' => [
    { char: '🔈', fitzpatrick_scale: false, weight: 2000 },
    { char: '🔉', fitzpatrick_scale: false, weight: 2000 },
    { char: '🔊', fitzpatrick_scale: false, weight: 2000 },
    { char: '🔇', fitzpatrick_scale: false, weight: 2000 },
    { char: '📣', fitzpatrick_scale: false, weight: 2000 },
    { char: '📢', fitzpatrick_scale: false, weight: 2000 },
    { char: '🔕', fitzpatrick_scale: false, weight: 2000 }
  ],
  'broadcast' => [
    { char: '🔈', fitzpatrick_scale: false, weight: 2000 },
    { char: '🔉', fitzpatrick_scale: false, weight: 2000 },
    { char: '🔊', fitzpatrick_scale: false, weight: 2000 }
  ],
  'speaker' => [
    { char: '🔉', fitzpatrick_scale: false, weight: 2000 },
    { char: '🔊', fitzpatrick_scale: false, weight: 2000 },
    { char: '📣', fitzpatrick_scale: false, weight: 2000 }
  ],
  'noise' => [ { char: '🔊', fitzpatrick_scale: false, weight: 2000 } ],
  'noisy' => [ { char: '🔊', fitzpatrick_scale: false, weight: 2000 } ],
  'loud' => [ { char: '🔊', fitzpatrick_scale: false, weight: 2000 } ],
  'notification' => [ { char: '🔔', fitzpatrick_scale: false, weight: 2000 } ],
  'silent' => [ { char: '🔕', fitzpatrick_scale: false, weight: 2000 } ],
  'poker' => [
    { char: '🃏', fitzpatrick_scale: false, weight: 2000 },
    { char: '♠️', fitzpatrick_scale: false, weight: 2000 },
    { char: '♣️', fitzpatrick_scale: false, weight: 2000 },
    { char: '♥️', fitzpatrick_scale: false, weight: 2000 },
    { char: '♦️', fitzpatrick_scale: false, weight: 2000 }
  ],
  'cards' => [
    { char: '🃏', fitzpatrick_scale: false, weight: 2000 },
    { char: '♠️', fitzpatrick_scale: false, weight: 2000 },
    { char: '♣️', fitzpatrick_scale: false, weight: 2000 },
    { char: '♥️', fitzpatrick_scale: false, weight: 2000 },
    { char: '♦️', fitzpatrick_scale: false, weight: 2000 },
    { char: '🎴', fitzpatrick_scale: false, weight: 2000 }
  ],
  'joker' => [ { char: '🃏', fitzpatrick_scale: false, weight: 2000 } ],
  'suits' => [
    { char: '♠️', fitzpatrick_scale: false, weight: 2000 },
    { char: '♣️', fitzpatrick_scale: false, weight: 2000 },
    { char: '♥️', fitzpatrick_scale: false, weight: 2000 },
    { char: '♦️', fitzpatrick_scale: false, weight: 2000 }
  ],
  'bubble' => [
    { char: '💭', fitzpatrick_scale: false, weight: 2000 },
    { char: '🗯', fitzpatrick_scale: false, weight: 2000 },
    { char: '💬', fitzpatrick_scale: false, weight: 2000 },
    { char: '🗨', fitzpatrick_scale: false, weight: 2000 }
  ],
  'speech' => [
    { char: '💭', fitzpatrick_scale: false, weight: 2000 },
    { char: '🗯', fitzpatrick_scale: false, weight: 2000 },
    { char: '💬', fitzpatrick_scale: false, weight: 2000 },
    { char: '🗨', fitzpatrick_scale: false, weight: 2000 }
  ],
  'thinking' => [
    { char: '💭', fitzpatrick_scale: false, weight: 2000 },
    { char: '🗯', fitzpatrick_scale: false, weight: 2000 }
  ],
  'thought' => [ { char: '💭', fitzpatrick_scale: false, weight: 2000 } ],
  'balloon' => [
    { char: '💭', fitzpatrick_scale: false, weight: 2000 },
    { char: '💬', fitzpatrick_scale: false, weight: 2000 }
  ],
  'caption' => [ { char: '🗯', fitzpatrick_scale: false, weight: 2000 } ],
  'anger' => [ { char: '🗯', fitzpatrick_scale: false, weight: 2000 } ],
  'message' => [
    { char: '💬', fitzpatrick_scale: false, weight: 2000 },
    { char: '🗨', fitzpatrick_scale: false, weight: 2000 }
  ],
  'chatting' => [
    { char: '💬', fitzpatrick_scale: false, weight: 2000 },
    { char: '🗨', fitzpatrick_scale: false, weight: 2000 }
  ],
  'late' => [
    { char: '🕐', fitzpatrick_scale: false, weight: 2000 },
    { char: '🕑', fitzpatrick_scale: false, weight: 2000 },
    { char: '🕒', fitzpatrick_scale: false, weight: 2000 },
    { char: '🕓', fitzpatrick_scale: false, weight: 2000 },
    { char: '🕔', fitzpatrick_scale: false, weight: 2000 },
    { char: '🕕', fitzpatrick_scale: false, weight: 2000 },
    { char: '🕖', fitzpatrick_scale: false, weight: 2000 },
    { char: '🕗', fitzpatrick_scale: false, weight: 2000 },
    { char: '🕘', fitzpatrick_scale: false, weight: 2000 },
    { char: '🕙', fitzpatrick_scale: false, weight: 2000 },
    { char: '🕚', fitzpatrick_scale: false, weight: 2000 },
    { char: '🕛', fitzpatrick_scale: false, weight: 2000 },
    { char: '🕜', fitzpatrick_scale: false, weight: 2000 },
    { char: '🕝', fitzpatrick_scale: false, weight: 2000 },
    { char: '🕞', fitzpatrick_scale: false, weight: 2000 },
    { char: '🕟', fitzpatrick_scale: false, weight: 2000 },
    { char: '🕠', fitzpatrick_scale: false, weight: 2000 },
    { char: '🕡', fitzpatrick_scale: false, weight: 2000 },
    { char: '🕢', fitzpatrick_scale: false, weight: 2000 },
    { char: '🕣', fitzpatrick_scale: false, weight: 2000 },
    { char: '🕤', fitzpatrick_scale: false, weight: 2000 },
    { char: '🕥', fitzpatrick_scale: false, weight: 2000 },
    { char: '🕦', fitzpatrick_scale: false, weight: 2000 },
    { char: '🕧', fitzpatrick_scale: false, weight: 2000 }
  ],
  'early' => [
    { char: '🕐', fitzpatrick_scale: false, weight: 2000 },
    { char: '🕑', fitzpatrick_scale: false, weight: 2000 },
    { char: '🕒', fitzpatrick_scale: false, weight: 2000 },
    { char: '🕓', fitzpatrick_scale: false, weight: 2000 },
    { char: '🕔', fitzpatrick_scale: false, weight: 2000 },
    { char: '🕕', fitzpatrick_scale: false, weight: 2000 },
    { char: '🕖', fitzpatrick_scale: false, weight: 2000 },
    { char: '🕗', fitzpatrick_scale: false, weight: 2000 },
    { char: '🕘', fitzpatrick_scale: false, weight: 2000 },
    { char: '🕙', fitzpatrick_scale: false, weight: 2000 },
    { char: '🕚', fitzpatrick_scale: false, weight: 2000 },
    { char: '🕛', fitzpatrick_scale: false, weight: 2000 },
    { char: '🕜', fitzpatrick_scale: false, weight: 2000 },
    { char: '🕝', fitzpatrick_scale: false, weight: 2000 },
    { char: '🕞', fitzpatrick_scale: false, weight: 2000 },
    { char: '🕟', fitzpatrick_scale: false, weight: 2000 },
    { char: '🕠', fitzpatrick_scale: false, weight: 2000 },
    { char: '🕡', fitzpatrick_scale: false, weight: 2000 },
    { char: '🕢', fitzpatrick_scale: false, weight: 2000 },
    { char: '🕣', fitzpatrick_scale: false, weight: 2000 },
    { char: '🕤', fitzpatrick_scale: false, weight: 2000 },
    { char: '🕥', fitzpatrick_scale: false, weight: 2000 },
    { char: '🕦', fitzpatrick_scale: false, weight: 2000 },
    { char: '🕧', fitzpatrick_scale: false, weight: 2000 }
  ],
  'dusk' => [ { char: '🕕', fitzpatrick_scale: false, weight: 2000 } ],
  'noon' => [ { char: '🕛', fitzpatrick_scale: false, weight: 2000 } ],
  'midnight' => [ { char: '🕛', fitzpatrick_scale: false, weight: 2000 } ],
  'midday' => [ { char: '🕛', fitzpatrick_scale: false, weight: 2000 } ],
  'af' => [ { char: '🇦🇫', fitzpatrick_scale: false, weight: 2000 } ],
  'islands' => [
    { char: '🇦🇽', fitzpatrick_scale: false, weight: 2000 },
    { char: '🇻🇬', fitzpatrick_scale: false, weight: 2000 },
    { char: '🇮🇨', fitzpatrick_scale: false, weight: 2000 },
    { char: '🇰🇾', fitzpatrick_scale: false, weight: 2000 },
    { char: '🇨🇨', fitzpatrick_scale: false, weight: 2000 },
    { char: '🇨🇰', fitzpatrick_scale: false, weight: 2000 },
    { char: '🇫🇰', fitzpatrick_scale: false, weight: 2000 },
    { char: '🇫🇴', fitzpatrick_scale: false, weight: 2000 },
    { char: '🇲🇭', fitzpatrick_scale: false, weight: 2000 },
    { char: '🇲🇵', fitzpatrick_scale: false, weight: 2000 },
    { char: '🇵🇳', fitzpatrick_scale: false, weight: 2000 },
    { char: '🇸🇧', fitzpatrick_scale: false, weight: 2000 },
    { char: '🇬🇸', fitzpatrick_scale: false, weight: 2000 },
    { char: '🇹🇨', fitzpatrick_scale: false, weight: 2000 },
    { char: '🇻🇮', fitzpatrick_scale: false, weight: 2000 }
  ],
  'aland' => [ { char: '🇦🇽', fitzpatrick_scale: false, weight: 2000 } ],
  'al' => [ { char: '🇦🇱', fitzpatrick_scale: false, weight: 2000 } ],
  'dz' => [ { char: '🇩🇿', fitzpatrick_scale: false, weight: 2000 } ],
  'ws' => [
    { char: '🇦🇸', fitzpatrick_scale: false, weight: 2000 },
    { char: '🇼🇸', fitzpatrick_scale: false, weight: 2000 }
  ],
  'samoa' => [ { char: '🇦🇸', fitzpatrick_scale: false, weight: 2000 } ],
  'ad' => [ { char: '🇦🇩', fitzpatrick_scale: false, weight: 2000 } ],
  'ao' => [ { char: '🇦🇴', fitzpatrick_scale: false, weight: 2000 } ],
  'ai' => [ { char: '🇦🇮', fitzpatrick_scale: false, weight: 2000 } ],
  'aq' => [ { char: '🇦🇶', fitzpatrick_scale: false, weight: 2000 } ],
  'antigua' => [ { char: '🇦🇬', fitzpatrick_scale: false, weight: 2000 } ],
  'barbuda' => [ { char: '🇦🇬', fitzpatrick_scale: false, weight: 2000 } ],
  'ar' => [ { char: '🇦🇷', fitzpatrick_scale: false, weight: 2000 } ],
  'am' => [ { char: '🇦🇲', fitzpatrick_scale: false, weight: 2000 } ],
  'au' => [ { char: '🇦🇺', fitzpatrick_scale: false, weight: 2000 } ],
  'az' => [ { char: '🇦🇿', fitzpatrick_scale: false, weight: 2000 } ],
  'bs' => [ { char: '🇧🇸', fitzpatrick_scale: false, weight: 2000 } ],
  'bh' => [ { char: '🇧🇭', fitzpatrick_scale: false, weight: 2000 } ],
  'bd' => [ { char: '🇧🇩', fitzpatrick_scale: false, weight: 2000 } ],
  'bb' => [ { char: '🇧🇧', fitzpatrick_scale: false, weight: 2000 } ],
  'by' => [ { char: '🇧🇾', fitzpatrick_scale: false, weight: 2000 } ],
  'be' => [ { char: '🇧🇪', fitzpatrick_scale: false, weight: 2000 } ],
  'bz' => [ { char: '🇧🇿', fitzpatrick_scale: false, weight: 2000 } ],
  'bj' => [ { char: '🇧🇯', fitzpatrick_scale: false, weight: 2000 } ],
  'bm' => [ { char: '🇧🇲', fitzpatrick_scale: false, weight: 2000 } ],
  'bt' => [ { char: '🇧🇹', fitzpatrick_scale: false, weight: 2000 } ],
  'bo' => [ { char: '🇧🇴', fitzpatrick_scale: false, weight: 2000 } ],
  'bonaire' => [ { char: '🇧🇶', fitzpatrick_scale: false, weight: 2000 } ],
  'caribbean' => [ { char: '🇧🇶', fitzpatrick_scale: false, weight: 2000 } ],
  'netherlands' => [ { char: '🇧🇶', fitzpatrick_scale: false, weight: 2000 } ],
  'bosnia' => [ { char: '🇧🇦', fitzpatrick_scale: false, weight: 2000 } ],
  'herzegovina' => [ { char: '🇧🇦', fitzpatrick_scale: false, weight: 2000 } ],
  'bw' => [ { char: '🇧🇼', fitzpatrick_scale: false, weight: 2000 } ],
  'br' => [ { char: '🇧🇷', fitzpatrick_scale: false, weight: 2000 } ],
  'territory' => [ { char: '🇮🇴', fitzpatrick_scale: false, weight: 2000 } ],
  'virgin' => [
    { char: '🇻🇬', fitzpatrick_scale: false, weight: 2000 },
    { char: '🇻🇮', fitzpatrick_scale: false, weight: 2000 }
  ],
  'bvi' => [ { char: '🇻🇬', fitzpatrick_scale: false, weight: 2000 } ],
  'bn' => [ { char: '🇧🇳', fitzpatrick_scale: false, weight: 2000 } ],
  'darussalam' => [ { char: '🇧🇳', fitzpatrick_scale: false, weight: 2000 } ],
  'bg' => [ { char: '🇧🇬', fitzpatrick_scale: false, weight: 2000 } ],
  'burkina' => [ { char: '🇧🇫', fitzpatrick_scale: false, weight: 2000 } ],
  'faso' => [ { char: '🇧🇫', fitzpatrick_scale: false, weight: 2000 } ],
  'bi' => [ { char: '🇧🇮', fitzpatrick_scale: false, weight: 2000 } ],
  'cabo' => [ { char: '🇨🇻', fitzpatrick_scale: false, weight: 2000 } ],
  'verde' => [ { char: '🇨🇻', fitzpatrick_scale: false, weight: 2000 } ],
  'cape' => [ { char: '🇨🇻', fitzpatrick_scale: false, weight: 2000 } ],
  'kh' => [ { char: '🇰🇭', fitzpatrick_scale: false, weight: 2000 } ],
  'cm' => [ { char: '🇨🇲', fitzpatrick_scale: false, weight: 2000 } ],
  'canary' => [ { char: '🇮🇨', fitzpatrick_scale: false, weight: 2000 } ],
  'cayman' => [ { char: '🇰🇾', fitzpatrick_scale: false, weight: 2000 } ],
  'central' => [ { char: '🇨🇫', fitzpatrick_scale: false, weight: 2000 } ],
  'african' => [ { char: '🇨🇫', fitzpatrick_scale: false, weight: 2000 } ],
  'republic' => [
    { char: '🇨🇫', fitzpatrick_scale: false, weight: 2000 },
    { char: '🇨🇩', fitzpatrick_scale: false, weight: 2000 },
    { char: '🇨🇿', fitzpatrick_scale: false, weight: 2000 },
    { char: '🇩🇴', fitzpatrick_scale: false, weight: 2000 },
    { char: '🇮🇷', fitzpatrick_scale: false, weight: 2000 },
    { char: '🇱🇦', fitzpatrick_scale: false, weight: 2000 },
    { char: '🇲🇩', fitzpatrick_scale: false, weight: 2000 },
    { char: '🇸🇾', fitzpatrick_scale: false, weight: 2000 },
    { char: '🇹🇿', fitzpatrick_scale: false, weight: 2000 },
    { char: '🇻🇪', fitzpatrick_scale: false, weight: 2000 }
  ],
  'td' => [ { char: '🇹🇩', fitzpatrick_scale: false, weight: 2000 } ],
  'prc' => [ { char: '🇨🇳', fitzpatrick_scale: false, weight: 2000 } ],
  'cocos' => [ { char: '🇨🇨', fitzpatrick_scale: false, weight: 2000 } ],
  'keeling' => [ { char: '🇨🇨', fitzpatrick_scale: false, weight: 2000 } ],
  'co' => [ { char: '🇨🇴', fitzpatrick_scale: false, weight: 2000 } ],
  'km' => [ { char: '🇰🇲', fitzpatrick_scale: false, weight: 2000 } ],
  'congo' => [
    { char: '🇨🇬', fitzpatrick_scale: false, weight: 2000 },
    { char: '🇨🇩', fitzpatrick_scale: false, weight: 2000 }
  ],
  'brazzaville' => [ { char: '🇨🇬', fitzpatrick_scale: false, weight: 2000 } ],
  'democratic' => [
    { char: '🇨🇩', fitzpatrick_scale: false, weight: 2000 },
    { char: '🇱🇦', fitzpatrick_scale: false, weight: 2000 }
  ],
  'kinshasa' => [ { char: '🇨🇩', fitzpatrick_scale: false, weight: 2000 } ],
  'costa' => [ { char: '🇨🇷', fitzpatrick_scale: false, weight: 2000 } ],
  'rica' => [ { char: '🇨🇷', fitzpatrick_scale: false, weight: 2000 } ],
  'hr' => [ { char: '🇭🇷', fitzpatrick_scale: false, weight: 2000 } ],
  'cu' => [ { char: '🇨🇺', fitzpatrick_scale: false, weight: 2000 } ],
  'curacao' => [ { char: '🇨🇼', fitzpatrick_scale: false, weight: 2000 } ],
  'cy' => [ { char: '🇨🇾', fitzpatrick_scale: false, weight: 2000 } ],
  'cz' => [ { char: '🇨🇿', fitzpatrick_scale: false, weight: 2000 } ],
  'czech' => [ { char: '🇨🇿', fitzpatrick_scale: false, weight: 2000 } ],
  'dk' => [ { char: '🇩🇰', fitzpatrick_scale: false, weight: 2000 } ],
  'dj' => [ { char: '🇩🇯', fitzpatrick_scale: false, weight: 2000 } ],
  'dm' => [ { char: '🇩🇲', fitzpatrick_scale: false, weight: 2000 } ],
  'dominican' => [ { char: '🇩🇴', fitzpatrick_scale: false, weight: 2000 } ],
  'ec' => [ { char: '🇪🇨', fitzpatrick_scale: false, weight: 2000 } ],
  'eg' => [ { char: '🇪🇬', fitzpatrick_scale: false, weight: 2000 } ],
  'el' => [ { char: '🇸🇻', fitzpatrick_scale: false, weight: 2000 } ],
  'salvador' => [ { char: '🇸🇻', fitzpatrick_scale: false, weight: 2000 } ],
  'equatorial' => [ { char: '🇬🇶', fitzpatrick_scale: false, weight: 2000 } ],
  'gn' => [
    { char: '🇬🇶', fitzpatrick_scale: false, weight: 2000 },
    { char: '🇬🇳', fitzpatrick_scale: false, weight: 2000 }
  ],
  'guinea' => [
    { char: '🇬🇶', fitzpatrick_scale: false, weight: 2000 },
    { char: '🇬🇼', fitzpatrick_scale: false, weight: 2000 },
    { char: '🇵🇬', fitzpatrick_scale: false, weight: 2000 }
  ],
  'er' => [ { char: '🇪🇷', fitzpatrick_scale: false, weight: 2000 } ],
  'ee' => [ { char: '🇪🇪', fitzpatrick_scale: false, weight: 2000 } ],
  'et' => [ { char: '🇪🇹', fitzpatrick_scale: false, weight: 2000 } ],
  'union' => [
    { char: '🇪🇺', fitzpatrick_scale: false, weight: 2000 },
    { char: '🇬🇧', fitzpatrick_scale: false, weight: 2000 }
  ],
  'falkland' => [ { char: '🇫🇰', fitzpatrick_scale: false, weight: 2000 } ],
  'malvinas' => [ { char: '🇫🇰', fitzpatrick_scale: false, weight: 2000 } ],
  'faroe' => [ { char: '🇫🇴', fitzpatrick_scale: false, weight: 2000 } ],
  'fj' => [ { char: '🇫🇯', fitzpatrick_scale: false, weight: 2000 } ],
  'fi' => [ { char: '🇫🇮', fitzpatrick_scale: false, weight: 2000 } ],
  'france' => [ { char: '🇫🇷', fitzpatrick_scale: false, weight: 2000 } ],
  'guiana' => [ { char: '🇬🇫', fitzpatrick_scale: false, weight: 2000 } ],
  'polynesia' => [ { char: '🇵🇫', fitzpatrick_scale: false, weight: 2000 } ],
  'southern' => [ { char: '🇹🇫', fitzpatrick_scale: false, weight: 2000 } ],
  'territories' => [
    { char: '🇹🇫', fitzpatrick_scale: false, weight: 2000 },
    { char: '🇵🇸', fitzpatrick_scale: false, weight: 2000 }
  ],
  'ga' => [ { char: '🇬🇦', fitzpatrick_scale: false, weight: 2000 } ],
  'gm' => [ { char: '🇬🇲', fitzpatrick_scale: false, weight: 2000 } ],
  'ge' => [ { char: '🇬🇪', fitzpatrick_scale: false, weight: 2000 } ],
  'german' => [ { char: '🇩🇪', fitzpatrick_scale: false, weight: 2000 } ],
  'gh' => [ { char: '🇬🇭', fitzpatrick_scale: false, weight: 2000 } ],
  'gi' => [ { char: '🇬🇮', fitzpatrick_scale: false, weight: 2000 } ],
  'gr' => [ { char: '🇬🇷', fitzpatrick_scale: false, weight: 2000 } ],
  'gl' => [ { char: '🇬🇱', fitzpatrick_scale: false, weight: 2000 } ],
  'gd' => [ { char: '🇬🇩', fitzpatrick_scale: false, weight: 2000 } ],
  'gp' => [ { char: '🇬🇵', fitzpatrick_scale: false, weight: 2000 } ],
  'gu' => [ { char: '🇬🇺', fitzpatrick_scale: false, weight: 2000 } ],
  'gt' => [ { char: '🇬🇹', fitzpatrick_scale: false, weight: 2000 } ],
  'gg' => [ { char: '🇬🇬', fitzpatrick_scale: false, weight: 2000 } ],
  'gw' => [ { char: '🇬🇼', fitzpatrick_scale: false, weight: 2000 } ],
  'bissau' => [ { char: '🇬🇼', fitzpatrick_scale: false, weight: 2000 } ],
  'gy' => [ { char: '🇬🇾', fitzpatrick_scale: false, weight: 2000 } ],
  'ht' => [ { char: '🇭🇹', fitzpatrick_scale: false, weight: 2000 } ],
  'hn' => [ { char: '🇭🇳', fitzpatrick_scale: false, weight: 2000 } ],
  'hong' => [ { char: '🇭🇰', fitzpatrick_scale: false, weight: 2000 } ],
  'kong' => [ { char: '🇭🇰', fitzpatrick_scale: false, weight: 2000 } ],
  'hu' => [ { char: '🇭🇺', fitzpatrick_scale: false, weight: 2000 } ],
  'is' => [ { char: '🇮🇸', fitzpatrick_scale: false, weight: 2000 } ],
  'iran,' => [ { char: '🇮🇷', fitzpatrick_scale: false, weight: 2000 } ],
  'islamic' => [ { char: '🇮🇷', fitzpatrick_scale: false, weight: 2000 } ],
  'iq' => [ { char: '🇮🇶', fitzpatrick_scale: false, weight: 2000 } ],
  'ie' => [ { char: '🇮🇪', fitzpatrick_scale: false, weight: 2000 } ],
  'isle' => [ { char: '🇮🇲', fitzpatrick_scale: false, weight: 2000 } ],
  'il' => [ { char: '🇮🇱', fitzpatrick_scale: false, weight: 2000 } ],
  'italy' => [ { char: '🇮🇹', fitzpatrick_scale: false, weight: 2000 } ],
  'ivory' => [ { char: '🇨🇮', fitzpatrick_scale: false, weight: 2000 } ],
  'coast' => [ { char: '🇨🇮', fitzpatrick_scale: false, weight: 2000 } ],
  'cote' => [ { char: '🇨🇮', fitzpatrick_scale: false, weight: 2000 } ],
  'divoire' => [ { char: '🇨🇮', fitzpatrick_scale: false, weight: 2000 } ],
  'jm' => [ { char: '🇯🇲', fitzpatrick_scale: false, weight: 2000 } ],
  'je' => [ { char: '🇯🇪', fitzpatrick_scale: false, weight: 2000 } ],
  'jo' => [ { char: '🇯🇴', fitzpatrick_scale: false, weight: 2000 } ],
  'kz' => [ { char: '🇰🇿', fitzpatrick_scale: false, weight: 2000 } ],
  'ke' => [ { char: '🇰🇪', fitzpatrick_scale: false, weight: 2000 } ],
  'ki' => [ { char: '🇰🇮', fitzpatrick_scale: false, weight: 2000 } ],
  'xk' => [ { char: '🇽🇰', fitzpatrick_scale: false, weight: 2000 } ],
  'kw' => [ { char: '🇰🇼', fitzpatrick_scale: false, weight: 2000 } ],
  'kg' => [ { char: '🇰🇬', fitzpatrick_scale: false, weight: 2000 } ],
  'lao' => [ { char: '🇱🇦', fitzpatrick_scale: false, weight: 2000 } ],
  'lv' => [ { char: '🇱🇻', fitzpatrick_scale: false, weight: 2000 } ],
  'lb' => [ { char: '🇱🇧', fitzpatrick_scale: false, weight: 2000 } ],
  'ls' => [ { char: '🇱🇸', fitzpatrick_scale: false, weight: 2000 } ],
  'lr' => [ { char: '🇱🇷', fitzpatrick_scale: false, weight: 2000 } ],
  'ly' => [ { char: '🇱🇾', fitzpatrick_scale: false, weight: 2000 } ],
  'li' => [ { char: '🇱🇮', fitzpatrick_scale: false, weight: 2000 } ],
  'lt' => [ { char: '🇱🇹', fitzpatrick_scale: false, weight: 2000 } ],
  'lu' => [ { char: '🇱🇺', fitzpatrick_scale: false, weight: 2000 } ],
  'macao' => [ { char: '🇲🇴', fitzpatrick_scale: false, weight: 2000 } ],
  'macedonia,' => [ { char: '🇲🇰', fitzpatrick_scale: false, weight: 2000 } ],
  'mg' => [ { char: '🇲🇬', fitzpatrick_scale: false, weight: 2000 } ],
  'mw' => [ { char: '🇲🇼', fitzpatrick_scale: false, weight: 2000 } ],
  'my' => [ { char: '🇲🇾', fitzpatrick_scale: false, weight: 2000 } ],
  'mv' => [ { char: '🇲🇻', fitzpatrick_scale: false, weight: 2000 } ],
  'ml' => [ { char: '🇲🇱', fitzpatrick_scale: false, weight: 2000 } ],
  'mt' => [ { char: '🇲🇹', fitzpatrick_scale: false, weight: 2000 } ],
  'marshall' => [ { char: '🇲🇭', fitzpatrick_scale: false, weight: 2000 } ],
  'mq' => [ { char: '🇲🇶', fitzpatrick_scale: false, weight: 2000 } ],
  'mr' => [ { char: '🇲🇷', fitzpatrick_scale: false, weight: 2000 } ],
  'mu' => [ { char: '🇲🇺', fitzpatrick_scale: false, weight: 2000 } ],
  'yt' => [ { char: '🇾🇹', fitzpatrick_scale: false, weight: 2000 } ],
  'mx' => [ { char: '🇲🇽', fitzpatrick_scale: false, weight: 2000 } ],
  'micronesia,' => [ { char: '🇫🇲', fitzpatrick_scale: false, weight: 2000 } ],
  'federated' => [ { char: '🇫🇲', fitzpatrick_scale: false, weight: 2000 } ],
  'states' => [
    { char: '🇫🇲', fitzpatrick_scale: false, weight: 2000 },
    { char: '🇺🇸', fitzpatrick_scale: false, weight: 2000 }
  ],
  'moldova,' => [ { char: '🇲🇩', fitzpatrick_scale: false, weight: 2000 } ],
  'mc' => [ { char: '🇲🇨', fitzpatrick_scale: false, weight: 2000 } ],
  'mn' => [ { char: '🇲🇳', fitzpatrick_scale: false, weight: 2000 } ],
  'ms' => [ { char: '🇲🇸', fitzpatrick_scale: false, weight: 2000 } ],
  'ma' => [ { char: '🇲🇦', fitzpatrick_scale: false, weight: 2000 } ],
  'mz' => [ { char: '🇲🇿', fitzpatrick_scale: false, weight: 2000 } ],
  'mm' => [ { char: '🇲🇲', fitzpatrick_scale: false, weight: 2000 } ],
  'na' => [ { char: '🇳🇦', fitzpatrick_scale: false, weight: 2000 } ],
  'nr' => [ { char: '🇳🇷', fitzpatrick_scale: false, weight: 2000 } ],
  'np' => [ { char: '🇳🇵', fitzpatrick_scale: false, weight: 2000 } ],
  'nl' => [ { char: '🇳🇱', fitzpatrick_scale: false, weight: 2000 } ],
  'caledonia' => [ { char: '🇳🇨', fitzpatrick_scale: false, weight: 2000 } ],
  'zealand' => [ { char: '🇳🇿', fitzpatrick_scale: false, weight: 2000 } ],
  'ni' => [ { char: '🇳🇮', fitzpatrick_scale: false, weight: 2000 } ],
  'ne' => [ { char: '🇳🇪', fitzpatrick_scale: false, weight: 2000 } ],
  'nu' => [ { char: '🇳🇺', fitzpatrick_scale: false, weight: 2000 } ],
  'norfolk' => [ { char: '🇳🇫', fitzpatrick_scale: false, weight: 2000 } ],
  'northern' => [
    { char: '🇲🇵', fitzpatrick_scale: false, weight: 2000 },
    { char: '🇬🇧', fitzpatrick_scale: false, weight: 2000 }
  ],
  'mariana' => [ { char: '🇲🇵', fitzpatrick_scale: false, weight: 2000 } ],
  'north' => [ { char: '🇰🇵', fitzpatrick_scale: false, weight: 2000 } ],
  'korea' => [
    { char: '🇰🇵', fitzpatrick_scale: false, weight: 2000 },
    { char: '🇰🇷', fitzpatrick_scale: false, weight: 2000 }
  ],
  'om_symbol' => [ { char: '🇴🇲', fitzpatrick_scale: false, weight: 2000 } ],
  'om' => [ { char: '🇴🇲', fitzpatrick_scale: false, weight: 2000 } ],
  'pk' => [ { char: '🇵🇰', fitzpatrick_scale: false, weight: 2000 } ],
  'pw' => [ { char: '🇵🇼', fitzpatrick_scale: false, weight: 2000 } ],
  'palestine' => [ { char: '🇵🇸', fitzpatrick_scale: false, weight: 2000 } ],
  'palestinian' => [ { char: '🇵🇸', fitzpatrick_scale: false, weight: 2000 } ],
  'papua' => [ { char: '🇵🇬', fitzpatrick_scale: false, weight: 2000 } ],
  'py' => [ { char: '🇵🇾', fitzpatrick_scale: false, weight: 2000 } ],
  'pe' => [ { char: '🇵🇪', fitzpatrick_scale: false, weight: 2000 } ],
  'ph' => [ { char: '🇵🇭', fitzpatrick_scale: false, weight: 2000 } ],
  'pitcairn' => [ { char: '🇵🇳', fitzpatrick_scale: false, weight: 2000 } ],
  'pl' => [ { char: '🇵🇱', fitzpatrick_scale: false, weight: 2000 } ],
  'pt' => [ { char: '🇵🇹', fitzpatrick_scale: false, weight: 2000 } ],
  'puerto' => [ { char: '🇵🇷', fitzpatrick_scale: false, weight: 2000 } ],
  'rico' => [ { char: '🇵🇷', fitzpatrick_scale: false, weight: 2000 } ],
  'qa' => [ { char: '🇶🇦', fitzpatrick_scale: false, weight: 2000 } ],
  'reunion' => [ { char: '🇷🇪', fitzpatrick_scale: false, weight: 2000 } ],
  'ro' => [ { char: '🇷🇴', fitzpatrick_scale: false, weight: 2000 } ],
  'russian' => [ { char: '🇷🇺', fitzpatrick_scale: false, weight: 2000 } ],
  'federation' => [ { char: '🇷🇺', fitzpatrick_scale: false, weight: 2000 } ],
  'rw' => [ { char: '🇷🇼', fitzpatrick_scale: false, weight: 2000 } ],
  'saint' => [
    { char: '🇧🇱', fitzpatrick_scale: false, weight: 2000 },
    { char: '🇸🇭', fitzpatrick_scale: false, weight: 2000 },
    { char: '🇰🇳', fitzpatrick_scale: false, weight: 2000 },
    { char: '🇱🇨', fitzpatrick_scale: false, weight: 2000 },
    { char: '🇵🇲', fitzpatrick_scale: false, weight: 2000 },
    { char: '🇻🇨', fitzpatrick_scale: false, weight: 2000 }
  ],
  'st' => [
    { char: '🇧🇱', fitzpatrick_scale: false, weight: 2000 },
    { char: '🇸🇭', fitzpatrick_scale: false, weight: 2000 },
    { char: '🇰🇳', fitzpatrick_scale: false, weight: 2000 },
    { char: '🇱🇨', fitzpatrick_scale: false, weight: 2000 },
    { char: '🇵🇲', fitzpatrick_scale: false, weight: 2000 },
    { char: '🇻🇨', fitzpatrick_scale: false, weight: 2000 }
  ],
  'barthelemy' => [ { char: '🇧🇱', fitzpatrick_scale: false, weight: 2000 } ],
  'helena' => [ { char: '🇸🇭', fitzpatrick_scale: false, weight: 2000 } ],
  'ascension' => [ { char: '🇸🇭', fitzpatrick_scale: false, weight: 2000 } ],
  'tristan' => [ { char: '🇸🇭', fitzpatrick_scale: false, weight: 2000 } ],
  'cunha' => [ { char: '🇸🇭', fitzpatrick_scale: false, weight: 2000 } ],
  'kitts' => [ { char: '🇰🇳', fitzpatrick_scale: false, weight: 2000 } ],
  'nevis' => [ { char: '🇰🇳', fitzpatrick_scale: false, weight: 2000 } ],
  'lucia' => [ { char: '🇱🇨', fitzpatrick_scale: false, weight: 2000 } ],
  'pierre' => [ { char: '🇵🇲', fitzpatrick_scale: false, weight: 2000 } ],
  'miquelon' => [ { char: '🇵🇲', fitzpatrick_scale: false, weight: 2000 } ],
  'vincent' => [ { char: '🇻🇨', fitzpatrick_scale: false, weight: 2000 } ],
  'grenadines' => [ { char: '🇻🇨', fitzpatrick_scale: false, weight: 2000 } ],
  'san' => [ { char: '🇸🇲', fitzpatrick_scale: false, weight: 2000 } ],
  'marino' => [ { char: '🇸🇲', fitzpatrick_scale: false, weight: 2000 } ],
  'sao' => [ { char: '🇸🇹', fitzpatrick_scale: false, weight: 2000 } ],
  'tome' => [ { char: '🇸🇹', fitzpatrick_scale: false, weight: 2000 } ],
  'principe' => [ { char: '🇸🇹', fitzpatrick_scale: false, weight: 2000 } ],
  'saudi' => [ { char: '🇸🇦', fitzpatrick_scale: false, weight: 2000 } ],
  'arabia' => [ { char: '🇸🇦', fitzpatrick_scale: false, weight: 2000 } ],
  'sn' => [ { char: '🇸🇳', fitzpatrick_scale: false, weight: 2000 } ],
  'rs' => [ { char: '🇷🇸', fitzpatrick_scale: false, weight: 2000 } ],
  'sc' => [ { char: '🇸🇨', fitzpatrick_scale: false, weight: 2000 } ],
  'sierra' => [ { char: '🇸🇱', fitzpatrick_scale: false, weight: 2000 } ],
  'leone' => [ { char: '🇸🇱', fitzpatrick_scale: false, weight: 2000 } ],
  'sg' => [ { char: '🇸🇬', fitzpatrick_scale: false, weight: 2000 } ],
  'sint' => [ { char: '🇸🇽', fitzpatrick_scale: false, weight: 2000 } ],
  'maarten' => [ { char: '🇸🇽', fitzpatrick_scale: false, weight: 2000 } ],
  'dutch' => [ { char: '🇸🇽', fitzpatrick_scale: false, weight: 2000 } ],
  'sk' => [ { char: '🇸🇰', fitzpatrick_scale: false, weight: 2000 } ],
  'si' => [ { char: '🇸🇮', fitzpatrick_scale: false, weight: 2000 } ],
  'solomon' => [ { char: '🇸🇧', fitzpatrick_scale: false, weight: 2000 } ],
  'so' => [ { char: '🇸🇴', fitzpatrick_scale: false, weight: 2000 } ],
  'south' => [
    { char: '🇿🇦', fitzpatrick_scale: false, weight: 2000 },
    { char: '🇬🇸', fitzpatrick_scale: false, weight: 2000 },
    { char: '🇰🇷', fitzpatrick_scale: false, weight: 2000 },
    { char: '🇸🇸', fitzpatrick_scale: false, weight: 2000 }
  ],
  'georgia' => [ { char: '🇬🇸', fitzpatrick_scale: false, weight: 2000 } ],
  'sandwich' => [ { char: '🇬🇸', fitzpatrick_scale: false, weight: 2000 } ],
  'sd' => [
    { char: '🇸🇸', fitzpatrick_scale: false, weight: 2000 },
    { char: '🇸🇩', fitzpatrick_scale: false, weight: 2000 }
  ],
  'sudan' => [ { char: '🇸🇸', fitzpatrick_scale: false, weight: 2000 } ],
  'spain' => [ { char: '🇪🇸', fitzpatrick_scale: false, weight: 2000 } ],
  'sri' => [ { char: '🇱🇰', fitzpatrick_scale: false, weight: 2000 } ],
  'lanka' => [ { char: '🇱🇰', fitzpatrick_scale: false, weight: 2000 } ],
  'sr' => [ { char: '🇸🇷', fitzpatrick_scale: false, weight: 2000 } ],
  'sz' => [ { char: '🇸🇿', fitzpatrick_scale: false, weight: 2000 } ],
  'se' => [ { char: '🇸🇪', fitzpatrick_scale: false, weight: 2000 } ],
  'ch' => [ { char: '🇨🇭', fitzpatrick_scale: false, weight: 2000 } ],
  'syrian' => [ { char: '🇸🇾', fitzpatrick_scale: false, weight: 2000 } ],
  'arab' => [
    { char: '🇸🇾', fitzpatrick_scale: false, weight: 2000 },
    { char: '🇦🇪', fitzpatrick_scale: false, weight: 2000 }
  ],
  'tw' => [ { char: '🇹🇼', fitzpatrick_scale: false, weight: 2000 } ],
  'tj' => [ { char: '🇹🇯', fitzpatrick_scale: false, weight: 2000 } ],
  'tanzania,' => [ { char: '🇹🇿', fitzpatrick_scale: false, weight: 2000 } ],
  'united' => [
    { char: '🇹🇿', fitzpatrick_scale: false, weight: 2000 },
    { char: '🇦🇪', fitzpatrick_scale: false, weight: 2000 },
    { char: '🇬🇧', fitzpatrick_scale: false, weight: 2000 },
    { char: '🇺🇸', fitzpatrick_scale: false, weight: 2000 },
    { char: '🇺🇳', fitzpatrick_scale: false, weight: 2000 }
  ],
  'timor' => [ { char: '🇹🇱', fitzpatrick_scale: false, weight: 2000 } ],
  'leste' => [ { char: '🇹🇱', fitzpatrick_scale: false, weight: 2000 } ],
  'tg' => [ { char: '🇹🇬', fitzpatrick_scale: false, weight: 2000 } ],
  'tk' => [ { char: '🇹🇰', fitzpatrick_scale: false, weight: 2000 } ],
  'to' => [ { char: '🇹🇴', fitzpatrick_scale: false, weight: 2000 } ],
  'trinidad' => [ { char: '🇹🇹', fitzpatrick_scale: false, weight: 2000 } ],
  'tobago' => [ { char: '🇹🇹', fitzpatrick_scale: false, weight: 2000 } ],
  'tn' => [ { char: '🇹🇳', fitzpatrick_scale: false, weight: 2000 } ],
  'turks' => [ { char: '🇹🇨', fitzpatrick_scale: false, weight: 2000 } ],
  'caicos' => [ { char: '🇹🇨', fitzpatrick_scale: false, weight: 2000 } ],
  'ug' => [ { char: '🇺🇬', fitzpatrick_scale: false, weight: 2000 } ],
  'ua' => [ { char: '🇺🇦', fitzpatrick_scale: false, weight: 2000 } ],
  'emirates' => [ { char: '🇦🇪', fitzpatrick_scale: false, weight: 2000 } ],
  'kingdom' => [ { char: '🇬🇧', fitzpatrick_scale: false, weight: 2000 } ],
  'great' => [ { char: '🇬🇧', fitzpatrick_scale: false, weight: 2000 } ],
  'britain' => [ { char: '🇬🇧', fitzpatrick_scale: false, weight: 2000 } ],
  'ireland' => [ { char: '🇬🇧', fitzpatrick_scale: false, weight: 2000 } ],
  'english' => [
    { char: '🇬🇧', fitzpatrick_scale: false, weight: 2000 },
    { char: '🏴󠁧󠁢󠁥󠁮󠁧󠁿', fitzpatrick_scale: false, weight: 2000 }
  ],
  'union jack' => [ { char: '🇬🇧', fitzpatrick_scale: false, weight: 2000 } ],
  'scottish' => [
    { char: '🏴󠁧󠁢󠁳󠁣󠁴󠁿', fitzpatrick_scale: false, weight: 2000 }
  ],
  'welsh' => [
    { char: '🏴󠁧󠁢󠁷󠁬󠁳󠁿', fitzpatrick_scale: false, weight: 2000 }
  ],
  'america' => [ { char: '🇺🇸', fitzpatrick_scale: false, weight: 2000 } ],
  'us' => [ { char: '🇻🇮', fitzpatrick_scale: false, weight: 2000 } ],
  'uy' => [ { char: '🇺🇾', fitzpatrick_scale: false, weight: 2000 } ],
  'uz' => [ { char: '🇺🇿', fitzpatrick_scale: false, weight: 2000 } ],
  'vu' => [ { char: '🇻🇺', fitzpatrick_scale: false, weight: 2000 } ],
  'vatican' => [ { char: '🇻🇦', fitzpatrick_scale: false, weight: 2000 } ],
  've' => [ { char: '🇻🇪', fitzpatrick_scale: false, weight: 2000 } ],
  'bolivarian' => [ { char: '🇻🇪', fitzpatrick_scale: false, weight: 2000 } ],
  'viet' => [ { char: '🇻🇳', fitzpatrick_scale: false, weight: 2000 } ],
  'nam' => [ { char: '🇻🇳', fitzpatrick_scale: false, weight: 2000 } ],
  'wallis' => [ { char: '🇼🇫', fitzpatrick_scale: false, weight: 2000 } ],
  'futuna' => [ { char: '🇼🇫', fitzpatrick_scale: false, weight: 2000 } ],
  'western' => [ { char: '🇪🇭', fitzpatrick_scale: false, weight: 2000 } ],
  'sahara' => [ { char: '🇪🇭', fitzpatrick_scale: false, weight: 2000 } ],
  'ye' => [ { char: '🇾🇪', fitzpatrick_scale: false, weight: 2000 } ],
  'zm' => [ { char: '🇿🇲', fitzpatrick_scale: false, weight: 2000 } ],
  'zw' => [ { char: '🇿🇼', fitzpatrick_scale: false, weight: 2000 } ],
  'un' => [ { char: '🇺🇳', fitzpatrick_scale: false, weight: 2000 } ],
  'nations' => [ { char: '🇺🇳', fitzpatrick_scale: false, weight: 2000 } ]
}
 finding similar words to:  score
 finding similar words to:  perfect
 finding similar words to:  numbers
 finding similar words to:  century
 finding similar words to:  exam
 finding similar words to:  quiz
 finding similar words to:  test
 finding similar words to:  pass
 finding similar words to:  hundred
 finding similar words to:  blue-square
 finding similar words to:  blue
 finding similar words to:  square
 finding similar words to:  face
 finding similar words to:  smile
 finding similar words to:  happy
 finding similar words to:  joy
 finding similar words to:  :d
 finding similar words to:  grin
 finding similar words to:  grimace
 finding similar words to:  teeth
 finding similar words to:  kawaii
 finding similar words to:  cry
 finding similar words to:  tears
 finding similar words to:  weep
 finding similar words to:  happytears
 finding similar words to:  haha
 finding similar words to:  rolling
 finding similar words to:  floor
 finding similar words to:  laughing
 finding similar words to:  lol
 finding similar words to:  celebration
 finding similar words to:  woohoo
 finding similar words to:  :)
 finding similar words to:  funny
 finding similar words to:  laugh
 finding similar words to:  like
 finding similar words to:  hot
 finding similar words to:  sweat
 finding similar words to:  relief
 finding similar words to:  satisfied
 finding similar words to:  glad
 finding similar words to:  xd
 finding similar words to:  angel
 finding similar words to:  heaven
 finding similar words to:  halo
 finding similar words to:  mischievous
 finding similar words to:  secret
 finding similar words to:  ;)
 finding similar words to:  eye
 finding similar words to:  flushed
 finding similar words to:  crush
 finding similar words to:  embarrassed
 finding similar words to:  shy
 finding similar words to:  slightly
 finding similar words to:  smiling
 finding similar words to:  flipped
 finding similar words to:  silly
 finding similar words to:  upside
 finding similar words to:  down
 finding similar words to:  blush
 finding similar words to:  massage
 finding similar words to:  happiness
 finding similar words to:  tongue
 finding similar words to:  yummy
 finding similar words to:  nom
 finding similar words to:  delicious
 finding similar words to:  savouring
 finding similar words to:  relaxed
 finding similar words to:  phew
 finding similar words to:  love
 finding similar words to:  affection
 finding similar words to:  valentines
 finding similar words to:  infatuation
 finding similar words to:  heart
 finding similar words to:  eyes
 finding similar words to:  hearts
 finding similar words to:  adore
 finding similar words to:  with
 finding similar words to:  three
 finding similar words to:  kiss
 finding similar words to:  kissing
 finding similar words to:  3
 finding similar words to:  closed
 finding similar words to:  prank
 finding similar words to:  childish
 finding similar words to:  playful
 finding similar words to:  wink
 finding similar words to:  stuck
 finding similar words to:  out
 finding similar words to:  winking
 finding similar words to:  goofy
 finding similar words to:  crazy
 finding similar words to:  distrust
 finding similar words to:  scepticism
 finding similar words to:  disapproval
 finding similar words to:  disbelief
 finding similar words to:  surprise
 finding similar words to:  raised
 finding similar words to:  eyebrow
 finding similar words to:  stuffy
 finding similar words to:  wealthy
 finding similar words to:  rich
 finding similar words to:  dollar
 finding similar words to:  money
 finding similar words to:  mouth
 finding similar words to:  nerdy
 finding similar words to:  geek
 finding similar words to:  dork
 finding similar words to:  nerd
 finding similar words to:  cool
 finding similar words to:  summer
 finding similar words to:  beach
 finding similar words to:  sunglass
 finding similar words to:  starry
 finding similar words to:  grinning
 finding similar words to:  star
 finding similar words to:  struck
 finding similar words to:  clown
 finding similar words to:  cowgirl
 finding similar words to:  hat
 finding similar words to:  cowboy
 finding similar words to:  hug
 finding similar words to:  mean
 finding similar words to:  smug
 finding similar words to:  sarcasm
 finding similar words to:  hellokitty
 finding similar words to:  no
 finding similar words to:  indifference
 finding similar words to:  meh
 finding similar words to:  :|
 finding similar words to:  neutral
 finding similar words to:  indifferent
 finding similar words to:  -_-
 finding similar words to:  deadpan
 finding similar words to:  
 finding similar words to:  bored
 finding similar words to:  straight face
 finding similar words to:  serious
 finding similar words to:  unimpressed
 finding similar words to:  skeptical
 finding similar words to:  dubious
 finding similar words to:  side_eye
 finding similar words to:  straight
 finding similar words to:  side
 finding similar words to:  eyeroll
 finding similar words to:  frustrated
 finding similar words to:  roll
 finding similar words to:  hmmm
 finding similar words to:  think
 finding similar words to:  consider
 finding similar words to:  lie
 finding similar words to:  pinocchio
 finding similar words to:  lying
 finding similar words to:  whoops
 finding similar words to:  shock
 finding similar words to:  hand
 finding similar words to:  over
 finding similar words to:  quiet
 finding similar words to:  shhh
 finding similar words to:  swearing
 finding similar words to:  cursing
 finding similar words to:  cussing
 finding similar words to:  profanity
 finding similar words to:  expletive
 finding similar words to:  symbols
 finding similar words to:  shocked
 finding similar words to:  mind
 finding similar words to:  blown
 finding similar words to:  exploding
 finding similar words to:  head
 finding similar words to:  flattered
 finding similar words to:  sad
 finding similar words to:  upset
 finding similar words to:  depressed
 finding similar words to:  :(
 finding similar words to:  concern
 finding similar words to:  nervous
 finding similar words to:  mad
 finding similar words to:  annoyed
 finding similar words to:  angry
 finding similar words to:  hate
 finding similar words to:  despise
 finding similar words to:  huh
 finding similar words to:  weird
 finding similar words to:  :/
 finding similar words to:  frowning
 finding similar words to:  disappointed
 finding similar words to:  frown
 finding similar words to:  sick
 finding similar words to:  oops
 finding similar words to:  confused
 finding similar words to:  unwell
 finding similar words to:  :s
 finding similar words to:  whine
 finding similar words to:  tired
 finding similar words to:  sleepy
 finding similar words to:  begging
 finding similar words to:  mercy
 finding similar words to:  gas
 finding similar words to:  proud
 finding similar words to:  pride
 finding similar words to:  impressed
 finding similar words to:  wow
 finding similar words to:  whoa
 finding similar words to:  :o
 finding similar words to:  open
 finding similar words to:  munch
 finding similar words to:  scared
 finding similar words to:  omg
 finding similar words to:  terrified
 finding similar words to:  cold
 finding similar words to:  woo
 finding similar words to:  shh
 finding similar words to:  aw
 finding similar words to:  what
 finding similar words to:  stunned
 finding similar words to:  :'(
 finding similar words to:  relieved
 finding similar words to:  drooling
 finding similar words to:  rest
 finding similar words to:  nap
 finding similar words to:  exercise
 finding similar words to:  feverish
 finding similar words to:  heat
 finding similar words to:  red
 finding similar words to:  sweating
 finding similar words to:  freezing
 finding similar words to:  frozen
 finding similar words to:  frostbite
 finding similar words to:  icicles
 finding similar words to:  spent
 finding similar words to:  unconscious
 finding similar words to:  xox
 finding similar words to:  dizzy
 finding similar words to:  surprised
 finding similar words to:  poisoned
 finding similar words to:  sealed
 finding similar words to:  zipper
 finding similar words to:  vomit
 finding similar words to:  gross
 finding similar words to:  green
 finding similar words to:  throw up
 finding similar words to:  ill
 finding similar words to:  throw
 finding similar words to:  up
 finding similar words to:  nauseated
 finding similar words to:  gesundheit
 finding similar words to:  sneeze
 finding similar words to:  allergy
 finding similar words to:  sneezing
 finding similar words to:  disease
 finding similar words to:  temperature
 finding similar words to:  thermometer
 finding similar words to:  fever
 finding similar words to:  injured
 finding similar words to:  clumsy
 finding similar words to:  bandage
 finding similar words to:  hurt
 finding similar words to:  intoxicated
 finding similar words to:  tipsy
 finding similar words to:  wavy
 finding similar words to:  night
 finding similar words to:  zzz
 finding similar words to:  dream
 finding similar words to:  hankey
 finding similar words to:  shitface
 finding similar words to:  fail
 finding similar words to:  turd
 finding similar words to:  shit
 finding similar words to:  devil
 finding similar words to:  horns
 finding similar words to:  imp
 finding similar words to:  monster
 finding similar words to:  mask
 finding similar words to:  halloween
 finding similar words to:  scary
 finding similar words to:  creepy
 finding similar words to:  demon
 finding similar words to:  japanese
 finding similar words to:  ogre
 finding similar words to:  evil
 finding similar words to:  goblin
 finding similar words to:  dead
 finding similar words to:  skeleton
 finding similar words to:  death
 finding similar words to:  spooky
 finding similar words to:  ufo
 finding similar words to:  paul
 finding similar words to:  outer_space
 finding similar words to:  outer
 finding similar words to:  space
 finding similar words to:  computer
 finding similar words to:  machine
 finding similar words to:  bot
 finding similar words to:  animal
 finding similar words to:  cats
 finding similar words to:  smiley
 finding similar words to:  cat
 finding similar words to:  smirk
 finding similar words to:  scream
 finding similar words to:  crying
 finding similar words to:  pouting
 finding similar words to:  hands
 finding similar words to:  gesture
 finding similar words to:  cupped
 finding similar words to:  prayer
 finding similar words to:  palms
 finding similar words to:  hooray
 finding similar words to:  yea
 finding similar words to:  praise
 finding similar words to:  applause
 finding similar words to:  congrats
 finding similar words to:  yay
 finding similar words to:  goodbye
 finding similar words to:  solong
 finding similar words to:  farewell
 finding similar words to:  hello
 finding similar words to:  hi
 finding similar words to:  palm
 finding similar words to:  call
 finding similar words to:  me
 finding similar words to:  thumbsup
 finding similar words to:  yes
 finding similar words to:  awesome
 finding similar words to:  good
 finding similar words to:  agree
 finding similar words to:  accept
 finding similar words to:  thumbsdown
 finding similar words to:  dislike
 finding similar words to:  1
 finding similar words to:  violence
 finding similar words to:  fist
 finding similar words to:  hit
 finding similar words to:  attack
 finding similar words to:  fingers
 finding similar words to:  grasp
 finding similar words to:  fistbump
 finding similar words to:  left
 finding similar words to:  right
 finding similar words to:  ohyeah
 finding similar words to:  peace
 finding similar words to:  victory
 finding similar words to:  two
 finding similar words to:  limbs
 finding similar words to:  ok
 finding similar words to:  okay
 finding similar words to:  stop
 finding similar words to:  highfive
 finding similar words to:  ban
 finding similar words to:  backhand
 finding similar words to:  back
 finding similar words to:  of
 finding similar words to:  butterfly
 finding similar words to:  arm
 finding similar words to:  flex
 finding similar words to:  strong
 finding similar words to:  biceps
 finding similar words to:  please
 finding similar words to:  hope
 finding similar words to:  wish
 finding similar words to:  namaste
 finding similar words to:  kick
 finding similar words to:  stomp
 finding similar words to:  limb
 finding similar words to:  agreement
 finding similar words to:  shake
 finding similar words to:  direction
 finding similar words to:  point
 finding similar words to:  2
 finding similar words to:  rude
 finding similar words to:  middle
 finding similar words to:  flipping
 finding similar words to:  splayed
 finding similar words to:  you
 finding similar words to:  evil_eye
 finding similar words to:  sign_of_horns
 finding similar words to:  rock_on
 finding similar words to:  sign
 finding similar words to:  rock
 finding similar words to:  on
 finding similar words to:  lucky
 finding similar words to:  crossed
 finding similar words to:  spock
 finding similar words to:  star trek
 finding similar words to:  trek
 finding similar words to:  vulcan
 finding similar words to:  salute
 finding similar words to:  lower_left_ballpoint_pen
 finding similar words to:  stationery
 finding similar words to:  write
 finding similar words to:  compose
 finding similar words to:  lower
 finding similar words to:  ballpoint
 finding similar words to:  pen
 finding similar words to:  writing
 finding similar words to:  camera
 finding similar words to:  phone
 finding similar words to:  beauty
 finding similar words to:  manicure
 finding similar words to:  finger
 finding similar words to:  fashion
 finding similar words to:  nail
 finding similar words to:  care
 finding similar words to:  dentist
 finding similar words to:  hear
 finding similar words to:  sound
 finding similar words to:  listen
 finding similar words to:  smell
 finding similar words to:  sniff
 finding similar words to:  look
 finding similar words to:  see
 finding similar words to:  watch
 finding similar words to:  stare
 finding similar words to:  stalk
 finding similar words to:  peek
 finding similar words to:  smart
 finding similar words to:  intelligent
 finding similar words to:  user
 finding similar words to:  person
 finding similar words to:  human
 finding similar words to:  bust
 finding similar words to:  in
 finding similar words to:  silhouette
 finding similar words to:  group
 finding similar words to:  team
 finding similar words to:  busts
 finding similar words to:  sing
 finding similar words to:  say
 finding similar words to:  talk
 finding similar words to:  speaking
 finding similar words to:  child
 finding similar words to:  boy
 finding similar words to:  girl
 finding similar words to:  toddler
 finding similar words to:  gender-neutral
 finding similar words to:  young
 finding similar words to:  gender
 finding similar words to:  man
 finding similar words to:  male
 finding similar words to:  guy
 finding similar words to:  teenager
 finding similar words to:  female
 finding similar words to:  woman
 finding similar words to:  mustache
 finding similar words to:  father
 finding similar words to:  dad
 finding similar words to:  classy
 finding similar words to:  sir
 finding similar words to:  moustache
 finding similar words to:  girls
 finding similar words to:  lady
 finding similar words to:  blonde
 finding similar words to:  bewhiskered
 finding similar words to:  bearded
 finding similar words to:  elder
 finding similar words to:  senior
 finding similar words to:  older
 finding similar words to:  adult
 finding similar words to:  men
 finding similar words to:  old
 finding similar words to:  women
 finding similar words to:  chinese
 finding similar words to:  gua
 finding similar words to:  pi
 finding similar words to:  mao
 finding similar words to:  hijab
 finding similar words to:  mantilla
 finding similar words to:  tichel
 finding similar words to:  headscarf
 finding similar words to:  indian
 finding similar words to:  hinduism
 finding similar words to:  arabs
 finding similar words to:  turban
 finding similar words to:  police
 finding similar words to:  law
 finding similar words to:  legal
 finding similar words to:  enforcement
 finding similar words to:  arrest
 finding similar words to:  911
 finding similar words to:  wip
 finding similar words to:  build
 finding similar words to:  construction
 finding similar words to:  worker
 finding similar words to:  labor
 finding similar words to:  uk
 finding similar words to:  gb
 finding similar words to:  british
 finding similar words to:  royal
 finding similar words to:  spy
 finding similar words to:  detective
 finding similar words to:  doctor
 finding similar words to:  nurse
 finding similar words to:  therapist
 finding similar words to:  healthcare
 finding similar words to:  health
 finding similar words to:  rancher
 finding similar words to:  gardener
 finding similar words to:  farmer
 finding similar words to:  chef
 finding similar words to:  cook
 finding similar words to:  graduate
 finding similar words to:  student
 finding similar words to:  rockstar
 finding similar words to:  entertainer
 finding similar words to:  singer
 finding similar words to:  instructor
 finding similar words to:  professor
 finding similar words to:  teacher
 finding similar words to:  assembly
 finding similar words to:  industrial
 finding similar words to:  factory
 finding similar words to:  coder
 finding similar words to:  developer
 finding similar words to:  engineer
 finding similar words to:  programmer
 finding similar words to:  software
 finding similar words to:  laptop
 finding similar words to:  technologist
 finding similar words to:  business
 finding similar words to:  manager
 finding similar words to:  office
 finding similar words to:  plumber
 finding similar words to:  wrench
 finding similar words to:  mechanic
 finding similar words to:  biologist
 finding similar words to:  chemist
 finding similar words to:  physicist
 finding similar words to:  scientist
 finding similar words to:  painter
 finding similar words to:  artist
 finding similar words to:  fireman
 finding similar words to:  firefighter
 finding similar words to:  aviator
 finding similar words to:  plane
 finding similar words to:  pilot
 finding similar words to:  rocket
 finding similar words to:  astronaut
 finding similar words to:  justice
 finding similar words to:  court
 finding similar words to:  judge
 finding similar words to:  heroine
 finding similar words to:  superpowers
 finding similar words to:  superhero
 finding similar words to:  hero
 finding similar words to:  bad
 finding similar words to:  criminal
 finding similar words to:  supervillain
 finding similar words to:  xmas
 finding similar words to:  mother christmas
 finding similar words to:  mother
 finding similar words to:  christmas
 finding similar words to:  mrs
 finding similar words to:  claus
 finding similar words to:  festival
 finding similar words to:  father christmas
 finding similar words to:  mage
 finding similar words to:  witch
 finding similar words to:  sorcerer
 finding similar words to:  elf
 finding similar words to:  vampire
 finding similar words to:  dracula
 finding similar words to:  undead
 finding similar words to:  walking dead
 finding similar words to:  walking
 finding similar words to:  zombie
 finding similar words to:  genie
 finding similar words to:  merwoman
 finding similar words to:  ariel
 finding similar words to:  triton
 finding similar words to:  fairy
 finding similar words to:  wings
 finding similar words to:  baby
 finding similar words to:  pregnant
 finding similar words to:  nursing
 finding similar words to:  blond
 finding similar words to:  crown
 finding similar words to:  queen
 finding similar words to:  king
 finding similar words to:  couple
 finding similar words to:  marriage
 finding similar words to:  wedding
 finding similar words to:  bride
 finding similar words to:  veil
 finding similar words to:  groom
 finding similar words to:  tuxedo
 finding similar words to:  race
 finding similar words to:  running
 finding similar words to:  feet
 finding similar words to:  steps
 finding similar words to:  fun
 finding similar words to:  dancer
 finding similar words to:  dancing
 finding similar words to:  bunny
 finding similar words to:  boys
 finding similar words to:  pair
 finding similar words to:  people
 finding similar words to:  date
 finding similar words to:  dating
 finding similar words to:  bromance
 finding similar words to:  friendship
 finding similar words to:  holding
 finding similar words to:  bowing
 finding similar words to:  facepalming
 finding similar words to:  doubt
 finding similar words to:  shrugging
 finding similar words to:  information
 finding similar words to:  tipping
 finding similar words to:  nope
 finding similar words to:  pink
 finding similar words to:  raising
 finding similar words to:  discouraged
 finding similar words to:  unhappy
 finding similar words to:  haircut
 finding similar words to:  spa
 finding similar words to:  steamroom
 finding similar words to:  sauna
 finding similar words to:  steamy
 finding similar words to:  room
 finding similar words to:  couplekiss
 finding similar words to:  home
 finding similar words to:  parents
 finding similar words to:  mom
 finding similar words to:  family
 finding similar words to:  children
 finding similar words to:  parent
 finding similar words to:  ball
 finding similar words to:  crochet
 finding similar words to:  knit
 finding similar words to:  needle
 finding similar words to:  sewing
 finding similar words to:  spool
 finding similar words to:  string
 finding similar words to:  jacket
 finding similar words to:  experiment
 finding similar words to:  shopping_bags
 finding similar words to:  shopping
 finding similar words to:  bags
 finding similar words to:  womans
 finding similar words to:  clothes
 finding similar words to:  cloth
 finding similar words to:  casual
 finding similar words to:  shirt
 finding similar words to:  tee
 finding similar words to:  suitup
 finding similar words to:  formal
 finding similar words to:  swimming
 finding similar words to:  dress
 finding similar words to:  lips
 finding similar words to:  tracking
 finding similar words to:  ballet
 finding similar words to:  slip-on
 finding similar words to:  slipper
 finding similar words to:  slip
 finding similar words to:  flat
 finding similar words to:  shoe
 finding similar words to:  shoes
 finding similar words to:  pumps
 finding similar words to:  stiletto
 finding similar words to:  high
 finding similar words to:  heel
 finding similar words to:  flip flops
 finding similar words to:  flip
 finding similar words to:  flops
 finding similar words to:  mans
 finding similar words to:  sports
 finding similar words to:  sneakers
 finding similar words to:  athletic
 finding similar words to:  backpacking
 finding similar words to:  camping
 finding similar words to:  hiking
 finding similar words to:  boot
 finding similar words to:  stockings
 finding similar words to:  winter
 finding similar words to:  neck
 finding similar words to:  accessories
 finding similar words to:  spring
 finding similar words to:  magic
 finding similar words to:  gentleman
 finding similar words to:  circus
 finding similar words to:  cap
 finding similar words to:  baseball
 finding similar words to:  billed
 finding similar words to:  rescue
 finding similar words to:  helmet
 finding similar words to:  school
 finding similar words to:  college
 finding similar words to:  degree
 finding similar words to:  university
 finding similar words to:  graduation
 finding similar words to:  learn
 finding similar words to:  education
 finding similar words to:  mortar
 finding similar words to:  board
 finding similar words to:  kod
 finding similar words to:  leader
 finding similar words to:  royalty
 finding similar words to:  lord
 finding similar words to:  bag
 finding similar words to:  backpack
 finding similar words to:  satchel
 finding similar words to:  packing
 finding similar words to:  travel
 finding similar words to:  sales
 finding similar words to:  accessory
 finding similar words to:  documents
 finding similar words to:  work
 finding similar words to:  job
 finding similar words to:  career
 finding similar words to:  eyesight
 finding similar words to:  dark
 finding similar words to:  sunglasses
 finding similar words to:  protection
 finding similar words to:  safety
 finding similar words to:  propose
 finding similar words to:  diamond
 finding similar words to:  jewelry
 finding similar words to:  gem
 finding similar words to:  engagement
 finding similar words to:  weather
 finding similar words to:  rain
 finding similar words to:  drizzle
 finding similar words to:  umbrella
 finding similar words to:  friend
 finding similar words to:  nature
 finding similar words to:  woof
 finding similar words to:  puppy
 finding similar words to:  pet
 finding similar words to:  faithful
 finding similar words to:  meow
 finding similar words to:  kitten
 finding similar words to:  cheese_wedge
 finding similar words to:  rodent
 finding similar words to:  cheese
 finding similar words to:  wedge
 finding similar words to:  fox
 finding similar words to:  wild
 finding similar words to:  panda
 finding similar words to:  danger
 finding similar words to:  roar
 finding similar words to:  beef
 finding similar words to:  ox
 finding similar words to:  moo
 finding similar words to:  milk
 finding similar words to:  oink
 finding similar words to:  pig
 finding similar words to:  nose
 finding similar words to:  croak
 finding similar words to:  toad
 finding similar words to:  ocean
 finding similar words to:  sea
 finding similar words to:  creature
 finding similar words to:  seafood
 finding similar words to:  monkey
 finding similar words to:  speak
 finding similar words to:  banana
 finding similar words to:  cluck
 finding similar words to:  bird
 finding similar words to:  fly
 finding similar words to:  tweet
 finding similar words to:  chicken
 finding similar words to:  chick
 finding similar words to:  egg
 finding similar words to:  born
 finding similar words to:  hatching
 finding similar words to:  hatched
 finding similar words to:  mallard
 finding similar words to:  hoot
 finding similar words to:  blind
 finding similar words to:  brown
 finding similar words to:  mystical
 finding similar words to:  insect
 finding similar words to:  bug
 finding similar words to:  honey
 finding similar words to:  worm
 finding similar words to:  caterpillar
 finding similar words to:  slow
 finding similar words to:  shell
 finding similar words to:  ladybug
 finding similar words to:  cricket
 finding similar words to:  chirp
 finding similar words to:  arachnid
 finding similar words to:  crustacean
 finding similar words to:  hiss
 finding similar words to:  python
 finding similar words to:  reptile
 finding similar words to:  dinosaur
 finding similar words to:  tyrannosaurus
 finding similar words to:  extinct
 finding similar words to:  t
 finding similar words to:  rex
 finding similar words to:  brachiosaurus
 finding similar words to:  brontosaurus
 finding similar words to:  diplodocus
 finding similar words to:  tortoise
 finding similar words to:  swim
 finding similar words to:  nemo
 finding similar words to:  tropical
 finding similar words to:  fish
 finding similar words to:  food
 finding similar words to:  flipper
 finding similar words to:  fins
 finding similar words to:  jaws
 finding similar words to:  lizard
 finding similar words to:  alligator
 finding similar words to:  stripes
 finding similar words to:  safari
 finding similar words to:  cow
 finding similar words to:  water
 finding similar words to:  buffalo
 finding similar words to:  venison
 finding similar words to:  desert
 finding similar words to:  hump
 finding similar words to:  dromedary
 finding similar words to:  camel
 finding similar words to:  spots
 finding similar words to:  th
 finding similar words to:  horn
 finding similar words to:  sheep
 finding similar words to:  wool
 finding similar words to:  shipit
 finding similar words to:  gamble
 finding similar words to:  luck
 finding similar words to:  mouse
 finding similar words to:  doge
 finding similar words to:  dog
 finding similar words to:  101
 finding similar words to:  squirrel
 finding similar words to:  spiny
 finding similar words to:  alpaca
 finding similar words to:  australia
 finding similar words to:  joey
 finding similar words to:  hop
 finding similar words to:  marsupial
 finding similar words to:  peahen
 finding similar words to:  pirate
 finding similar words to:  bisque
 finding similar words to:  claws
 finding similar words to:  malaria
 finding similar words to:  footprints
 finding similar words to:  paw
 finding similar words to:  prints
 finding similar words to:  myth
 finding similar words to:  dragon
 finding similar words to:  vegetable
 finding similar words to:  plant
 finding similar words to:  vacation
 finding similar words to:  december
 finding similar words to:  tree
 finding similar words to:  evergreen
 finding similar words to:  deciduous
 finding similar words to:  mojito
 finding similar words to:  grass
 finding similar words to:  lawn
 finding similar words to:  medicine
 finding similar words to:  weed
 finding similar words to:  irish
 finding similar words to:  clover
 finding similar words to:  four
 finding similar words to:  leaf
 finding similar words to:  pine_decoration
 finding similar words to:  pine
 finding similar words to:  decoration
 finding similar words to:  branch
 finding similar words to:  tanabata
 finding similar words to:  leaves
 finding similar words to:  fallen
 finding similar words to:  ca
 finding similar words to:  fall
 finding similar words to:  maple
 finding similar words to:  ear
 finding similar words to:  rice
 finding similar words to:  flowers
 finding similar words to:  flower
 finding similar words to:  wilted
 finding similar words to:  yellow
 finding similar words to:  cherry
 finding similar words to:  blossom
 finding similar words to:  light
 finding similar words to:  pumpkin
 finding similar words to:  jack
 finding similar words to:  o
 finding similar words to:  lantern
 finding similar words to:  silk
 finding similar words to:  spider
 finding similar words to:  web
 finding similar words to:  globe
 finding similar words to:  world
 finding similar words to:  usa
 finding similar words to:  international
 finding similar words to:  earth
 finding similar words to:  americas
 finding similar words to:  africa
 finding similar words to:  east
 finding similar words to:  asia
 finding similar words to:  twilight
 finding similar words to:  planet
 finding similar words to:  evening
 finding similar words to:  sleep
 finding similar words to:  full
 finding similar words to:  moon
 finding similar words to:  waxing_gibbous_moon
 finding similar words to:  waxing
 finding similar words to:  gibbous
 finding similar words to:  waning
 finding similar words to:  last
 finding similar words to:  quarter
 finding similar words to:  crescent
 finding similar words to:  new
 finding similar words to:  first
 finding similar words to:  sky
 finding similar words to:  gray
 finding similar words to:  morning
 finding similar words to:  sun
 finding similar words to:  sparkle
 finding similar words to:  shoot
 finding similar words to:  stars
 finding similar words to:  shine
 finding similar words to:  shiny
 finding similar words to:  brightness
 finding similar words to:  behind
 finding similar words to:  small
 finding similar words to:  cloud
 finding similar words to:  cloudy
 finding similar words to:  partly
 finding similar words to:  sunny
 finding similar words to:  large
 finding similar words to:  lightning
 finding similar words to:  and
 finding similar words to:  thunder
 finding similar words to:  lightning bolt
 finding similar words to:  fast
 finding similar words to:  bolt
 finding similar words to:  flame
 finding similar words to:  bomb
 finding similar words to:  explode
 finding similar words to:  explosion
 finding similar words to:  collision
 finding similar words to:  season
 finding similar words to:  snow
 finding similar words to:  without_snow
 finding similar words to:  without
 finding similar words to:  snowman
 finding similar words to:  gust
 finding similar words to:  air
 finding similar words to:  wind
 finding similar words to:  shoo
 finding similar words to:  fart
 finding similar words to:  smoke
 finding similar words to:  puff
 finding similar words to:  cyclone
 finding similar words to:  twister
 finding similar words to:  rainy
 finding similar words to:  drip
 finding similar words to:  faucet
 finding similar words to:  drops
 finding similar words to:  wave
 finding similar words to:  tsunami
 finding similar words to:  disaster
 finding similar words to:  fruit
 finding similar words to:  apple
 finding similar words to:  mac
 finding similar words to:  orange
 finding similar words to:  picnic
 finding similar words to:  wine
 finding similar words to:  kiwi
 finding similar words to:  aubergine
 finding similar words to:  pickle
 finding similar words to:  spicy
 finding similar words to:  chilli
 finding similar words to:  chili
 finding similar words to:  pepper
 finding similar words to:  tuber
 finding similar words to:  vegatable
 finding similar words to:  starch
 finding similar words to:  bok choy
 finding similar words to:  cabbage
 finding similar words to:  kale
 finding similar words to:  lettuce
 finding similar words to:  bok
 finding similar words to:  choy
 finding similar words to:  leafy
 finding similar words to:  greens
 finding similar words to:  sweet
 finding similar words to:  potato
 finding similar words to:  nut
 finding similar words to:  bees
 finding similar words to:  kitchen
 finding similar words to:  pot
 finding similar words to:  bread
 finding similar words to:  french
 finding similar words to:  wheat
 finding similar words to:  breakfast
 finding similar words to:  toast
 finding similar words to:  baguette
 finding similar words to:  bakery
 finding similar words to:  schmear
 finding similar words to:  twisted
 finding similar words to:  chadder
 finding similar words to:  pork
 finding similar words to:  meat
 finding similar words to:  cut
 finding similar words to:  chop
 finding similar words to:  lambchop
 finding similar words to:  porkchop
 finding similar words to:  flapjacks
 finding similar words to:  hotcakes
 finding similar words to:  drumstick
 finding similar words to:  turkey
 finding similar words to:  poultry
 finding similar words to:  leg
 finding similar words to:  bone
 finding similar words to:  appetizer
 finding similar words to:  fried
 finding similar words to:  shrimp
 finding similar words to:  fast food
 finding similar words to:  cheeseburger
 finding similar words to:  mcdonalds
 finding similar words to:  burger king
 finding similar words to:  burger
 finding similar words to:  chips
 finding similar words to:  snack
 finding similar words to:  flatbread
 finding similar words to:  stuffed
 finding similar words to:  gyro
found similar words to:  adore
found similar words to:  geek
found similar words to:  :d
found similar words to:  nerd
found similar words to:  secret
found similar words to:  hug
found similar words to:  out
found similar words to:  phew
found similar words to:  rolling
found similar words to:  wink
found similar words to:  celebration
found similar words to:  love
found similar words to:  cowgirl
found similar words to:  silly
found similar words to:  hearts
found similar words to:  playful
found similar words to:  summer
found similar words to:  blush
found similar words to:  lol
found similar words to:  scepticism
found similar words to:  ;)
found similar words to:  stuck
found similar words to:  3
found similar words to:  grimace
found similar words to:  face
found similar words to:  heart
found similar words to:  neutral
found similar words to:  square
found similar words to:  test
found similar words to:  closed
found similar words to:  eyebrow
found similar words to:  with
found similar words to:  score
found similar words to:  disbelief
found similar words to:  tears
found similar words to:  perfect
found similar words to:  quiz
found similar words to:  slightly
found similar words to:  mouth
found similar words to:  clown
found similar words to:  numbers
found similar words to:  mischievous
found similar words to:  raised
found similar words to:  blue
found similar words to:  joy
found similar words to:  laughing
found similar words to:  xd
found similar words to:  tongue
found similar words to:  kawaii
found similar words to:  crush
found similar words to:  exam
found similar words to:  woohoo
found similar words to:  massage
found similar words to:  star
found similar words to:  grin
found similar words to:  eyes
found similar words to:  childish
found similar words to:  smiling
found similar words to:  heaven
found similar words to:  blue-square
found similar words to:  wealthy
found similar words to:  mean
found similar words to:  floor
found similar words to:  dork
found similar words to:  weep
found similar words to:  indifference
found similar words to:  teeth
found similar words to:  valentines
found similar words to:  happy
found similar words to:  sunglass
found similar words to:  happiness
found similar words to:  relaxed
found similar words to:  nom
found similar words to:  affection
found similar words to:  haha
found similar words to:  halo
found similar words to:  rich
found similar words to:  distrust
found similar words to:  crazy
found similar words to:  hundred
found similar words to:  angel
found similar words to:  glad
found similar words to:  beach
found similar words to:  money
found similar words to:  three
found similar words to:  :)
found similar words to:  nerdy
found similar words to:  yummy
found similar words to:  funny
found similar words to:  satisfied
found similar words to:  prank
found similar words to:  kissing
found similar words to:  pass
found similar words to:  hot
found similar words to:  shy
found similar words to:  relief
found similar words to:  savouring
found similar words to:  upside
found similar words to:  laugh
found similar words to:  sarcasm
found similar words to:  meh
found similar words to:  winking
found similar words to:  grinning
found similar words to:  :|
found similar words to:  goofy
found similar words to:  goodbye
found similar words to:  flipped
found similar words to:  kiss
found similar words to:  infatuation
found similar words to:  flushed
found similar words to:  down
found similar words to:  cool
found similar words to:  spooky
found similar words to:  struck
found similar words to:  night
found similar words to:  eye
found similar words to:  devil
found similar words to:  depressed
found similar words to:  disapproval
found similar words to:  straight face
found similar words to:  praise
found similar words to:  :o
found similar words to:  throw
found similar words to:  nap
found similar words to:  bot
found similar words to:  concern
found similar words to:  demon
found similar words to:  whoa
found similar words to:  hand
found similar words to:  cry
found similar words to:  up
found similar words to:  nervous
found similar words to:  smirk
found similar words to:  delicious
found similar words to:  good
found similar words to:  woo
found similar words to:  eyeroll
found similar words to:  dollar
found similar words to:  cowboy
found similar words to:  outer_space
found similar words to:  -_-
found similar words to:  hat
found similar words to:  call
found similar words to:  starry
found similar words to:  :(
found similar words to:  right
found similar words to:  deadpan
found similar words to:  frostbite
found similar words to:  tipsy
found similar words to:  fistbump
found similar words to:  roll
found similar words to:  surprised
found similar words to:  dead
found similar words to:  expletive
found similar words to:  open
found similar words to:  icicles
found similar words to:  thermometer
found similar words to:  mind
found similar words to:  no
found similar words to:  farewell
found similar words to:  horns
found similar words to:  spent
found similar words to:  hankey
found similar words to:  frowning
found similar words to:  cupped
found similar words to:  left
found similar words to:  solong
found similar words to:  what
found similar words to:  aw
found similar words to:  blown
found similar words to:  ok
found similar words to:  frown
found similar words to:  over
found similar words to:  two
found similar words to:  bandage
found similar words to:  side
found similar words to:  computer
found similar words to:  crying
found similar words to:  frustrated
found similar words to:  animal
found similar words to:  drooling
found similar words to:  peace
found similar words to:  temperature
found similar words to:  vomit
found similar words to:  paul
found similar words to:  straight
found similar words to:  lie
found similar words to:  disease
found similar words to:  cursing
found similar words to:  surprise
found similar words to:  century
found similar words to:  sweat
found similar words to:  smile
found similar words to:  red
found similar words to:  consider
found similar words to:  like
found similar words to:  hellokitty
found similar words to:  intoxicated
found similar words to:  happytears
found similar words to:  stuffy
found similar words to:  embarrassed
found similar words to:  zzz
found similar words to:  outer
found similar words to:  pouting
found similar words to:  congrats
found similar words to:  scream
found similar words to:  ill
found similar words to:  fail
found similar words to:  agree
found similar words to:  side_eye
found similar words to:  cats
found similar words to:  terrified
found similar words to:  prayer
found similar words to:  swearing
found similar words to:  sealed
found similar words to:  smiley
found similar words to:  ohyeah
found similar words to:  exploding
found similar words to:  dislike
found similar words to:  zipper
found similar words to:  weird
found similar words to:  hate
found similar words to:  gross
found similar words to:  scary
found similar words to:  thumbsup
found similar words to:  sweating
found similar words to:  dizzy
found similar words to:  dream
found similar words to:  monster
found similar words to:  turd
found similar words to:  poisoned
found similar words to:  green
found similar words to:  shh
found similar words to:  ogre
found similar words to:  space
found similar words to:  frozen
found similar words to:  huh
found similar words to:  indifferent
found similar words to:  cold
found similar words to:  yea
found similar words to:  rest
found similar words to:  goblin
found similar words to:  palms
found similar words to:  nauseated
found similar words to:  mad
found similar words to:  
found similar words to:  hope
found similar words to:  sneeze
found similar words to:  skeptical
found similar words to:  halloween
found similar words to:  lucky
found similar words to:  dubious
found similar words to:  grasp
found similar words to:  sad
found similar words to:  wavy
found similar words to:  limbs
found similar words to:  hi
found similar words to:  gesture
found similar words to:  skeleton
found similar words to:  cussing
found similar words to:  exercise
found similar words to:  hands
found similar words to:  gesundheit
found similar words to:  creepy
found similar words to:  scared
found similar words to:  shit
found similar words to:  hello
found similar words to:  1
found similar words to:  hit
found similar words to:  camera
found similar words to:  kick
found similar words to:  fingers
found similar words to:  unconscious
found similar words to:  palm
found similar words to:  bored
found similar words to:  okay
found similar words to:  clumsy
found similar words to:  shocked
found similar words to:  agreement
found similar words to:  hmmm
found similar words to:  shhh
found similar words to:  whoops
found similar words to:  hooray
found similar words to:  serious
found similar words to:  yes
found similar words to:  hear
found similar words to:  woman
found similar words to:  xox
found similar words to:  japanese
found similar words to:  splayed
found similar words to:  lower_left_ballpoint_pen
found similar words to:  shake
found similar words to:  middle
found similar words to:  sign
found similar words to:  2
found similar words to:  machine
found similar words to:  fever
found similar words to:  evil
found similar words to:  stomp
found similar words to:  trek
found similar words to:  point
found similar words to:  back
found similar words to:  limb
found similar words to:  please
found similar words to:  imp
found similar words to:  wish
found similar words to:  direction
found similar words to:  strong
found similar words to:  flex
found similar words to:  ufo
found similar words to:  highfive
found similar words to:  sneezing
found similar words to:  :/
found similar words to:  rock_on
found similar words to:  stunned
found similar words to:  unimpressed
found similar words to:  uk
found similar words to:  hinduism
found similar words to:  lying
found similar words to:  mouse
found similar words to:  head
found similar words to:  911
found similar words to:  throw up
found similar words to:  stripes
found similar words to:  injured
found similar words to:  arm
found similar words to:  zombie
found similar words to:  pen
found similar words to:  salute
found similar words to:  crossed
found similar words to:  brown
found similar words to:  sniff
found similar words to:  artist
found similar words to:  hurt
found similar words to:  smart
found similar words to:  chef
found similar words to:  gender
found similar words to:  speaking
found similar words to:  freezing
found similar words to:  young
found similar words to:  dentist
found similar words to:  child
found similar words to:  police
found similar words to:  physicist
found similar words to:  british
found similar words to:  vulcan
found similar words to:  rock
found similar words to:  industrial
found similar words to:  moustache
found similar words to:  bewhiskered
found similar words to:  male
found similar words to:  busts
found similar words to:  peek
found similar words to:  victory
found similar words to:  farmer
found similar words to:  sign_of_horns
found similar words to:  labor
found similar words to:  father
found similar words to:  dracula
found similar words to:  ban
found similar words to:  mustache
found similar words to:  coder
found similar words to:  fins
found similar words to:  genie
found similar words to:  dating
found similar words to:  sing
found similar words to:  walking
found similar words to:  classy
found similar words to:  beauty
found similar words to:  arrest
found similar words to:  adult
found similar words to:  chemist
found similar words to:  healthcare
found similar words to:  graduate
found similar words to:  marriage
found similar words to:  arabs
found similar words to:  baby
found similar words to:  sorcerer
found similar words to:  ariel
found similar words to:  running
found similar words to:  intelligent
found similar words to:  mrs
found similar words to:  bearded
found similar words to:  cheese_wedge
found similar words to:  guy
found similar words to:  human
found similar words to:  hoot
found similar words to:  student
found similar words to:  mallard
found similar words to:  brontosaurus
found similar words to:  sunglasses
found similar words to:  swim
found similar words to:  rodent
found similar words to:  nose
found similar words to:  sea
found similar words to:  friend
found similar words to:  panda
found similar words to:  desert
found similar words to:  travel
found similar words to:  factory
found similar words to:  protection
found similar words to:  rancher
found similar words to:  bug
found similar words to:  milk
found similar words to:  older
found similar words to:  shrugging
found similar words to:  supervillain
found similar words to:  wild
found similar words to:  girl
found similar words to:  lord
found similar words to:  undead
found similar words to:  therapist
found similar words to:  silhouette
found similar words to:  royalty
found similar words to:  enforcement
found similar words to:  legal
found similar words to:  fairy
found similar words to:  gua
found similar words to:  queen
found similar words to:  bunny
found similar words to:  girls
found similar words to:  nursing
found similar words to:  old
found similar words to:  business
found similar words to:  people
found similar words to:  faucet
found similar words to:  developer
found similar words to:  construction
found similar words to:  meat
found similar words to:  kitten
found similar words to:  criminal
found similar words to:  women
found similar words to:  food
found similar words to:  twisted
found similar words to:  cheeseburger
found similar words to:  gamble
found similar words to:  blind
found similar words to:  hatching
found similar words to:  university
found similar words to:  honey
found similar words to:  fried
found similar words to:  toad
found similar words to:  bone
found similar words to:  race
found similar words to:  pork
found similar words to:  bread
found similar words to:  hotcakes
found similar words to:  cut
found similar words to:  mcdonalds
found similar words to:  stuffed
found similar words to:  turkey
found similar words to:  fast food
found similar words to:  burger
found similar words to:  cricket
found similar words to:  ox
found similar words to:  shell
found similar words to:  documents
found similar words to:  insect
found similar words to:  chadder
found similar words to:  writing
found similar words to:  worm
found similar words to:  flapjacks
found similar words to:  burger king
found similar words to:  lambchop
found similar words to:  wip
found similar words to:  sneakers
found similar words to:  poultry
found similar words to:  sheep
found similar words to:  drumstick
found similar words to:  flatbread
found similar words to:  baguette
found similar words to:  accessory
found similar words to:  holding
found similar words to:  french
found similar words to:  snack
found similar words to:  eyesight
found similar words to:  chips
found similar words to:  board
found similar words to:  turban
found similar words to:  job
found similar words to:  pet
found similar words to:  mother christmas
found similar words to:  caterpillar
found similar words to:  hero
found similar words to:  dark
found similar words to:  groom
found similar words to:  angry
found similar words to:  hiss
found similar words to:  safari
found similar words to:  pilot
found similar words to:  wedding
found similar words to:  bird
found similar words to:  born
found similar words to:  wheat
found similar words to:  phone
found similar words to:  schmear
found similar words to:  breakfast
found similar words to:  fly
found similar words to:  in
found similar words to:  water
found similar words to:  fish
found similar words to:  venison
found similar words to:  th
found similar words to:  female
found similar words to:  person
found similar words to:  shrimp
found similar words to:  season
found similar words to:  buffalo
found similar words to:  toast
found similar words to:  butterfly
found similar words to:  bakery
found similar words to:  nut
found similar words to:  chop
found similar words to:  crustacean
found similar words to:  pot
found similar words to:  fashion
found similar words to:  gender-neutral
found similar words to:  kitchen
found similar words to:  flipping
found similar words to:  ballpoint
found similar words to:  look
found similar words to:  bust
found similar words to:  compose
found similar words to:  team
found similar words to:  entertainer
found similar words to:  backhand
found similar words to:  manicure
found similar words to:  group
found similar words to:  couple
found similar words to:  toddler
found similar words to:  of
found similar words to:  care
found similar words to:  spock
found similar words to:  royal
found similar words to:  xmas
found similar words to:  software
found similar words to:  justice
found similar words to:  lower
found similar words to:  you
found similar words to:  build
found similar words to:  worker
found similar words to:  elder
found similar words to:  accept
found similar words to:  violence
found similar words to:  gyro
found similar words to:  rude
found similar words to:  biceps
found similar words to:  dad
found similar words to:  shock
found similar words to:  namaste
found similar words to:  teenager
found similar words to:  say
found similar words to:  man
found similar words to:  nail
found similar words to:  boy
found similar words to:  finger
found similar words to:  attack
found similar words to:  write
found similar words to:  stationery
found similar words to:  stare
found similar words to:  on
found similar words to:  talk
found similar words to:  smell
found similar words to:  user
found similar words to:  star trek
found similar words to:  see
found similar words to:  watch
found similar words to:  listen
found similar words to:  lady
found similar words to:  gb
found similar words to:  sound
found similar words to:  sir
found similar words to:  doubt
found similar words to:  facepalming
found similar words to:  technologist
found similar words to:  stalk
found similar words to:  professor
found similar words to:  rockstar
found similar words to:  superhero
found similar words to:  elf
found similar words to:  rocket
found similar words to:  laptop
found similar words to:  nurse
found similar words to:  mage
found similar words to:  father christmas
found similar words to:  blonde
found similar words to:  doctor
found similar words to:  detective
found similar words to:  pregnant
found similar words to:  law
found similar words to:  magic
found similar words to:  tuxedo
found similar words to:  safety
found similar words to:  singer
found similar words to:  leader
found similar words to:  spy
found similar words to:  pink
found similar words to:  drizzle
found similar words to:  teacher
found similar words to:  hiking
found similar words to:  cook
found similar words to:  haircut
found similar words to:  plane
found similar words to:  fun
found similar words to:  mans
found similar words to:  bad
found similar words to:  superpowers
found similar words to:  satchel
found similar words to:  merwoman
found similar words to:  weather
found similar words to:  aviator
found similar words to:  christmas
found similar words to:  mortar
found similar words to:  rescue
found similar words to:  backpack
found similar words to:  work
found similar words to:  jewelry
found similar words to:  walking dead
found similar words to:  plumber
found similar words to:  heroine
found similar words to:  veil
found similar words to:  baseball
found similar words to:  painter
found similar words to:  neck
found similar words to:  health
found similar words to:  manager
found similar words to:  vampire
found similar words to:  learn
found similar words to:  umbrella
found similar words to:  biologist
found similar words to:  diamond
found similar words to:  dancing
found similar words to:  gem
found similar words to:  scientist
found similar words to:  court
found similar words to:  senior
found similar words to:  programmer
found similar words to:  astronaut
found similar words to:  judge
found similar words to:  wrench
found similar words to:  blond
found similar words to:  shoe
found similar words to:  mechanic
found similar words to:  tired
found similar words to:  engineer
found similar words to:  banana
found similar words to:  fireman
found similar words to:  engagement
found similar words to:  bride
found similar words to:  discouraged
found similar words to:  lizard
found similar words to:  camel
found similar words to:  room
found similar words to:  mom
found similar words to:  date
found similar words to:  gardener
found similar words to:  triton
found similar words to:  beef
found similar words to:  mystical
found similar words to:  spa
found similar words to:  oink
found similar words to:  steps
found similar words to:  friendship
found similar words to:  bag
found similar words to:  tipping
found similar words to:  boys
found similar words to:  shipit
found similar words to:  feet
found similar words to:  dancer
found similar words to:  tweet
found similar words to:  billed
found similar words to:  brachiosaurus
found similar words to:  hump
found similar words to:  slow
found similar words to:  fox
found similar words to:  t
found similar words to:  knit
found similar words to:  egg
found similar words to:  speak
found similar words to:  croak
found similar words to:  wool
found similar words to:  creature
found similar words to:  raising
found similar words to:  witch
found similar words to:  string
found similar words to:  tropical
found similar words to:  pig
found similar words to:  reptile
found similar words to:  king
found similar words to:  office
found similar words to:  steamy
found similar words to:  claus
found similar words to:  assembly
found similar words to:  crown
found similar words to:  degree
found similar words to:  festival
found similar words to:  snow
found similar words to:  firefighter
found similar words to:  sales
found similar words to:  helmet
found similar words to:  puppy
found similar words to:  woof
found similar words to:  education
found similar words to:  packing
found similar words to:  dinosaur
found similar words to:  propose
found similar words to:  gust
found similar words to:  nope
found similar words to:  information
found similar words to:  tortoise
found similar words to:  faithful
found similar words to:  pair
found similar words to:  danger
found similar words to:  jaws
found similar words to:  career
found similar words to:  diplodocus
found similar words to:  air
found similar words to:  cow
found similar words to:  mac
found similar words to:  moo
found similar words to:  ladybug
found similar words to:  flipper
found similar words to:  spiny
found similar words to:  wind
found similar words to:  chili
found similar words to:  extinct
found similar words to:  greens
found similar words to:  fart
found similar words to:  twister
found similar words to:  pickle
found similar words to:  lettuce
found similar words to:  wedge
found similar words to:  rex
found similar words to:  bomb
found similar words to:  disaster
found similar words to:  australia
found similar words to:  python
found similar words to:  hatched
found similar words to:  starch
found similar words to:  without
found similar words to:  tyrannosaurus
found similar words to:  ocean
found similar words to:  spots
found similar words to:  cheese
found similar words to:  luck
found similar words to:  alligator
found similar words to:  chirp
found similar words to:  seafood
found similar words to:  nature
found similar words to:  kod
found similar words to:  circus
found similar words to:  bowing
found similar words to:  rain
found similar words to:  without_snow
found similar words to:  cluck
found similar words to:  joey
found similar words to:  arachnid
found similar words to:  bees
found similar words to:  smoke
found similar words to:  awesome
found similar words to:  me
found similar words to:  wave
found similar words to:  puff
found similar words to:  bok choy
found similar words to:  orange
found similar words to:  school
found similar words to:  hop
found similar words to:  picnic
found similar words to:  horn
found similar words to:  chick
found similar words to:  dromedary
found similar words to:  bok
found similar words to:  roar
found similar words to:  monkey
found similar words to:  chicken
found similar words to:  drops
found similar words to:  wine
found similar words to:  potato
found similar words to:  meow
found similar words to:  snowman
found similar words to:  vegatable
found similar words to:  nemo
found similar words to:  squirrel
found similar words to:  shoo
found similar words to:  drip
found similar words to:  cyclone
found similar words to:  chilli
found similar words to:  mask
found similar words to:  pepper
found similar words to:  think
found similar words to:  spicy
found similar words to:  peahen
found similar words to:  tuber
found similar words to:  yay
found similar words to:  profanity
found similar words to:  kale
found similar words to:  smug
found similar words to:  death
found similar words to:  applause
found similar words to:  waxing_gibbous_moon
found similar words to:  behind
found similar words to:  porkchop
found similar words to:  kiwi
found similar words to:  tsunami
found similar words to:  cabbage
found similar words to:  101
found similar words to:  doge
found similar words to:  dog
found similar words to:  alpaca
found similar words to:  choy
found similar words to:  rainy
found similar words to:  leafy
found similar words to:  fruit
found similar words to:  apple
found similar words to:  sweet
found similar words to:  marsupial
found similar words to:  appetizer
found similar words to:  mother
found similar words to:  explosion
found similar words to:  wings
found similar words to:  leg
found similar words to:  collision
found similar words to:  shitface
found similar words to:  bromance
found similar words to:  :'(
found similar words to:  wow
found similar words to:  instructor
found similar words to:  cat
found similar words to:  munch
found similar words to:  allergy
found similar words to:  aubergine
found similar words to:  stop
found similar words to:  evil_eye
found similar words to:  annoyed
found similar words to:  symbols
found similar words to:  fist
found similar words to:  thumbsdown
found similar words to:  lips
found similar words to:  omg
found similar words to:  relieved
found similar words to:  college
found similar words to:  quiet
found similar words to:  flame
found similar words to:  wilted
found similar words to:  cherry
found similar words to:  plant
found similar words to:  shoot
found similar words to:  globe
found similar words to:  myth
found similar words to:  waning
found similar words to:  bolt
found similar words to:  sunny
found similar words to:  cloudy
found similar words to:  brightness
found similar words to:  morning
found similar words to:  large
found similar words to:  jack
found similar words to:  blossom
found similar words to:  fallen
found similar words to:  yellow
found similar words to:  family
found similar words to:  stars
found similar words to:  tichel
found similar words to:  explode
found similar words to:  silk
found similar words to:  fast
found similar words to:  crescent
found similar words to:  shiny
found similar words to:  leaves
found similar words to:  last
found similar words to:  o
found similar words to:  grass
found similar words to:  four
found similar words to:  parent
found similar words to:  and
found similar words to:  cloud
found similar words to:  gray
found similar words to:  parents
found similar words to:  thunder
found similar words to:  tee
found similar words to:  irish
found similar words to:  ear
found similar words to:  decoration
found similar words to:  mercy
found similar words to:  tracking
found similar words to:  ca
found similar words to:  gibbous
found similar words to:  world
found similar words to:  swimming
found similar words to:  sleepy
found similar words to:  dress
found similar words to:  accessories
found similar words to:  pride
found similar words to:  crochet
found similar words to:  pirate
found similar words to:  sun
found similar words to:  americas
found similar words to:  branch
found similar words to:  vacation
found similar words to:  flip flops
found similar words to:  spool
found similar words to:  gas
found similar words to:  international
found similar words to:  confused
found similar words to:  :s
found similar words to:  ballet
found similar words to:  men
found similar words to:  hijab
found similar words to:  sky
found similar words to:  shirt
found similar words to:  dragon
found similar words to:  tanabata
found similar words to:  flowers
found similar words to:  suitup
found similar words to:  lightning
found similar words to:  twilight
found similar words to:  pumpkin
found similar words to:  stockings
found similar words to:  small
found similar words to:  lantern
found similar words to:  pine_decoration
found similar words to:  earth
found similar words to:  oops
found similar words to:  ball
found similar words to:  begging
found similar words to:  pi
found similar words to:  bisque
found similar words to:  malaria
found similar words to:  shine
found similar words to:  impressed
found similar words to:  paw
found similar words to:  footprints
found similar words to:  full
found similar words to:  moon
found similar words to:  first
found similar words to:  asia
found similar words to:  proud
found similar words to:  camping
found similar words to:  quarter
found similar words to:  maple
found similar words to:  backpacking
found similar words to:  clover
found similar words to:  disappointed
found similar words to:  mantilla
found similar words to:  sleep
found similar words to:  athletic
found similar words to:  medicine
found similar words to:  evergreen
found similar words to:  slip
found similar words to:  prints
found similar words to:  sewing
found similar words to:  east
found similar words to:  pumps
found similar words to:  casual
found similar words to:  light
found similar words to:  lightning bolt
found similar words to:  africa
found similar words to:  planet
found similar words to:  december
found similar words to:  flower
found similar words to:  claws
found similar words to:  slip-on
found similar words to:  spider
found similar words to:  cap
found similar words to:  weed
found similar words to:  graduation
found similar words to:  flip
found similar words to:  heel
found similar words to:  gentleman
found similar words to:  indian
found similar words to:  deciduous
found similar words to:  sparkle
found similar words to:  rice
found similar words to:  mao
found similar words to:  tree
found similar words to:  boot
found similar words to:  waxing
found similar words to:  fall
found similar words to:  flops
found similar words to:  clothes
found similar words to:  cloth
found similar words to:  chinese
found similar words to:  high
found similar words to:  web
found similar words to:  partly
found similar words to:  winter
found similar words to:  headscarf
found similar words to:  lawn
found similar words to:  new
found similar words to:  usa
found similar words to:  spring
found similar words to:  stiletto
found similar words to:  sick
found similar words to:  sports
found similar words to:  evening
found similar words to:  jacket
found similar words to:  slipper
found similar words to:  shoes
found similar words to:  pine
found similar words to:  vegetable
found similar words to:  home
found similar words to:  whine
found similar words to:  mojito
found similar words to:  bags
found similar words to:  leaf
found similar words to:  heat
found similar words to:  upset
found similar words to:  flattered
found similar words to:  feverish
found similar words to:  steamroom
found similar words to:  pinocchio
found similar words to:  experiment
found similar words to:  formal
found similar words to:  shopping
found similar words to:  needle
found similar words to:  unwell
found similar words to:  despise
found similar words to:  sauna
found similar words to:  couplekiss
found similar words to:  shopping_bags
found similar words to:  children
found similar words to:  womans
found similar words to:  flat
found similar words to:  unhappy
 finding similar words to:  frankfurter
 finding similar words to:  party
 finding similar words to:  lunch
 finding similar words to:  soup
 finding similar words to:  canned
 finding similar words to:  italian
 finding similar words to:  noodle
 finding similar words to:  mexican
 finding similar words to:  healthy
 finding similar words to:  salad
 finding similar words to:  cooking
 finding similar words to:  casserole
 finding similar words to:  paella
 finding similar words to:  shallow
 finding similar words to:  pan
 finding similar words to:  chopsticks
 finding similar words to:  japan
 finding similar words to:  narutomaki
 finding similar words to:  swirl
 finding similar words to:  kamaboko
 finding similar words to:  surimi
 finding similar words to:  ramen
 finding similar words to:  cake
 finding similar words to:  prophecy
 finding similar words to:  fortune
 finding similar words to:  cookie
 finding similar words to:  box
 finding similar words to:  china
 finding similar words to:  asian
 finding similar words to:  cracker
 finding similar words to:  dessert
 finding similar words to:  barbecue
 finding similar words to:  shaved
 finding similar words to:  ice
 finding similar words to:  cream
 finding similar words to:  pastry
 finding similar words to:  autumn
 finding similar words to:  lolly
 finding similar words to:  candy
 finding similar words to:  chocolate
 finding similar words to:  bar
 finding similar words to:  movie theater
 finding similar words to:  films
 finding similar words to:  movie
 finding similar words to:  theater
 finding similar words to:  empanada
 finding similar words to:  pierogi
 finding similar words to:  potsticker
 finding similar words to:  donut
 finding similar words to:  oreo
 finding similar words to:  beverage
 finding similar words to:  drink
 finding similar words to:  glass
 finding similar words to:  relax
 finding similar words to:  drunk
 finding similar words to:  pub
 finding similar words to:  alcohol
 finding similar words to:  booze
 finding similar words to:  celebrate
 finding similar words to:  cheers
 finding similar words to:  champagne
 finding similar words to:  clinking
 finding similar words to:  glasses
 finding similar words to:  liquor
 finding similar words to:  bourbon
 finding similar words to:  scotch
 finding similar words to:  whisky
 finding similar words to:  shot
 finding similar words to:  tumbler
 finding similar words to:  cocktail
 finding similar words to:  bottle
 finding similar words to:  bowl
 finding similar words to:  soda
 finding similar words to:  cup
 finding similar words to:  straw
 finding similar words to:  caffeine
 finding similar words to:  latte
 finding similar words to:  espresso
 finding similar words to:  container
 finding similar words to:  condiment
 finding similar words to:  shaker
 finding similar words to:  cutlery
 finding similar words to:  tableware
 finding similar words to:  fork
 finding similar words to:  knife
 finding similar words to:  eat
 finding similar words to:  meal
 finding similar words to:  dinner
 finding similar words to:  restaurant
 finding similar words to:  plate
 finding similar words to:  cereal
 finding similar words to:  oatmeal
 finding similar words to:  porridge
 finding similar words to:  spoon
 finding similar words to:  leftovers
 finding similar words to:  takeout
 finding similar words to:  football
 finding similar words to:  balls
 finding similar words to:  nba
 finding similar words to:  nfl
 finding similar words to:  rugby
 finding similar words to:  frisbee
 finding similar words to:  ultimate
 finding similar words to:  flying
 finding similar words to:  disc
 finding similar words to:  pool
 finding similar words to:  hobby
 finding similar words to:  game
 finding similar words to:  flag
 finding similar words to:  hole
 finding similar words to:  golfing
 finding similar words to:  pingpong
 finding similar words to:  ping
 finding similar words to:  pong
 finding similar words to:  goal
 finding similar words to:  net
 finding similar words to:  hockey
 finding similar words to:  field
 finding similar words to:  stick
 finding similar words to:  fencing
 finding similar words to:  sword
 finding similar words to:  wrestlers
 finding similar words to:  wrestling
 finding similar words to:  gymnastics
 finding similar words to:  cartwheeling
 finding similar words to:  playing
 finding similar words to:  handball
 finding similar words to:  skate
 finding similar words to:  curling
 finding similar words to:  stone
 finding similar words to:  sleigh
 finding similar words to:  luge
 finding similar words to:  toboggan
 finding similar words to:  bow
 finding similar words to:  arrow
 finding similar words to:  fishing
 finding similar words to:  pole
 finding similar words to:  fighting
 finding similar words to:  boxing
 finding similar words to:  glove
 finding similar words to:  judo
 finding similar words to:  karate
 finding similar words to:  taekwondo
 finding similar words to:  martial
 finding similar words to:  arts
 finding similar words to:  uniform
 finding similar words to:  ship
 finding similar words to:  rowing
 finding similar words to:  climbing
 finding similar words to:  athlete
 finding similar words to:  polo
 finding similar words to:  meditation
 finding similar words to:  yoga
 finding similar words to:  serenity
 finding similar words to:  zen
 finding similar words to:  mindfulness
 finding similar words to:  lotus
 finding similar words to:  position
 finding similar words to:  surfing
 finding similar words to:  clean
 finding similar words to:  shower
 finding similar words to:  bathroom
 finding similar words to:  basketball
 finding similar words to:  training
 finding similar words to:  weight
 finding similar words to:  lifting
 finding similar words to:  bike
 finding similar words to:  hipster
 finding similar words to:  biking
 finding similar words to:  transportation
 finding similar words to:  mountain
 finding similar words to:  betting
 finding similar words to:  competition
 finding similar words to:  gambling
 finding similar words to:  horse
 finding similar words to:  racing
 finding similar words to:  suit
 finding similar words to:  levitate
 finding similar words to:  hover
 finding similar words to:  jump
 finding similar words to:  levitating
 finding similar words to:  win
 finding similar words to:  award
 finding similar words to:  contest
 finding similar words to:  place
 finding similar words to:  ftw
 finding similar words to:  ceremony
 finding similar words to:  play
 finding similar words to:  pageant
 finding similar words to:  sash
 finding similar words to:  winning
 finding similar words to:  medal
 finding similar words to:  army
 finding similar words to:  military
 finding similar words to:  1st
 finding similar words to:  second
 finding similar words to:  2nd
 finding similar words to:  third
 finding similar words to:  3rd
 finding similar words to:  cause
 finding similar words to:  support
 finding similar words to:  awareness
 finding similar words to:  reminder
 finding similar words to:  ribbon
 finding similar words to:  event
 finding similar words to:  concert
 finding similar words to:  entrance
 finding similar words to:  acting
 finding similar words to:  drama
 finding similar words to:  performing
 finding similar words to:  design
 finding similar words to:  paint
 finding similar words to:  draw
 finding similar words to:  colors
 finding similar words to:  carnival
 finding similar words to:  tent
 finding similar words to:  juggle
 finding similar words to:  balance
 finding similar words to:  skill
 finding similar words to:  multitask
 finding similar words to:  juggling
 finding similar words to:  music
 finding similar words to:  pa
 finding similar words to:  talkshow
 finding similar words to:  gadgets
 finding similar words to:  treble
 finding similar words to:  clef
 finding similar words to:  musical
 finding similar words to:  piano
 finding similar words to:  instrument
 finding similar words to:  keyboard
 finding similar words to:  drumsticks
 finding similar words to:  snare
 finding similar words to:  jazz
 finding similar words to:  blues
 finding similar words to:  brass
 finding similar words to:  orchestra
 finding similar words to:  symphony
 finding similar words to:  film
 finding similar words to:  record
 finding similar words to:  console
 finding similar words to:  ps4
 finding similar words to:  controller
 finding similar words to:  video
 finding similar words to:  arcade
 finding similar words to:  invader
 finding similar words to:  target
 finding similar words to:  bullseye
 finding similar words to:  dice
 finding similar words to:  random
 finding similar words to:  tabletop
 finding similar words to:  die
 finding similar words to:  expendable
 finding similar words to:  chess
 finding similar words to:  pawn
 finding similar words to:  bet
 finding similar words to:  vegas
 finding similar words to:  fruit machine
 finding similar words to:  casino
 finding similar words to:  slot
 finding similar words to:  interlocking
 finding similar words to:  puzzle
 finding similar words to:  piece
 finding similar words to:  vehicle
 finding similar words to:  car
 finding similar words to:  uber
 finding similar words to:  cars
 finding similar words to:  bart
 finding similar words to:  formula
 finding similar words to:  f1
 finding similar words to:  hospital
 finding similar words to:  fire
 finding similar words to:  engine
 finding similar words to:  express
 finding similar words to:  articulated
 finding similar words to:  lorry
 finding similar words to:  farming
 finding similar words to:  agriculture
 finding similar words to:  razor
 finding similar words to:  scooter
 finding similar words to:  bicycle
 finding similar words to:  vespa
 finding similar words to:  sasha
 finding similar words to:  motor
 finding similar words to:  ambulance
 finding similar words to:  emergency
 finding similar words to:  alert
 finding similar words to:  error
 finding similar words to:  pinged
 finding similar words to:  rotating
 finding similar words to:  oncoming
 finding similar words to:  bus
 finding similar words to:  automobile
 finding similar words to:  taxi
 finding similar words to:  ski
 finding similar words to:  aerial
 finding similar words to:  tramway
 finding similar words to:  cableway
 finding similar words to:  suspension
 finding similar words to:  railway
 finding similar words to:  carriage
 finding similar words to:  public
 finding similar words to:  bullettrain
 finding similar words to:  speed
 finding similar words to:  front
 finding similar words to:  rail
 finding similar words to:  train
 finding similar words to:  steam
 finding similar words to:  locomotive
 finding similar words to:  mrt
 finding similar words to:  underground
 finding similar words to:  tube
 finding similar words to:  saucer
 finding similar words to:  flight
 finding similar words to:  airplane
 finding similar words to:  airport
 finding similar words to:  landing
 finding similar words to:  departure
 finding similar words to:  boarding
 finding similar words to:  arrival
 finding similar words to:  sailing
 finding similar words to:  boat
 finding similar words to:  yacht
 finding similar words to:  cruise
 finding similar words to:  ferry
 finding similar words to:  passenger
 finding similar words to:  launch
 finding similar words to:  staffmode
 finding similar words to:  nasa
 finding similar words to:  outer space
 finding similar words to:  communication
 finding similar words to:  gps
 finding similar words to:  orbit
 finding similar words to:  spaceflight
 finding similar words to:  iss
 finding similar words to:  artificial
 finding similar words to:  satellite
 finding similar words to:  sit
 finding similar words to:  transport
 finding similar words to:  paddle
 finding similar words to:  progress
 finding similar words to:  caution
 finding similar words to:  warning
 finding similar words to:  gas station
 finding similar words to:  petroleum
 finding similar words to:  station
 finding similar words to:  wait
 finding similar words to:  driving
 finding similar words to:  vertical
 finding similar words to:  traffic
 finding similar words to:  signal
 finding similar words to:  finishline
 finding similar words to:  gokart
 finding similar words to:  checkered
 finding similar words to:  titanic
 finding similar words to:  deploy
 finding similar words to:  photo
 finding similar words to:  londoneye
 finding similar words to:  ferris
 finding similar words to:  wheel
 finding similar words to:  playground
 finding similar words to:  roller
 finding similar words to:  coaster
 finding similar words to:  carousel
 finding similar words to:  working
 finding similar words to:  building
 finding similar words to:  tokyo
 finding similar words to:  tower
 finding similar words to:  industry
 finding similar words to:  pollution
 finding similar words to:  fresh
 finding similar words to:  tsukimi
 finding similar words to:  scene
 finding similar words to:  environment
 finding similar words to:  mount
 finding similar words to:  fuji
 finding similar words to:  nation
 finding similar words to:  country
 finding similar words to:  outdoors
 finding similar words to:  national
 finding similar words to:  park
 finding similar words to:  road
 finding similar words to:  cupertino
 finding similar words to:  interstate
 finding similar words to:  highway
 finding similar words to:  track
 finding similar words to:  view
 finding similar words to:  sunrise
 finding similar words to:  mountains
 finding similar words to:  warm
 finding similar words to:  saharah
 finding similar words to:  sand
 finding similar words to:  island
 finding similar words to:  good morning
 finding similar words to:  dawn
 finding similar words to:  city
 finding similar words to:  buildings
 finding similar words to:  sunset
 finding similar words to:  night life
 finding similar words to:  urban
 finding similar words to:  life
 finding similar words to:  downtown
 finding similar words to:  sanfrancisco
 finding similar words to:  bridge
 finding similar words to:  at
 finding similar words to:  milky
 finding similar words to:  way
 finding similar words to:  congratulations
 finding similar words to:  unicorn_face
 finding similar words to:  unicorn
 finding similar words to:  history
 finding similar words to:  european
 finding similar words to:  castle
 finding similar words to:  venue
 finding similar words to:  american
 finding similar words to:  newyork
 finding similar words to:  statue
 finding similar words to:  liberty
 finding similar words to:  house
 finding similar words to:  garden
 finding similar words to:  abandon
 finding similar words to:  evict
 finding similar words to:  broken
 finding similar words to:  derelict
 finding similar words to:  bureau
 finding similar words to:  mall
 finding similar words to:  department
 finding similar words to:  store
 finding similar words to:  envelope
 finding similar words to:  post
 finding similar words to:  email
 finding similar words to:  surgery
 finding similar words to:  cash
 finding similar words to:  enterprise
 finding similar words to:  accomodation
 finding similar words to:  checkin
 finding similar words to:  groceries
 finding similar words to:  convenience
 finding similar words to:  teach
 finding similar words to:  hotel
 finding similar words to:  art
 finding similar words to:  culture
 finding similar words to:  classical
 finding similar words to:  religion
 finding similar words to:  christ
 finding similar words to:  islam
 finding similar words to:  worship
 finding similar words to:  minaret
 finding similar words to:  judaism
 finding similar words to:  temple
 finding similar words to:  jewish
 finding similar words to:  mecca
 finding similar words to:  mosque
 finding similar words to:  kyoto
 finding similar words to:  shinto
 finding similar words to:  shrine
 finding similar words to:  time
 finding similar words to:  technology
 finding similar words to:  dial
 finding similar words to:  iphone
 finding similar words to:  incoming
 finding similar words to:  screen
 finding similar words to:  display
 finding similar words to:  monitor
 finding similar words to:  type
 finding similar words to:  input
 finding similar words to:  text
 finding similar words to:  computing
 finding similar words to:  desktop
 finding similar words to:  paper
 finding similar words to:  ink
 finding similar words to:  click
 finding similar words to:  trackpad
 finding similar words to:  tool
 finding similar words to:  data
 finding similar words to:  disk
 finding similar words to:  90s
 finding similar words to:  oldschool
 finding similar words to:  save
 finding similar words to:  80s
 finding similar words to:  floppy
 finding similar words to:  dvd
 finding similar words to:  cd
 finding similar words to:  photography
 finding similar words to:  flash
 finding similar words to:  tape
 finding similar words to:  projector
 finding similar words to:  strip
 finding similar words to:  telephone
 finding similar words to:  receiver
 finding similar words to:  bbcall
 finding similar words to:  program
 finding similar words to:  show
 finding similar words to:  television
 finding similar words to:  podcast
 finding similar words to:  recording
 finding similar words to:  studio
 finding similar words to:  microphone
 finding similar words to:  scale
 finding similar words to:  level
 finding similar words to:  slider
 finding similar words to:  control
 finding similar words to:  knobs
 finding similar words to:  magnetic
 finding similar words to:  navigation
 finding similar words to:  orienteering
 finding similar words to:  deadline
 finding similar words to:  alarm
 finding similar words to:  timer
 finding similar words to:  clock
 finding similar words to:  wake
 finding similar words to:  mantelpiece
 finding similar words to:  countdown
 finding similar words to:  hourglass
 finding similar words to:  flowing
 finding similar words to:  limit
 finding similar words to:  future
 finding similar words to:  radio
 finding similar words to:  power
 finding similar words to:  energy
 finding similar words to:  sustain
 finding similar words to:  charger
 finding similar words to:  electric
 finding similar words to:  plug
 finding similar words to:  electricity
 finding similar words to:  idea
 finding similar words to:  sight
 finding similar words to:  wax
 finding similar words to:  quench
 finding similar words to:  extinguisher
 finding similar words to:  bin
 finding similar words to:  trash
 finding similar words to:  rubbish
 finding similar words to:  garbage
 finding similar words to:  toss
 finding similar words to:  barrell
 finding similar words to:  oil
 finding similar words to:  drum
 finding similar words to:  bills
 finding similar words to:  payment
 finding similar words to:  sale
 finding similar words to:  bill
 finding similar words to:  currency
 finding similar words to:  sterling
 finding similar words to:  england
 finding similar words to:  coins
 finding similar words to:  credit
 finding similar words to:  card
 finding similar words to:  ruby
 finding similar words to:  fairness
 finding similar words to:  tools
 finding similar words to:  diy
 finding similar words to:  fix
 finding similar words to:  maintainer
 finding similar words to:  ikea
 finding similar words to:  create
 finding similar words to:  hammer
 finding similar words to:  pick
 finding similar words to:  dig
 finding similar words to:  handy
 finding similar words to:  cog
 finding similar words to:  bricks
 finding similar words to:  lock
 finding similar words to:  attraction
 finding similar words to:  weapon
 finding similar words to:  pistol
 finding similar words to:  revolver
 finding similar words to:  boom
 finding similar words to:  terrorism
 finding similar words to:  dynamite
 finding similar words to:  explosive
 finding similar words to:  blade
 finding similar words to:  swords
 finding similar words to:  security
 finding similar words to:  kills
 finding similar words to:  tobacco
 finding similar words to:  cigarette
 finding similar words to:  joint
 finding similar words to:  poison
 finding similar words to:  deadly
 finding similar words to:  skull
 finding similar words to:  crossbones
 finding similar words to:  rip
 finding similar words to:  graveyard
 finding similar words to:  cemetery
 finding similar words to:  casket
 finding similar words to:  funeral
 finding similar words to:  ashes
 finding similar words to:  urn
 finding similar words to:  vase
 finding similar words to:  jar
 finding similar words to:  disco
 finding similar words to:  fortune_teller
 finding similar words to:  teller
 finding similar words to:  crystal
 finding similar words to:  dhikr
 finding similar words to:  religious
 finding similar words to:  beads
 finding similar words to:  bead
 finding similar words to:  charm
 finding similar words to:  nazar
 finding similar words to:  amulet
 finding similar words to:  hair
 finding similar words to:  salon
 finding similar words to:  style
 finding similar words to:  distilling
 finding similar words to:  science
 finding similar words to:  chemistry
 finding similar words to:  zoom
 finding similar words to:  astronomy
 finding similar words to:  laboratory
 finding similar words to:  zoomin
 finding similar words to:  study
 finding similar words to:  embarrassing
 finding similar words to:  pharmacy
 finding similar words to:  drug
 finding similar words to:  drugs
 finding similar words to:  blood
 finding similar words to:  genetics
 finding similar words to:  amoeba
 finding similar words to:  bacteria
 finding similar words to:  germs
 finding similar words to:  biology
 finding similar words to:  lab
 finding similar words to:  petri
 finding similar words to:  dish
 finding similar words to:  cleaning
 finding similar words to:  sweeping
 finding similar words to:  laundry
 finding similar words to:  toilet
 finding similar words to:  tag
 finding similar words to:  favorite
 finding similar words to:  label
 finding similar words to:  restroom
 finding similar words to:  wc
 finding similar words to:  washroom
 finding similar words to:  potty
 finding similar words to:  bathing
 finding similar words to:  lather
 finding similar words to:  absorbing
 finding similar words to:  porous
 finding similar words to:  moisturizer
 finding similar words to:  sunscreen
 finding similar words to:  lotion
 finding similar words to:  door
 finding similar words to:  password
 finding similar words to:  key
 finding similar words to:  read
 finding similar words to:  chill
 finding similar words to:  couch
 finding similar words to:  lamp
 finding similar words to:  bed
 finding similar words to:  sleeping
 finding similar words to:  entry
 finding similar words to:  exit
 finding similar words to:  service
 finding similar words to:  bellhop
 finding similar words to:  bell
 finding similar words to:  plush
 finding similar words to:  teddy
 finding similar words to:  bear
 finding similar words to:  framed
 finding similar words to:  picture
 finding similar words to:  location
 finding similar words to:  map
 finding similar words to:  parasol
 finding similar words to:  ground
 finding similar words to:  easter island
 finding similar words to:  moai
 finding similar words to:  easter
 finding similar words to:  buy
 finding similar words to:  purchase
 finding similar words to:  trolley
 finding similar words to:  cart
 finding similar words to:  birthday
 finding similar words to:  koinobori
 finding similar words to:  carp
 finding similar words to:  banner
 finding similar words to:  bowtie
 finding similar words to:  present
 finding similar words to:  confetti
 finding similar words to:  toy
 finding similar words to:  kimono
 finding similar words to:  ding
 finding similar words to:  chime
 finding similar words to:  border
 finding similar words to:  flags
 finding similar words to:  izakaya
 finding similar words to:  gift
 finding similar words to:  letter
 finding similar words to:  postal
 finding similar words to:  inbox
 finding similar words to:  e
 finding similar words to:  mail
 finding similar words to:  mailbox
 finding similar words to:  cardboard
 finding similar words to:  moving
 finding similar words to:  tray
 finding similar words to:  outbox
 finding similar words to:  ancient
 finding similar words to:  page
 finding similar words to:  curl
 finding similar words to:  order
 finding similar words to:  tidy
 finding similar words to:  bookmark
 finding similar words to:  tabs
 finding similar words to:  accounting
 finding similar words to:  expenses
 finding similar words to:  graph
 finding similar words to:  presentation
 finding similar words to:  stats
 finding similar words to:  chart
 finding similar words to:  recovery
 finding similar words to:  economics
 finding similar words to:  success
 finding similar words to:  upwards
 finding similar words to:  trend
 finding similar words to:  recession
 finding similar words to:  failure
 finding similar words to:  downwards
 finding similar words to:  facing
 finding similar words to:  calendar
 finding similar words to:  schedule
 finding similar words to:  planning
 finding similar words to:  spiral
 finding similar words to:  index
 finding similar words to:  file
 finding similar words to:  election
 finding similar words to:  vote
 finding similar words to:  ballot
 finding similar words to:  filing
 finding similar words to:  organizing
 finding similar words to:  cabinet
 finding similar words to:  memo
 finding similar words to:  notepad
 finding similar words to:  folder
 finding similar words to:  load
 finding similar words to:  dividers
 finding similar words to:  press
 finding similar words to:  headline
 finding similar words to:  newspaper
 finding similar words to:  notes
 finding similar words to:  library
 finding similar words to:  knowledge
 finding similar words to:  textbook
 finding similar words to:  book
 finding similar words to:  classroom
 finding similar words to:  notebook
 finding similar words to:  decorative
 finding similar words to:  cover
 finding similar words to:  literature
 finding similar words to:  diaper
 finding similar words to:  pin
 finding similar words to:  rings
 finding similar words to:  url
 finding similar words to:  math
 finding similar words to:  architect
 finding similar words to:  sketch
 finding similar words to:  triangular
 finding similar words to:  ruler
 finding similar words to:  calculate
 finding similar words to:  length
 finding similar words to:  drawing
 finding similar words to:  calculation
 finding similar words to:  mark
 finding similar words to:  here
 finding similar words to:  round
 finding similar words to:  pushpin
 finding similar words to:  milestone
 finding similar words to:  losing
 finding similar words to:  loser
 finding similar words to:  lost
 finding similar words to:  surrender
 finding similar words to:  give up
 finding similar words to:  give
 finding similar words to:  white
 finding similar words to:  black
 finding similar words to:  rainbow
 finding similar words to:  gay
 finding similar words to:  lgbt
 finding similar words to:  glbt
 finding similar words to:  queer
 finding similar words to:  homosexual
 finding similar words to:  lesbian
 finding similar words to:  bisexual
 finding similar words to:  transgender
 finding similar words to:  privacy
 finding similar words to:  padlock
 finding similar words to:  fountain
 finding similar words to:  nib
 finding similar words to:  pencil
 finding similar words to:  creativity
 finding similar words to:  search
 finding similar words to:  find
 finding similar words to:  mag
 finding similar words to:  purple
 finding similar words to:  sorry
 finding similar words to:  break
 finding similar words to:  heartbreak
 finding similar words to:  heavy
 finding similar words to:  exclamation
 finding similar words to:  revolving
 finding similar words to:  sparkling
 finding similar words to:  purple-square
 finding similar words to:  hippie
 finding similar words to:  symbol
 finding similar words to:  christianity
 finding similar words to:  latin
 finding similar words to:  cross
 finding similar words to:  buddhism
 finding similar words to:  sikhism
 finding similar words to:  jainism
 finding similar words to:  dharma
 finding similar words to:  david
 finding similar words to:  hexagram
 finding similar words to:  six
 finding similar words to:  pointed
 finding similar words to:  hanukkah
 finding similar words to:  candles
 finding similar words to:  yin
 finding similar words to:  yang
 finding similar words to:  suppedaneum
 finding similar words to:  orthodox
 finding similar words to:  church
 finding similar words to:  constellation
 finding similar words to:  astrology
 finding similar words to:  zodiac
 finding similar words to:  scorpio
 finding similar words to:  words
 finding similar words to:  physics
 finding similar words to:  atom
 finding similar words to:  kanji
 finding similar words to:  empty
 finding similar words to:  divide
 finding similar words to:  pink-square
 finding similar words to:  nuclear
 finding similar words to:  mute
 finding similar words to:  orange-square
 finding similar words to:  silence
 finding similar words to:  mobile
 finding similar words to:  off
 finding similar words to:  vibration
 finding similar words to:  mode
 finding similar words to:  have
 finding similar words to:  nothing
 finding similar words to:  opening hours
 finding similar words to:  opening
 finding similar words to:  hours
 finding similar words to:  month
 finding similar words to:  shape
 finding similar words to:  polygon
 finding similar words to:  eight
 finding similar words to:  orange-circle
 finding similar words to:  circle
 finding similar words to:  obtain
 finding similar words to:  get
 finding similar words to:  ideograph
 finding similar words to:  advantage
 finding similar words to:  sshh
 finding similar words to:  red-circle
 finding similar words to:  join
 finding similar words to:  red-square
 finding similar words to:  forbidden
 finding similar words to:  restricted
 finding similar words to:  alphabet
 finding similar words to:  help
 finding similar words to:  denied
 finding similar words to:  forbid
 finding similar words to:  name
 finding similar words to:  badge
 finding similar words to:  disallow
 finding similar words to:  delete
 finding similar words to:  remove
 finding similar words to:  cancel
 finding similar words to:  bath
 finding similar words to:  rules
 finding similar words to:  crossing
 finding similar words to:  pedestrians
 finding similar words to:  do
 finding similar words to:  not
 finding similar words to:  litter
 finding similar words to:  cyclist
 finding similar words to:  prohibited
 finding similar words to:  bicycles
 finding similar words to:  tap
 finding similar words to:  non
 finding similar words to:  potable
 finding similar words to:  18
 finding similar words to:  minor
 finding similar words to:  phones
 finding similar words to:  heavy_exclamation_mark
 finding similar words to:  punctuation
 finding similar words to:  grey
 finding similar words to:  doubts
 finding similar words to:  question
 finding similar words to:  wat
 finding similar words to:  afternoon
 finding similar words to:  low
 finding similar words to:  spear
 finding similar words to:  scout
 finding similar words to:  fleur
 finding similar words to:  de
 finding similar words to:  lis
 finding similar words to:  part
 finding similar words to:  alternation
 finding similar words to:  problem
 finding similar words to:  issue
 finding similar words to:  yellow-diamond
 finding similar words to:  shield
 finding similar words to:  green-square
 finding similar words to:  fireworks
 finding similar words to:  spoked
 finding similar words to:  asterisk
 finding similar words to:  x
 finding similar words to:  deny
 finding similar words to:  negative
 finding similar words to:  squared
 finding similar words to:  answer
 finding similar words to:  tick
 finding similar words to:  check
 finding similar words to:  jewel
 finding similar words to:  fancy
 finding similar words to:  a
 finding similar words to:  dot
 finding similar words to:  inside
 finding similar words to:  vortex
 finding similar words to:  whirlpool
 finding similar words to:  spin
 finding similar words to:  tornado
 finding similar words to:  hurricane
 finding similar words to:  typhoon
 finding similar words to:  cassette
 finding similar words to:  internet
 finding similar words to:  interweb
 finding similar words to:  i18n
 finding similar words to:  meridians
 finding similar words to:  blue-circle
 finding similar words to:  bank
 finding similar words to:  katakana
 finding similar words to:  custom
 finding similar words to:  passport
 finding similar words to:  baggage
 finding similar words to:  claim
 finding similar words to:  luggage
 finding similar words to:  disabled
 finding similar words to:  a11y
 finding similar words to:  accessibility
 finding similar words to:  smoking
 finding similar words to:  liquid
 finding similar words to:  loo
 finding similar words to:  refresh
 finding similar words to:  info
 finding similar words to:  put
 finding similar words to:  its
 finding similar words to:  curtain
 finding similar words to:  stage
 finding similar words to:  reception
 finding similar words to:  connection
 finding similar words to:  wifi
 finding similar words to:  bluetooth
 finding similar words to:  bars
 finding similar words to:  strength
 finding similar words to:  destination
 finding similar words to:  icon
 finding similar words to:  above
 finding similar words to:  start
 finding similar words to:  0
 finding similar words to:  null
 finding similar words to:  prime
 finding similar words to:  4
 finding similar words to:  5
 finding similar words to:  6
 finding similar words to:  7
 finding similar words to:  8
 finding similar words to:  9
 finding similar words to:  10
 finding similar words to:  keycap
 finding similar words to:  ten
 finding similar words to:  eject
 finding similar words to:  button
 finding similar words to:  forward
 finding similar words to:  pause
 finding similar words to:  next
 finding similar words to:  or
 finding similar words to:  backward
 finding similar words to:  previous
 finding similar words to:  continue
 finding similar words to:  shuffle
 finding similar words to:  rightwards
 finding similar words to:  arrows
 finding similar words to:  loop
 finding similar words to:  repeat
 finding similar words to:  one
 finding similar words to:  triangle
 finding similar words to:  top
 finding similar words to:  bottom
 finding similar words to:  double
 finding similar words to:  diagonal
 finding similar words to:  northeast
 finding similar words to:  upper
 finding similar words to:  southeast
 finding similar words to:  southwest
 finding similar words to:  northwest
 finding similar words to:  horizontal
 finding similar words to:  sideways
 finding similar words to:  sync
 finding similar words to:  cycle
 finding similar words to:  counterclockwise
 finding similar words to:  return
 finding similar words to:  rotate
 finding similar words to:  hook
 finding similar words to:  undo
 finding similar words to:  enter
 finding similar words to:  leftwards
 finding similar words to:  heading
 finding similar words to:  twitter
 finding similar words to:  source
 finding similar words to:  capital
 finding similar words to:  abcd
 finding similar words to:  note
 finding similar words to:  ampersand
 finding similar words to:  percent
 finding similar words to:  glyphs
 finding similar words to:  characters
found similar words to:  cooking
found similar words to:  chocolate
found similar words to:  swirl
found similar words to:  autumn
found similar words to:  china
found similar words to:  shallow
found similar words to:  party
found similar words to:  frankfurter
found similar words to:  asian
found similar words to:  pan
found similar words to:  casserole
found similar words to:  prophecy
found similar words to:  movie
found similar words to:  cream
found similar words to:  lolly
found similar words to:  japan
found similar words to:  barbecue
found similar words to:  fortune
found similar words to:  theater
found similar words to:  bar
found similar words to:  noodle
found similar words to:  dessert
found similar words to:  cocktail
found similar words to:  pierogi
found similar words to:  plate
found similar words to:  lunch
found similar words to:  salad
found similar words to:  bottle
found similar words to:  mexican
found similar words to:  films
found similar words to:  pingpong
found similar words to:  kamaboko
found similar words to:  relax
found similar words to:  surimi
found similar words to:  narutomaki
found similar words to:  cereal
found similar words to:  cookie
found similar words to:  potsticker
found similar words to:  candy
found similar words to:  clinking
found similar words to:  cake
found similar words to:  paella
found similar words to:  chopsticks
found similar words to:  playing
found similar words to:  box
found similar words to:  takeout
found similar words to:  skate
found similar words to:  empanada
found similar words to:  rugby
found similar words to:  drink
found similar words to:  soup
found similar words to:  celebrate
found similar words to:  bowl
found similar words to:  movie theater
found similar words to:  ramen
found similar words to:  shaved
found similar words to:  healthy
found similar words to:  ice
found similar words to:  italian
found similar words to:  canned
found similar words to:  cracker
found similar words to:  frisbee
found similar words to:  pastry
found similar words to:  latte
found similar words to:  wrestling
found similar words to:  fork
found similar words to:  arrow
found similar words to:  wrestlers
found similar words to:  gymnastics
found similar words to:  bow
found similar words to:  donut
found similar words to:  dinner
found similar words to:  booze
found similar words to:  glasses
found similar words to:  pong
found similar words to:  luge
found similar words to:  sword
found similar words to:  ultimate
found similar words to:  alcohol
found similar words to:  goal
found similar words to:  flag
found similar words to:  bourbon
found similar words to:  competition
found similar words to:  football
found similar words to:  zen
found similar words to:  acting
found similar words to:  cutlery
found similar words to:  cartwheeling
found similar words to:  military
found similar words to:  net
found similar words to:  carnival
found similar words to:  balls
found similar words to:  support
found similar words to:  sleigh
found similar words to:  eat
found similar words to:  curling
found similar words to:  position
found similar words to:  arts
found similar words to:  golfing
found similar words to:  espresso
found similar words to:  hobby
found similar words to:  glass
found similar words to:  restaurant
found similar words to:  bathroom
found similar words to:  skill
found similar words to:  fencing
found similar words to:  polo
found similar words to:  pole
found similar words to:  whisky
found similar words to:  knife
found similar words to:  nba
found similar words to:  handball
found similar words to:  drunk
found similar words to:  hockey
found similar words to:  disc
found similar words to:  meal
found similar words to:  toboggan
found similar words to:  transportation
found similar words to:  field
found similar words to:  army
found similar words to:  music
found similar words to:  rowing
found similar words to:  performing
found similar words to:  colors
found similar words to:  lotus
found similar words to:  lifting
found similar words to:  winning
found similar words to:  martial
found similar words to:  caffeine
found similar words to:  pool
found similar words to:  flying
found similar words to:  ceremony
found similar words to:  paint
found similar words to:  cause
found similar words to:  biking
found similar words to:  cup
found similar words to:  fishing
found similar words to:  liquor
found similar words to:  stone
found similar words to:  shaker
found similar words to:  win
found similar words to:  cheers
found similar words to:  brass
found similar words to:  champagne
found similar words to:  porridge
found similar words to:  oreo
found similar words to:  condiment
found similar words to:  ping
found similar words to:  stick
found similar words to:  tumbler
found similar words to:  pub
found similar words to:  tent
found similar words to:  container
found similar words to:  spoon
found similar words to:  tableware
found similar words to:  weight
found similar words to:  play
found similar words to:  basketball
found similar words to:  fighting
found similar words to:  award
found similar words to:  design
found similar words to:  treble
found similar words to:  symphony
found similar words to:  film
found similar words to:  ftw
found similar words to:  clef
found similar words to:  suit
found similar words to:  juggle
found similar words to:  mindfulness
found similar words to:  pa
found similar words to:  betting
found similar words to:  levitating
found similar words to:  event
found similar words to:  uniform
found similar words to:  game
found similar words to:  place
found similar words to:  ship
found similar words to:  nfl
found similar words to:  climbing
found similar words to:  glove
found similar words to:  ribbon
found similar words to:  piano
found similar words to:  judo
found similar words to:  yoga
found similar words to:  reminder
found similar words to:  pageant
found similar words to:  beverage
found similar words to:  drama
found similar words to:  taekwondo
found similar words to:  surfing
found similar words to:  3rd
found similar words to:  draw
found similar words to:  racing
found similar words to:  musical
found similar words to:  juggling
found similar words to:  karate
found similar words to:  2nd
found similar words to:  concert
found similar words to:  second
found similar words to:  meditation
found similar words to:  awareness
found similar words to:  horse
found similar words to:  clean
found similar words to:  hover
found similar words to:  car
found similar words to:  balance
found similar words to:  leftovers
found similar words to:  sash
found similar words to:  express
found similar words to:  contest
found similar words to:  snare
found similar words to:  die
found similar words to:  soda
found similar words to:  scotch
found similar words to:  jazz
found similar words to:  fire
found similar words to:  articulated
found similar words to:  vehicle
found similar words to:  formula
found similar words to:  piece
found similar words to:  uber
found similar words to:  levitate
found similar words to:  interlocking
found similar words to:  serenity
found similar words to:  bart
found similar words to:  agriculture
found similar words to:  slot
found similar words to:  vespa
found similar words to:  sasha
found similar words to:  razor
found similar words to:  pawn
found similar words to:  fruit machine
found similar words to:  cars
found similar words to:  arcade
found similar words to:  tabletop
found similar words to:  farming
found similar words to:  f1
found similar words to:  hospital
found similar words to:  ambulance
found similar words to:  aerial
found similar words to:  automobile
found similar words to:  expendable
found similar words to:  error
found similar words to:  bullettrain
found similar words to:  pinged
found similar words to:  motor
found similar words to:  engine
found similar words to:  talkshow
found similar words to:  jump
found similar words to:  lorry
found similar words to:  oatmeal
found similar words to:  shot
found similar words to:  bus
found similar words to:  record
found similar words to:  training
found similar words to:  entrance
found similar words to:  gambling
found similar words to:  taxi
found similar words to:  third
found similar words to:  bike
found similar words to:  boxing
found similar words to:  locomotive
found similar words to:  ski
found similar words to:  rotating
found similar words to:  alert
found similar words to:  oncoming
found similar words to:  mrt
found similar words to:  speed
found similar words to:  ps4
found similar words to:  suspension
found similar words to:  instrument
found similar words to:  controller
found similar words to:  rail
found similar words to:  underground
found similar words to:  target
found similar words to:  hole
found similar words to:  1st
found similar words to:  straw
found similar words to:  chess
found similar words to:  hipster
found similar words to:  vegas
found similar words to:  orchestra
found similar words to:  invader
found similar words to:  medal
found similar words to:  multitask
found similar words to:  bullseye
found similar words to:  bet
found similar words to:  shower
found similar words to:  gadgets
found similar words to:  console
found similar words to:  random
found similar words to:  dice
found similar words to:  blues
found similar words to:  mountain
found similar words to:  drumsticks
found similar words to:  puzzle
found similar words to:  scooter
found similar words to:  keyboard
found similar words to:  airport
found similar words to:  video
found similar words to:  saucer
found similar words to:  casino
found similar words to:  arrival
found similar words to:  bicycle
found similar words to:  airplane
found similar words to:  boarding
found similar words to:  boat
found similar words to:  departure
found similar words to:  yacht
found similar words to:  staffmode
found similar words to:  ferry
found similar words to:  tube
found similar words to:  sailing
found similar words to:  passenger
found similar words to:  cruise
found similar words to:  outer space
found similar words to:  artificial
found similar words to:  paddle
found similar words to:  satellite
found similar words to:  nasa
found similar words to:  progress
found similar words to:  gas station
found similar words to:  transport
found similar words to:  warning
found similar words to:  railway
found similar words to:  athlete
found similar words to:  petroleum
found similar words to:  wait
found similar words to:  caution
found similar words to:  sit
found similar words to:  driving
found similar words to:  flight
found similar words to:  cableway
found similar words to:  traffic
found similar words to:  tramway
found similar words to:  steam
found similar words to:  emergency
found similar words to:  public
found similar words to:  carriage
found similar words to:  landing
found similar words to:  station
found similar words to:  train
found similar words to:  front
found similar words to:  signal
found similar words to:  gokart
found similar words to:  vertical
found similar words to:  finishline
found similar words to:  gps
found similar words to:  iss
found similar words to:  launch
found similar words to:  titanic
found similar words to:  checkered
found similar words to:  londoneye
found similar words to:  communication
found similar words to:  orbit
found similar words to:  spaceflight
found similar words to:  playground
found similar words to:  coaster
found similar words to:  ferris
found similar words to:  deploy
found similar words to:  tower
found similar words to:  photo
found similar words to:  wheel
found similar words to:  building
found similar words to:  working
found similar words to:  carousel
found similar words to:  industry
found similar words to:  roller
found similar words to:  fresh
found similar words to:  mount
found similar words to:  scene
found similar words to:  nation
found similar words to:  pollution
found similar words to:  tsukimi
found similar words to:  country
found similar words to:  environment
found similar words to:  park
found similar words to:  tokyo
found similar words to:  cupertino
found similar words to:  highway
found similar words to:  national
found similar words to:  fuji
found similar words to:  outdoors
found similar words to:  track
found similar words to:  interstate
found similar words to:  road
found similar words to:  mountains
found similar words to:  warm
found similar words to:  sunrise
found similar words to:  view
found similar words to:  saharah
found similar words to:  sunset
found similar words to:  dawn
found similar words to:  european
found similar words to:  sand
found similar words to:  island
found similar words to:  life
found similar words to:  statue
found similar words to:  liberty
found similar words to:  sanfrancisco
found similar words to:  way
found similar words to:  castle
found similar words to:  urban
found similar words to:  garden
found similar words to:  american
found similar words to:  unicorn_face
found similar words to:  venue
found similar words to:  unicorn
found similar words to:  newyork
found similar words to:  bridge
found similar words to:  at
found similar words to:  night life
found similar words to:  milky
found similar words to:  buildings
found similar words to:  abandon
found similar words to:  city
found similar words to:  history
found similar words to:  house
found similar words to:  bureau
found similar words to:  downtown
found similar words to:  congratulations
found similar words to:  good morning
found similar words to:  evict
found similar words to:  broken
found similar words to:  department
found similar words to:  derelict
found similar words to:  mall
found similar words to:  envelope
found similar words to:  store
found similar words to:  email
found similar words to:  enterprise
found similar words to:  art
found similar words to:  post
found similar words to:  convenience
found similar words to:  checkin
found similar words to:  teach
found similar words to:  religion
found similar words to:  hotel
found similar words to:  culture
found similar words to:  surgery
found similar words to:  accomodation
found similar words to:  classical
found similar words to:  groceries
found similar words to:  cash
found similar words to:  worship
found similar words to:  minaret
found similar words to:  islam
found similar words to:  kyoto
found similar words to:  christ
found similar words to:  time
found similar words to:  temple
found similar words to:  judaism
found similar words to:  shinto
found similar words to:  mecca
found similar words to:  mosque
found similar words to:  technology
found similar words to:  jewish
found similar words to:  screen
found similar words to:  shrine
found similar words to:  iphone
found similar words to:  monitor
found similar words to:  display
found similar words to:  incoming
found similar words to:  dial
found similar words to:  text
found similar words to:  input
found similar words to:  type
found similar words to:  paper
found similar words to:  90s
found similar words to:  save
found similar words to:  80s
found similar words to:  strip
found similar words to:  cd
found similar words to:  tape
found similar words to:  show
found similar words to:  telephone
found similar words to:  bbcall
found similar words to:  receiver
found similar words to:  television
found similar words to:  program
found similar words to:  podcast
found similar words to:  recording
found similar words to:  studio
found similar words to:  slider
found similar words to:  scale
found similar words to:  control
found similar words to:  microphone
found similar words to:  navigation
found similar words to:  knobs
found similar words to:  level
found similar words to:  alarm
found similar words to:  timer
found similar words to:  orienteering
found similar words to:  clock
found similar words to:  wake
found similar words to:  deadline
found similar words to:  magnetic
found similar words to:  mantelpiece
found similar words to:  countdown
found similar words to:  flowing
found similar words to:  limit
found similar words to:  future
found similar words to:  hourglass
found similar words to:  radio
found similar words to:  energy
found similar words to:  electric
found similar words to:  power
found similar words to:  plug
found similar words to:  charger
found similar words to:  sustain
found similar words to:  sight
found similar words to:  electricity
found similar words to:  bin
found similar words to:  idea
found similar words to:  quench
found similar words to:  extinguisher
found similar words to:  rubbish
found similar words to:  wax
found similar words to:  garbage
found similar words to:  trash
found similar words to:  bills
found similar words to:  sterling
found similar words to:  toss
found similar words to:  drum
found similar words to:  sale
found similar words to:  barrell
found similar words to:  oil
found similar words to:  england
found similar words to:  currency
found similar words to:  ruby
found similar words to:  payment
found similar words to:  bill
found similar words to:  fairness
found similar words to:  coins
found similar words to:  card
found similar words to:  tools
found similar words to:  credit
found similar words to:  ikea
found similar words to:  diy
found similar words to:  cog
found similar words to:  fix
found similar words to:  create
found similar words to:  dig
found similar words to:  pick
found similar words to:  hammer
found similar words to:  pistol
found similar words to:  maintainer
found similar words to:  lock
found similar words to:  attraction
found similar words to:  bricks
found similar words to:  handy
found similar words to:  weapon
found similar words to:  terrorism
found similar words to:  boom
found similar words to:  revolver
found similar words to:  swords
found similar words to:  blade
found similar words to:  dynamite
found similar words to:  explosive
found similar words to:  security
found similar words to:  tobacco
found similar words to:  poison
found similar words to:  deadly
found similar words to:  kills
found similar words to:  skull
found similar words to:  cigarette
found similar words to:  joint
found similar words to:  crossbones
found similar words to:  rip
found similar words to:  disk
found similar words to:  cemetery
found similar words to:  graveyard
found similar words to:  funeral
found similar words to:  casket
found similar words to:  ashes
found similar words to:  vase
found similar words to:  photography
found similar words to:  crystal
found similar words to:  dvd
found similar words to:  hair
found similar words to:  nazar
found similar words to:  amulet
found similar words to:  charm
found similar words to:  bead
found similar words to:  science
found similar words to:  style
found similar words to:  salon
found similar words to:  chemistry
found similar words to:  embarrassing
found similar words to:  astronomy
found similar words to:  study
found similar words to:  drugs
found similar words to:  zoomin
found similar words to:  laboratory
found similar words to:  germs
found similar words to:  blood
found similar words to:  bacteria
found similar words to:  amoeba
found similar words to:  lab
found similar words to:  genetics
found similar words to:  biology
found similar words to:  dish
found similar words to:  petri
found similar words to:  cleaning
found similar words to:  tag
found similar words to:  sweeping
found similar words to:  laundry
found similar words to:  toilet
found similar words to:  favorite
found similar words to:  label
found similar words to:  wc
found similar words to:  restroom
found similar words to:  absorbing
found similar words to:  bathing
found similar words to:  washroom
found similar words to:  potty
found similar words to:  lotion
found similar words to:  lather
found similar words to:  porous
found similar words to:  moisturizer
found similar words to:  sunscreen
found similar words to:  door
found similar words to:  password
found similar words to:  key
found similar words to:  chill
found similar words to:  sleeping
found similar words to:  lamp
found similar words to:  bed
found similar words to:  entry
found similar words to:  exit
found similar words to:  read
found similar words to:  service
found similar words to:  couch
found similar words to:  bellhop
found similar words to:  plush
found similar words to:  bell
found similar words to:  framed
found similar words to:  bear
found similar words to:  ground
found similar words to:  parasol
found similar words to:  picture
found similar words to:  teddy
found similar words to:  location
found similar words to:  map
found similar words to:  easter island
found similar words to:  moai
found similar words to:  purchase
found similar words to:  cart
found similar words to:  easter
found similar words to:  birthday
found similar words to:  buy
found similar words to:  trolley
found similar words to:  koinobori
found similar words to:  carp
found similar words to:  confetti
found similar words to:  ding
found similar words to:  chime
found similar words to:  bowtie
found similar words to:  present
found similar words to:  banner
found similar words to:  toy
found similar words to:  kimono
found similar words to:  flags
found similar words to:  border
found similar words to:  izakaya
found similar words to:  letter
found similar words to:  gift
found similar words to:  e
found similar words to:  mailbox
found similar words to:  mail
found similar words to:  inbox
found similar words to:  postal
found similar words to:  moving
found similar words to:  outbox
found similar words to:  ancient
found similar words to:  curl
found similar words to:  tidy
found similar words to:  accounting
found similar words to:  expenses
found similar words to:  tabs
found similar words to:  facing
found similar words to:  chart
found similar words to:  presentation
found similar words to:  downwards
found similar words to:  trend
found similar words to:  recovery
found similar words to:  stats
found similar words to:  economics
found similar words to:  upwards
found similar words to:  success
found similar words to:  schedule
found similar words to:  failure
found similar words to:  recession
found similar words to:  spiral
found similar words to:  election
found similar words to:  index
found similar words to:  calendar
found similar words to:  file
found similar words to:  cabinet
found similar words to:  ballot
found similar words to:  organizing
found similar words to:  vote
found similar words to:  load
found similar words to:  folder
found similar words to:  dividers
found similar words to:  notepad
found similar words to:  memo
found similar words to:  cover
found similar words to:  filing
found similar words to:  pin
found similar words to:  url
found similar words to:  rings
found similar words to:  sketch
found similar words to:  architect
found similar words to:  calculation
found similar words to:  length
found similar words to:  diaper
found similar words to:  mark
found similar words to:  calculate
found similar words to:  ruler
found similar words to:  here
found similar words to:  round
found similar words to:  lost
found similar words to:  losing
found similar words to:  pushpin
found similar words to:  triangular
found similar words to:  give up
found similar words to:  surrender
found similar words to:  planning
found similar words to:  milestone
found similar words to:  give
found similar words to:  loser
found similar words to:  white
found similar words to:  lgbt
found similar words to:  headline
found similar words to:  rainbow
found similar words to:  press
found similar words to:  knowledge
found similar words to:  gay
found similar words to:  notes
found similar words to:  library
found similar words to:  black
found similar words to:  classroom
found similar words to:  textbook
found similar words to:  book
found similar words to:  glbt
found similar words to:  newspaper
found similar words to:  literature
found similar words to:  notebook
found similar words to:  queer
found similar words to:  decorative
found similar words to:  math
found similar words to:  homosexual
found similar words to:  padlock
found similar words to:  privacy
found similar words to:  fountain
found similar words to:  bisexual
found similar words to:  transgender
found similar words to:  lesbian
found similar words to:  nib
found similar words to:  creativity
found similar words to:  search
found similar words to:  find
found similar words to:  mag
found similar words to:  pencil
found similar words to:  break
found similar words to:  purple
found similar words to:  heartbreak
found similar words to:  sorry
found similar words to:  computing
found similar words to:  heavy
found similar words to:  revolving
found similar words to:  exclamation
found similar words to:  hippie
found similar words to:  sparkling
found similar words to:  purple-square
found similar words to:  buddhism
found similar words to:  sikhism
found similar words to:  symbol
found similar words to:  hanukkah
found similar words to:  latin
found similar words to:  hexagram
found similar words to:  yang
found similar words to:  yin
found similar words to:  candles
found similar words to:  church
found similar words to:  silence
found similar words to:  empty
found similar words to:  cross
found similar words to:  desktop
found similar words to:  pink-square
found similar words to:  christianity
found similar words to:  six
found similar words to:  physics
found similar words to:  constellation
found similar words to:  suppedaneum
found similar words to:  words
found similar words to:  orthodox
found similar words to:  pointed
found similar words to:  dharma
found similar words to:  astrology
found similar words to:  kanji
found similar words to:  nuclear
found similar words to:  mute
found similar words to:  orange-square
found similar words to:  zodiac
found similar words to:  jainism
found similar words to:  mobile
found similar words to:  david
found similar words to:  scorpio
found similar words to:  divide
found similar words to:  atom
found similar words to:  have
found similar words to:  nothing
found similar words to:  opening hours
found similar words to:  hours
found similar words to:  mode
found similar words to:  opening
found similar words to:  off
found similar words to:  eight
found similar words to:  vibration
found similar words to:  shape
found similar words to:  month
found similar words to:  polygon
found similar words to:  orange-circle
found similar words to:  obtain
found similar words to:  circle
found similar words to:  ideograph
found similar words to:  advantage
found similar words to:  get
found similar words to:  sshh
found similar words to:  red-circle
found similar words to:  red-square
found similar words to:  bath
found similar words to:  join
found similar words to:  name
found similar words to:  alphabet
found similar words to:  forbid
found similar words to:  denied
found similar words to:  cancel
found similar words to:  crossing
found similar words to:  help
found similar words to:  pedestrians
found similar words to:  forbidden
found similar words to:  remove
found similar words to:  rules
found similar words to:  badge
found similar words to:  not
found similar words to:  disallow
found similar words to:  delete
found similar words to:  cyclist
found similar words to:  bicycles
found similar words to:  litter
found similar words to:  prohibited
found similar words to:  do
found similar words to:  flash
found similar words to:  data
found similar words to:  tap
found similar words to:  non
found similar words to:  potable
found similar words to:  18
found similar words to:  minor
found similar words to:  beads
found similar words to:  drug
found similar words to:  zoom
found similar words to:  distilling
found similar words to:  fortune_teller
found similar words to:  pharmacy
found similar words to:  phones
found similar words to:  jar
found similar words to:  disco
found similar words to:  question
found similar words to:  grey
found similar words to:  doubts
found similar words to:  punctuation
found similar words to:  heavy_exclamation_mark
found similar words to:  dhikr
found similar words to:  religious
found similar words to:  teller
found similar words to:  afternoon
found similar words to:  de
found similar words to:  wat
found similar words to:  urn
found similar words to:  low
found similar words to:  spear
found similar words to:  lis
found similar words to:  scout
found similar words to:  fleur
found similar words to:  alternation
found similar words to:  part
found similar words to:  problem
found similar words to:  issue
found similar words to:  shield
found similar words to:  yellow-diamond
found similar words to:  green-square
found similar words to:  fireworks
found similar words to:  asterisk
found similar words to:  x
found similar words to:  spoked
found similar words to:  answer
found similar words to:  tool
found similar words to:  negative
found similar words to:  check
found similar words to:  tick
found similar words to:  deny
found similar words to:  jewel
found similar words to:  squared
found similar words to:  typhoon
found similar words to:  hurricane
found similar words to:  whirlpool
found similar words to:  spin
found similar words to:  a
found similar words to:  dot
found similar words to:  tornado
found similar words to:  ink
found similar words to:  trackpad
found similar words to:  fancy
found similar words to:  cassette
found similar words to:  vortex
found similar words to:  inside
found similar words to:  claim
found similar words to:  luggage
found similar words to:  oldschool
found similar words to:  meridians
found similar words to:  accessibility
found similar words to:  a11y
found similar words to:  i18n
found similar words to:  katakana
found similar words to:  interweb
found similar words to:  passport
found similar words to:  bank
found similar words to:  internet
found similar words to:  custom
found similar words to:  blue-circle
found similar words to:  disabled
found similar words to:  baggage
found similar words to:  smoking
found similar words to:  liquid
found similar words to:  refresh
found similar words to:  curtain
found similar words to:  reception
found similar words to:  loo
found similar words to:  stage
found similar words to:  put
found similar words to:  info
found similar words to:  connection
found similar words to:  its
found similar words to:  bluetooth
found similar words to:  strength
found similar words to:  icon
found similar words to:  wifi
found similar words to:  bars
found similar words to:  prime
found similar words to:  start
found similar words to:  0
found similar words to:  destination
found similar words to:  5
found similar words to:  null
found similar words to:  9
found similar words to:  6
found similar words to:  4
found similar words to:  7
found similar words to:  ten
found similar words to:  eject
found similar words to:  8
found similar words to:  10
found similar words to:  keycap
found similar words to:  button
found similar words to:  pause
found similar words to:  forward
found similar words to:  next
found similar words to:  previous
found similar words to:  continue
found similar words to:  backward
found similar words to:  or
found similar words to:  shuffle
found similar words to:  rightwards
found similar words to:  repeat
found similar words to:  arrows
found similar words to:  one
found similar words to:  triangle
found similar words to:  northeast
found similar words to:  loop
found similar words to:  double
found similar words to:  bottom
found similar words to:  sideways
found similar words to:  upper
found similar words to:  diagonal
found similar words to:  top
found similar words to:  southeast
found similar words to:  northwest
found similar words to:  southwest
found similar words to:  cycle
found similar words to:  counterclockwise
found similar words to:  sync
found similar words to:  horizontal
found similar words to:  return
found similar words to:  rotate
found similar words to:  leftwards
found similar words to:  hook
found similar words to:  undo
found similar words to:  twitter
found similar words to:  projector
found similar words to:  enter
found similar words to:  heading
found similar words to:  source
found similar words to:  floppy
found similar words to:  capital
found similar words to:  glyphs
found similar words to:  click
found similar words to:  abcd
found similar words to:  ampersand
found similar words to:  note
found similar words to:  percent
found similar words to:  cardboard
found similar words to:  characters
found similar words to:  order
found similar words to:  tray
found similar words to:  page
found similar words to:  bookmark
found similar words to:  drawing
found similar words to:  graph
found similar words to:  restricted
found similar words to:  above
 finding similar words to:  tone
 finding similar words to:  line
 finding similar words to:  squiggle
 finding similar words to:  scribble
 finding similar words to:  dash
 finding similar words to:  curly
 finding similar words to:  nike
 finding similar words to:  clockwise
 finding similar words to:  addition
 finding similar words to:  more
 finding similar words to:  increase
 finding similar words to:  plus
 finding similar words to:  subtract
 finding similar words to:  less
 finding similar words to:  minus
 finding similar words to:  division
 finding similar words to:  multiplication
 finding similar words to:  forever
 finding similar words to:  buck
 finding similar words to:  exchange
 finding similar words to:  ip
 finding similar words to:  license
 finding similar words to:  trademark
 finding similar words to:  brand
 finding similar words to:  confirm
 finding similar words to:  black-square
 finding similar words to:  medium
 finding similar words to:  frame
 finding similar words to:  volume
 finding similar words to:  broadcast
 finding similar words to:  speaker
 finding similar words to:  noise
 finding similar words to:  noisy
 finding similar words to:  loud
 finding similar words to:  notification
 finding similar words to:  silent
 finding similar words to:  poker
 finding similar words to:  cards
 finding similar words to:  joker
 finding similar words to:  suits
 finding similar words to:  bubble
 finding similar words to:  speech
 finding similar words to:  thinking
 finding similar words to:  thought
 finding similar words to:  balloon
 finding similar words to:  caption
 finding similar words to:  anger
 finding similar words to:  message
 finding similar words to:  chatting
 finding similar words to:  late
 finding similar words to:  early
 finding similar words to:  dusk
 finding similar words to:  noon
 finding similar words to:  midnight
 finding similar words to:  midday
 finding similar words to:  af
 finding similar words to:  islands
 finding similar words to:  aland
 finding similar words to:  al
 finding similar words to:  dz
 finding similar words to:  ws
 finding similar words to:  samoa
 finding similar words to:  ad
 finding similar words to:  ao
 finding similar words to:  ai
 finding similar words to:  aq
 finding similar words to:  antigua
 finding similar words to:  barbuda
 finding similar words to:  ar
 finding similar words to:  am
 finding similar words to:  au
 finding similar words to:  az
 finding similar words to:  bs
 finding similar words to:  bh
 finding similar words to:  bd
 finding similar words to:  bb
 finding similar words to:  by
 finding similar words to:  be
 finding similar words to:  bz
 finding similar words to:  bj
 finding similar words to:  bm
 finding similar words to:  bt
 finding similar words to:  bo
 finding similar words to:  bonaire
 finding similar words to:  caribbean
 finding similar words to:  netherlands
 finding similar words to:  bosnia
 finding similar words to:  herzegovina
 finding similar words to:  bw
 finding similar words to:  br
 finding similar words to:  territory
 finding similar words to:  virgin
 finding similar words to:  bvi
 finding similar words to:  bn
 finding similar words to:  darussalam
 finding similar words to:  bg
 finding similar words to:  burkina
 finding similar words to:  faso
 finding similar words to:  bi
 finding similar words to:  cabo
 finding similar words to:  verde
 finding similar words to:  cape
 finding similar words to:  kh
 finding similar words to:  cm
 finding similar words to:  canary
 finding similar words to:  cayman
 finding similar words to:  central
 finding similar words to:  african
 finding similar words to:  republic
 finding similar words to:  td
 finding similar words to:  prc
 finding similar words to:  cocos
 finding similar words to:  keeling
 finding similar words to:  co
 finding similar words to:  km
 finding similar words to:  congo
 finding similar words to:  brazzaville
 finding similar words to:  democratic
 finding similar words to:  kinshasa
 finding similar words to:  costa
 finding similar words to:  rica
 finding similar words to:  hr
 finding similar words to:  cu
 finding similar words to:  curacao
 finding similar words to:  cy
 finding similar words to:  cz
 finding similar words to:  czech
 finding similar words to:  dk
 finding similar words to:  dj
 finding similar words to:  dm
 finding similar words to:  dominican
 finding similar words to:  ec
 finding similar words to:  eg
 finding similar words to:  el
 finding similar words to:  salvador
 finding similar words to:  equatorial
 finding similar words to:  gn
 finding similar words to:  guinea
 finding similar words to:  er
 finding similar words to:  ee
 finding similar words to:  et
 finding similar words to:  union
 finding similar words to:  falkland
 finding similar words to:  malvinas
 finding similar words to:  faroe
 finding similar words to:  fj
 finding similar words to:  fi
 finding similar words to:  france
 finding similar words to:  guiana
 finding similar words to:  polynesia
 finding similar words to:  southern
 finding similar words to:  territories
 finding similar words to:  ga
 finding similar words to:  gm
 finding similar words to:  ge
 finding similar words to:  german
 finding similar words to:  gh
 finding similar words to:  gi
 finding similar words to:  gr
 finding similar words to:  gl
 finding similar words to:  gd
 finding similar words to:  gp
 finding similar words to:  gu
 finding similar words to:  gt
 finding similar words to:  gg
 finding similar words to:  gw
 finding similar words to:  bissau
 finding similar words to:  gy
 finding similar words to:  ht
 finding similar words to:  hn
 finding similar words to:  hong
 finding similar words to:  kong
 finding similar words to:  hu
 finding similar words to:  is
 finding similar words to:  iran,
 finding similar words to:  islamic
 finding similar words to:  iq
 finding similar words to:  ie
 finding similar words to:  isle
 finding similar words to:  il
 finding similar words to:  italy
 finding similar words to:  ivory
 finding similar words to:  coast
 finding similar words to:  cote
 finding similar words to:  divoire
 finding similar words to:  jm
 finding similar words to:  je
 finding similar words to:  jo
 finding similar words to:  kz
 finding similar words to:  ke
 finding similar words to:  ki
 finding similar words to:  xk
 finding similar words to:  kw
 finding similar words to:  kg
 finding similar words to:  lao
 finding similar words to:  lv
 finding similar words to:  lb
 finding similar words to:  ls
 finding similar words to:  lr
 finding similar words to:  ly
 finding similar words to:  li
 finding similar words to:  lt
 finding similar words to:  lu
 finding similar words to:  macao
 finding similar words to:  macedonia,
 finding similar words to:  mg
 finding similar words to:  mw
 finding similar words to:  my
 finding similar words to:  mv
 finding similar words to:  ml
 finding similar words to:  mt
 finding similar words to:  marshall
 finding similar words to:  mq
 finding similar words to:  mr
 finding similar words to:  mu
 finding similar words to:  yt
 finding similar words to:  mx
 finding similar words to:  micronesia,
 finding similar words to:  federated
 finding similar words to:  states
 finding similar words to:  moldova,
 finding similar words to:  mc
 finding similar words to:  mn
 finding similar words to:  ms
 finding similar words to:  ma
 finding similar words to:  mz
 finding similar words to:  mm
 finding similar words to:  na
 finding similar words to:  nr
 finding similar words to:  np
 finding similar words to:  nl
 finding similar words to:  caledonia
 finding similar words to:  zealand
 finding similar words to:  ni
 finding similar words to:  ne
 finding similar words to:  nu
 finding similar words to:  norfolk
 finding similar words to:  northern
 finding similar words to:  mariana
 finding similar words to:  north
 finding similar words to:  korea
 finding similar words to:  om_symbol
 finding similar words to:  om
 finding similar words to:  pk
 finding similar words to:  pw
 finding similar words to:  palestine
 finding similar words to:  palestinian
 finding similar words to:  papua
 finding similar words to:  py
 finding similar words to:  pe
 finding similar words to:  ph
 finding similar words to:  pitcairn
 finding similar words to:  pl
 finding similar words to:  pt
 finding similar words to:  puerto
 finding similar words to:  rico
 finding similar words to:  qa
 finding similar words to:  reunion
 finding similar words to:  ro
 finding similar words to:  russian
 finding similar words to:  federation
 finding similar words to:  rw
 finding similar words to:  saint
 finding similar words to:  st
 finding similar words to:  barthelemy
 finding similar words to:  helena
 finding similar words to:  ascension
 finding similar words to:  tristan
 finding similar words to:  cunha
 finding similar words to:  kitts
 finding similar words to:  nevis
 finding similar words to:  lucia
 finding similar words to:  pierre
 finding similar words to:  miquelon
 finding similar words to:  vincent
 finding similar words to:  grenadines
 finding similar words to:  san
 finding similar words to:  marino
 finding similar words to:  sao
 finding similar words to:  tome
 finding similar words to:  principe
 finding similar words to:  saudi
 finding similar words to:  arabia
 finding similar words to:  sn
 finding similar words to:  rs
 finding similar words to:  sc
 finding similar words to:  sierra
 finding similar words to:  leone
 finding similar words to:  sg
 finding similar words to:  sint
 finding similar words to:  maarten
 finding similar words to:  dutch
 finding similar words to:  sk
 finding similar words to:  si
 finding similar words to:  solomon
 finding similar words to:  so
 finding similar words to:  south
 finding similar words to:  georgia
 finding similar words to:  sandwich
 finding similar words to:  sd
 finding similar words to:  sudan
 finding similar words to:  spain
 finding similar words to:  sri
 finding similar words to:  lanka
 finding similar words to:  sr
 finding similar words to:  sz
 finding similar words to:  se
 finding similar words to:  ch
 finding similar words to:  syrian
 finding similar words to:  arab
 finding similar words to:  tw
 finding similar words to:  tj
 finding similar words to:  tanzania,
 finding similar words to:  united
 finding similar words to:  timor
 finding similar words to:  leste
 finding similar words to:  tg
 finding similar words to:  tk
 finding similar words to:  to
 finding similar words to:  trinidad
 finding similar words to:  tobago
 finding similar words to:  tn
 finding similar words to:  turks
 finding similar words to:  caicos
 finding similar words to:  ug
 finding similar words to:  ua
 finding similar words to:  emirates
 finding similar words to:  kingdom
 finding similar words to:  great
 finding similar words to:  britain
 finding similar words to:  ireland
 finding similar words to:  english
 finding similar words to:  union jack
 finding similar words to:  scottish
 finding similar words to:  welsh
 finding similar words to:  america
 finding similar words to:  us
 finding similar words to:  uy
 finding similar words to:  uz
 finding similar words to:  vu
 finding similar words to:  vatican
 finding similar words to:  ve
 finding similar words to:  bolivarian
 finding similar words to:  viet
 finding similar words to:  nam
 finding similar words to:  wallis
 finding similar words to:  futuna
 finding similar words to:  western
 finding similar words to:  sahara
 finding similar words to:  ye
 finding similar words to:  zm
 finding similar words to:  zw
 finding similar words to:  un
 finding similar words to:  nations
found similar words to:  scribble
found similar words to:  license
found similar words to:  buck
found similar words to:  joker
found similar words to:  dash
found similar words to:  anger
found similar words to:  az
found similar words to:  samoa
found similar words to:  nike
found similar words to:  tone
found similar words to:  suits
found similar words to:  curly
found similar words to:  increase
found similar words to:  caption
found similar words to:  confirm
found similar words to:  trademark
found similar words to:  squiggle
found similar words to:  islands
found similar words to:  ip
found similar words to:  line
found similar words to:  brand
found similar words to:  ai
found similar words to:  multiplication
found similar words to:  volume
found similar words to:  al
found similar words to:  dz
found similar words to:  au
found similar words to:  midnight
found similar words to:  ar
found similar words to:  more
found similar words to:  am
found similar words to:  forever
found similar words to:  af
found similar words to:  ao
found similar words to:  bh
found similar words to:  loud
found similar words to:  division
found similar words to:  balloon
found similar words to:  thought
found similar words to:  addition
found similar words to:  aq
found similar words to:  barbuda
found similar words to:  midday
found similar words to:  clockwise
found similar words to:  bd
found similar words to:  ws
found similar words to:  antigua
found similar words to:  aland
found similar words to:  minus
found similar words to:  bb
found similar words to:  by
found similar words to:  noisy
found similar words to:  frame
found similar words to:  poker
found similar words to:  territory
found similar words to:  exchange
found similar words to:  speaker
found similar words to:  bw
found similar words to:  bt
found similar words to:  bonaire
found similar words to:  bo
found similar words to:  plus
found similar words to:  early
found similar words to:  bosnia
found similar words to:  br
found similar words to:  bvi
found similar words to:  notification
found similar words to:  netherlands
found similar words to:  cards
found similar words to:  bs
found similar words to:  subtract
found similar words to:  bz
found similar words to:  less
found similar words to:  virgin
found similar words to:  bm
found similar words to:  ad
found similar words to:  caribbean
found similar words to:  bn
found similar words to:  herzegovina
found similar words to:  be
found similar words to:  bg
found similar words to:  bi
found similar words to:  bj
found similar words to:  faso
found similar words to:  darussalam
found similar words to:  cabo
found similar words to:  cm
found similar words to:  burkina
found similar words to:  verde
found similar words to:  cayman
found similar words to:  central
found similar words to:  kh
found similar words to:  td
found similar words to:  cape
found similar words to:  canary
found similar words to:  keeling
found similar words to:  co
found similar words to:  african
found similar words to:  republic
found similar words to:  congo
found similar words to:  prc
found similar words to:  brazzaville
found similar words to:  cocos
found similar words to:  kinshasa
found similar words to:  rica
found similar words to:  democratic
found similar words to:  km
found similar words to:  costa
found similar words to:  hr
found similar words to:  curacao
found similar words to:  cu
found similar words to:  cy
found similar words to:  dj
found similar words to:  cz
found similar words to:  czech
found similar words to:  ec
found similar words to:  dm
found similar words to:  dk
found similar words to:  guinea
found similar words to:  el
found similar words to:  dominican
found similar words to:  salvador
found similar words to:  eg
found similar words to:  et
found similar words to:  fi
found similar words to:  falkland
found similar words to:  equatorial
found similar words to:  union
found similar words to:  malvinas
found similar words to:  france
found similar words to:  gn
found similar words to:  faroe
found similar words to:  fj
found similar words to:  er
found similar words to:  ee
found similar words to:  territories
found similar words to:  guiana
found similar words to:  ga
found similar words to:  southern
found similar words to:  ge
found similar words to:  gh
found similar words to:  polynesia
found similar words to:  german
found similar words to:  gr
found similar words to:  gm
found similar words to:  gi
found similar words to:  gl
found similar words to:  gg
found similar words to:  gp
found similar words to:  gu
found similar words to:  gt
found similar words to:  gd
found similar words to:  hong
found similar words to:  gw
found similar words to:  bissau
found similar words to:  is
found similar words to:  gy
found similar words to:  hn
found similar words to:  ht
found similar words to:  hu
found similar words to:  ie
found similar words to:  islamic
found similar words to:  iran,
found similar words to:  kong
found similar words to:  iq
found similar words to:  isle
found similar words to:  ivory
found similar words to:  italy
found similar words to:  divoire
found similar words to:  il
found similar words to:  coast
found similar words to:  je
found similar words to:  jm
found similar words to:  kz
found similar words to:  cote
found similar words to:  kw
found similar words to:  xk
found similar words to:  kg
found similar words to:  ki
found similar words to:  lao
found similar words to:  jo
found similar words to:  ke
found similar words to:  lv
found similar words to:  lb
found similar words to:  lr
found similar words to:  li
found similar words to:  ls
found similar words to:  lu
found similar words to:  lt
found similar words to:  ly
found similar words to:  mg
found similar words to:  macedonia,
found similar words to:  macao
found similar words to:  mv
found similar words to:  mw
found similar words to:  ma
found similar words to:  my
found similar words to:  mu
found similar words to:  mn
found similar words to:  states
found similar words to:  mt
found similar words to:  mq
found similar words to:  ml
found similar words to:  moldova,
found similar words to:  mc
found similar words to:  mx
found similar words to:  ms
found similar words to:  yt
found similar words to:  mz
found similar words to:  marshall
found similar words to:  federated
found similar words to:  micronesia,
found similar words to:  nr
found similar words to:  mr
found similar words to:  np
found similar words to:  nl
found similar words to:  ne
found similar words to:  zealand
found similar words to:  mm
found similar words to:  caledonia
found similar words to:  norfolk
found similar words to:  na
found similar words to:  ni
found similar words to:  north
found similar words to:  korea
found similar words to:  nu
found similar words to:  om_symbol
found similar words to:  palestinian
found similar words to:  pw
found similar words to:  om
found similar words to:  pk
found similar words to:  palestine
found similar words to:  mariana
found similar words to:  pt
found similar words to:  northern
found similar words to:  py
found similar words to:  reunion
found similar words to:  ascension
found similar words to:  helena
found similar words to:  ph
found similar words to:  barthelemy
found similar words to:  pitcairn
found similar words to:  papua
found similar words to:  st
found similar words to:  puerto
found similar words to:  saint
found similar words to:  pl
found similar words to:  cunha
found similar words to:  russian
found similar words to:  federation
found similar words to:  tristan
found similar words to:  rico
found similar words to:  qa
found similar words to:  rw
found similar words to:  ro
found similar words to:  pe
found similar words to:  miquelon
found similar words to:  nevis
found similar words to:  kitts
found similar words to:  grenadines
found similar words to:  pierre
found similar words to:  vincent
found similar words to:  lucia
found similar words to:  san
found similar words to:  sao
found similar words to:  marino
found similar words to:  tome
found similar words to:  arabia
found similar words to:  saudi
found similar words to:  principe
found similar words to:  leone
found similar words to:  sg
found similar words to:  sierra
found similar words to:  sc
found similar words to:  sn
found similar words to:  rs
found similar words to:  sint
found similar words to:  maarten
found similar words to:  sk
found similar words to:  dutch
found similar words to:  si
found similar words to:  solomon
found similar words to:  sri
found similar words to:  sandwich
found similar words to:  sz
found similar words to:  georgia
found similar words to:  lanka
found similar words to:  sudan
found similar words to:  syrian
found similar words to:  south
found similar words to:  arab
found similar words to:  spain
found similar words to:  so
found similar words to:  se
found similar words to:  ch
found similar words to:  sr
found similar words to:  tanzania,
found similar words to:  sd
found similar words to:  tj
found similar words to:  tw
found similar words to:  united
found similar words to:  leste
found similar words to:  timor
found similar words to:  tk
found similar words to:  tg
found similar words to:  to
found similar words to:  trinidad
found similar words to:  tobago
found similar words to:  turks
found similar words to:  tn
found similar words to:  union jack
found similar words to:  emirates
found similar words to:  kingdom
found similar words to:  ua
found similar words to:  ug
found similar words to:  caicos
found similar words to:  britain
found similar words to:  us
found similar words to:  america
found similar words to:  welsh
found similar words to:  ireland
found similar words to:  scottish
found similar words to:  english
found similar words to:  great
found similar words to:  uz
found similar words to:  uy
found similar words to:  nam
found similar words to:  vatican
found similar words to:  viet
found similar words to:  vu
found similar words to:  wallis
found similar words to:  bolivarian
found similar words to:  ve
found similar words to:  zm
found similar words to:  futuna
found similar words to:  sahara
found similar words to:  western
found similar words to:  ye
found similar words to:  zw
found similar words to:  nations
found similar words to:  un
found similar words to:  noise
found similar words to:  medium
found similar words to:  message
found similar words to:  black-square
found similar words to:  dusk
found similar words to:  chatting
found similar words to:  broadcast
found similar words to:  silent
found similar words to:  thinking
found similar words to:  speech
found similar words to:  late
found similar words to:  noon
found similar words to:  bubble
[
  {
    original_word: 'score',
    related_words: [
      [Object], [Object], [Object], [Object], [Object],
      [Object], [Object], [Object], [Object], [Object],
      [Object], [Object], [Object], [Object], [Object],
      [Object], [Object], [Object], [Object], [Object],
      [Object], [Object], [Object], [Object], [Object],
      [Object], [Object], [Object], [Object], [Object],
      [Object], [Object], [Object], [Object], [Object],
      [Object], [Object], [Object], [Object], [Object],
      [Object], [Object], [Object], [Object], [Object],
      [Object], [Object], [Object], [Object], [Object],
      [Object], [Object], [Object], [Object], [Object],
      [Object], [Object], [Object], [Object], [Object],
      [Object]
    ]
  },
  {
    original_word: 'perfect',
    related_words: [
      [Object], [Object], [Object],
      [Object], [Object], [Object],
      [Object], [Object], [Object],
      [Object], [Object], [Object],
      [Object], [Object], [Object],
      [Object], [Object], [Object],
      [Object], [Object], [Object],
      [Object]
    ]
  },
  {
    original_word: 'numbers',
    related_words: [
      [Object], [Object], [Object],
      [Object], [Object], [Object],
      [Object], [Object], [Object],
      [Object], [Object], [Object],
      [Object], [Object], [Object],
      [Object], [Object], [Object],
      [Object], [Object], [Object],
      [Object]
    ]
  },
  {
    original_word: 'century',
    related_words: [
      [Object], [Object],
      [Object], [Object],
      [Object], [Object],
      [Object], [Object],
      [Object], [Object],
      [Object], [Object],
      [Object]
    ]
  },
  {
    original_word: 'exam',
    related_words: [
      [Object], [Object], [Object], [Object], [Object], [Object],
      [Object], [Object], [Object], [Object], [Object], [Object],
      [Object], [Object], [Object], [Object], [Object], [Object],
      [Object], [Object], [Object], [Object], [Object], [Object],
      [Object], [Object], [Object], [Object], [Object], [Object],
      [Object], [Object], [Object], [Object], [Object], [Object],
      [Object], [Object], [Object], [Object], [Object], [Object],
      [Object], [Object], [Object], [Object], [Object], [Object],
      [Object], [Object], [Object], [Object], [Object], [Object],
      [Object], [Object], [Object], [Object], [Object], [Object],
      [Object], [Object], [Object], [Object], [Object], [Object],
      [Object], [Object], [Object], [Object], [Object], [Object],
      [Object], [Object], [Object], [Object], [Object], [Object],
      [Object], [Object], [Object], [Object], [Object], [Object],
      [Object], [Object], [Object], [Object], [Object], [Object],
      [Object], [Object], [Object], [Object], [Object], [Object],
      [Object], [Object], [Object], [Object]
    ]
  },
  {
    original_word: 'quiz',
    related_words: [
      [Object], [Object], [Object], [Object], [Object],
      [Object], [Object], [Object], [Object], [Object],
      [Object], [Object], [Object], [Object], [Object],
      [Object], [Object], [Object], [Object], [Object],
      [Object], [Object], [Object], [Object], [Object],
      [Object], [Object], [Object], [Object], [Object],
      [Object], [Object], [Object], [Object], [Object],
      [Object], [Object], [Object], [Object], [Object],
      [Object], [Object], [Object], [Object], [Object],
      [Object], [Object], [Object], [Object], [Object],
      [Object], [Object], [Object], [Object], [Object],
      [Object], [Object], [Object], [Object], [Object],
      [Object], [Object], [Object]
    ]
  },
  {
    original_word: 'test',
    related_words: [
      [Object], [Object], [Object], [Object],
      [Object], [Object], [Object], [Object],
      [Object], [Object], [Object], [Object],
      [Object], [Object], [Object], [Object],
      [Object], [Object], [Object], [Object],
      [Object], [Object], [Object], [Object],
      [Object], [Object], [Object], [Object],
      [Object], [Object], [Object], [Object],
      [Object], [Object], [Object], [Object],
      [Object], [Object], [Object], [Object],
      [Object], [Object]
    ]
  },
  {
    original_word: 'pass',
    related_words: [
      [Object], [Object], [Object], [Object],
      [Object], [Object], [Object], [Object],
      [Object], [Object], [Object], [Object],
      [Object], [Object], [Object], [Object],
      [Object], [Object], [Object], [Object],
      [Object], [Object], [Object], [Object],
      [Object], [Object], [Object], [Object],
      [Object], [Object], [Object], [Object],
      [Object], [Object], [Object], [Object],
      [Object], [Object], [Object], [Object],
      [Object], [Object], [Object], [Object],
      [Object], [Object], [Object], [Object]
    ]
  },
  {
    original_word: 'hundred',
    related_words: [
      [Object], [Object], [Object],
      [Object], [Object], [Object],
      [Object], [Object], [Object],
      [Object], [Object], [Object],
      [Object], [Object], [Object],
      [Object], [Object], [Object],
      [Object], [Object]
    ]
  },
  { original_word: 'blue-square', related_words: [] },
  {
    original_word: 'blue',
    related_words: [
      [Object], [Object], [Object], [Object],
      [Object], [Object], [Object], [Object],
      [Object], [Object], [Object], [Object],
      [Object], [Object], [Object], [Object],
      [Object], [Object], [Object], [Object],
      [Object], [Object], [Object], [Object],
      [Object], [Object], [Object], [Object],
      [Object], [Object], [Object], [Object],
      [Object], [Object], [Object], [Object],
      [Object], [Object], [Object], [Object],
      [Object], [Object], [Object], [Object],
      [Object], [Object], [Object], [Object],
      [Object], [Object], [Object], [Object],
      [Object]
    ]
  },
  {
    original_word: 'square',
    related_words: [
      [Object], [Object], [Object], [Object],
      [Object], [Object], [Object], [Object],
      [Object], [Object], [Object], [Object],
      [Object], [Object], [Object], [Object],
      [Object], [Object], [Object], [Object],
      [Object], [Object], [Object], [Object],
      [Object], [Object], [Object], [Object],
      [Object], [Object], [Object], [Object],
      [Object], [Object], [Object], [Object],
      [Object], [Object], [Object], [Object],
      [Object], [Object], [Object], [Object],
      [Object], [Object], [Object], [Object],
      [Object], [Object], [Object], [Object],
      [Object]
    ]
  },
  {
    original_word: 'face',
    related_words: [
      [Object], [Object],
      [Object], [Object],
      [Object], [Object],
      [Object], [Object],
      [Object], [Object],
      [Object], [Object],
      [Object], [Object],
      [Object]
    ]
  },
  {
    original_word: 'smile',
    related_words: [
      [Object], [Object], [Object],
      [Object], [Object], [Object],
      [Object], [Object], [Object],
      [Object], [Object], [Object],
      [Object], [Object], [Object],
      [Object], [Object], [Object],
      [Object], [Object], [Object],
      [Object], [Object], [Object],
      [Object], [Object], [Object],
      [Object], [Object], [Object]
    ]
  },
  {
    original_word: 'happy',
    related_words: [
      [Object], [Object], [Object],
      [Object], [Object], [Object],
      [Object], [Object], [Object],
      [Object], [Object], [Object],
      [Object], [Object], [Object],
      [Object], [Object], [Object],
      [Object]
    ]
  },
  {
    original_word: 'joy',
    related_words: [
      [Object], [Object],
      [Object], [Object],
      [Object], [Object],
      [Object], [Object],
      [Object], [Object],
      [Object], [Object],
      [Object]
    ]
  },
  { original_word: ':d', related_words: [] },
  {
    original_word: 'grin',
    related_words: [
      [Object], [Object], [Object], [Object], [Object],
      [Object], [Object], [Object], [Object], [Object],
      [Object], [Object], [Object], [Object], [Object],
      [Object], [Object], [Object], [Object], [Object],
      [Object], [Object], [Object], [Object], [Object],
      [Object], [Object], [Object], [Object], [Object],
      [Object], [Object], [Object], [Object], [Object],
      [Object], [Object], [Object], [Object], [Object],
      [Object], [Object], [Object], [Object], [Object],
      [Object], [Object], [Object], [Object], [Object],
      [Object], [Object], [Object], [Object], [Object],
      [Object], [Object], [Object], [Object], [Object],
      [Object], [Object], [Object], [Object], [Object],
      [Object], [Object], [Object]
    ]
  },
  {
    original_word: 'grimace',
    related_words: [
      [Object], [Object], [Object],
      [Object], [Object], [Object],
      [Object], [Object], [Object],
      [Object], [Object], [Object],
      [Object], [Object], [Object],
      [Object], [Object], [Object]
    ]
  },
  {
    original_word: 'teeth',
    related_words: [
      [Object], [Object], [Object], [Object], [Object], [Object],
      [Object], [Object], [Object], [Object], [Object], [Object],
      [Object], [Object], [Object], [Object], [Object], [Object],
      [Object], [Object], [Object], [Object], [Object], [Object],
      [Object], [Object], [Object], [Object], [Object], [Object],
      [Object], [Object], [Object], [Object], [Object], [Object],
      [Object], [Object], [Object], [Object], [Object], [Object],
      [Object], [Object], [Object], [Object], [Object], [Object],
      [Object], [Object], [Object], [Object], [Object], [Object],
      [Object], [Object], [Object], [Object], [Object], [Object],
      [Object], [Object], [Object], [Object], [Object], [Object],
      [Object], [Object], [Object], [Object], [Object], [Object],
      [Object], [Object], [Object], [Object], [Object], [Object],
      [Object], [Object], [Object], [Object], [Object], [Object],
      [Object], [Object], [Object], [Object], [Object], [Object],
      [Object], [Object], [Object], [Object], [Object], [Object],
      [Object], [Object], [Object], [Object]
    ]
  },
  {
    original_word: 'kawaii',
    related_words: [
      [Object], [Object], [Object], [Object],
      [Object], [Object], [Object], [Object],
      [Object], [Object], [Object], [Object],
      [Object], [Object], [Object], [Object],
      [Object], [Object], [Object], [Object],
      [Object], [Object], [Object], [Object],
      [Object], [Object], [Object], [Object],
      [Object], [Object], [Object], [Object],
      [Object], [Object], [Object], [Object],
      [Object], [Object], [Object]
    ]
  },
  {
    original_word: 'cry',
    related_words: [
      [Object], [Object], [Object],
      [Object], [Object], [Object],
      [Object], [Object], [Object],
      [Object], [Object], [Object],
      [Object], [Object], [Object],
      [Object], [Object], [Object],
      [Object], [Object], [Object],
      [Object], [Object], [Object],
      [Object], [Object], [Object]
    ]
  },
  {
    original_word: 'tears',
    related_words: [
      [Object], [Object], [Object],
      [Object], [Object], [Object],
      [Object], [Object], [Object],
      [Object], [Object], [Object],
      [Object], [Object], [Object],
      [Object], [Object], [Object],
      [Object], [Object], [Object],
      [Object], [Object], [Object],
      [Object], [Object], [Object],
      [Object]
    ]
  },
  {
    original_word: 'weep',
    related_words: [
      [Object], [Object], [Object], [Object], [Object], [Object],
      [Object], [Object], [Object], [Object], [Object], [Object],
      [Object], [Object], [Object], [Object], [Object], [Object],
      [Object], [Object], [Object], [Object], [Object], [Object],
      [Object], [Object], [Object], [Object], [Object], [Object],
      [Object], [Object], [Object], [Object], [Object], [Object],
      [Object], [Object], [Object], [Object], [Object], [Object],
      [Object], [Object], [Object], [Object], [Object], [Object],
      [Object], [Object], [Object], [Object], [Object], [Object],
      [Object], [Object], [Object], [Object], [Object], [Object],
      [Object], [Object], [Object], [Object], [Object], [Object],
      [Object], [Object], [Object], [Object], [Object], [Object],
      [Object], [Object], [Object], [Object], [Object], [Object],
      [Object], [Object], [Object], [Object], [Object], [Object],
      [Object], [Object], [Object], [Object], [Object], [Object],
      [Object], [Object], [Object]
    ]
  },
  { original_word: 'happytears', related_words: [] },
  {
    original_word: 'haha',
    related_words: [
      [Object], [Object], [Object],
      [Object], [Object], [Object],
      [Object], [Object], [Object],
      [Object], [Object], [Object],
      [Object], [Object], [Object],
      [Object], [Object], [Object],
      [Object], [Object], [Object],
      [Object], [Object], [Object],
      [Object]
    ]
  },
  {
    original_word: 'rolling',
    related_words: [
      [Object], [Object], [Object], [Object],
      [Object], [Object], [Object], [Object],
      [Object], [Object], [Object], [Object],
      [Object], [Object], [Object], [Object],
      [Object], [Object], [Object], [Object],
      [Object], [Object], [Object], [Object],
      [Object], [Object], [Object], [Object],
      [Object], [Object], [Object], [Object],
      [Object], [Object], [Object], [Object],
      [Object], [Object], [Object]
    ]
  },
  {
    original_word: 'floor',
    related_words: [
      [Object], [Object], [Object], [Object], [Object],
      [Object], [Object], [Object], [Object], [Object],
      [Object], [Object], [Object], [Object], [Object],
      [Object], [Object], [Object], [Object], [Object],
      [Object], [Object], [Object], [Object], [Object],
      [Object], [Object], [Object], [Object], [Object],
      [Object], [Object], [Object], [Object], [Object],
      [Object], [Object], [Object], [Object], [Object],
      [Object], [Object], [Object], [Object], [Object],
      [Object], [Object], [Object], [Object], [Object],
      [Object], [Object], [Object], [Object], [Object],
      [Object], [Object], [Object], [Object], [Object],
      [Object], [Object], [Object], [Object], [Object]
    ]
  },
  {
    original_word: 'laughing',
    related_words: [
      [Object], [Object], [Object], [Object],
      [Object], [Object], [Object], [Object],
      [Object], [Object], [Object], [Object],
      [Object], [Object], [Object], [Object],
      [Object], [Object], [Object], [Object],
      [Object], [Object], [Object], [Object],
      [Object], [Object], [Object], [Object],
      [Object], [Object], [Object], [Object],
      [Object], [Object], [Object], [Object],
      [Object], [Object], [Object], [Object],
      [Object], [Object], [Object], [Object],
      [Object]
    ]
  },
  {
    original_word: 'lol',
    related_words: [
      [Object], [Object], [Object], [Object], [Object], [Object],
      [Object], [Object], [Object], [Object], [Object], [Object],
      [Object], [Object], [Object], [Object], [Object], [Object],
      [Object], [Object], [Object], [Object], [Object], [Object],
      [Object], [Object], [Object], [Object], [Object], [Object],
      [Object], [Object], [Object], [Object], [Object], [Object],
      [Object], [Object], [Object], [Object], [Object], [Object],
      [Object], [Object], [Object], [Object], [Object], [Object],
      [Object], [Object], [Object], [Object], [Object], [Object],
      [Object], [Object], [Object], [Object], [Object], [Object],
      [Object], [Object], [Object], [Object], [Object], [Object],
      [Object], [Object], [Object], [Object], [Object], [Object],
      [Object], [Object], [Object], [Object], [Object], [Object],
      [Object], [Object], [Object], [Object], [Object], [Object],
      [Object], [Object], [Object], [Object], [Object], [Object],
      [Object], [Object]
    ]
  },
  {
    original_word: 'celebration',
    related_words: [
      [Object], [Object], [Object], [Object],
      [Object], [Object], [Object], [Object],
      [Object], [Object], [Object], [Object],
      [Object], [Object], [Object], [Object],
      [Object], [Object], [Object], [Object],
      [Object], [Object], [Object], [Object],
      [Object], [Object], [Object], [Object],
      [Object], [Object], [Object], [Object],
      [Object], [Object], [Object], [Object],
      [Object], [Object]
    ]
  },
  {
    original_word: 'woohoo',
    related_words: [ [Object], [Object], [Object], [Object] ]
  },
  { original_word: ':)', related_words: [] },
  {
    original_word: 'funny',
    related_words: [
      [Object], [Object], [Object], [Object], [Object],
      [Object], [Object], [Object], [Object], [Object],
      [Object], [Object], [Object], [Object], [Object],
      [Object], [Object], [Object], [Object], [Object],
      [Object], [Object], [Object], [Object], [Object],
      [Object], [Object], [Object], [Object], [Object],
      [Object], [Object], [Object], [Object], [Object],
      [Object], [Object], [Object], [Object], [Object],
      [Object], [Object], [Object], [Object], [Object],
      [Object], [Object], [Object], [Object], [Object],
      [Object], [Object], [Object], [Object], [Object],
      [Object], [Object]
    ]
  },
  {
    original_word: 'laugh',
    related_words: [
      [Object], [Object], [Object], [Object],
      [Object], [Object], [Object], [Object],
      [Object], [Object], [Object], [Object],
      [Object], [Object], [Object], [Object],
      [Object], [Object], [Object], [Object],
      [Object], [Object], [Object], [Object],
      [Object], [Object], [Object], [Object],
      [Object], [Object], [Object], [Object],
      [Object], [Object], [Object], [Object],
      [Object], [Object], [Object], [Object],
      [Object], [Object]
    ]
  },
  { original_word: 'like', related_words: [ [Object] ] },
  {
    original_word: 'hot',
    related_words: [
      [Object], [Object], [Object], [Object], [Object],
      [Object], [Object], [Object], [Object], [Object],
      [Object], [Object], [Object], [Object], [Object],
      [Object], [Object], [Object], [Object], [Object],
      [Object], [Object], [Object], [Object], [Object],
      [Object], [Object], [Object], [Object], [Object],
      [Object], [Object], [Object], [Object], [Object],
      [Object], [Object], [Object], [Object], [Object],
      [Object], [Object], [Object], [Object], [Object],
      [Object], [Object], [Object], [Object], [Object],
      [Object], [Object], [Object], [Object], [Object],
      [Object], [Object], [Object], [Object], [Object],
      [Object], [Object], [Object], [Object], [Object],
      [Object], [Object], [Object], [Object], [Object],
      [Object], [Object], [Object], [Object], [Object],
      [Object], [Object], [Object], [Object], [Object],
      [Object]
    ]
  },
  {
    original_word: 'sweat',
    related_words: [
      [Object], [Object], [Object], [Object], [Object],
      [Object], [Object], [Object], [Object], [Object],
      [Object], [Object], [Object], [Object], [Object],
      [Object], [Object], [Object], [Object], [Object],
      [Object], [Object], [Object], [Object], [Object],
      [Object], [Object], [Object], [Object], [Object],
      [Object], [Object], [Object], [Object], [Object],
      [Object], [Object], [Object], [Object], [Object],
      [Object], [Object], [Object], [Object], [Object],
      [Object], [Object], [Object], [Object], [Object],
      [Object], [Object], [Object], [Object], [Object],
      [Object], [Object], [Object], [Object], [Object],
      [Object], [Object]
    ]
  },
  {
    original_word: 'relief',
    related_words: [
      [Object], [Object], [Object], [Object],
      [Object], [Object], [Object], [Object],
      [Object], [Object], [Object], [Object],
      [Object], [Object], [Object], [Object],
      [Object], [Object], [Object], [Object],
      [Object], [Object], [Object], [Object],
      [Object], [Object], [Object], [Object],
      [Object], [Object], [Object], [Object],
      [Object], [Object], [Object], [Object],
      [Object], [Object], [Object], [Object],
      [Object], [Object], [Object], [Object],
      [Object], [Object], [Object], [Object],
      [Object], [Object], [Object], [Object],
      [Object]
    ]
  },
  {
    original_word: 'satisfied',
    related_words: [
      [Object], [Object], [Object],
      [Object], [Object], [Object],
      [Object], [Object], [Object],
      [Object], [Object], [Object],
      [Object], [Object], [Object],
      [Object], [Object], [Object],
      [Object], [Object], [Object],
      [Object]
    ]
  },
  {
    original_word: 'glad',
    related_words: [
      [Object], [Object], [Object], [Object],
      [Object], [Object], [Object], [Object],
      [Object], [Object], [Object], [Object],
      [Object], [Object], [Object], [Object],
      [Object], [Object], [Object], [Object],
      [Object], [Object], [Object], [Object],
      [Object], [Object], [Object], [Object],
      [Object], [Object], [Object], [Object],
      [Object], [Object], [Object], [Object]
    ]
  },
  { original_word: 'xd', related_words: [] },
  {
    original_word: 'angel',
    related_words: [
      [Object], [Object], [Object],
      [Object], [Object], [Object],
      [Object], [Object], [Object],
      [Object], [Object], [Object],
      [Object], [Object], [Object],
      [Object], [Object], [Object],
      [Object], [Object], [Object],
      [Object], [Object], [Object],
      [Object], [Object], [Object],
      [Object], [Object], [Object],
      [Object], [Object]
    ]
  },
  {
    original_word: 'heaven',
    related_words: [
      [Object], [Object], [Object],
      [Object], [Object], [Object],
      [Object], [Object], [Object],
      [Object], [Object], [Object],
      [Object], [Object], [Object],
      [Object], [Object], [Object],
      [Object], [Object], [Object],
      [Object], [Object], [Object],
      [Object], [Object], [Object],
      [Object], [Object], [Object],
      [Object], [Object], [Object]
    ]
  },
  {
    original_word: 'halo',
    related_words: [
      [Object], [Object], [Object], [Object], [Object],
      [Object], [Object], [Object], [Object], [Object],
      [Object], [Object], [Object], [Object], [Object],
      [Object], [Object], [Object], [Object], [Object],
      [Object], [Object], [Object], [Object], [Object],
      [Object], [Object], [Object], [Object], [Object],
      [Object], [Object], [Object], [Object], [Object],
      [Object], [Object], [Object], [Object], [Object],
      [Object], [Object], [Object], [Object], [Object],
      [Object], [Object], [Object], [Object], [Object],
      [Object], [Object], [Object], [Object], [Object],
      [Object], [Object], [Object], [Object], [Object],
      [Object], [Object], [Object]
    ]
  },
  {
    original_word: 'mischievous',
    related_words: [
      [Object], [Object], [Object], [Object], [Object],
      [Object], [Object], [Object], [Object], [Object],
      [Object], [Object], [Object], [Object], [Object],
      [Object], [Object], [Object], [Object], [Object],
      [Object], [Object], [Object], [Object], [Object],
      [Object], [Object], [Object], [Object], [Object],
      [Object], [Object], [Object], [Object], [Object],
      [Object], [Object], [Object], [Object], [Object],
      [Object], [Object], [Object], [Object], [Object],
      [Object], [Object], [Object], [Object], [Object],
      [Object], [Object], [Object], [Object], [Object],
      [Object], [Object], [Object], [Object], [Object],
      [Object], [Object], [Object], [Object], [Object],
      [Object], [Object], [Object], [Object], [Object],
      [Object], [Object], [Object], [Object], [Object],
      [Object], [Object], [Object], [Object], [Object],
      [Object], [Object]
    ]
  },
  {
    original_word: 'secret',
    related_words: [
      [Object], [Object], [Object],
      [Object], [Object], [Object],
      [Object], [Object], [Object],
      [Object], [Object], [Object],
      [Object], [Object], [Object],
      [Object], [Object], [Object]
    ]
  },
  { original_word: ';)', related_words: [] },
  {
    original_word: 'eye',
    related_words: [
      [Object], [Object], [Object], [Object],
      [Object], [Object], [Object], [Object],
      [Object], [Object], [Object], [Object],
      [Object], [Object], [Object], [Object],
      [Object], [Object], [Object], [Object],
      [Object], [Object], [Object], [Object],
      [Object], [Object], [Object], [Object],
      [Object], [Object], [Object], [Object],
      [Object], [Object], [Object], [Object],
      [Object], [Object], [Object], [Object],
      [Object], [Object], [Object], [Object],
      [Object], [Object], [Object], [Object],
      [Object], [Object]
    ]
  },
  {
    original_word: 'flushed',
    related_words: [
      [Object], [Object], [Object], [Object], [Object], [Object],
      [Object], [Object], [Object], [Object], [Object], [Object],
      [Object], [Object], [Object], [Object], [Object], [Object],
      [Object], [Object], [Object], [Object], [Object], [Object],
      [Object], [Object], [Object], [Object], [Object], [Object],
      [Object], [Object], [Object], [Object], [Object], [Object],
      [Object], [Object], [Object], [Object], [Object], [Object],
      [Object], [Object], [Object], [Object], [Object], [Object],
      [Object], [Object], [Object], [Object], [Object], [Object],
      [Object], [Object], [Object], [Object], [Object], [Object],
      [Object], [Object], [Object], [Object], [Object], [Object],
      [Object], [Object], [Object], [Object], [Object], [Object],
      [Object], [Object], [Object], [Object], [Object], [Object],
      [Object], [Object], [Object], [Object], [Object], [Object],
      [Object], [Object], [Object], [Object], [Object], [Object],
      [Object], [Object], [Object], [Object], [Object], [Object],
      [Object], [Object], [Object], [Object]
    ]
  },
  {
    original_word: 'crush',
    related_words: [
      [Object], [Object], [Object],
      [Object], [Object], [Object],
      [Object], [Object], [Object],
      [Object], [Object], [Object],
      [Object], [Object], [Object],
      [Object], [Object], [Object],
      [Object], [Object], [Object],
      [Object], [Object], [Object],
      [Object], [Object], [Object],
      [Object], [Object]
    ]
  },
  {
    original_word: 'embarrassed',
    related_words: [
      [Object], [Object], [Object], [Object],
      [Object], [Object], [Object], [Object],
      [Object], [Object], [Object], [Object],
      [Object], [Object], [Object], [Object],
      [Object], [Object], [Object], [Object],
      [Object], [Object], [Object], [Object],
      [Object], [Object], [Object], [Object],
      [Object], [Object], [Object], [Object],
      [Object], [Object], [Object], [Object],
      [Object], [Object], [Object], [Object],
      [Object]
    ]
  },
  {
    original_word: 'shy',
    related_words: [
      [Object], [Object], [Object], [Object],
      [Object], [Object], [Object], [Object],
      [Object], [Object], [Object], [Object],
      [Object], [Object], [Object], [Object],
      [Object], [Object], [Object], [Object],
      [Object], [Object], [Object], [Object],
      [Object], [Object], [Object], [Object],
      [Object], [Object], [Object], [Object],
      [Object], [Object], [Object], [Object],
      [Object], [Object], [Object], [Object],
      [Object], [Object], [Object], [Object],
      [Object]
    ]
  },
  {
    original_word: 'slightly',
    related_words: [
      [Object], [Object], [Object], [Object],
      [Object], [Object], [Object], [Object],
      [Object], [Object], [Object], [Object],
      [Object], [Object], [Object], [Object],
      [Object], [Object], [Object], [Object],
      [Object], [Object], [Object], [Object],
      [Object], [Object], [Object], [Object],
      [Object], [Object], [Object], [Object],
      [Object], [Object], [Object], [Object],
      [Object], [Object], [Object], [Object],
      [Object], [Object], [Object], [Object],
      [Object], [Object], [Object], [Object],
      [Object]
    ]
  },
  {
    original_word: 'smiling',
    related_words: [
      [Object], [Object], [Object], [Object],
      [Object], [Object], [Object], [Object],
      [Object], [Object], [Object], [Object],
      [Object], [Object], [Object], [Object],
      [Object], [Object], [Object], [Object],
      [Object], [Object], [Object], [Object],
      [Object], [Object], [Object], [Object],
      [Object], [Object], [Object], [Object],
      [Object], [Object], [Object], [Object],
      [Object], [Object]
    ]
  },
  {
    original_word: 'flipped',
    related_words: [
      [Object], [Object], [Object], [Object], [Object], [Object],
      [Object], [Object], [Object], [Object], [Object], [Object],
      [Object], [Object], [Object], [Object], [Object], [Object],
      [Object], [Object], [Object], [Object], [Object], [Object],
      [Object], [Object], [Object], [Object], [Object], [Object],
      [Object], [Object], [Object], [Object], [Object], [Object],
      [Object], [Object], [Object], [Object], [Object], [Object],
      [Object], [Object], [Object], [Object], [Object], [Object],
      [Object], [Object], [Object], [Object], [Object], [Object],
      [Object], [Object], [Object], [Object], [Object], [Object],
      [Object], [Object], [Object], [Object], [Object], [Object],
      [Object], [Object], [Object], [Object], [Object], [Object],
      [Object], [Object], [Object], [Object], [Object], [Object],
      [Object], [Object], [Object], [Object], [Object], [Object],
      [Object], [Object], [Object], [Object], [Object], [Object]
    ]
  },
  {
    original_word: 'silly',
    related_words: [
      [Object], [Object], [Object], [Object], [Object],
      [Object], [Object], [Object], [Object], [Object],
      [Object], [Object], [Object], [Object], [Object],
      [Object], [Object], [Object], [Object], [Object],
      [Object], [Object], [Object], [Object], [Object],
      [Object], [Object], [Object], [Object], [Object],
      [Object], [Object], [Object], [Object], [Object],
      [Object], [Object], [Object], [Object], [Object],
      [Object], [Object], [Object], [Object], [Object],
      [Object], [Object], [Object], [Object], [Object],
      [Object], [Object], [Object], [Object], [Object],
      [Object], [Object]
    ]
  },
  {
    original_word: 'upside',
    related_words: [
      [Object], [Object], [Object],
      [Object], [Object], [Object],
      [Object], [Object], [Object],
      [Object], [Object], [Object],
      [Object], [Object], [Object],
      [Object], [Object], [Object],
      [Object], [Object], [Object],
      [Object], [Object], [Object],
      [Object], [Object], [Object],
      [Object]
    ]
  },
  {
    original_word: 'down',
    related_words: [ [Object], [Object], [Object] ]
  },
  {
    original_word: 'blush',
    related_words: [
      [Object], [Object], [Object], [Object], [Object],
      [Object], [Object], [Object], [Object], [Object],
      [Object], [Object], [Object], [Object], [Object],
      [Object], [Object], [Object], [Object], [Object],
      [Object], [Object], [Object], [Object], [Object],
      [Object], [Object], [Object], [Object], [Object],
      [Object], [Object], [Object], [Object], [Object],
      [Object], [Object], [Object], [Object], [Object],
      [Object], [Object], [Object], [Object], [Object],
      [Object], [Object], [Object], [Object], [Object],
      [Object], [Object], [Object], [Object], [Object],
      [Object], [Object], [Object], [Object], [Object],
      [Object], [Object], [Object], [Object], [Object],
      [Object], [Object], [Object], [Object], [Object],
      [Object], [Object], [Object], [Object], [Object],
      [Object], [Object], [Object], [Object]
    ]
  },
  {
    original_word: 'massage',
    related_words: [
      [Object], [Object], [Object], [Object], [Object], [Object],
      [Object], [Object], [Object], [Object], [Object], [Object],
      [Object], [Object], [Object], [Object], [Object], [Object],
      [Object], [Object], [Object], [Object], [Object], [Object],
      [Object], [Object], [Object], [Object], [Object], [Object],
      [Object], [Object], [Object], [Object], [Object], [Object],
      [Object], [Object], [Object], [Object], [Object], [Object],
      [Object], [Object], [Object], [Object], [Object], [Object],
      [Object], [Object], [Object], [Object], [Object], [Object],
      [Object], [Object], [Object], [Object], [Object], [Object],
      [Object], [Object], [Object], [Object], [Object], [Object],
      [Object], [Object], [Object], [Object], [Object], [Object],
      [Object], [Object], [Object], [Object], [Object], [Object],
      [Object], [Object], [Object], [Object], [Object], [Object],
      [Object], [Object], [Object], [Object], [Object], [Object],
      [Object], [Object], [Object], [Object], [Object], [Object],
      [Object], [Object], [Object], [Object]
    ]
  },
  {
    original_word: 'happiness',
    related_words: [
      [Object], [Object], [Object],
      [Object], [Object], [Object],
      [Object], [Object], [Object],
      [Object], [Object], [Object],
      [Object], [Object], [Object],
      [Object], [Object], [Object],
      [Object], [Object], [Object],
      [Object], [Object], [Object],
      [Object], [Object], [Object],
      [Object], [Object], [Object],
      [Object]
    ]
  },
  {
    original_word: 'tongue',
    related_words: [
      [Object], [Object], [Object], [Object], [Object],
      [Object], [Object], [Object], [Object], [Object],
      [Object], [Object], [Object], [Object], [Object],
      [Object], [Object], [Object], [Object], [Object],
      [Object], [Object], [Object], [Object], [Object],
      [Object], [Object], [Object], [Object], [Object],
      [Object], [Object], [Object], [Object], [Object],
      [Object], [Object], [Object], [Object], [Object],
      [Object], [Object], [Object], [Object], [Object],
      [Object], [Object], [Object], [Object], [Object],
      [Object], [Object], [Object], [Object], [Object],
      [Object], [Object], [Object]
    ]
  },
  {
    original_word: 'yummy',
    related_words: [
      [Object], [Object], [Object], [Object], [Object], [Object],
      [Object], [Object], [Object], [Object], [Object], [Object],
      [Object], [Object], [Object], [Object], [Object], [Object],
      [Object], [Object], [Object], [Object], [Object], [Object],
      [Object], [Object], [Object], [Object], [Object], [Object],
      [Object], [Object], [Object], [Object], [Object], [Object],
      [Object], [Object], [Object], [Object], [Object], [Object],
      [Object], [Object], [Object], [Object], [Object], [Object],
      [Object], [Object], [Object], [Object], [Object], [Object],
      [Object], [Object], [Object], [Object], [Object], [Object],
      [Object], [Object], [Object], [Object], [Object], [Object],
      [Object], [Object], [Object], [Object], [Object], [Object],
      [Object], [Object], [Object], [Object], [Object], [Object],
      [Object], [Object], [Object], [Object], [Object], [Object],
      [Object], [Object], [Object], [Object]
    ]
  },
  {
    original_word: 'nom',
    related_words: [
      [Object], [Object], [Object], [Object], [Object],
      [Object], [Object], [Object], [Object], [Object],
      [Object], [Object], [Object], [Object], [Object],
      [Object], [Object], [Object], [Object], [Object],
      [Object], [Object], [Object], [Object], [Object],
      [Object], [Object], [Object], [Object], [Object],
      [Object], [Object], [Object], [Object], [Object],
      [Object], [Object], [Object], [Object], [Object],
      [Object], [Object], [Object], [Object], [Object],
      [Object], [Object], [Object], [Object], [Object],
      [Object], [Object], [Object], [Object], [Object],
      [Object], [Object], [Object], [Object], [Object],
      [Object], [Object], [Object], [Object], [Object],
      [Object], [Object], [Object]
    ]
  },
  {
    original_word: 'delicious',
    related_words: [
      [Object], [Object], [Object], [Object], [Object], [Object],
      [Object], [Object], [Object], [Object], [Object], [Object],
      [Object], [Object], [Object], [Object], [Object], [Object],
      [Object], [Object], [Object], [Object], [Object], [Object],
      [Object], [Object], [Object], [Object], [Object], [Object],
      [Object], [Object], [Object], [Object], [Object], [Object],
      [Object], [Object], [Object], [Object], [Object], [Object],
      [Object], [Object], [Object], [Object], [Object], [Object],
      [Object], [Object], [Object], [Object], [Object], [Object],
      [Object], [Object], [Object], [Object], [Object], [Object],
      [Object], [Object], [Object], [Object], [Object], [Object],
      [Object], [Object], [Object], [Object], [Object], [Object],
      [Object], [Object], [Object], [Object], [Object], [Object],
      [Object], [Object], [Object], [Object], [Object], [Object],
      [Object], [Object], [Object], [Object], [Object], [Object],
      [Object], [Object], [Object]
    ]
  },
  { original_word: 'savouring', related_words: [] },
  {
    original_word: 'relaxed',
    related_words: [
      [Object], [Object], [Object],
      [Object], [Object], [Object],
      [Object], [Object], [Object],
      [Object], [Object], [Object],
      [Object], [Object], [Object],
      [Object], [Object], [Object],
      [Object], [Object], [Object],
      [Object], [Object], [Object],
      [Object], [Object], [Object],
      [Object], [Object], [Object],
      [Object], [Object], [Object],
      [Object]
    ]
  },
  {
    original_word: 'phew',
    related_words: [ [Object], [Object], [Object] ]
  },
  {
    original_word: 'love',
    related_words: [
      [Object], [Object], [Object],
      [Object], [Object], [Object],
      [Object], [Object], [Object],
      [Object], [Object], [Object],
      [Object], [Object], [Object],
      [Object], [Object], [Object],
      [Object], [Object], [Object],
      [Object], [Object], [Object],
      [Object], [Object]
    ]
  },
  {
    original_word: 'affection',
    related_words: [
      [Object], [Object], [Object],
      [Object], [Object], [Object],
      [Object], [Object], [Object],
      [Object], [Object], [Object],
      [Object], [Object], [Object],
      [Object], [Object], [Object],
      [Object], [Object], [Object],
      [Object], [Object], [Object],
      [Object], [Object]
    ]
  },
  { original_word: 'valentines', related_words: [] },
  {
    original_word: 'infatuation',
    related_words: [
      [Object], [Object], [Object], [Object], [Object],
      [Object], [Object], [Object], [Object], [Object],
      [Object], [Object], [Object], [Object], [Object],
      [Object], [Object], [Object], [Object], [Object],
      [Object], [Object], [Object], [Object], [Object],
      [Object], [Object], [Object], [Object], [Object],
      [Object], [Object], [Object], [Object], [Object],
      [Object], [Object], [Object], [Object], [Object],
      [Object], [Object], [Object], [Object], [Object],
      [Object], [Object], [Object], [Object], [Object],
      [Object], [Object], [Object], [Object], [Object],
      [Object], [Object], [Object], [Object], [Object],
      [Object], [Object]
    ]
  },
  {
    original_word: 'heart',
    related_words: [
      [Object], [Object], [Object], [Object],
      [Object], [Object], [Object], [Object],
      [Object], [Object], [Object], [Object],
      [Object], [Object], [Object], [Object],
      [Object], [Object], [Object], [Object],
      [Object], [Object], [Object], [Object],
      [Object], [Object], [Object], [Object],
      [Object], [Object], [Object], [Object],
      [Object], [Object], [Object], [Object],
      [Object], [Object], [Object]
    ]
  },
  {
    original_word: 'eyes',
    related_words: [
      [Object], [Object], [Object], [Object],
      [Object], [Object], [Object], [Object],
      [Object], [Object], [Object], [Object],
      [Object], [Object], [Object], [Object],
      [Object], [Object], [Object], [Object],
      [Object], [Object], [Object], [Object],
      [Object], [Object], [Object], [Object],
      [Object], [Object], [Object], [Object],
      [Object], [Object], [Object], [Object],
      [Object]
    ]
  },
  {
    original_word: 'hearts',
    related_words: [
      [Object], [Object], [Object], [Object],
      [Object], [Object], [Object], [Object],
      [Object], [Object], [Object], [Object],
      [Object], [Object], [Object], [Object],
      [Object], [Object], [Object], [Object],
      [Object], [Object], [Object], [Object],
      [Object], [Object], [Object], [Object],
      [Object], [Object], [Object], [Object],
      [Object], [Object], [Object], [Object]
    ]
  },
  {
    original_word: 'adore',
    related_words: [
      [Object], [Object], [Object], [Object], [Object],
      [Object], [Object], [Object], [Object], [Object],
      [Object], [Object], [Object], [Object], [Object],
      [Object], [Object], [Object], [Object], [Object],
      [Object], [Object], [Object], [Object], [Object],
      [Object], [Object], [Object], [Object], [Object],
      [Object], [Object], [Object], [Object], [Object],
      [Object], [Object], [Object], [Object], [Object],
      [Object], [Object], [Object], [Object], [Object],
      [Object], [Object], [Object], [Object], [Object],
      [Object], [Object], [Object], [Object], [Object],
      [Object], [Object], [Object], [Object], [Object],
      [Object], [Object], [Object], [Object], [Object],
      [Object], [Object], [Object], [Object], [Object],
      [Object], [Object], [Object], [Object], [Object],
      [Object], [Object], [Object], [Object], [Object],
      [Object]
    ]
  },
  { original_word: 'with', related_words: [] },
  { original_word: 'three', related_words: [] },
  {
    original_word: 'kiss',
    related_words: [
      [Object], [Object], [Object], [Object],
      [Object], [Object], [Object], [Object],
      [Object], [Object], [Object], [Object],
      [Object], [Object], [Object], [Object],
      [Object], [Object], [Object], [Object],
      [Object], [Object], [Object], [Object],
      [Object], [Object], [Object], [Object],
      [Object], [Object], [Object], [Object],
      [Object], [Object], [Object]
    ]
  },
  {
    original_word: 'kissing',
    related_words: [
      [Object], [Object], [Object], [Object], [Object],
      [Object], [Object], [Object], [Object], [Object],
      [Object], [Object], [Object], [Object], [Object],
      [Object], [Object], [Object], [Object], [Object],
      [Object], [Object], [Object], [Object], [Object],
      [Object], [Object], [Object], [Object], [Object],
      [Object], [Object], [Object], [Object], [Object],
      [Object], [Object], [Object], [Object], [Object],
      [Object], [Object], [Object], [Object], [Object],
      [Object], [Object], [Object], [Object], [Object],
      [Object], [Object], [Object], [Object], [Object],
      [Object], [Object], [Object], [Object], [Object],
      [Object], [Object], [Object], [Object], [Object],
      [Object], [Object], [Object], [Object], [Object],
      [Object], [Object], [Object], [Object], [Object],
      [Object]
    ]
  },
  { original_word: '3', related_words: [] },
  {
    original_word: 'closed',
    related_words: [
      [Object], [Object], [Object],
      [Object], [Object], [Object],
      [Object], [Object], [Object],
      [Object], [Object], [Object],
      [Object], [Object], [Object],
      [Object], [Object], [Object],
      [Object], [Object], [Object],
      [Object], [Object]
    ]
  },
  {
    original_word: 'prank',
    related_words: [
      [Object], [Object], [Object], [Object], [Object],
      [Object], [Object], [Object], [Object], [Object],
      [Object], [Object], [Object], [Object], [Object],
      [Object], [Object], [Object], [Object], [Object],
      [Object], [Object], [Object], [Object], [Object],
      [Object], [Object], [Object], [Object], [Object],
      [Object], [Object], [Object], [Object], [Object],
      [Object], [Object], [Object], [Object], [Object],
      [Object], [Object], [Object], [Object], [Object],
      [Object], [Object], [Object], [Object], [Object],
      [Object], [Object], [Object], [Object], [Object],
      [Object], [Object], [Object], [Object], [Object],
      [Object], [Object], [Object], [Object], [Object]
    ]
  },
  {
    original_word: 'childish',
    related_words: [
      [Object], [Object], [Object], [Object], [Object],
      [Object], [Object], [Object], [Object], [Object],
      [Object], [Object], [Object], [Object], [Object],
      [Object], [Object], [Object], [Object], [Object],
      [Object], [Object], [Object], [Object], [Object],
      [Object], [Object], [Object], [Object], [Object],
      [Object], [Object], [Object], [Object], [Object],
      [Object], [Object], [Object], [Object], [Object],
      [Object], [Object], [Object], [Object], [Object],
      [Object], [Object], [Object], [Object], [Object],
      [Object], [Object], [Object], [Object], [Object],
      [Object], [Object], [Object], [Object], [Object],
      [Object], [Object], [Object], [Object], [Object]
    ]
  },
  {
    original_word: 'playful',
    related_words: [
      [Object], [Object], [Object], [Object],
      [Object], [Object], [Object], [Object],
      [Object], [Object], [Object], [Object],
      [Object], [Object], [Object], [Object],
      [Object], [Object], [Object], [Object],
      [Object], [Object], [Object], [Object],
      [Object], [Object], [Object], [Object],
      [Object], [Object], [Object], [Object],
      [Object], [Object], [Object], [Object],
      [Object], [Object], [Object], [Object],
      [Object], [Object], [Object], [Object],
      [Object], [Object], [Object], [Object],
      [Object], [Object], [Object], [Object],
      [Object], [Object], [Object]
    ]
  },
  {
    original_word: 'wink',
    related_words: [
      [Object], [Object], [Object], [Object], [Object],
      [Object], [Object], [Object], [Object], [Object],
      [Object], [Object], [Object], [Object], [Object],
      [Object], [Object], [Object], [Object], [Object],
      [Object], [Object], [Object], [Object], [Object],
      [Object], [Object], [Object], [Object], [Object],
      [Object], [Object], [Object], [Object], [Object],
      [Object], [Object], [Object], [Object], [Object],
      [Object], [Object], [Object], [Object], [Object],
      [Object], [Object], [Object], [Object], [Object],
      [Object], [Object], [Object], [Object], [Object],
      [Object], [Object], [Object], [Object], [Object]
    ]
  },
  {
    original_word: 'stuck',
    related_words: [
      [Object], [Object], [Object],
      [Object], [Object], [Object],
      [Object], [Object], [Object],
      [Object], [Object], [Object],
      [Object], [Object], [Object],
      [Object], [Object], [Object],
      [Object], [Object]
    ]
  },
  { original_word: 'out', related_words: [] },
  {
    original_word: 'winking',
    related_words: [
      [Object], [Object], [Object],
      [Object], [Object], [Object],
      [Object], [Object], [Object],
      [Object], [Object], [Object],
      [Object], [Object], [Object],
      [Object], [Object], [Object],
      [Object]
    ]
  },
  {
    original_word: 'goofy',
    related_words: [
      [Object], [Object], [Object], [Object], [Object], [Object],
      [Object], [Object], [Object], [Object], [Object], [Object],
      [Object], [Object], [Object], [Object], [Object], [Object],
      [Object], [Object], [Object], [Object], [Object], [Object],
      [Object], [Object], [Object], [Object], [Object], [Object],
      [Object], [Object], [Object], [Object], [Object], [Object],
      [Object], [Object], [Object], [Object], [Object], [Object],
      [Object], [Object], [Object], [Object], [Object], [Object],
      [Object], [Object], [Object], [Object], [Object], [Object],
      [Object], [Object], [Object], [Object], [Object], [Object],
      [Object], [Object], [Object], [Object], [Object], [Object],
      [Object], [Object], [Object], [Object], [Object], [Object],
      [Object], [Object], [Object], [Object], [Object], [Object],
      [Object], [Object], [Object], [Object], [Object], [Object],
      [Object], [Object], [Object], [Object], [Object], [Object],
      [Object], [Object], [Object], [Object], [Object]
    ]
  },
  {
    original_word: 'crazy',
    related_words: [
      [Object], [Object], [Object],
      [Object], [Object], [Object],
      [Object], [Object], [Object],
      [Object], [Object], [Object],
      [Object], [Object], [Object],
      [Object], [Object], [Object],
      [Object], [Object], [Object],
      [Object], [Object], [Object],
      [Object], [Object], [Object],
      [Object], [Object], [Object],
      [Object], [Object], [Object]
    ]
  },
  {
    original_word: 'distrust',
    related_words: [
      [Object], [Object], [Object],
      [Object], [Object], [Object],
      [Object], [Object], [Object],
      [Object], [Object], [Object],
      [Object], [Object], [Object],
      [Object], [Object], [Object],
      [Object], [Object], [Object],
      [Object], [Object], [Object],
      [Object], [Object], [Object],
      [Object], [Object], [Object],
      [Object], [Object], [Object]
    ]
  },
  {
    original_word: 'scepticism',
    related_words: [
      [Object], [Object], [Object], [Object], [Object],
      [Object], [Object], [Object], [Object], [Object],
      [Object], [Object], [Object], [Object], [Object],
      [Object], [Object], [Object], [Object], [Object],
      [Object], [Object], [Object], [Object], [Object],
      [Object], [Object], [Object], [Object], [Object],
      [Object], [Object], [Object], [Object], [Object],
      [Object], [Object], [Object], [Object], [Object],
      [Object], [Object], [Object], [Object], [Object],
      [Object], [Object], [Object], [Object], [Object],
      [Object], [Object], [Object], [Object], [Object],
      [Object], [Object], [Object], [Object], [Object],
      [Object], [Object], [Object], [Object], [Object],
      [Object], [Object], [Object], [Object]
    ]
  },
  {
    original_word: 'disapproval',
    related_words: [
      [Object], [Object], [Object],
      [Object], [Object], [Object],
      [Object], [Object], [Object],
      [Object], [Object], [Object],
      [Object], [Object], [Object],
      [Object], [Object], [Object]
    ]
  },
  {
    original_word: 'disbelief',
    related_words: [
      [Object], [Object], [Object], [Object],
      [Object], [Object], [Object], [Object],
      [Object], [Object], [Object], [Object],
      [Object], [Object], [Object], [Object],
      [Object], [Object], [Object], [Object],
      [Object], [Object], [Object], [Object],
      [Object], [Object], [Object], [Object],
      [Object], [Object], [Object], [Object],
      [Object], [Object], [Object], [Object],
      [Object], [Object]
    ]
  },
  {
    original_word: 'surprise',
    related_words: [
      [Object], [Object],
      [Object], [Object],
      [Object], [Object],
      [Object], [Object],
      [Object], [Object],
      [Object], [Object],
      [Object]
    ]
  },
  {
    original_word: 'raised',
    related_words: [
      [Object], [Object], [Object],
      [Object], [Object], [Object],
      [Object], [Object], [Object],
      [Object], [Object], [Object],
      [Object], [Object], [Object],
      [Object], [Object], [Object],
      [Object], [Object], [Object],
      [Object], [Object], [Object],
      [Object]
    ]
  },
  {
    original_word: 'eyebrow',
    related_words: [
      [Object], [Object], [Object], [Object], [Object], [Object],
      [Object], [Object], [Object], [Object], [Object], [Object],
      [Object], [Object], [Object], [Object], [Object], [Object],
      [Object], [Object], [Object], [Object], [Object], [Object],
      [Object], [Object], [Object], [Object], [Object], [Object],
      [Object], [Object], [Object], [Object], [Object], [Object],
      [Object], [Object], [Object], [Object], [Object], [Object],
      [Object], [Object], [Object], [Object], [Object], [Object],
      [Object], [Object], [Object], [Object], [Object], [Object],
      [Object], [Object], [Object], [Object], [Object], [Object],
      [Object], [Object], [Object], [Object], [Object], [Object],
      [Object], [Object], [Object], [Object], [Object], [Object],
      [Object], [Object], [Object], [Object], [Object], [Object],
      [Object], [Object], [Object], [Object], [Object], [Object],
      [Object], [Object], [Object], [Object], [Object], [Object],
      [Object], [Object], [Object], [Object], [Object], [Object],
      [Object], [Object], [Object], [Object]
    ]
  },
  {
    original_word: 'stuffy',
    related_words: [
      [Object], [Object], [Object],
      [Object], [Object], [Object],
      [Object], [Object], [Object],
      [Object], [Object], [Object],
      [Object], [Object], [Object],
      [Object], [Object], [Object],
      [Object], [Object], [Object],
      [Object], [Object], [Object],
      [Object], [Object], [Object],
      [Object]
    ]
  },
  ... 2302 more items
]
